[2025/08/12 12:21:12] - Detected kernel version 4.18.0, which is below the recommended minimum of 5.5.0; this can cause the process to hang. It is recommended to upgrade the kernel to the minimum version or higher.
[2025/08/12 12:21:12] - Using 4 GPUs
[2025/08/12 12:21:12] - Starting new HTTPS connection (1): huggingface.co:443
[2025/08/12 12:21:12] - Using 4 GPUs
[2025/08/12 12:21:12] - Using 4 GPUs
[2025/08/12 12:21:12] - Starting new HTTPS connection (1): huggingface.co:443
[2025/08/12 12:21:12] - Starting new HTTPS connection (1): huggingface.co:443
[2025/08/12 12:21:12] - Using 4 GPUs
[2025/08/12 12:21:12] - Starting new HTTPS connection (1): huggingface.co:443
[2025/08/12 12:21:52] - Starting new HTTPS connection (2): huggingface.co:443
[2025/08/12 12:21:52] - Starting new HTTPS connection (2): huggingface.co:443
[2025/08/12 12:21:52] - Starting new HTTPS connection (2): huggingface.co:443
[2025/08/12 12:21:52] - Starting new HTTPS connection (2): huggingface.co:443
[2025/08/12 12:23:34] - Starting new HTTPS connection (3): huggingface.co:443
[2025/08/12 12:23:34] - Starting new HTTPS connection (3): huggingface.co:443
[2025/08/12 12:23:34] - Starting new HTTPS connection (3): huggingface.co:443
[2025/08/12 12:23:34] - Starting new HTTPS connection (3): huggingface.co:443
[2025/08/12 12:24:14] - Loading bitsandbytes native library from: /home/hsc/ENV-3.10/lib/python3.10/site-packages/bitsandbytes/libbitsandbytes_cuda122.so
[2025/08/12 12:24:14] - Loading bitsandbytes native library from: /home/hsc/ENV-3.10/lib/python3.10/site-packages/bitsandbytes/libbitsandbytes_cuda122.so
[2025/08/12 12:24:14] - Loading bitsandbytes native library from: /home/hsc/ENV-3.10/lib/python3.10/site-packages/bitsandbytes/libbitsandbytes_cuda122.so
[2025/08/12 12:24:14] - Loading bitsandbytes native library from: /home/hsc/ENV-3.10/lib/python3.10/site-packages/bitsandbytes/libbitsandbytes_cuda122.so
[2025/08/12 12:24:27] - Detected kernel version 4.18.0, which is below the recommended minimum of 5.5.0; this can cause the process to hang. It is recommended to upgrade the kernel to the minimum version or higher.
[2025/08/12 12:25:14] - {'loss': -0.0006, 'grad_norm': 0.008208169601857662, 'learning_rate': 0.001, 'epoch': 1.0, 'step': 1}
[2025/08/12 12:25:14] - {'loss': -0.0006, 'grad_norm': 0.008208169601857662, 'learning_rate': 0.001, 'epoch': 1.0, 'step': 1}
[2025/08/12 12:25:14] - {'loss': -0.0006, 'grad_norm': 0.008208169601857662, 'learning_rate': 0.001, 'epoch': 1.0, 'step': 1}
[2025/08/12 12:25:14] - {'eval_loss': -0.7751961946487427, 'eval_runtime': 0.4031, 'eval_samples_per_second': 9.924, 'eval_steps_per_second': 2.481, 'epoch': 1.0, 'step': 1}
[2025/08/12 12:25:14] - {'eval_loss': -0.7751961946487427, 'eval_runtime': 0.4031, 'eval_samples_per_second': 9.924, 'eval_steps_per_second': 2.481, 'epoch': 1.0, 'step': 1}
[2025/08/12 12:25:14] - {'eval_loss': -0.7751961946487427, 'eval_runtime': 0.4031, 'eval_samples_per_second': 9.924, 'eval_steps_per_second': 2.481, 'epoch': 1.0, 'step': 1}
[2025/08/12 12:25:14] - {'loss': -0.7748, 'grad_norm': 1.9832069873809814, 'learning_rate': 0.001, 'epoch': 2.0, 'step': 2}
[2025/08/12 12:25:14] - {'loss': -0.7748, 'grad_norm': 1.9832069873809814, 'learning_rate': 0.001, 'epoch': 2.0, 'step': 2}
[2025/08/12 12:25:14] - {'loss': -0.7748, 'grad_norm': 1.9832069873809814, 'learning_rate': 0.001, 'epoch': 2.0, 'step': 2}
[2025/08/12 12:25:14] - {'eval_loss': -2.957496166229248, 'eval_runtime': 0.3998, 'eval_samples_per_second': 10.004, 'eval_steps_per_second': 2.501, 'epoch': 2.0, 'step': 2}
[2025/08/12 12:25:14] - {'eval_loss': -2.957496166229248, 'eval_runtime': 0.3998, 'eval_samples_per_second': 10.004, 'eval_steps_per_second': 2.501, 'epoch': 2.0, 'step': 2}
[2025/08/12 12:25:14] - {'eval_loss': -2.957496166229248, 'eval_runtime': 0.3994, 'eval_samples_per_second': 10.014, 'eval_steps_per_second': 2.504, 'epoch': 2.0, 'step': 2}
[2025/08/12 12:25:14] - {'loss': -2.8996, 'grad_norm': 7.955447196960449, 'learning_rate': 0.001, 'epoch': 3.0, 'step': 3}
[2025/08/12 12:25:14] - {'loss': -2.8996, 'grad_norm': 7.955447196960449, 'learning_rate': 0.001, 'epoch': 3.0, 'step': 3}
[2025/08/12 12:25:14] - {'loss': -2.8996, 'grad_norm': 7.955447196960449, 'learning_rate': 0.001, 'epoch': 3.0, 'step': 3}
[2025/08/12 12:25:14] - {'eval_loss': -5.9990949630737305, 'eval_runtime': 0.3968, 'eval_samples_per_second': 10.08, 'eval_steps_per_second': 2.52, 'epoch': 3.0, 'step': 3}
[2025/08/12 12:25:14] - {'eval_loss': -5.9990949630737305, 'eval_runtime': 0.3968, 'eval_samples_per_second': 10.08, 'eval_steps_per_second': 2.52, 'epoch': 3.0, 'step': 3}
[2025/08/12 12:25:14] - {'eval_loss': -5.9990949630737305, 'eval_runtime': 0.3967, 'eval_samples_per_second': 10.082, 'eval_steps_per_second': 2.521, 'epoch': 3.0, 'step': 3}
[2025/08/12 12:25:14] - {'loss': -5.8382, 'grad_norm': 14.964107513427734, 'learning_rate': 0.001, 'epoch': 4.0, 'step': 4}
[2025/08/12 12:25:14] - {'loss': -5.8382, 'grad_norm': 14.964107513427734, 'learning_rate': 0.001, 'epoch': 4.0, 'step': 4}
[2025/08/12 12:25:14] - {'loss': -5.8382, 'grad_norm': 14.964107513427734, 'learning_rate': 0.001, 'epoch': 4.0, 'step': 4}
[2025/08/12 12:25:14] - {'eval_loss': -11.152386665344238, 'eval_runtime': 0.3961, 'eval_samples_per_second': 10.1, 'eval_steps_per_second': 2.525, 'epoch': 4.0, 'step': 4}
[2025/08/12 12:25:14] - {'eval_loss': -11.152386665344238, 'eval_runtime': 0.3962, 'eval_samples_per_second': 10.097, 'eval_steps_per_second': 2.524, 'epoch': 4.0, 'step': 4}
[2025/08/12 12:25:14] - {'eval_loss': -11.152386665344238, 'eval_runtime': 0.5323, 'eval_samples_per_second': 7.515, 'eval_steps_per_second': 1.879, 'epoch': 4.0, 'step': 4}
[2025/08/12 12:25:14] - {'loss': -10.5511, 'grad_norm': 33.24247360229492, 'learning_rate': 0.001, 'epoch': 5.0, 'step': 5}
[2025/08/12 12:25:14] - {'loss': -10.5511, 'grad_norm': 33.24247360229492, 'learning_rate': 0.001, 'epoch': 5.0, 'step': 5}
[2025/08/12 12:25:14] - {'loss': -10.5511, 'grad_norm': 33.24247360229492, 'learning_rate': 0.001, 'epoch': 5.0, 'step': 5}
[2025/08/12 12:25:14] - {'eval_loss': -17.429439544677734, 'eval_runtime': 0.3988, 'eval_samples_per_second': 10.03, 'eval_steps_per_second': 2.507, 'epoch': 5.0, 'step': 5}
[2025/08/12 12:25:14] - {'eval_loss': -17.429439544677734, 'eval_runtime': 0.3988, 'eval_samples_per_second': 10.029, 'eval_steps_per_second': 2.507, 'epoch': 5.0, 'step': 5}
[2025/08/12 12:25:14] - {'eval_loss': -17.429439544677734, 'eval_runtime': 0.3987, 'eval_samples_per_second': 10.032, 'eval_steps_per_second': 2.508, 'epoch': 5.0, 'step': 5}
[2025/08/12 12:25:14] - {'loss': -15.2043, 'grad_norm': 2780.908447265625, 'learning_rate': 0.001, 'epoch': 6.0, 'step': 6}
[2025/08/12 12:25:14] - {'loss': -15.2043, 'grad_norm': 2780.908447265625, 'learning_rate': 0.001, 'epoch': 6.0, 'step': 6}
[2025/08/12 12:25:14] - {'loss': -15.2043, 'grad_norm': 2780.908447265625, 'learning_rate': 0.001, 'epoch': 6.0, 'step': 6}
[2025/08/12 12:25:14] - {'eval_loss': -22.910730361938477, 'eval_runtime': 0.3939, 'eval_samples_per_second': 10.155, 'eval_steps_per_second': 2.539, 'epoch': 6.0, 'step': 6}
[2025/08/12 12:25:14] - {'eval_loss': -22.910730361938477, 'eval_runtime': 0.3939, 'eval_samples_per_second': 10.155, 'eval_steps_per_second': 2.539, 'epoch': 6.0, 'step': 6}
[2025/08/12 12:25:14] - {'eval_loss': -22.910730361938477, 'eval_runtime': 0.668, 'eval_samples_per_second': 5.988, 'eval_steps_per_second': 1.497, 'epoch': 6.0, 'step': 6}
[2025/08/12 12:25:14] - {'loss': -19.7745, 'grad_norm': 54.193939208984375, 'learning_rate': 0.001, 'epoch': 7.0, 'step': 7}
[2025/08/12 12:25:14] - {'loss': -19.7745, 'grad_norm': 54.193939208984375, 'learning_rate': 0.001, 'epoch': 7.0, 'step': 7}
[2025/08/12 12:25:14] - {'loss': -19.7745, 'grad_norm': 54.193939208984375, 'learning_rate': 0.001, 'epoch': 7.0, 'step': 7}
[2025/08/12 12:25:14] - {'eval_loss': -31.024263381958008, 'eval_runtime': 0.3977, 'eval_samples_per_second': 10.057, 'eval_steps_per_second': 2.514, 'epoch': 7.0, 'step': 7}
[2025/08/12 12:25:14] - {'eval_loss': -31.024263381958008, 'eval_runtime': 0.3975, 'eval_samples_per_second': 10.064, 'eval_steps_per_second': 2.516, 'epoch': 7.0, 'step': 7}
[2025/08/12 12:25:14] - {'eval_loss': -31.024263381958008, 'eval_runtime': 0.3977, 'eval_samples_per_second': 10.059, 'eval_steps_per_second': 2.515, 'epoch': 7.0, 'step': 7}
[2025/08/12 12:25:14] - {'loss': -25.8633, 'grad_norm': 71.92058563232422, 'learning_rate': 0.001, 'epoch': 8.0, 'step': 8}
[2025/08/12 12:25:14] - {'loss': -25.8633, 'grad_norm': 71.92058563232422, 'learning_rate': 0.001, 'epoch': 8.0, 'step': 8}
[2025/08/12 12:25:14] - {'loss': -25.8633, 'grad_norm': 71.92058563232422, 'learning_rate': 0.001, 'epoch': 8.0, 'step': 8}
[2025/08/12 12:25:14] - {'eval_loss': -40.95155334472656, 'eval_runtime': 0.4583, 'eval_samples_per_second': 8.727, 'eval_steps_per_second': 2.182, 'epoch': 8.0, 'step': 8}
[2025/08/12 12:25:14] - {'eval_loss': -40.95155334472656, 'eval_runtime': 0.3951, 'eval_samples_per_second': 10.123, 'eval_steps_per_second': 2.531, 'epoch': 8.0, 'step': 8}
[2025/08/12 12:25:14] - {'eval_loss': -40.95155334472656, 'eval_runtime': 0.3957, 'eval_samples_per_second': 10.109, 'eval_steps_per_second': 2.527, 'epoch': 8.0, 'step': 8}
[2025/08/12 12:25:14] - {'loss': -33.5694, 'grad_norm': 29.304624557495117, 'learning_rate': 0.001, 'epoch': 9.0, 'step': 9}
[2025/08/12 12:25:14] - {'loss': -33.5694, 'grad_norm': 29.304624557495117, 'learning_rate': 0.001, 'epoch': 9.0, 'step': 9}
[2025/08/12 12:25:14] - {'loss': -33.5694, 'grad_norm': 29.304624557495117, 'learning_rate': 0.001, 'epoch': 9.0, 'step': 9}
[2025/08/12 12:25:14] - {'eval_loss': -44.20928192138672, 'eval_runtime': 0.3948, 'eval_samples_per_second': 10.131, 'eval_steps_per_second': 2.533, 'epoch': 9.0, 'step': 9}
[2025/08/12 12:25:14] - {'eval_loss': -44.20928192138672, 'eval_runtime': 0.3949, 'eval_samples_per_second': 10.128, 'eval_steps_per_second': 2.532, 'epoch': 9.0, 'step': 9}
[2025/08/12 12:25:14] - {'eval_loss': -44.20928192138672, 'eval_runtime': 0.3948, 'eval_samples_per_second': 10.133, 'eval_steps_per_second': 2.533, 'epoch': 9.0, 'step': 9}
[2025/08/12 12:25:14] - {'loss': -35.8649, 'grad_norm': 25.490568161010742, 'learning_rate': 0.001, 'epoch': 10.0, 'step': 10}
[2025/08/12 12:25:14] - {'loss': -35.8649, 'grad_norm': 25.490568161010742, 'learning_rate': 0.001, 'epoch': 10.0, 'step': 10}
[2025/08/12 12:25:14] - {'loss': -35.8649, 'grad_norm': 25.490568161010742, 'learning_rate': 0.001, 'epoch': 10.0, 'step': 10}
[2025/08/12 12:25:14] - {'eval_loss': -48.34183120727539, 'eval_runtime': 0.4749, 'eval_samples_per_second': 8.423, 'eval_steps_per_second': 2.106, 'epoch': 10.0, 'step': 10}
[2025/08/12 12:25:14] - {'eval_loss': -48.34183120727539, 'eval_runtime': 0.4011, 'eval_samples_per_second': 9.973, 'eval_steps_per_second': 2.493, 'epoch': 10.0, 'step': 10}
[2025/08/12 12:25:14] - {'eval_loss': -48.34183120727539, 'eval_runtime': 0.4, 'eval_samples_per_second': 9.999, 'eval_steps_per_second': 2.5, 'epoch': 10.0, 'step': 10}
[2025/08/12 12:25:14] - {'loss': -39.7624, 'grad_norm': 15.036555290222168, 'learning_rate': 0.001, 'epoch': 11.0, 'step': 11}
[2025/08/12 12:25:14] - {'loss': -39.7624, 'grad_norm': 15.036555290222168, 'learning_rate': 0.001, 'epoch': 11.0, 'step': 11}
[2025/08/12 12:25:14] - {'loss': -39.7624, 'grad_norm': 15.036555290222168, 'learning_rate': 0.001, 'epoch': 11.0, 'step': 11}
[2025/08/12 12:25:14] - {'eval_loss': -52.0572395324707, 'eval_runtime': 0.3945, 'eval_samples_per_second': 10.14, 'eval_steps_per_second': 2.535, 'epoch': 11.0, 'step': 11}
[2025/08/12 12:25:14] - {'eval_loss': -52.0572395324707, 'eval_runtime': 0.3946, 'eval_samples_per_second': 10.138, 'eval_steps_per_second': 2.534, 'epoch': 11.0, 'step': 11}
[2025/08/12 12:25:14] - {'eval_loss': -52.0572395324707, 'eval_runtime': 0.3945, 'eval_samples_per_second': 10.139, 'eval_steps_per_second': 2.535, 'epoch': 11.0, 'step': 11}
[2025/08/12 12:25:14] - {'loss': -42.2814, 'grad_norm': 17.86468505859375, 'learning_rate': 0.001, 'epoch': 12.0, 'step': 12}
[2025/08/12 12:25:14] - {'loss': -42.2814, 'grad_norm': 17.86468505859375, 'learning_rate': 0.001, 'epoch': 12.0, 'step': 12}
[2025/08/12 12:25:14] - {'loss': -42.2814, 'grad_norm': 17.86468505859375, 'learning_rate': 0.001, 'epoch': 12.0, 'step': 12}
[2025/08/12 12:25:14] - {'eval_loss': -54.98204803466797, 'eval_runtime': 0.3936, 'eval_samples_per_second': 10.163, 'eval_steps_per_second': 2.541, 'epoch': 12.0, 'step': 12}
[2025/08/12 12:25:14] - {'eval_loss': -54.98204803466797, 'eval_runtime': 0.3938, 'eval_samples_per_second': 10.156, 'eval_steps_per_second': 2.539, 'epoch': 12.0, 'step': 12}
[2025/08/12 12:25:14] - {'eval_loss': -54.98204803466797, 'eval_runtime': 0.3938, 'eval_samples_per_second': 10.156, 'eval_steps_per_second': 2.539, 'epoch': 12.0, 'step': 12}
[2025/08/12 12:25:14] - {'loss': -45.7857, 'grad_norm': 20.946685791015625, 'learning_rate': 0.001, 'epoch': 13.0, 'step': 13}
[2025/08/12 12:25:14] - {'loss': -45.7857, 'grad_norm': 20.946685791015625, 'learning_rate': 0.001, 'epoch': 13.0, 'step': 13}
[2025/08/12 12:25:14] - {'loss': -45.7857, 'grad_norm': 20.946685791015625, 'learning_rate': 0.001, 'epoch': 13.0, 'step': 13}
[2025/08/12 12:25:14] - {'eval_loss': -28.089088439941406, 'eval_runtime': 0.3975, 'eval_samples_per_second': 10.062, 'eval_steps_per_second': 2.515, 'epoch': 13.0, 'step': 13}
[2025/08/12 12:25:14] - {'eval_loss': -28.089088439941406, 'eval_runtime': 0.3976, 'eval_samples_per_second': 10.062, 'eval_steps_per_second': 2.515, 'epoch': 13.0, 'step': 13}
[2025/08/12 12:25:14] - {'eval_loss': -28.089088439941406, 'eval_runtime': 0.3975, 'eval_samples_per_second': 10.064, 'eval_steps_per_second': 2.516, 'epoch': 13.0, 'step': 13}
[2025/08/12 12:25:14] - {'loss': -23.0514, 'grad_norm': 155.3724822998047, 'learning_rate': 0.001, 'epoch': 14.0, 'step': 14}
[2025/08/12 12:25:14] - {'loss': -23.0514, 'grad_norm': 155.3724822998047, 'learning_rate': 0.001, 'epoch': 14.0, 'step': 14}
[2025/08/12 12:25:14] - {'loss': -23.0514, 'grad_norm': 155.3724822998047, 'learning_rate': 0.001, 'epoch': 14.0, 'step': 14}
[2025/08/12 12:25:14] - {'eval_loss': -32.34586715698242, 'eval_runtime': 0.3988, 'eval_samples_per_second': 10.031, 'eval_steps_per_second': 2.508, 'epoch': 14.0, 'step': 14}
[2025/08/12 12:25:14] - {'eval_loss': -32.34586715698242, 'eval_runtime': 0.3986, 'eval_samples_per_second': 10.035, 'eval_steps_per_second': 2.509, 'epoch': 14.0, 'step': 14}
[2025/08/12 12:25:14] - {'eval_loss': -32.34586715698242, 'eval_runtime': 0.3988, 'eval_samples_per_second': 10.031, 'eval_steps_per_second': 2.508, 'epoch': 14.0, 'step': 14}
[2025/08/12 12:25:14] - {'loss': -26.4947, 'grad_norm': 293.4658203125, 'learning_rate': 0.001, 'epoch': 15.0, 'step': 15}
[2025/08/12 12:25:14] - {'loss': -26.4947, 'grad_norm': 293.4658203125, 'learning_rate': 0.001, 'epoch': 15.0, 'step': 15}
[2025/08/12 12:25:14] - {'loss': -26.4947, 'grad_norm': 293.4658203125, 'learning_rate': 0.001, 'epoch': 15.0, 'step': 15}
[2025/08/12 12:25:14] - {'eval_loss': -55.564918518066406, 'eval_runtime': 0.396, 'eval_samples_per_second': 10.102, 'eval_steps_per_second': 2.525, 'epoch': 15.0, 'step': 15}
[2025/08/12 12:25:14] - {'eval_loss': -55.564918518066406, 'eval_runtime': 0.3961, 'eval_samples_per_second': 10.098, 'eval_steps_per_second': 2.525, 'epoch': 15.0, 'step': 15}
[2025/08/12 12:25:14] - {'eval_loss': -55.564918518066406, 'eval_runtime': 0.3961, 'eval_samples_per_second': 10.098, 'eval_steps_per_second': 2.525, 'epoch': 15.0, 'step': 15}
[2025/08/12 12:25:14] - {'loss': -45.6556, 'grad_norm': 33.200050354003906, 'learning_rate': 0.001, 'epoch': 16.0, 'step': 16}
[2025/08/12 12:25:14] - {'loss': -45.6556, 'grad_norm': 33.200050354003906, 'learning_rate': 0.001, 'epoch': 16.0, 'step': 16}
[2025/08/12 12:25:14] - {'loss': -45.6556, 'grad_norm': 33.200050354003906, 'learning_rate': 0.001, 'epoch': 16.0, 'step': 16}
[2025/08/12 12:25:14] - {'eval_loss': -57.12611770629883, 'eval_runtime': 0.3948, 'eval_samples_per_second': 10.133, 'eval_steps_per_second': 2.533, 'epoch': 16.0, 'step': 16}
[2025/08/12 12:25:14] - {'eval_loss': -57.12611770629883, 'eval_runtime': 0.3944, 'eval_samples_per_second': 10.142, 'eval_steps_per_second': 2.535, 'epoch': 16.0, 'step': 16}
[2025/08/12 12:25:14] - {'eval_loss': -57.12611770629883, 'eval_runtime': 0.3948, 'eval_samples_per_second': 10.132, 'eval_steps_per_second': 2.533, 'epoch': 16.0, 'step': 16}
[2025/08/12 12:25:14] - {'loss': -46.8362, 'grad_norm': 22.13957977294922, 'learning_rate': 0.001, 'epoch': 17.0, 'step': 17}
[2025/08/12 12:25:14] - {'loss': -46.8362, 'grad_norm': 22.13957977294922, 'learning_rate': 0.001, 'epoch': 17.0, 'step': 17}
[2025/08/12 12:25:14] - {'loss': -46.8362, 'grad_norm': 22.13957977294922, 'learning_rate': 0.001, 'epoch': 17.0, 'step': 17}
[2025/08/12 12:25:14] - {'eval_loss': -59.67885208129883, 'eval_runtime': 0.4147, 'eval_samples_per_second': 9.645, 'eval_steps_per_second': 2.411, 'epoch': 17.0, 'step': 17}
[2025/08/12 12:25:14] - {'eval_loss': -59.67885208129883, 'eval_runtime': 0.4148, 'eval_samples_per_second': 9.643, 'eval_steps_per_second': 2.411, 'epoch': 17.0, 'step': 17}
[2025/08/12 12:25:14] - {'eval_loss': -59.67885208129883, 'eval_runtime': 0.4021, 'eval_samples_per_second': 9.947, 'eval_steps_per_second': 2.487, 'epoch': 17.0, 'step': 17}
[2025/08/12 12:25:14] - {'loss': -49.3072, 'grad_norm': 16.854097366333008, 'learning_rate': 0.001, 'epoch': 18.0, 'step': 18}
[2025/08/12 12:25:14] - {'loss': -49.3072, 'grad_norm': 16.854097366333008, 'learning_rate': 0.001, 'epoch': 18.0, 'step': 18}
[2025/08/12 12:25:14] - {'loss': -49.3072, 'grad_norm': 16.854097366333008, 'learning_rate': 0.001, 'epoch': 18.0, 'step': 18}
[2025/08/12 12:25:14] - {'eval_loss': -59.365482330322266, 'eval_runtime': 0.4042, 'eval_samples_per_second': 9.897, 'eval_steps_per_second': 2.474, 'epoch': 18.0, 'step': 18}
[2025/08/12 12:25:14] - {'eval_loss': -59.365482330322266, 'eval_runtime': 0.4037, 'eval_samples_per_second': 9.908, 'eval_steps_per_second': 2.477, 'epoch': 18.0, 'step': 18}
[2025/08/12 12:25:14] - {'eval_loss': -59.365482330322266, 'eval_runtime': 0.4033, 'eval_samples_per_second': 9.918, 'eval_steps_per_second': 2.48, 'epoch': 18.0, 'step': 18}
[2025/08/12 12:25:14] - {'loss': -47.8875, 'grad_norm': 37.904239654541016, 'learning_rate': 0.001, 'epoch': 19.0, 'step': 19}
[2025/08/12 12:25:14] - {'loss': -47.8875, 'grad_norm': 37.904239654541016, 'learning_rate': 0.001, 'epoch': 19.0, 'step': 19}
[2025/08/12 12:25:14] - {'loss': -47.8875, 'grad_norm': 37.904239654541016, 'learning_rate': 0.001, 'epoch': 19.0, 'step': 19}
[2025/08/12 12:25:14] - {'eval_loss': -61.764183044433594, 'eval_runtime': 0.3963, 'eval_samples_per_second': 10.094, 'eval_steps_per_second': 2.523, 'epoch': 19.0, 'step': 19}
[2025/08/12 12:25:14] - {'eval_loss': -61.764183044433594, 'eval_runtime': 0.3962, 'eval_samples_per_second': 10.096, 'eval_steps_per_second': 2.524, 'epoch': 19.0, 'step': 19}
[2025/08/12 12:25:14] - {'eval_loss': -61.764183044433594, 'eval_runtime': 0.3962, 'eval_samples_per_second': 10.096, 'eval_steps_per_second': 2.524, 'epoch': 19.0, 'step': 19}
[2025/08/12 12:25:14] - {'loss': -51.4802, 'grad_norm': 18.996349334716797, 'learning_rate': 0.001, 'epoch': 20.0, 'step': 20}
[2025/08/12 12:25:14] - {'loss': -51.4802, 'grad_norm': 18.996349334716797, 'learning_rate': 0.001, 'epoch': 20.0, 'step': 20}
[2025/08/12 12:25:14] - {'loss': -51.4802, 'grad_norm': 18.996349334716797, 'learning_rate': 0.001, 'epoch': 20.0, 'step': 20}
[2025/08/12 12:25:14] - {'eval_loss': -61.24624252319336, 'eval_runtime': 0.3947, 'eval_samples_per_second': 10.135, 'eval_steps_per_second': 2.534, 'epoch': 20.0, 'step': 20}
[2025/08/12 12:25:14] - {'eval_loss': -61.24624252319336, 'eval_runtime': 0.3939, 'eval_samples_per_second': 10.154, 'eval_steps_per_second': 2.539, 'epoch': 20.0, 'step': 20}
[2025/08/12 12:25:14] - {'eval_loss': -61.24624252319336, 'eval_runtime': 0.3947, 'eval_samples_per_second': 10.134, 'eval_steps_per_second': 2.533, 'epoch': 20.0, 'step': 20}
[2025/08/12 12:25:14] - {'loss': -51.9447, 'grad_norm': 34.504180908203125, 'learning_rate': 0.001, 'epoch': 21.0, 'step': 21}
[2025/08/12 12:25:14] - {'loss': -51.9447, 'grad_norm': 34.504180908203125, 'learning_rate': 0.001, 'epoch': 21.0, 'step': 21}
[2025/08/12 12:25:14] - {'loss': -51.9447, 'grad_norm': 34.504180908203125, 'learning_rate': 0.001, 'epoch': 21.0, 'step': 21}
[2025/08/12 12:25:14] - {'eval_loss': -63.32585144042969, 'eval_runtime': 0.3963, 'eval_samples_per_second': 10.093, 'eval_steps_per_second': 2.523, 'epoch': 21.0, 'step': 21}
[2025/08/12 12:25:14] - {'eval_loss': -63.32585144042969, 'eval_runtime': 0.3963, 'eval_samples_per_second': 10.093, 'eval_steps_per_second': 2.523, 'epoch': 21.0, 'step': 21}
[2025/08/12 12:25:14] - {'eval_loss': -63.32585144042969, 'eval_runtime': 0.3963, 'eval_samples_per_second': 10.094, 'eval_steps_per_second': 2.523, 'epoch': 21.0, 'step': 21}
[2025/08/12 12:25:14] - {'loss': -53.8614, 'grad_norm': 28.092716217041016, 'learning_rate': 0.001, 'epoch': 22.0, 'step': 22}
[2025/08/12 12:25:14] - {'loss': -53.8614, 'grad_norm': 28.092716217041016, 'learning_rate': 0.001, 'epoch': 22.0, 'step': 22}
[2025/08/12 12:25:14] - {'loss': -53.8614, 'grad_norm': 28.092716217041016, 'learning_rate': 0.001, 'epoch': 22.0, 'step': 22}
[2025/08/12 12:25:14] - {'eval_loss': -64.99433135986328, 'eval_runtime': 0.4898, 'eval_samples_per_second': 8.167, 'eval_steps_per_second': 2.042, 'epoch': 22.0, 'step': 22}
[2025/08/12 12:25:14] - {'eval_loss': -64.99433135986328, 'eval_runtime': 0.394, 'eval_samples_per_second': 10.153, 'eval_steps_per_second': 2.538, 'epoch': 22.0, 'step': 22}
[2025/08/12 12:25:14] - {'eval_loss': -64.99433135986328, 'eval_runtime': 0.3929, 'eval_samples_per_second': 10.182, 'eval_steps_per_second': 2.545, 'epoch': 22.0, 'step': 22}
[2025/08/12 12:25:14] - {'loss': -57.6179, 'grad_norm': 26.042293548583984, 'learning_rate': 0.001, 'epoch': 23.0, 'step': 23}
[2025/08/12 12:25:14] - {'loss': -57.6179, 'grad_norm': 26.042293548583984, 'learning_rate': 0.001, 'epoch': 23.0, 'step': 23}
[2025/08/12 12:25:14] - {'loss': -57.6179, 'grad_norm': 26.042293548583984, 'learning_rate': 0.001, 'epoch': 23.0, 'step': 23}
[2025/08/12 12:25:14] - {'eval_loss': -46.50863265991211, 'eval_runtime': 0.3949, 'eval_samples_per_second': 10.13, 'eval_steps_per_second': 2.532, 'epoch': 23.0, 'step': 23}
[2025/08/12 12:25:14] - {'eval_loss': -46.50863265991211, 'eval_runtime': 0.3949, 'eval_samples_per_second': 10.13, 'eval_steps_per_second': 2.532, 'epoch': 23.0, 'step': 23}
[2025/08/12 12:25:14] - {'eval_loss': -46.50863265991211, 'eval_runtime': 0.3948, 'eval_samples_per_second': 10.132, 'eval_steps_per_second': 2.533, 'epoch': 23.0, 'step': 23}
[2025/08/12 12:25:14] - {'loss': -44.9588, 'grad_norm': 360.88128662109375, 'learning_rate': 0.001, 'epoch': 24.0, 'step': 24}
[2025/08/12 12:25:14] - {'loss': -44.9588, 'grad_norm': 360.88128662109375, 'learning_rate': 0.001, 'epoch': 24.0, 'step': 24}
[2025/08/12 12:25:14] - {'loss': -44.9588, 'grad_norm': 360.88128662109375, 'learning_rate': 0.001, 'epoch': 24.0, 'step': 24}
[2025/08/12 12:25:14] - {'eval_loss': -56.455867767333984, 'eval_runtime': 0.3944, 'eval_samples_per_second': 10.141, 'eval_steps_per_second': 2.535, 'epoch': 24.0, 'step': 24}
[2025/08/12 12:25:14] - {'eval_loss': -56.455867767333984, 'eval_runtime': 0.3946, 'eval_samples_per_second': 10.137, 'eval_steps_per_second': 2.534, 'epoch': 24.0, 'step': 24}
[2025/08/12 12:25:14] - {'eval_loss': -56.455867767333984, 'eval_runtime': 0.3946, 'eval_samples_per_second': 10.136, 'eval_steps_per_second': 2.534, 'epoch': 24.0, 'step': 24}
[2025/08/12 12:25:14] - {'loss': -54.8601, 'grad_norm': 259.6654052734375, 'learning_rate': 0.001, 'epoch': 25.0, 'step': 25}
[2025/08/12 12:25:14] - {'loss': -54.8601, 'grad_norm': 259.6654052734375, 'learning_rate': 0.001, 'epoch': 25.0, 'step': 25}
[2025/08/12 12:25:14] - {'loss': -54.8601, 'grad_norm': 259.6654052734375, 'learning_rate': 0.001, 'epoch': 25.0, 'step': 25}
[2025/08/12 12:25:14] - {'eval_loss': -62.997859954833984, 'eval_runtime': 0.3947, 'eval_samples_per_second': 10.134, 'eval_steps_per_second': 2.533, 'epoch': 25.0, 'step': 25}
[2025/08/12 12:25:14] - {'eval_loss': -62.997859954833984, 'eval_runtime': 0.3947, 'eval_samples_per_second': 10.135, 'eval_steps_per_second': 2.534, 'epoch': 25.0, 'step': 25}
[2025/08/12 12:25:14] - {'eval_loss': -62.997859954833984, 'eval_runtime': 0.3946, 'eval_samples_per_second': 10.136, 'eval_steps_per_second': 2.534, 'epoch': 25.0, 'step': 25}
[2025/08/12 12:25:14] - {'train_runtime': 41.4045, 'train_samples_per_second': 2.415, 'train_steps_per_second': 0.604, 'total_flos': 0.0, 'train_loss': -33.2850453918241, 'epoch': 25.0, 'step': 25}
[2025/08/12 12:25:14] - {'train_runtime': 41.4045, 'train_samples_per_second': 2.415, 'train_steps_per_second': 0.604, 'total_flos': 0.0, 'train_loss': -33.2850453918241, 'epoch': 25.0, 'step': 25}
[2025/08/12 12:25:14] - {'train_runtime': 41.4044, 'train_samples_per_second': 2.415, 'train_steps_per_second': 0.604, 'total_flos': 0.0, 'train_loss': -33.2850453918241, 'epoch': 25.0, 'step': 25}
[2025/08/12 12:25:14] - {'loss': -0.0006, 'grad_norm': 0.008208169601857662, 'learning_rate': 0.001, 'epoch': 1.0, 'step': 1}
[2025/08/12 12:25:14] - {'eval_loss': -0.7751961946487427, 'eval_runtime': 0.4029, 'eval_samples_per_second': 9.928, 'eval_steps_per_second': 2.482, 'epoch': 1.0, 'step': 1}
[2025/08/12 12:25:14] - {'loss': -0.7748, 'grad_norm': 1.9832069873809814, 'learning_rate': 0.001, 'epoch': 2.0, 'step': 2}
[2025/08/12 12:25:14] - {'eval_loss': -2.957496166229248, 'eval_runtime': 0.5432, 'eval_samples_per_second': 7.363, 'eval_steps_per_second': 1.841, 'epoch': 2.0, 'step': 2}
[2025/08/12 12:25:14] - {'loss': -2.8996, 'grad_norm': 7.955447196960449, 'learning_rate': 0.001, 'epoch': 3.0, 'step': 3}
[2025/08/12 12:25:14] - {'eval_loss': -5.9990949630737305, 'eval_runtime': 0.3965, 'eval_samples_per_second': 10.088, 'eval_steps_per_second': 2.522, 'epoch': 3.0, 'step': 3}
[2025/08/12 12:25:14] - {'loss': -5.8382, 'grad_norm': 14.964107513427734, 'learning_rate': 0.001, 'epoch': 4.0, 'step': 4}
[2025/08/12 12:25:14] - {'eval_loss': -11.152386665344238, 'eval_runtime': 0.3962, 'eval_samples_per_second': 10.097, 'eval_steps_per_second': 2.524, 'epoch': 4.0, 'step': 4}
[2025/08/12 12:25:14] - {'loss': -10.5511, 'grad_norm': 33.24247360229492, 'learning_rate': 0.001, 'epoch': 5.0, 'step': 5}
[2025/08/12 12:25:14] - {'eval_loss': -17.429439544677734, 'eval_runtime': 0.3985, 'eval_samples_per_second': 10.037, 'eval_steps_per_second': 2.509, 'epoch': 5.0, 'step': 5}
[2025/08/12 12:25:14] - {'loss': -15.2043, 'grad_norm': 2780.908447265625, 'learning_rate': 0.001, 'epoch': 6.0, 'step': 6}
[2025/08/12 12:25:14] - {'eval_loss': -22.910730361938477, 'eval_runtime': 0.3937, 'eval_samples_per_second': 10.159, 'eval_steps_per_second': 2.54, 'epoch': 6.0, 'step': 6}
[2025/08/12 12:25:14] - {'loss': -19.7745, 'grad_norm': 54.193939208984375, 'learning_rate': 0.001, 'epoch': 7.0, 'step': 7}
[2025/08/12 12:25:14] - {'eval_loss': -31.024263381958008, 'eval_runtime': 0.3974, 'eval_samples_per_second': 10.066, 'eval_steps_per_second': 2.516, 'epoch': 7.0, 'step': 7}
[2025/08/12 12:25:14] - {'loss': -25.8633, 'grad_norm': 71.92058563232422, 'learning_rate': 0.001, 'epoch': 8.0, 'step': 8}
[2025/08/12 12:25:14] - {'eval_loss': -40.95155334472656, 'eval_runtime': 0.3956, 'eval_samples_per_second': 10.111, 'eval_steps_per_second': 2.528, 'epoch': 8.0, 'step': 8}
[2025/08/12 12:25:14] - {'loss': -33.5694, 'grad_norm': 29.304624557495117, 'learning_rate': 0.001, 'epoch': 9.0, 'step': 9}
[2025/08/12 12:25:14] - {'eval_loss': -44.20928192138672, 'eval_runtime': 0.3946, 'eval_samples_per_second': 10.136, 'eval_steps_per_second': 2.534, 'epoch': 9.0, 'step': 9}
[2025/08/12 12:25:14] - {'loss': -35.8649, 'grad_norm': 25.490568161010742, 'learning_rate': 0.001, 'epoch': 10.0, 'step': 10}
[2025/08/12 12:25:14] - {'eval_loss': -48.34183120727539, 'eval_runtime': 0.4001, 'eval_samples_per_second': 9.997, 'eval_steps_per_second': 2.499, 'epoch': 10.0, 'step': 10}
[2025/08/12 12:25:14] - {'loss': -39.7624, 'grad_norm': 15.036555290222168, 'learning_rate': 0.001, 'epoch': 11.0, 'step': 11}
[2025/08/12 12:25:14] - {'eval_loss': -52.0572395324707, 'eval_runtime': 0.3943, 'eval_samples_per_second': 10.145, 'eval_steps_per_second': 2.536, 'epoch': 11.0, 'step': 11}
[2025/08/12 12:25:14] - {'loss': -42.2814, 'grad_norm': 17.86468505859375, 'learning_rate': 0.001, 'epoch': 12.0, 'step': 12}
[2025/08/12 12:25:14] - {'eval_loss': -54.98204803466797, 'eval_runtime': 0.3939, 'eval_samples_per_second': 10.155, 'eval_steps_per_second': 2.539, 'epoch': 12.0, 'step': 12}
[2025/08/12 12:25:14] - {'loss': -45.7857, 'grad_norm': 20.946685791015625, 'learning_rate': 0.001, 'epoch': 13.0, 'step': 13}
[2025/08/12 12:25:14] - {'eval_loss': -28.089088439941406, 'eval_runtime': 0.3972, 'eval_samples_per_second': 10.07, 'eval_steps_per_second': 2.517, 'epoch': 13.0, 'step': 13}
[2025/08/12 12:25:14] - {'loss': -23.0514, 'grad_norm': 155.3724822998047, 'learning_rate': 0.001, 'epoch': 14.0, 'step': 14}
[2025/08/12 12:25:14] - {'eval_loss': -32.34586715698242, 'eval_runtime': 0.6579, 'eval_samples_per_second': 6.08, 'eval_steps_per_second': 1.52, 'epoch': 14.0, 'step': 14}
[2025/08/12 12:25:14] - {'loss': -26.4947, 'grad_norm': 293.4658203125, 'learning_rate': 0.001, 'epoch': 15.0, 'step': 15}
[2025/08/12 12:25:14] - {'eval_loss': -55.564918518066406, 'eval_runtime': 0.3958, 'eval_samples_per_second': 10.105, 'eval_steps_per_second': 2.526, 'epoch': 15.0, 'step': 15}
[2025/08/12 12:25:14] - {'loss': -45.6556, 'grad_norm': 33.200050354003906, 'learning_rate': 0.001, 'epoch': 16.0, 'step': 16}
[2025/08/12 12:25:14] - {'eval_loss': -57.12611770629883, 'eval_runtime': 0.5546, 'eval_samples_per_second': 7.213, 'eval_steps_per_second': 1.803, 'epoch': 16.0, 'step': 16}
[2025/08/12 12:25:14] - {'loss': -46.8362, 'grad_norm': 22.13957977294922, 'learning_rate': 0.001, 'epoch': 17.0, 'step': 17}
[2025/08/12 12:25:14] - {'eval_loss': -59.67885208129883, 'eval_runtime': 0.4144, 'eval_samples_per_second': 9.652, 'eval_steps_per_second': 2.413, 'epoch': 17.0, 'step': 17}
[2025/08/12 12:25:14] - {'loss': -49.3072, 'grad_norm': 16.854097366333008, 'learning_rate': 0.001, 'epoch': 18.0, 'step': 18}
[2025/08/12 12:25:14] - {'eval_loss': -59.365482330322266, 'eval_runtime': 0.4039, 'eval_samples_per_second': 9.903, 'eval_steps_per_second': 2.476, 'epoch': 18.0, 'step': 18}
[2025/08/12 12:25:14] - {'loss': -47.8875, 'grad_norm': 37.904239654541016, 'learning_rate': 0.001, 'epoch': 19.0, 'step': 19}
[2025/08/12 12:25:14] - {'eval_loss': -61.764183044433594, 'eval_runtime': 0.396, 'eval_samples_per_second': 10.101, 'eval_steps_per_second': 2.525, 'epoch': 19.0, 'step': 19}
[2025/08/12 12:25:14] - {'loss': -51.4802, 'grad_norm': 18.996349334716797, 'learning_rate': 0.001, 'epoch': 20.0, 'step': 20}
[2025/08/12 12:25:14] - {'eval_loss': -61.24624252319336, 'eval_runtime': 0.3949, 'eval_samples_per_second': 10.129, 'eval_steps_per_second': 2.532, 'epoch': 20.0, 'step': 20}
[2025/08/12 12:25:14] - {'loss': -51.9447, 'grad_norm': 34.504180908203125, 'learning_rate': 0.001, 'epoch': 21.0, 'step': 21}
[2025/08/12 12:25:14] - {'eval_loss': -63.32585144042969, 'eval_runtime': 0.396, 'eval_samples_per_second': 10.1, 'eval_steps_per_second': 2.525, 'epoch': 21.0, 'step': 21}
[2025/08/12 12:25:14] - {'loss': -53.8614, 'grad_norm': 28.092716217041016, 'learning_rate': 0.001, 'epoch': 22.0, 'step': 22}
[2025/08/12 12:25:14] - {'eval_loss': -64.99433135986328, 'eval_runtime': 0.3945, 'eval_samples_per_second': 10.138, 'eval_steps_per_second': 2.535, 'epoch': 22.0, 'step': 22}
[2025/08/12 12:25:14] - {'loss': -57.6179, 'grad_norm': 26.042293548583984, 'learning_rate': 0.001, 'epoch': 23.0, 'step': 23}
[2025/08/12 12:25:14] - {'eval_loss': -46.50863265991211, 'eval_runtime': 0.3946, 'eval_samples_per_second': 10.137, 'eval_steps_per_second': 2.534, 'epoch': 23.0, 'step': 23}
[2025/08/12 12:25:14] - {'loss': -44.9588, 'grad_norm': 360.88128662109375, 'learning_rate': 0.001, 'epoch': 24.0, 'step': 24}
[2025/08/12 12:25:14] - {'eval_loss': -56.455867767333984, 'eval_runtime': 0.7413, 'eval_samples_per_second': 5.396, 'eval_steps_per_second': 1.349, 'epoch': 24.0, 'step': 24}
[2025/08/12 12:25:14] - {'loss': -54.8601, 'grad_norm': 259.6654052734375, 'learning_rate': 0.001, 'epoch': 25.0, 'step': 25}
[2025/08/12 12:25:14] - {'eval_loss': -62.997859954833984, 'eval_runtime': 0.3945, 'eval_samples_per_second': 10.14, 'eval_steps_per_second': 2.535, 'epoch': 25.0, 'step': 25}
[2025/08/12 12:25:14] - {'train_runtime': 41.4049, 'train_samples_per_second': 2.415, 'train_steps_per_second': 0.604, 'total_flos': 0.0, 'train_loss': -33.2850453918241, 'epoch': 25.0, 'step': 25}
