[2025/08/08 17:20:33] - Detected kernel version 4.18.0, which is below the recommended minimum of 5.5.0; this can cause the process to hang. It is recommended to upgrade the kernel to the minimum version or higher.
[2025/08/08 17:20:33] - Using 4 GPUs
[2025/08/08 17:20:33] - Starting new HTTPS connection (1): huggingface.co:443
[2025/08/08 17:20:33] - Using 4 GPUs
[2025/08/08 17:20:33] - Starting new HTTPS connection (1): huggingface.co:443
[2025/08/08 17:20:33] - Using 4 GPUs
[2025/08/08 17:20:33] - Starting new HTTPS connection (1): huggingface.co:443
[2025/08/08 17:20:33] - Using 4 GPUs
[2025/08/08 17:20:33] - Starting new HTTPS connection (1): huggingface.co:443
[2025/08/08 17:21:13] - Starting new HTTPS connection (2): huggingface.co:443
[2025/08/08 17:21:13] - Starting new HTTPS connection (2): huggingface.co:443
[2025/08/08 17:21:13] - Starting new HTTPS connection (2): huggingface.co:443
[2025/08/08 17:21:13] - Starting new HTTPS connection (2): huggingface.co:443
[2025/08/08 17:22:59] - Starting new HTTPS connection (3): huggingface.co:443
[2025/08/08 17:22:59] - Starting new HTTPS connection (3): huggingface.co:443
[2025/08/08 17:22:59] - Starting new HTTPS connection (3): huggingface.co:443
[2025/08/08 17:22:59] - Starting new HTTPS connection (3): huggingface.co:443
[2025/08/08 17:23:39] - Loading bitsandbytes native library from: /home/hsc/ENV-3.10/lib/python3.10/site-packages/bitsandbytes/libbitsandbytes_cuda122.so
[2025/08/08 17:23:39] - Loading bitsandbytes native library from: /home/hsc/ENV-3.10/lib/python3.10/site-packages/bitsandbytes/libbitsandbytes_cuda122.so
[2025/08/08 17:23:39] - Loading bitsandbytes native library from: /home/hsc/ENV-3.10/lib/python3.10/site-packages/bitsandbytes/libbitsandbytes_cuda122.so
[2025/08/08 17:23:39] - Loading bitsandbytes native library from: /home/hsc/ENV-3.10/lib/python3.10/site-packages/bitsandbytes/libbitsandbytes_cuda122.so
[2025/08/08 17:23:52] - Detected kernel version 4.18.0, which is below the recommended minimum of 5.5.0; this can cause the process to hang. It is recommended to upgrade the kernel to the minimum version or higher.
[2025/08/08 17:24:43] - {'loss': -0.0024, 'grad_norm': 0.050166524946689606, 'learning_rate': 0.001, 'epoch': 1.0, 'step': 1}
[2025/08/08 17:24:43] - {'loss': -0.0024, 'grad_norm': 0.050166524946689606, 'learning_rate': 0.001, 'epoch': 1.0, 'step': 1}
[2025/08/08 17:24:43] - {'loss': -0.0024, 'grad_norm': 0.050166524946689606, 'learning_rate': 0.001, 'epoch': 1.0, 'step': 1}
[2025/08/08 17:24:43] - {'eval_loss': -0.9623696208000183, 'eval_runtime': 0.1374, 'eval_samples_per_second': 29.122, 'eval_steps_per_second': 7.28, 'epoch': 1.0, 'step': 1}
[2025/08/08 17:24:43] - {'eval_loss': -0.9623696208000183, 'eval_runtime': 0.1374, 'eval_samples_per_second': 29.121, 'eval_steps_per_second': 7.28, 'epoch': 1.0, 'step': 1}
[2025/08/08 17:24:43] - {'eval_loss': -0.9623696208000183, 'eval_runtime': 0.1374, 'eval_samples_per_second': 29.12, 'eval_steps_per_second': 7.28, 'epoch': 1.0, 'step': 1}
[2025/08/08 17:24:43] - {'loss': -0.9441, 'grad_norm': 6.894215106964111, 'learning_rate': 0.001, 'epoch': 2.0, 'step': 2}
[2025/08/08 17:24:43] - {'loss': -0.9441, 'grad_norm': 6.894215106964111, 'learning_rate': 0.001, 'epoch': 2.0, 'step': 2}
[2025/08/08 17:24:43] - {'loss': -0.9441, 'grad_norm': 6.894215106964111, 'learning_rate': 0.001, 'epoch': 2.0, 'step': 2}
[2025/08/08 17:24:43] - {'eval_loss': -3.266641855239868, 'eval_runtime': 0.1274, 'eval_samples_per_second': 31.386, 'eval_steps_per_second': 7.847, 'epoch': 2.0, 'step': 2}
[2025/08/08 17:24:43] - {'eval_loss': -3.266641855239868, 'eval_runtime': 0.1274, 'eval_samples_per_second': 31.388, 'eval_steps_per_second': 7.847, 'epoch': 2.0, 'step': 2}
[2025/08/08 17:24:43] - {'eval_loss': -3.266641855239868, 'eval_runtime': 0.1272, 'eval_samples_per_second': 31.449, 'eval_steps_per_second': 7.862, 'epoch': 2.0, 'step': 2}
[2025/08/08 17:24:43] - {'loss': -3.2191, 'grad_norm': 6.888922214508057, 'learning_rate': 0.001, 'epoch': 3.0, 'step': 3}
[2025/08/08 17:24:43] - {'loss': -3.2191, 'grad_norm': 6.888922214508057, 'learning_rate': 0.001, 'epoch': 3.0, 'step': 3}
[2025/08/08 17:24:43] - {'loss': -3.2191, 'grad_norm': 6.888922214508057, 'learning_rate': 0.001, 'epoch': 3.0, 'step': 3}
[2025/08/08 17:24:43] - {'eval_loss': -5.550902366638184, 'eval_runtime': 0.127, 'eval_samples_per_second': 31.501, 'eval_steps_per_second': 7.875, 'epoch': 3.0, 'step': 3}
[2025/08/08 17:24:43] - {'eval_loss': -5.550902366638184, 'eval_runtime': 0.127, 'eval_samples_per_second': 31.501, 'eval_steps_per_second': 7.875, 'epoch': 3.0, 'step': 3}
[2025/08/08 17:24:43] - {'eval_loss': -5.550902366638184, 'eval_runtime': 0.1269, 'eval_samples_per_second': 31.52, 'eval_steps_per_second': 7.88, 'epoch': 3.0, 'step': 3}
[2025/08/08 17:24:43] - {'loss': -3.2085, 'grad_norm': 354.1747131347656, 'learning_rate': 0.001, 'epoch': 4.0, 'step': 4}
[2025/08/08 17:24:43] - {'loss': -3.2085, 'grad_norm': 354.1747131347656, 'learning_rate': 0.001, 'epoch': 4.0, 'step': 4}
[2025/08/08 17:24:43] - {'loss': -3.2085, 'grad_norm': 354.1747131347656, 'learning_rate': 0.001, 'epoch': 4.0, 'step': 4}
[2025/08/08 17:24:43] - {'eval_loss': -6.290489673614502, 'eval_runtime': 0.1276, 'eval_samples_per_second': 31.352, 'eval_steps_per_second': 7.838, 'epoch': 4.0, 'step': 4}
[2025/08/08 17:24:43] - {'eval_loss': -6.290489673614502, 'eval_runtime': 0.1274, 'eval_samples_per_second': 31.393, 'eval_steps_per_second': 7.848, 'epoch': 4.0, 'step': 4}
[2025/08/08 17:24:43] - {'eval_loss': -6.290489673614502, 'eval_runtime': 0.1276, 'eval_samples_per_second': 31.353, 'eval_steps_per_second': 7.838, 'epoch': 4.0, 'step': 4}
[2025/08/08 17:24:43] - {'loss': -5.8483, 'grad_norm': 10.136909484863281, 'learning_rate': 0.001, 'epoch': 5.0, 'step': 5}
[2025/08/08 17:24:43] - {'loss': -5.8483, 'grad_norm': 10.136909484863281, 'learning_rate': 0.001, 'epoch': 5.0, 'step': 5}
[2025/08/08 17:24:43] - {'loss': -5.8483, 'grad_norm': 10.136909484863281, 'learning_rate': 0.001, 'epoch': 5.0, 'step': 5}
[2025/08/08 17:24:43] - {'eval_loss': -8.704571723937988, 'eval_runtime': 0.1273, 'eval_samples_per_second': 31.426, 'eval_steps_per_second': 7.856, 'epoch': 5.0, 'step': 5}
[2025/08/08 17:24:43] - {'eval_loss': -8.704571723937988, 'eval_runtime': 0.1272, 'eval_samples_per_second': 31.444, 'eval_steps_per_second': 7.861, 'epoch': 5.0, 'step': 5}
[2025/08/08 17:24:43] - {'eval_loss': -8.704571723937988, 'eval_runtime': 0.1273, 'eval_samples_per_second': 31.43, 'eval_steps_per_second': 7.857, 'epoch': 5.0, 'step': 5}
[2025/08/08 17:24:43] - {'loss': -8.2399, 'grad_norm': 21.960729598999023, 'learning_rate': 0.001, 'epoch': 6.0, 'step': 6}
[2025/08/08 17:24:43] - {'loss': -8.2399, 'grad_norm': 21.960729598999023, 'learning_rate': 0.001, 'epoch': 6.0, 'step': 6}
[2025/08/08 17:24:43] - {'loss': -8.2399, 'grad_norm': 21.960729598999023, 'learning_rate': 0.001, 'epoch': 6.0, 'step': 6}
[2025/08/08 17:24:43] - {'eval_loss': -12.092789649963379, 'eval_runtime': 0.1275, 'eval_samples_per_second': 31.381, 'eval_steps_per_second': 7.845, 'epoch': 6.0, 'step': 6}
[2025/08/08 17:24:43] - {'eval_loss': -12.092789649963379, 'eval_runtime': 0.1275, 'eval_samples_per_second': 31.381, 'eval_steps_per_second': 7.845, 'epoch': 6.0, 'step': 6}
[2025/08/08 17:24:43] - {'eval_loss': -12.092789649963379, 'eval_runtime': 0.127, 'eval_samples_per_second': 31.487, 'eval_steps_per_second': 7.872, 'epoch': 6.0, 'step': 6}
[2025/08/08 17:24:43] - {'loss': -11.3232, 'grad_norm': 20.42569923400879, 'learning_rate': 0.001, 'epoch': 7.0, 'step': 7}
[2025/08/08 17:24:43] - {'loss': -11.3232, 'grad_norm': 20.42569923400879, 'learning_rate': 0.001, 'epoch': 7.0, 'step': 7}
[2025/08/08 17:24:43] - {'loss': -11.3232, 'grad_norm': 20.42569923400879, 'learning_rate': 0.001, 'epoch': 7.0, 'step': 7}
[2025/08/08 17:24:43] - {'eval_loss': -13.980087280273438, 'eval_runtime': 0.127, 'eval_samples_per_second': 31.489, 'eval_steps_per_second': 7.872, 'epoch': 7.0, 'step': 7}
[2025/08/08 17:24:43] - {'eval_loss': -13.980087280273438, 'eval_runtime': 0.127, 'eval_samples_per_second': 31.507, 'eval_steps_per_second': 7.877, 'epoch': 7.0, 'step': 7}
[2025/08/08 17:24:43] - {'eval_loss': -13.980087280273438, 'eval_runtime': 0.1269, 'eval_samples_per_second': 31.514, 'eval_steps_per_second': 7.879, 'epoch': 7.0, 'step': 7}
[2025/08/08 17:24:43] - {'loss': -12.6761, 'grad_norm': 21.0092830657959, 'learning_rate': 0.001, 'epoch': 8.0, 'step': 8}
[2025/08/08 17:24:43] - {'loss': -12.6761, 'grad_norm': 21.0092830657959, 'learning_rate': 0.001, 'epoch': 8.0, 'step': 8}
[2025/08/08 17:24:43] - {'loss': -12.6761, 'grad_norm': 21.0092830657959, 'learning_rate': 0.001, 'epoch': 8.0, 'step': 8}
[2025/08/08 17:24:43] - {'eval_loss': -23.556629180908203, 'eval_runtime': 0.1272, 'eval_samples_per_second': 31.453, 'eval_steps_per_second': 7.863, 'epoch': 8.0, 'step': 8}
[2025/08/08 17:24:43] - {'eval_loss': -23.556629180908203, 'eval_runtime': 0.1272, 'eval_samples_per_second': 31.452, 'eval_steps_per_second': 7.863, 'epoch': 8.0, 'step': 8}
[2025/08/08 17:24:43] - {'eval_loss': -23.556629180908203, 'eval_runtime': 0.127, 'eval_samples_per_second': 31.506, 'eval_steps_per_second': 7.877, 'epoch': 8.0, 'step': 8}
[2025/08/08 17:24:43] - {'loss': -20.561, 'grad_norm': 36.884395599365234, 'learning_rate': 0.001, 'epoch': 9.0, 'step': 9}
[2025/08/08 17:24:43] - {'loss': -20.561, 'grad_norm': 36.884395599365234, 'learning_rate': 0.001, 'epoch': 9.0, 'step': 9}
[2025/08/08 17:24:43] - {'loss': -20.561, 'grad_norm': 36.884395599365234, 'learning_rate': 0.001, 'epoch': 9.0, 'step': 9}
[2025/08/08 17:24:43] - {'eval_loss': -33.25940704345703, 'eval_runtime': 0.1272, 'eval_samples_per_second': 31.445, 'eval_steps_per_second': 7.861, 'epoch': 9.0, 'step': 9}
[2025/08/08 17:24:43] - {'eval_loss': -33.25940704345703, 'eval_runtime': 0.1274, 'eval_samples_per_second': 31.4, 'eval_steps_per_second': 7.85, 'epoch': 9.0, 'step': 9}
[2025/08/08 17:24:43] - {'eval_loss': -33.25940704345703, 'eval_runtime': 0.1274, 'eval_samples_per_second': 31.399, 'eval_steps_per_second': 7.85, 'epoch': 9.0, 'step': 9}
[2025/08/08 17:24:43] - {'loss': -27.1967, 'grad_norm': 21.69234275817871, 'learning_rate': 0.001, 'epoch': 10.0, 'step': 10}
[2025/08/08 17:24:43] - {'loss': -27.1967, 'grad_norm': 21.69234275817871, 'learning_rate': 0.001, 'epoch': 10.0, 'step': 10}
[2025/08/08 17:24:43] - {'loss': -27.1967, 'grad_norm': 21.69234275817871, 'learning_rate': 0.001, 'epoch': 10.0, 'step': 10}
[2025/08/08 17:24:43] - {'eval_loss': -37.44719696044922, 'eval_runtime': 0.1292, 'eval_samples_per_second': 30.968, 'eval_steps_per_second': 7.742, 'epoch': 10.0, 'step': 10}
[2025/08/08 17:24:43] - {'eval_loss': -37.44719696044922, 'eval_runtime': 0.1283, 'eval_samples_per_second': 31.169, 'eval_steps_per_second': 7.792, 'epoch': 10.0, 'step': 10}
[2025/08/08 17:24:43] - {'eval_loss': -37.44719696044922, 'eval_runtime': 0.1292, 'eval_samples_per_second': 30.954, 'eval_steps_per_second': 7.739, 'epoch': 10.0, 'step': 10}
[2025/08/08 17:24:43] - {'loss': -26.1632, 'grad_norm': 124.656005859375, 'learning_rate': 0.001, 'epoch': 11.0, 'step': 11}
[2025/08/08 17:24:43] - {'loss': -26.1632, 'grad_norm': 124.656005859375, 'learning_rate': 0.001, 'epoch': 11.0, 'step': 11}
[2025/08/08 17:24:43] - {'loss': -26.1632, 'grad_norm': 124.656005859375, 'learning_rate': 0.001, 'epoch': 11.0, 'step': 11}
[2025/08/08 17:24:43] - {'eval_loss': -41.11538314819336, 'eval_runtime': 0.1269, 'eval_samples_per_second': 31.517, 'eval_steps_per_second': 7.879, 'epoch': 11.0, 'step': 11}
[2025/08/08 17:24:43] - {'eval_loss': -41.11538314819336, 'eval_runtime': 0.1268, 'eval_samples_per_second': 31.545, 'eval_steps_per_second': 7.886, 'epoch': 11.0, 'step': 11}
[2025/08/08 17:24:43] - {'eval_loss': -41.11538314819336, 'eval_runtime': 0.1269, 'eval_samples_per_second': 31.526, 'eval_steps_per_second': 7.882, 'epoch': 11.0, 'step': 11}
[2025/08/08 17:24:43] - {'loss': -33.7243, 'grad_norm': 22.080793380737305, 'learning_rate': 0.001, 'epoch': 12.0, 'step': 12}
[2025/08/08 17:24:43] - {'loss': -33.7243, 'grad_norm': 22.080793380737305, 'learning_rate': 0.001, 'epoch': 12.0, 'step': 12}
[2025/08/08 17:24:43] - {'loss': -33.7243, 'grad_norm': 22.080793380737305, 'learning_rate': 0.001, 'epoch': 12.0, 'step': 12}
[2025/08/08 17:24:43] - {'eval_loss': -45.00833511352539, 'eval_runtime': 0.1273, 'eval_samples_per_second': 31.422, 'eval_steps_per_second': 7.855, 'epoch': 12.0, 'step': 12}
[2025/08/08 17:24:43] - {'eval_loss': -45.00833511352539, 'eval_runtime': 0.4306, 'eval_samples_per_second': 9.29, 'eval_steps_per_second': 2.322, 'epoch': 12.0, 'step': 12}
[2025/08/08 17:24:43] - {'eval_loss': -45.00833511352539, 'eval_runtime': 0.1272, 'eval_samples_per_second': 31.443, 'eval_steps_per_second': 7.861, 'epoch': 12.0, 'step': 12}
[2025/08/08 17:24:43] - {'loss': -37.9913, 'grad_norm': 22.380651473999023, 'learning_rate': 0.001, 'epoch': 13.0, 'step': 13}
[2025/08/08 17:24:43] - {'loss': -37.9913, 'grad_norm': 22.380651473999023, 'learning_rate': 0.001, 'epoch': 13.0, 'step': 13}
[2025/08/08 17:24:43] - {'loss': -37.9913, 'grad_norm': 22.380651473999023, 'learning_rate': 0.001, 'epoch': 13.0, 'step': 13}
[2025/08/08 17:24:43] - {'eval_loss': -48.50096893310547, 'eval_runtime': 0.1273, 'eval_samples_per_second': 31.419, 'eval_steps_per_second': 7.855, 'epoch': 13.0, 'step': 13}
[2025/08/08 17:24:43] - {'eval_loss': -48.50096893310547, 'eval_runtime': 0.1272, 'eval_samples_per_second': 31.447, 'eval_steps_per_second': 7.862, 'epoch': 13.0, 'step': 13}
[2025/08/08 17:24:43] - {'eval_loss': -48.50096893310547, 'eval_runtime': 0.1273, 'eval_samples_per_second': 31.417, 'eval_steps_per_second': 7.854, 'epoch': 13.0, 'step': 13}
[2025/08/08 17:24:43] - {'loss': -41.3707, 'grad_norm': 37.842445373535156, 'learning_rate': 0.001, 'epoch': 14.0, 'step': 14}
[2025/08/08 17:24:43] - {'loss': -41.3707, 'grad_norm': 37.842445373535156, 'learning_rate': 0.001, 'epoch': 14.0, 'step': 14}
[2025/08/08 17:24:43] - {'loss': -41.3707, 'grad_norm': 37.842445373535156, 'learning_rate': 0.001, 'epoch': 14.0, 'step': 14}
[2025/08/08 17:24:43] - {'eval_loss': -48.882625579833984, 'eval_runtime': 0.1283, 'eval_samples_per_second': 31.172, 'eval_steps_per_second': 7.793, 'epoch': 14.0, 'step': 14}
[2025/08/08 17:24:43] - {'eval_loss': -48.882625579833984, 'eval_runtime': 0.1281, 'eval_samples_per_second': 31.221, 'eval_steps_per_second': 7.805, 'epoch': 14.0, 'step': 14}
[2025/08/08 17:24:43] - {'eval_loss': -48.882625579833984, 'eval_runtime': 0.1274, 'eval_samples_per_second': 31.403, 'eval_steps_per_second': 7.851, 'epoch': 14.0, 'step': 14}
[2025/08/08 17:24:43] - {'loss': -43.8102, 'grad_norm': 73.8543472290039, 'learning_rate': 0.001, 'epoch': 15.0, 'step': 15}
[2025/08/08 17:24:43] - {'loss': -43.8102, 'grad_norm': 73.8543472290039, 'learning_rate': 0.001, 'epoch': 15.0, 'step': 15}
[2025/08/08 17:24:43] - {'loss': -43.8102, 'grad_norm': 73.8543472290039, 'learning_rate': 0.001, 'epoch': 15.0, 'step': 15}
[2025/08/08 17:24:43] - {'eval_loss': -50.87287902832031, 'eval_runtime': 0.1273, 'eval_samples_per_second': 31.419, 'eval_steps_per_second': 7.855, 'epoch': 15.0, 'step': 15}
[2025/08/08 17:24:43] - {'eval_loss': -50.87287902832031, 'eval_runtime': 0.1273, 'eval_samples_per_second': 31.432, 'eval_steps_per_second': 7.858, 'epoch': 15.0, 'step': 15}
[2025/08/08 17:24:43] - {'eval_loss': -50.87287902832031, 'eval_runtime': 0.1272, 'eval_samples_per_second': 31.439, 'eval_steps_per_second': 7.86, 'epoch': 15.0, 'step': 15}
[2025/08/08 17:24:43] - {'loss': -45.7475, 'grad_norm': 58.911109924316406, 'learning_rate': 0.001, 'epoch': 16.0, 'step': 16}
[2025/08/08 17:24:43] - {'loss': -45.7475, 'grad_norm': 58.911109924316406, 'learning_rate': 0.001, 'epoch': 16.0, 'step': 16}
[2025/08/08 17:24:43] - {'loss': -45.7475, 'grad_norm': 58.911109924316406, 'learning_rate': 0.001, 'epoch': 16.0, 'step': 16}
[2025/08/08 17:24:43] - {'eval_loss': -53.35517120361328, 'eval_runtime': 0.127, 'eval_samples_per_second': 31.491, 'eval_steps_per_second': 7.873, 'epoch': 16.0, 'step': 16}
[2025/08/08 17:24:43] - {'eval_loss': -53.35517120361328, 'eval_runtime': 0.1272, 'eval_samples_per_second': 31.442, 'eval_steps_per_second': 7.861, 'epoch': 16.0, 'step': 16}
[2025/08/08 17:24:43] - {'eval_loss': -53.35517120361328, 'eval_runtime': 0.128, 'eval_samples_per_second': 31.25, 'eval_steps_per_second': 7.813, 'epoch': 16.0, 'step': 16}
[2025/08/08 17:24:43] - {'loss': -49.8825, 'grad_norm': 30.38532257080078, 'learning_rate': 0.001, 'epoch': 17.0, 'step': 17}
[2025/08/08 17:24:43] - {'loss': -49.8825, 'grad_norm': 30.38532257080078, 'learning_rate': 0.001, 'epoch': 17.0, 'step': 17}
[2025/08/08 17:24:43] - {'loss': -49.8825, 'grad_norm': 30.38532257080078, 'learning_rate': 0.001, 'epoch': 17.0, 'step': 17}
[2025/08/08 17:24:43] - {'eval_loss': -55.61852264404297, 'eval_runtime': 0.1347, 'eval_samples_per_second': 29.69, 'eval_steps_per_second': 7.423, 'epoch': 17.0, 'step': 17}
[2025/08/08 17:24:43] - {'eval_loss': -55.61852264404297, 'eval_runtime': 0.1346, 'eval_samples_per_second': 29.715, 'eval_steps_per_second': 7.429, 'epoch': 17.0, 'step': 17}
[2025/08/08 17:24:43] - {'eval_loss': -55.61852264404297, 'eval_runtime': 0.1347, 'eval_samples_per_second': 29.693, 'eval_steps_per_second': 7.423, 'epoch': 17.0, 'step': 17}
[2025/08/08 17:24:43] - {'loss': -54.1249, 'grad_norm': 110.85504913330078, 'learning_rate': 0.001, 'epoch': 18.0, 'step': 18}
[2025/08/08 17:24:43] - {'loss': -54.1249, 'grad_norm': 110.85504913330078, 'learning_rate': 0.001, 'epoch': 18.0, 'step': 18}
[2025/08/08 17:24:43] - {'loss': -54.1249, 'grad_norm': 110.85504913330078, 'learning_rate': 0.001, 'epoch': 18.0, 'step': 18}
[2025/08/08 17:24:43] - {'eval_loss': -54.97030258178711, 'eval_runtime': 0.1291, 'eval_samples_per_second': 30.995, 'eval_steps_per_second': 7.749, 'epoch': 18.0, 'step': 18}
[2025/08/08 17:24:43] - {'eval_loss': -54.97030258178711, 'eval_runtime': 0.1282, 'eval_samples_per_second': 31.208, 'eval_steps_per_second': 7.802, 'epoch': 18.0, 'step': 18}
[2025/08/08 17:24:43] - {'eval_loss': -54.97030258178711, 'eval_runtime': 0.1274, 'eval_samples_per_second': 31.4, 'eval_steps_per_second': 7.85, 'epoch': 18.0, 'step': 18}
[2025/08/08 17:24:43] - {'loss': -54.1935, 'grad_norm': 93.33580780029297, 'learning_rate': 0.001, 'epoch': 19.0, 'step': 19}
[2025/08/08 17:24:43] - {'loss': -54.1935, 'grad_norm': 93.33580780029297, 'learning_rate': 0.001, 'epoch': 19.0, 'step': 19}
[2025/08/08 17:24:43] - {'loss': -54.1935, 'grad_norm': 93.33580780029297, 'learning_rate': 0.001, 'epoch': 19.0, 'step': 19}
[2025/08/08 17:24:43] - {'eval_loss': -57.23891830444336, 'eval_runtime': 0.1293, 'eval_samples_per_second': 30.942, 'eval_steps_per_second': 7.735, 'epoch': 19.0, 'step': 19}
[2025/08/08 17:24:43] - {'eval_loss': -57.23891830444336, 'eval_runtime': 0.1291, 'eval_samples_per_second': 30.986, 'eval_steps_per_second': 7.746, 'epoch': 19.0, 'step': 19}
[2025/08/08 17:24:43] - {'eval_loss': -57.23891830444336, 'eval_runtime': 0.1292, 'eval_samples_per_second': 30.953, 'eval_steps_per_second': 7.738, 'epoch': 19.0, 'step': 19}
[2025/08/08 17:24:43] - {'loss': -55.1611, 'grad_norm': 35.2167854309082, 'learning_rate': 0.001, 'epoch': 20.0, 'step': 20}
[2025/08/08 17:24:43] - {'loss': -55.1611, 'grad_norm': 35.2167854309082, 'learning_rate': 0.001, 'epoch': 20.0, 'step': 20}
[2025/08/08 17:24:43] - {'loss': -55.1611, 'grad_norm': 35.2167854309082, 'learning_rate': 0.001, 'epoch': 20.0, 'step': 20}
[2025/08/08 17:24:43] - {'eval_loss': -59.22297286987305, 'eval_runtime': 0.1282, 'eval_samples_per_second': 31.19, 'eval_steps_per_second': 7.797, 'epoch': 20.0, 'step': 20}
[2025/08/08 17:24:43] - {'eval_loss': -59.22297286987305, 'eval_runtime': 0.129, 'eval_samples_per_second': 30.999, 'eval_steps_per_second': 7.75, 'epoch': 20.0, 'step': 20}
[2025/08/08 17:24:43] - {'eval_loss': -59.22297286987305, 'eval_runtime': 0.1278, 'eval_samples_per_second': 31.306, 'eval_steps_per_second': 7.826, 'epoch': 20.0, 'step': 20}
[2025/08/08 17:24:43] - {'loss': -57.2084, 'grad_norm': 19.5722599029541, 'learning_rate': 0.001, 'epoch': 21.0, 'step': 21}
[2025/08/08 17:24:43] - {'loss': -57.2084, 'grad_norm': 19.5722599029541, 'learning_rate': 0.001, 'epoch': 21.0, 'step': 21}
[2025/08/08 17:24:43] - {'loss': -57.2084, 'grad_norm': 19.5722599029541, 'learning_rate': 0.001, 'epoch': 21.0, 'step': 21}
[2025/08/08 17:24:43] - {'eval_loss': -60.32196807861328, 'eval_runtime': 0.1269, 'eval_samples_per_second': 31.52, 'eval_steps_per_second': 7.88, 'epoch': 21.0, 'step': 21}
[2025/08/08 17:24:43] - {'eval_loss': -60.32196807861328, 'eval_runtime': 0.127, 'eval_samples_per_second': 31.494, 'eval_steps_per_second': 7.873, 'epoch': 21.0, 'step': 21}
[2025/08/08 17:24:43] - {'eval_loss': -60.32196807861328, 'eval_runtime': 0.127, 'eval_samples_per_second': 31.489, 'eval_steps_per_second': 7.872, 'epoch': 21.0, 'step': 21}
[2025/08/08 17:24:43] - {'loss': -58.5535, 'grad_norm': 238.55267333984375, 'learning_rate': 0.001, 'epoch': 22.0, 'step': 22}
[2025/08/08 17:24:43] - {'loss': -58.5535, 'grad_norm': 238.55267333984375, 'learning_rate': 0.001, 'epoch': 22.0, 'step': 22}
[2025/08/08 17:24:43] - {'loss': -58.5535, 'grad_norm': 238.55267333984375, 'learning_rate': 0.001, 'epoch': 22.0, 'step': 22}
[2025/08/08 17:24:43] - {'eval_loss': -60.34345245361328, 'eval_runtime': 0.1276, 'eval_samples_per_second': 31.36, 'eval_steps_per_second': 7.84, 'epoch': 22.0, 'step': 22}
[2025/08/08 17:24:43] - {'eval_loss': -60.34345245361328, 'eval_runtime': 0.1276, 'eval_samples_per_second': 31.342, 'eval_steps_per_second': 7.835, 'epoch': 22.0, 'step': 22}
[2025/08/08 17:24:43] - {'eval_loss': -60.34345245361328, 'eval_runtime': 0.1278, 'eval_samples_per_second': 31.302, 'eval_steps_per_second': 7.825, 'epoch': 22.0, 'step': 22}
[2025/08/08 17:24:43] - {'loss': -58.898, 'grad_norm': 33.34000015258789, 'learning_rate': 0.001, 'epoch': 23.0, 'step': 23}
[2025/08/08 17:24:43] - {'loss': -58.898, 'grad_norm': 33.34000015258789, 'learning_rate': 0.001, 'epoch': 23.0, 'step': 23}
[2025/08/08 17:24:43] - {'loss': -58.898, 'grad_norm': 33.34000015258789, 'learning_rate': 0.001, 'epoch': 23.0, 'step': 23}
[2025/08/08 17:24:43] - {'eval_loss': -59.18735122680664, 'eval_runtime': 0.1272, 'eval_samples_per_second': 31.437, 'eval_steps_per_second': 7.859, 'epoch': 23.0, 'step': 23}
[2025/08/08 17:24:43] - {'eval_loss': -59.18735122680664, 'eval_runtime': 0.1272, 'eval_samples_per_second': 31.447, 'eval_steps_per_second': 7.862, 'epoch': 23.0, 'step': 23}
[2025/08/08 17:24:43] - {'eval_loss': -59.18735122680664, 'eval_runtime': 0.1272, 'eval_samples_per_second': 31.456, 'eval_steps_per_second': 7.864, 'epoch': 23.0, 'step': 23}
[2025/08/08 17:24:43] - {'loss': -57.7309, 'grad_norm': 95.68348693847656, 'learning_rate': 0.001, 'epoch': 24.0, 'step': 24}
[2025/08/08 17:24:43] - {'loss': -57.7309, 'grad_norm': 95.68348693847656, 'learning_rate': 0.001, 'epoch': 24.0, 'step': 24}
[2025/08/08 17:24:43] - {'loss': -57.7309, 'grad_norm': 95.68348693847656, 'learning_rate': 0.001, 'epoch': 24.0, 'step': 24}
[2025/08/08 17:24:43] - {'eval_loss': -61.450965881347656, 'eval_runtime': 0.1271, 'eval_samples_per_second': 31.479, 'eval_steps_per_second': 7.87, 'epoch': 24.0, 'step': 24}
[2025/08/08 17:24:43] - {'eval_loss': -61.450965881347656, 'eval_runtime': 0.127, 'eval_samples_per_second': 31.496, 'eval_steps_per_second': 7.874, 'epoch': 24.0, 'step': 24}
[2025/08/08 17:24:43] - {'eval_loss': -61.450965881347656, 'eval_runtime': 0.1271, 'eval_samples_per_second': 31.481, 'eval_steps_per_second': 7.87, 'epoch': 24.0, 'step': 24}
[2025/08/08 17:24:43] - {'loss': -59.947, 'grad_norm': 29.557958602905273, 'learning_rate': 0.001, 'epoch': 25.0, 'step': 25}
[2025/08/08 17:24:43] - {'loss': -59.947, 'grad_norm': 29.557958602905273, 'learning_rate': 0.001, 'epoch': 25.0, 'step': 25}
[2025/08/08 17:24:43] - {'loss': -59.947, 'grad_norm': 29.557958602905273, 'learning_rate': 0.001, 'epoch': 25.0, 'step': 25}
[2025/08/08 17:24:43] - {'eval_loss': -63.228492736816406, 'eval_runtime': 0.1274, 'eval_samples_per_second': 31.387, 'eval_steps_per_second': 7.847, 'epoch': 25.0, 'step': 25}
[2025/08/08 17:24:43] - {'eval_loss': -63.228492736816406, 'eval_runtime': 0.1274, 'eval_samples_per_second': 31.401, 'eval_steps_per_second': 7.85, 'epoch': 25.0, 'step': 25}
[2025/08/08 17:24:43] - {'eval_loss': -63.228492736816406, 'eval_runtime': 0.1274, 'eval_samples_per_second': 31.401, 'eval_steps_per_second': 7.85, 'epoch': 25.0, 'step': 25}
[2025/08/08 17:24:43] - {'train_runtime': 44.7842, 'train_samples_per_second': 2.233, 'train_steps_per_second': 0.558, 'total_flos': 0.0, 'train_loss': -33.10905363935977, 'epoch': 25.0, 'step': 25}
[2025/08/08 17:24:43] - {'train_runtime': 44.5798, 'train_samples_per_second': 2.243, 'train_steps_per_second': 0.561, 'total_flos': 0.0, 'train_loss': -33.10905363935977, 'epoch': 25.0, 'step': 25}
[2025/08/08 17:24:43] - {'train_runtime': 44.8201, 'train_samples_per_second': 2.231, 'train_steps_per_second': 0.558, 'total_flos': 0.0, 'train_loss': -33.10905363935977, 'epoch': 25.0, 'step': 25}
[2025/08/08 17:24:43] - {'loss': -0.0024, 'grad_norm': 0.050166524946689606, 'learning_rate': 0.001, 'epoch': 1.0, 'step': 1}
[2025/08/08 17:24:43] - {'eval_loss': -0.9623696208000183, 'eval_runtime': 0.137, 'eval_samples_per_second': 29.2, 'eval_steps_per_second': 7.3, 'epoch': 1.0, 'step': 1}
[2025/08/08 17:24:43] - {'loss': -0.9441, 'grad_norm': 6.894215106964111, 'learning_rate': 0.001, 'epoch': 2.0, 'step': 2}
[2025/08/08 17:24:43] - {'eval_loss': -3.266641855239868, 'eval_runtime': 0.1274, 'eval_samples_per_second': 31.39, 'eval_steps_per_second': 7.847, 'epoch': 2.0, 'step': 2}
[2025/08/08 17:24:43] - {'loss': -3.2191, 'grad_norm': 6.888922214508057, 'learning_rate': 0.001, 'epoch': 3.0, 'step': 3}
[2025/08/08 17:24:43] - {'eval_loss': -5.550902366638184, 'eval_runtime': 0.1267, 'eval_samples_per_second': 31.56, 'eval_steps_per_second': 7.89, 'epoch': 3.0, 'step': 3}
[2025/08/08 17:24:43] - {'loss': -3.2085, 'grad_norm': 354.1747131347656, 'learning_rate': 0.001, 'epoch': 4.0, 'step': 4}
[2025/08/08 17:24:43] - {'eval_loss': -6.290489673614502, 'eval_runtime': 0.1269, 'eval_samples_per_second': 31.521, 'eval_steps_per_second': 7.88, 'epoch': 4.0, 'step': 4}
[2025/08/08 17:24:43] - {'loss': -5.8483, 'grad_norm': 10.136909484863281, 'learning_rate': 0.001, 'epoch': 5.0, 'step': 5}
[2025/08/08 17:24:43] - {'eval_loss': -8.704571723937988, 'eval_runtime': 0.127, 'eval_samples_per_second': 31.491, 'eval_steps_per_second': 7.873, 'epoch': 5.0, 'step': 5}
[2025/08/08 17:24:43] - {'loss': -8.2399, 'grad_norm': 21.960729598999023, 'learning_rate': 0.001, 'epoch': 6.0, 'step': 6}
[2025/08/08 17:24:44] - {'eval_loss': -12.092789649963379, 'eval_runtime': 0.1276, 'eval_samples_per_second': 31.35, 'eval_steps_per_second': 7.837, 'epoch': 6.0, 'step': 6}
[2025/08/08 17:24:44] - {'loss': -11.3232, 'grad_norm': 20.42569923400879, 'learning_rate': 0.001, 'epoch': 7.0, 'step': 7}
[2025/08/08 17:24:44] - {'eval_loss': -13.980087280273438, 'eval_runtime': 0.1267, 'eval_samples_per_second': 31.57, 'eval_steps_per_second': 7.892, 'epoch': 7.0, 'step': 7}
[2025/08/08 17:24:44] - {'loss': -12.6761, 'grad_norm': 21.0092830657959, 'learning_rate': 0.001, 'epoch': 8.0, 'step': 8}
[2025/08/08 17:24:44] - {'eval_loss': -23.556629180908203, 'eval_runtime': 0.3997, 'eval_samples_per_second': 10.007, 'eval_steps_per_second': 2.502, 'epoch': 8.0, 'step': 8}
[2025/08/08 17:24:44] - {'loss': -20.561, 'grad_norm': 36.884395599365234, 'learning_rate': 0.001, 'epoch': 9.0, 'step': 9}
[2025/08/08 17:24:44] - {'eval_loss': -33.25940704345703, 'eval_runtime': 0.1272, 'eval_samples_per_second': 31.447, 'eval_steps_per_second': 7.862, 'epoch': 9.0, 'step': 9}
[2025/08/08 17:24:44] - {'loss': -27.1967, 'grad_norm': 21.69234275817871, 'learning_rate': 0.001, 'epoch': 10.0, 'step': 10}
[2025/08/08 17:24:44] - {'eval_loss': -37.44719696044922, 'eval_runtime': 0.1956, 'eval_samples_per_second': 20.45, 'eval_steps_per_second': 5.113, 'epoch': 10.0, 'step': 10}
[2025/08/08 17:24:44] - {'loss': -26.1632, 'grad_norm': 124.656005859375, 'learning_rate': 0.001, 'epoch': 11.0, 'step': 11}
[2025/08/08 17:24:44] - {'eval_loss': -41.11538314819336, 'eval_runtime': 0.1266, 'eval_samples_per_second': 31.588, 'eval_steps_per_second': 7.897, 'epoch': 11.0, 'step': 11}
[2025/08/08 17:24:44] - {'loss': -33.7243, 'grad_norm': 22.080793380737305, 'learning_rate': 0.001, 'epoch': 12.0, 'step': 12}
[2025/08/08 17:24:44] - {'eval_loss': -45.00833511352539, 'eval_runtime': 0.1273, 'eval_samples_per_second': 31.427, 'eval_steps_per_second': 7.857, 'epoch': 12.0, 'step': 12}
[2025/08/08 17:24:44] - {'loss': -37.9913, 'grad_norm': 22.380651473999023, 'learning_rate': 0.001, 'epoch': 13.0, 'step': 13}
[2025/08/08 17:24:44] - {'eval_loss': -48.50096893310547, 'eval_runtime': 0.127, 'eval_samples_per_second': 31.494, 'eval_steps_per_second': 7.874, 'epoch': 13.0, 'step': 13}
[2025/08/08 17:24:44] - {'loss': -41.3707, 'grad_norm': 37.842445373535156, 'learning_rate': 0.001, 'epoch': 14.0, 'step': 14}
[2025/08/08 17:24:44] - {'eval_loss': -48.882625579833984, 'eval_runtime': 0.1279, 'eval_samples_per_second': 31.282, 'eval_steps_per_second': 7.821, 'epoch': 14.0, 'step': 14}
[2025/08/08 17:24:44] - {'loss': -43.8102, 'grad_norm': 73.8543472290039, 'learning_rate': 0.001, 'epoch': 15.0, 'step': 15}
[2025/08/08 17:24:44] - {'eval_loss': -50.87287902832031, 'eval_runtime': 0.1269, 'eval_samples_per_second': 31.51, 'eval_steps_per_second': 7.877, 'epoch': 15.0, 'step': 15}
[2025/08/08 17:24:44] - {'loss': -45.7475, 'grad_norm': 58.911109924316406, 'learning_rate': 0.001, 'epoch': 16.0, 'step': 16}
[2025/08/08 17:24:44] - {'eval_loss': -53.35517120361328, 'eval_runtime': 0.2207, 'eval_samples_per_second': 18.125, 'eval_steps_per_second': 4.531, 'epoch': 16.0, 'step': 16}
[2025/08/08 17:24:44] - {'loss': -49.8825, 'grad_norm': 30.38532257080078, 'learning_rate': 0.001, 'epoch': 17.0, 'step': 17}
[2025/08/08 17:24:44] - {'eval_loss': -55.61852264404297, 'eval_runtime': 0.1267, 'eval_samples_per_second': 31.577, 'eval_steps_per_second': 7.894, 'epoch': 17.0, 'step': 17}
[2025/08/08 17:24:44] - {'loss': -54.1249, 'grad_norm': 110.85504913330078, 'learning_rate': 0.001, 'epoch': 18.0, 'step': 18}
[2025/08/08 17:24:44] - {'eval_loss': -54.97030258178711, 'eval_runtime': 0.1672, 'eval_samples_per_second': 23.918, 'eval_steps_per_second': 5.98, 'epoch': 18.0, 'step': 18}
[2025/08/08 17:24:44] - {'loss': -54.1935, 'grad_norm': 93.33580780029297, 'learning_rate': 0.001, 'epoch': 19.0, 'step': 19}
[2025/08/08 17:24:44] - {'eval_loss': -57.23891830444336, 'eval_runtime': 0.129, 'eval_samples_per_second': 31.011, 'eval_steps_per_second': 7.753, 'epoch': 19.0, 'step': 19}
[2025/08/08 17:24:44] - {'loss': -55.1611, 'grad_norm': 35.2167854309082, 'learning_rate': 0.001, 'epoch': 20.0, 'step': 20}
[2025/08/08 17:24:44] - {'eval_loss': -59.22297286987305, 'eval_runtime': 0.2116, 'eval_samples_per_second': 18.907, 'eval_steps_per_second': 4.727, 'epoch': 20.0, 'step': 20}
[2025/08/08 17:24:44] - {'loss': -57.2084, 'grad_norm': 19.5722599029541, 'learning_rate': 0.001, 'epoch': 21.0, 'step': 21}
[2025/08/08 17:24:44] - {'eval_loss': -60.32196807861328, 'eval_runtime': 0.1267, 'eval_samples_per_second': 31.559, 'eval_steps_per_second': 7.89, 'epoch': 21.0, 'step': 21}
[2025/08/08 17:24:44] - {'loss': -58.5535, 'grad_norm': 238.55267333984375, 'learning_rate': 0.001, 'epoch': 22.0, 'step': 22}
[2025/08/08 17:24:44] - {'eval_loss': -60.34345245361328, 'eval_runtime': 0.5427, 'eval_samples_per_second': 7.37, 'eval_steps_per_second': 1.843, 'epoch': 22.0, 'step': 22}
[2025/08/08 17:24:44] - {'loss': -58.898, 'grad_norm': 33.34000015258789, 'learning_rate': 0.001, 'epoch': 23.0, 'step': 23}
[2025/08/08 17:24:44] - {'eval_loss': -59.18735122680664, 'eval_runtime': 0.1268, 'eval_samples_per_second': 31.538, 'eval_steps_per_second': 7.885, 'epoch': 23.0, 'step': 23}
[2025/08/08 17:24:44] - {'loss': -57.7309, 'grad_norm': 95.68348693847656, 'learning_rate': 0.001, 'epoch': 24.0, 'step': 24}
[2025/08/08 17:24:44] - {'eval_loss': -61.450965881347656, 'eval_runtime': 0.3861, 'eval_samples_per_second': 10.359, 'eval_steps_per_second': 2.59, 'epoch': 24.0, 'step': 24}
[2025/08/08 17:24:44] - {'loss': -59.947, 'grad_norm': 29.557958602905273, 'learning_rate': 0.001, 'epoch': 25.0, 'step': 25}
[2025/08/08 17:24:44] - {'eval_loss': -63.228492736816406, 'eval_runtime': 0.1271, 'eval_samples_per_second': 31.482, 'eval_steps_per_second': 7.871, 'epoch': 25.0, 'step': 25}
[2025/08/08 17:24:44] - {'train_runtime': 45.1314, 'train_samples_per_second': 2.216, 'train_steps_per_second': 0.554, 'total_flos': 0.0, 'train_loss': -33.10905363935977, 'epoch': 25.0, 'step': 25}
