[2025/08/08 14:26:29] - Detected kernel version 4.18.0, which is below the recommended minimum of 5.5.0; this can cause the process to hang. It is recommended to upgrade the kernel to the minimum version or higher.
[2025/08/08 14:26:29] - Using 4 GPUs
[2025/08/08 14:26:29] - Starting new HTTPS connection (1): huggingface.co:443
[2025/08/08 14:26:29] - Using 4 GPUs
[2025/08/08 14:26:29] - Starting new HTTPS connection (1): huggingface.co:443
[2025/08/08 14:26:29] - Using 4 GPUs
[2025/08/08 14:26:29] - Using 4 GPUs
[2025/08/08 14:26:29] - Starting new HTTPS connection (1): huggingface.co:443
[2025/08/08 14:26:29] - Starting new HTTPS connection (1): huggingface.co:443
[2025/08/08 14:27:09] - Starting new HTTPS connection (2): huggingface.co:443
[2025/08/08 14:27:10] - Starting new HTTPS connection (2): huggingface.co:443
[2025/08/08 14:27:10] - Starting new HTTPS connection (2): huggingface.co:443
[2025/08/08 14:27:10] - Starting new HTTPS connection (2): huggingface.co:443
[2025/08/08 14:28:53] - Starting new HTTPS connection (3): huggingface.co:443
[2025/08/08 14:28:53] - Starting new HTTPS connection (3): huggingface.co:443
[2025/08/08 14:28:53] - Starting new HTTPS connection (3): huggingface.co:443
[2025/08/08 14:28:53] - Starting new HTTPS connection (3): huggingface.co:443
[2025/08/08 14:29:33] - Loading bitsandbytes native library from: /home/hsc/ENV-3.10/lib/python3.10/site-packages/bitsandbytes/libbitsandbytes_cuda122.so
[2025/08/08 14:29:33] - Loading bitsandbytes native library from: /home/hsc/ENV-3.10/lib/python3.10/site-packages/bitsandbytes/libbitsandbytes_cuda122.so
[2025/08/08 14:29:33] - Loading bitsandbytes native library from: /home/hsc/ENV-3.10/lib/python3.10/site-packages/bitsandbytes/libbitsandbytes_cuda122.so
[2025/08/08 14:29:33] - Loading bitsandbytes native library from: /home/hsc/ENV-3.10/lib/python3.10/site-packages/bitsandbytes/libbitsandbytes_cuda122.so
[2025/08/08 14:29:47] - Detected kernel version 4.18.0, which is below the recommended minimum of 5.5.0; this can cause the process to hang. It is recommended to upgrade the kernel to the minimum version or higher.
[2025/08/08 14:30:32] - {'loss': 0.0004, 'grad_norm': 0.04821491613984108, 'learning_rate': 0.001, 'epoch': 1.0, 'step': 1}
[2025/08/08 14:30:32] - {'loss': 0.0004, 'grad_norm': 0.04821491613984108, 'learning_rate': 0.001, 'epoch': 1.0, 'step': 1}
[2025/08/08 14:30:32] - {'loss': 0.0004, 'grad_norm': 0.04821491613984108, 'learning_rate': 0.001, 'epoch': 1.0, 'step': 1}
[2025/08/08 14:30:32] - {'eval_loss': -0.4903120994567871, 'eval_runtime': 0.1247, 'eval_samples_per_second': 32.067, 'eval_steps_per_second': 8.017, 'epoch': 1.0, 'step': 1}
[2025/08/08 14:30:32] - {'eval_loss': -0.4903120994567871, 'eval_runtime': 0.1247, 'eval_samples_per_second': 32.071, 'eval_steps_per_second': 8.018, 'epoch': 1.0, 'step': 1}
[2025/08/08 14:30:32] - {'loss': -0.4922, 'grad_norm': 1.1720279455184937, 'learning_rate': 0.001, 'epoch': 2.0, 'step': 2}
[2025/08/08 14:30:32] - {'eval_loss': -0.4903120994567871, 'eval_runtime': 0.1247, 'eval_samples_per_second': 32.075, 'eval_steps_per_second': 8.019, 'epoch': 1.0, 'step': 1}
[2025/08/08 14:30:32] - {'loss': -0.4922, 'grad_norm': 1.1720279455184937, 'learning_rate': 0.001, 'epoch': 2.0, 'step': 2}
[2025/08/08 14:30:32] - {'eval_loss': -1.6979999542236328, 'eval_runtime': 0.1278, 'eval_samples_per_second': 31.306, 'eval_steps_per_second': 7.827, 'epoch': 2.0, 'step': 2}
[2025/08/08 14:30:32] - {'loss': -0.4922, 'grad_norm': 1.1720279455184937, 'learning_rate': 0.001, 'epoch': 2.0, 'step': 2}
[2025/08/08 14:30:32] - {'eval_loss': -1.6979999542236328, 'eval_runtime': 0.1276, 'eval_samples_per_second': 31.336, 'eval_steps_per_second': 7.834, 'epoch': 2.0, 'step': 2}
[2025/08/08 14:30:32] - {'loss': -1.4611, 'grad_norm': 7.407679080963135, 'learning_rate': 0.001, 'epoch': 3.0, 'step': 3}
[2025/08/08 14:30:32] - {'eval_loss': -1.6979999542236328, 'eval_runtime': 0.1278, 'eval_samples_per_second': 31.306, 'eval_steps_per_second': 7.827, 'epoch': 2.0, 'step': 2}
[2025/08/08 14:30:32] - {'loss': -1.4611, 'grad_norm': 7.407679080963135, 'learning_rate': 0.001, 'epoch': 3.0, 'step': 3}
[2025/08/08 14:30:32] - {'eval_loss': -6.055415153503418, 'eval_runtime': 0.1154, 'eval_samples_per_second': 34.669, 'eval_steps_per_second': 8.667, 'epoch': 3.0, 'step': 3}
[2025/08/08 14:30:32] - {'loss': -1.4611, 'grad_norm': 7.407679080963135, 'learning_rate': 0.001, 'epoch': 3.0, 'step': 3}
[2025/08/08 14:30:32] - {'eval_loss': -6.055415153503418, 'eval_runtime': 0.1155, 'eval_samples_per_second': 34.637, 'eval_steps_per_second': 8.659, 'epoch': 3.0, 'step': 3}
[2025/08/08 14:30:32] - {'loss': -5.2111, 'grad_norm': 37.36088180541992, 'learning_rate': 0.001, 'epoch': 4.0, 'step': 4}
[2025/08/08 14:30:32] - {'eval_loss': -6.055415153503418, 'eval_runtime': 0.1154, 'eval_samples_per_second': 34.652, 'eval_steps_per_second': 8.663, 'epoch': 3.0, 'step': 3}
[2025/08/08 14:30:32] - {'loss': -5.2111, 'grad_norm': 37.36088180541992, 'learning_rate': 0.001, 'epoch': 4.0, 'step': 4}
[2025/08/08 14:30:32] - {'eval_loss': -9.007918357849121, 'eval_runtime': 0.1169, 'eval_samples_per_second': 34.215, 'eval_steps_per_second': 8.554, 'epoch': 4.0, 'step': 4}
[2025/08/08 14:30:32] - {'loss': -5.2111, 'grad_norm': 37.36088180541992, 'learning_rate': 0.001, 'epoch': 4.0, 'step': 4}
[2025/08/08 14:30:32] - {'eval_loss': -9.007918357849121, 'eval_runtime': 0.1976, 'eval_samples_per_second': 20.241, 'eval_steps_per_second': 5.06, 'epoch': 4.0, 'step': 4}
[2025/08/08 14:30:32] - {'loss': -4.2312, 'grad_norm': 41.0916862487793, 'learning_rate': 0.001, 'epoch': 5.0, 'step': 5}
[2025/08/08 14:30:32] - {'eval_loss': -9.007918357849121, 'eval_runtime': 0.1164, 'eval_samples_per_second': 34.367, 'eval_steps_per_second': 8.592, 'epoch': 4.0, 'step': 4}
[2025/08/08 14:30:32] - {'loss': -4.2312, 'grad_norm': 41.0916862487793, 'learning_rate': 0.001, 'epoch': 5.0, 'step': 5}
[2025/08/08 14:30:32] - {'eval_loss': -12.544590950012207, 'eval_runtime': 0.1154, 'eval_samples_per_second': 34.672, 'eval_steps_per_second': 8.668, 'epoch': 5.0, 'step': 5}
[2025/08/08 14:30:32] - {'loss': -4.2312, 'grad_norm': 41.0916862487793, 'learning_rate': 0.001, 'epoch': 5.0, 'step': 5}
[2025/08/08 14:30:32] - {'eval_loss': -12.544590950012207, 'eval_runtime': 0.1155, 'eval_samples_per_second': 34.639, 'eval_steps_per_second': 8.66, 'epoch': 5.0, 'step': 5}
[2025/08/08 14:30:32] - {'loss': -5.7198, 'grad_norm': 80.1875, 'learning_rate': 0.001, 'epoch': 6.0, 'step': 6}
[2025/08/08 14:30:32] - {'eval_loss': -12.544590950012207, 'eval_runtime': 0.1155, 'eval_samples_per_second': 34.646, 'eval_steps_per_second': 8.661, 'epoch': 5.0, 'step': 5}
[2025/08/08 14:30:32] - {'loss': -5.7198, 'grad_norm': 80.1875, 'learning_rate': 0.001, 'epoch': 6.0, 'step': 6}
[2025/08/08 14:30:32] - {'eval_loss': -14.311627388000488, 'eval_runtime': 0.3223, 'eval_samples_per_second': 12.41, 'eval_steps_per_second': 3.103, 'epoch': 6.0, 'step': 6}
[2025/08/08 14:30:32] - {'loss': -5.7198, 'grad_norm': 80.1875, 'learning_rate': 0.001, 'epoch': 6.0, 'step': 6}
[2025/08/08 14:30:32] - {'eval_loss': -14.311627388000488, 'eval_runtime': 0.1157, 'eval_samples_per_second': 34.567, 'eval_steps_per_second': 8.642, 'epoch': 6.0, 'step': 6}
[2025/08/08 14:30:32] - {'loss': -9.6188, 'grad_norm': 126.01374053955078, 'learning_rate': 0.001, 'epoch': 7.0, 'step': 7}
[2025/08/08 14:30:32] - {'eval_loss': -14.311627388000488, 'eval_runtime': 0.1157, 'eval_samples_per_second': 34.568, 'eval_steps_per_second': 8.642, 'epoch': 6.0, 'step': 6}
[2025/08/08 14:30:32] - {'loss': -9.6188, 'grad_norm': 126.01374053955078, 'learning_rate': 0.001, 'epoch': 7.0, 'step': 7}
[2025/08/08 14:30:32] - {'eval_loss': -27.99483299255371, 'eval_runtime': 0.1155, 'eval_samples_per_second': 34.622, 'eval_steps_per_second': 8.655, 'epoch': 7.0, 'step': 7}
[2025/08/08 14:30:32] - {'loss': -9.6188, 'grad_norm': 126.01374053955078, 'learning_rate': 0.001, 'epoch': 7.0, 'step': 7}
[2025/08/08 14:30:32] - {'eval_loss': -27.99483299255371, 'eval_runtime': 0.1155, 'eval_samples_per_second': 34.633, 'eval_steps_per_second': 8.658, 'epoch': 7.0, 'step': 7}
[2025/08/08 14:30:32] - {'loss': -11.662, 'grad_norm': 101.41250610351562, 'learning_rate': 0.001, 'epoch': 8.0, 'step': 8}
[2025/08/08 14:30:32] - {'eval_loss': -27.99483299255371, 'eval_runtime': 0.1155, 'eval_samples_per_second': 34.622, 'eval_steps_per_second': 8.656, 'epoch': 7.0, 'step': 7}
[2025/08/08 14:30:32] - {'loss': -11.662, 'grad_norm': 101.41250610351562, 'learning_rate': 0.001, 'epoch': 8.0, 'step': 8}
[2025/08/08 14:30:32] - {'eval_loss': -29.349462509155273, 'eval_runtime': 0.1156, 'eval_samples_per_second': 34.601, 'eval_steps_per_second': 8.65, 'epoch': 8.0, 'step': 8}
[2025/08/08 14:30:32] - {'loss': -11.662, 'grad_norm': 101.41250610351562, 'learning_rate': 0.001, 'epoch': 8.0, 'step': 8}
[2025/08/08 14:30:32] - {'eval_loss': -29.349462509155273, 'eval_runtime': 0.1162, 'eval_samples_per_second': 34.434, 'eval_steps_per_second': 8.608, 'epoch': 8.0, 'step': 8}
[2025/08/08 14:30:32] - {'loss': -25.0689, 'grad_norm': 44.49325942993164, 'learning_rate': 0.001, 'epoch': 9.0, 'step': 9}
[2025/08/08 14:30:32] - {'eval_loss': -29.349462509155273, 'eval_runtime': 0.116, 'eval_samples_per_second': 34.472, 'eval_steps_per_second': 8.618, 'epoch': 8.0, 'step': 8}
[2025/08/08 14:30:32] - {'loss': -25.0689, 'grad_norm': 44.49325942993164, 'learning_rate': 0.001, 'epoch': 9.0, 'step': 9}
[2025/08/08 14:30:32] - {'eval_loss': -36.06993865966797, 'eval_runtime': 0.1159, 'eval_samples_per_second': 34.525, 'eval_steps_per_second': 8.631, 'epoch': 9.0, 'step': 9}
[2025/08/08 14:30:32] - {'loss': -25.0689, 'grad_norm': 44.49325942993164, 'learning_rate': 0.001, 'epoch': 9.0, 'step': 9}
[2025/08/08 14:30:32] - {'eval_loss': -36.06993865966797, 'eval_runtime': 0.1159, 'eval_samples_per_second': 34.508, 'eval_steps_per_second': 8.627, 'epoch': 9.0, 'step': 9}
[2025/08/08 14:30:32] - {'loss': -32.9491, 'grad_norm': 43.741268157958984, 'learning_rate': 0.001, 'epoch': 10.0, 'step': 10}
[2025/08/08 14:30:32] - {'eval_loss': -36.06993865966797, 'eval_runtime': 0.1157, 'eval_samples_per_second': 34.566, 'eval_steps_per_second': 8.642, 'epoch': 9.0, 'step': 9}
[2025/08/08 14:30:32] - {'loss': -32.9491, 'grad_norm': 43.741268157958984, 'learning_rate': 0.001, 'epoch': 10.0, 'step': 10}
[2025/08/08 14:30:32] - {'eval_loss': -39.84273910522461, 'eval_runtime': 0.2707, 'eval_samples_per_second': 14.778, 'eval_steps_per_second': 3.694, 'epoch': 10.0, 'step': 10}
[2025/08/08 14:30:32] - {'loss': -32.9491, 'grad_norm': 43.741268157958984, 'learning_rate': 0.001, 'epoch': 10.0, 'step': 10}
[2025/08/08 14:30:32] - {'eval_loss': -39.84273910522461, 'eval_runtime': 0.1158, 'eval_samples_per_second': 34.551, 'eval_steps_per_second': 8.638, 'epoch': 10.0, 'step': 10}
[2025/08/08 14:30:32] - {'loss': -38.6717, 'grad_norm': 26.682188034057617, 'learning_rate': 0.001, 'epoch': 11.0, 'step': 11}
[2025/08/08 14:30:32] - {'eval_loss': -39.84273910522461, 'eval_runtime': 0.1158, 'eval_samples_per_second': 34.542, 'eval_steps_per_second': 8.636, 'epoch': 10.0, 'step': 10}
[2025/08/08 14:30:32] - {'loss': -38.6717, 'grad_norm': 26.682188034057617, 'learning_rate': 0.001, 'epoch': 11.0, 'step': 11}
[2025/08/08 14:30:32] - {'eval_loss': -42.15339279174805, 'eval_runtime': 0.1155, 'eval_samples_per_second': 34.617, 'eval_steps_per_second': 8.654, 'epoch': 11.0, 'step': 11}
[2025/08/08 14:30:32] - {'loss': -38.6717, 'grad_norm': 26.682188034057617, 'learning_rate': 0.001, 'epoch': 11.0, 'step': 11}
[2025/08/08 14:30:32] - {'eval_loss': -42.15339279174805, 'eval_runtime': 0.1155, 'eval_samples_per_second': 34.631, 'eval_steps_per_second': 8.658, 'epoch': 11.0, 'step': 11}
[2025/08/08 14:30:32] - {'loss': -40.9137, 'grad_norm': 60.78036880493164, 'learning_rate': 0.001, 'epoch': 12.0, 'step': 12}
[2025/08/08 14:30:32] - {'eval_loss': -42.15339279174805, 'eval_runtime': 0.1157, 'eval_samples_per_second': 34.584, 'eval_steps_per_second': 8.646, 'epoch': 11.0, 'step': 11}
[2025/08/08 14:30:32] - {'loss': -40.9137, 'grad_norm': 60.78036880493164, 'learning_rate': 0.001, 'epoch': 12.0, 'step': 12}
[2025/08/08 14:30:32] - {'eval_loss': -46.63438415527344, 'eval_runtime': 0.1163, 'eval_samples_per_second': 34.383, 'eval_steps_per_second': 8.596, 'epoch': 12.0, 'step': 12}
[2025/08/08 14:30:32] - {'loss': -40.9137, 'grad_norm': 60.78036880493164, 'learning_rate': 0.001, 'epoch': 12.0, 'step': 12}
[2025/08/08 14:30:32] - {'eval_loss': -46.63438415527344, 'eval_runtime': 0.1157, 'eval_samples_per_second': 34.58, 'eval_steps_per_second': 8.645, 'epoch': 12.0, 'step': 12}
[2025/08/08 14:30:32] - {'loss': -43.8527, 'grad_norm': 74.43356323242188, 'learning_rate': 0.001, 'epoch': 13.0, 'step': 13}
[2025/08/08 14:30:32] - {'eval_loss': -46.63438415527344, 'eval_runtime': 0.117, 'eval_samples_per_second': 34.191, 'eval_steps_per_second': 8.548, 'epoch': 12.0, 'step': 12}
[2025/08/08 14:30:32] - {'loss': -43.8527, 'grad_norm': 74.43356323242188, 'learning_rate': 0.001, 'epoch': 13.0, 'step': 13}
[2025/08/08 14:30:32] - {'eval_loss': -48.49824142456055, 'eval_runtime': 0.1156, 'eval_samples_per_second': 34.609, 'eval_steps_per_second': 8.652, 'epoch': 13.0, 'step': 13}
[2025/08/08 14:30:32] - {'loss': -43.8527, 'grad_norm': 74.43356323242188, 'learning_rate': 0.001, 'epoch': 13.0, 'step': 13}
[2025/08/08 14:30:32] - {'eval_loss': -48.49824142456055, 'eval_runtime': 0.1156, 'eval_samples_per_second': 34.612, 'eval_steps_per_second': 8.653, 'epoch': 13.0, 'step': 13}
[2025/08/08 14:30:32] - {'loss': -47.2674, 'grad_norm': 24.261505126953125, 'learning_rate': 0.001, 'epoch': 14.0, 'step': 14}
[2025/08/08 14:30:32] - {'eval_loss': -48.49824142456055, 'eval_runtime': 0.1154, 'eval_samples_per_second': 34.65, 'eval_steps_per_second': 8.662, 'epoch': 13.0, 'step': 13}
[2025/08/08 14:30:32] - {'loss': -47.2674, 'grad_norm': 24.261505126953125, 'learning_rate': 0.001, 'epoch': 14.0, 'step': 14}
[2025/08/08 14:30:32] - {'eval_loss': -51.0886116027832, 'eval_runtime': 0.1155, 'eval_samples_per_second': 34.645, 'eval_steps_per_second': 8.661, 'epoch': 14.0, 'step': 14}
[2025/08/08 14:30:32] - {'loss': -47.2674, 'grad_norm': 24.261505126953125, 'learning_rate': 0.001, 'epoch': 14.0, 'step': 14}
[2025/08/08 14:30:32] - {'eval_loss': -51.0886116027832, 'eval_runtime': 0.1162, 'eval_samples_per_second': 34.424, 'eval_steps_per_second': 8.606, 'epoch': 14.0, 'step': 14}
[2025/08/08 14:30:32] - {'loss': -50.2754, 'grad_norm': 34.28361892700195, 'learning_rate': 0.001, 'epoch': 15.0, 'step': 15}
[2025/08/08 14:30:32] - {'eval_loss': -51.0886116027832, 'eval_runtime': 0.116, 'eval_samples_per_second': 34.473, 'eval_steps_per_second': 8.618, 'epoch': 14.0, 'step': 14}
[2025/08/08 14:30:32] - {'loss': -50.2754, 'grad_norm': 34.28361892700195, 'learning_rate': 0.001, 'epoch': 15.0, 'step': 15}
[2025/08/08 14:30:32] - {'eval_loss': -52.458465576171875, 'eval_runtime': 0.1158, 'eval_samples_per_second': 34.53, 'eval_steps_per_second': 8.632, 'epoch': 15.0, 'step': 15}
[2025/08/08 14:30:32] - {'loss': -50.2754, 'grad_norm': 34.28361892700195, 'learning_rate': 0.001, 'epoch': 15.0, 'step': 15}
[2025/08/08 14:30:32] - {'eval_loss': -52.458465576171875, 'eval_runtime': 0.1158, 'eval_samples_per_second': 34.532, 'eval_steps_per_second': 8.633, 'epoch': 15.0, 'step': 15}
[2025/08/08 14:30:32] - {'loss': -51.8907, 'grad_norm': 26.330062866210938, 'learning_rate': 0.001, 'epoch': 16.0, 'step': 16}
[2025/08/08 14:30:32] - {'eval_loss': -52.458465576171875, 'eval_runtime': 0.1158, 'eval_samples_per_second': 34.531, 'eval_steps_per_second': 8.633, 'epoch': 15.0, 'step': 15}
[2025/08/08 14:30:32] - {'loss': -51.8907, 'grad_norm': 26.330062866210938, 'learning_rate': 0.001, 'epoch': 16.0, 'step': 16}
[2025/08/08 14:30:32] - {'eval_loss': -54.93316650390625, 'eval_runtime': 0.1157, 'eval_samples_per_second': 34.568, 'eval_steps_per_second': 8.642, 'epoch': 16.0, 'step': 16}
[2025/08/08 14:30:32] - {'loss': -51.8907, 'grad_norm': 26.330062866210938, 'learning_rate': 0.001, 'epoch': 16.0, 'step': 16}
[2025/08/08 14:30:32] - {'eval_loss': -54.93316650390625, 'eval_runtime': 0.1159, 'eval_samples_per_second': 34.506, 'eval_steps_per_second': 8.626, 'epoch': 16.0, 'step': 16}
[2025/08/08 14:30:32] - {'loss': -54.5718, 'grad_norm': 13.402435302734375, 'learning_rate': 0.001, 'epoch': 17.0, 'step': 17}
[2025/08/08 14:30:32] - {'eval_loss': -54.93316650390625, 'eval_runtime': 0.116, 'eval_samples_per_second': 34.496, 'eval_steps_per_second': 8.624, 'epoch': 16.0, 'step': 16}
[2025/08/08 14:30:32] - {'loss': -54.5718, 'grad_norm': 13.402435302734375, 'learning_rate': 0.001, 'epoch': 17.0, 'step': 17}
[2025/08/08 14:30:32] - {'eval_loss': -56.45404815673828, 'eval_runtime': 0.1156, 'eval_samples_per_second': 34.615, 'eval_steps_per_second': 8.654, 'epoch': 17.0, 'step': 17}
[2025/08/08 14:30:32] - {'loss': -54.5718, 'grad_norm': 13.402435302734375, 'learning_rate': 0.001, 'epoch': 17.0, 'step': 17}
[2025/08/08 14:30:32] - {'eval_loss': -56.45404815673828, 'eval_runtime': 0.1156, 'eval_samples_per_second': 34.595, 'eval_steps_per_second': 8.649, 'epoch': 17.0, 'step': 17}
[2025/08/08 14:30:32] - {'loss': -55.2666, 'grad_norm': 28.51918601989746, 'learning_rate': 0.001, 'epoch': 18.0, 'step': 18}
[2025/08/08 14:30:32] - {'eval_loss': -56.45404815673828, 'eval_runtime': 0.1157, 'eval_samples_per_second': 34.58, 'eval_steps_per_second': 8.645, 'epoch': 17.0, 'step': 17}
[2025/08/08 14:30:32] - {'loss': -55.2666, 'grad_norm': 28.51918601989746, 'learning_rate': 0.001, 'epoch': 18.0, 'step': 18}
[2025/08/08 14:30:32] - {'eval_loss': -57.747230529785156, 'eval_runtime': 0.1154, 'eval_samples_per_second': 34.662, 'eval_steps_per_second': 8.666, 'epoch': 18.0, 'step': 18}
[2025/08/08 14:30:32] - {'loss': -55.2666, 'grad_norm': 28.51918601989746, 'learning_rate': 0.001, 'epoch': 18.0, 'step': 18}
[2025/08/08 14:30:32] - {'eval_loss': -57.747230529785156, 'eval_runtime': 0.1155, 'eval_samples_per_second': 34.625, 'eval_steps_per_second': 8.656, 'epoch': 18.0, 'step': 18}
[2025/08/08 14:30:32] - {'loss': -57.2186, 'grad_norm': 27.03794288635254, 'learning_rate': 0.001, 'epoch': 19.0, 'step': 19}
[2025/08/08 14:30:32] - {'eval_loss': -57.747230529785156, 'eval_runtime': 0.1168, 'eval_samples_per_second': 34.256, 'eval_steps_per_second': 8.564, 'epoch': 18.0, 'step': 18}
[2025/08/08 14:30:32] - {'loss': -57.2186, 'grad_norm': 27.03794288635254, 'learning_rate': 0.001, 'epoch': 19.0, 'step': 19}
[2025/08/08 14:30:32] - {'eval_loss': -58.272586822509766, 'eval_runtime': 0.1158, 'eval_samples_per_second': 34.552, 'eval_steps_per_second': 8.638, 'epoch': 19.0, 'step': 19}
[2025/08/08 14:30:32] - {'loss': -57.2186, 'grad_norm': 27.03794288635254, 'learning_rate': 0.001, 'epoch': 19.0, 'step': 19}
[2025/08/08 14:30:32] - {'eval_loss': -58.272586822509766, 'eval_runtime': 0.1155, 'eval_samples_per_second': 34.645, 'eval_steps_per_second': 8.661, 'epoch': 19.0, 'step': 19}
[2025/08/08 14:30:32] - {'loss': -57.6855, 'grad_norm': 27.36958885192871, 'learning_rate': 0.001, 'epoch': 20.0, 'step': 20}
[2025/08/08 14:30:32] - {'eval_loss': -58.272586822509766, 'eval_runtime': 0.1156, 'eval_samples_per_second': 34.615, 'eval_steps_per_second': 8.654, 'epoch': 19.0, 'step': 19}
[2025/08/08 14:30:32] - {'loss': -57.6855, 'grad_norm': 27.36958885192871, 'learning_rate': 0.001, 'epoch': 20.0, 'step': 20}
[2025/08/08 14:30:32] - {'eval_loss': -60.02587127685547, 'eval_runtime': 0.1156, 'eval_samples_per_second': 34.591, 'eval_steps_per_second': 8.648, 'epoch': 20.0, 'step': 20}
[2025/08/08 14:30:32] - {'loss': -57.6855, 'grad_norm': 27.36958885192871, 'learning_rate': 0.001, 'epoch': 20.0, 'step': 20}
[2025/08/08 14:30:32] - {'eval_loss': -60.02587127685547, 'eval_runtime': 0.1166, 'eval_samples_per_second': 34.308, 'eval_steps_per_second': 8.577, 'epoch': 20.0, 'step': 20}
[2025/08/08 14:30:32] - {'loss': -59.7915, 'grad_norm': 14.581279754638672, 'learning_rate': 0.001, 'epoch': 21.0, 'step': 21}
[2025/08/08 14:30:32] - {'eval_loss': -60.02587127685547, 'eval_runtime': 0.1162, 'eval_samples_per_second': 34.425, 'eval_steps_per_second': 8.606, 'epoch': 20.0, 'step': 20}
[2025/08/08 14:30:32] - {'loss': -59.7915, 'grad_norm': 14.581279754638672, 'learning_rate': 0.001, 'epoch': 21.0, 'step': 21}
[2025/08/08 14:30:32] - {'eval_loss': -61.8031120300293, 'eval_runtime': 0.1156, 'eval_samples_per_second': 34.601, 'eval_steps_per_second': 8.65, 'epoch': 21.0, 'step': 21}
[2025/08/08 14:30:32] - {'loss': -59.7915, 'grad_norm': 14.581279754638672, 'learning_rate': 0.001, 'epoch': 21.0, 'step': 21}
[2025/08/08 14:30:32] - {'eval_loss': -61.8031120300293, 'eval_runtime': 0.1156, 'eval_samples_per_second': 34.608, 'eval_steps_per_second': 8.652, 'epoch': 21.0, 'step': 21}
[2025/08/08 14:30:32] - {'loss': -61.4599, 'grad_norm': 13.065227508544922, 'learning_rate': 0.001, 'epoch': 22.0, 'step': 22}
[2025/08/08 14:30:32] - {'eval_loss': -61.8031120300293, 'eval_runtime': 0.1157, 'eval_samples_per_second': 34.581, 'eval_steps_per_second': 8.645, 'epoch': 21.0, 'step': 21}
[2025/08/08 14:30:32] - {'loss': -61.4599, 'grad_norm': 13.065227508544922, 'learning_rate': 0.001, 'epoch': 22.0, 'step': 22}
[2025/08/08 14:30:32] - {'eval_loss': -63.162384033203125, 'eval_runtime': 0.1158, 'eval_samples_per_second': 34.549, 'eval_steps_per_second': 8.637, 'epoch': 22.0, 'step': 22}
[2025/08/08 14:30:32] - {'loss': -61.4599, 'grad_norm': 13.065227508544922, 'learning_rate': 0.001, 'epoch': 22.0, 'step': 22}
[2025/08/08 14:30:32] - {'eval_loss': -63.162384033203125, 'eval_runtime': 0.1157, 'eval_samples_per_second': 34.575, 'eval_steps_per_second': 8.644, 'epoch': 22.0, 'step': 22}
[2025/08/08 14:30:32] - {'loss': -58.5592, 'grad_norm': 53.01859664916992, 'learning_rate': 0.001, 'epoch': 23.0, 'step': 23}
[2025/08/08 14:30:32] - {'eval_loss': -63.162384033203125, 'eval_runtime': 0.1158, 'eval_samples_per_second': 34.549, 'eval_steps_per_second': 8.637, 'epoch': 22.0, 'step': 22}
[2025/08/08 14:30:32] - {'loss': -58.5592, 'grad_norm': 53.01859664916992, 'learning_rate': 0.001, 'epoch': 23.0, 'step': 23}
[2025/08/08 14:30:32] - {'eval_loss': -63.075401306152344, 'eval_runtime': 0.134, 'eval_samples_per_second': 29.86, 'eval_steps_per_second': 7.465, 'epoch': 23.0, 'step': 23}
[2025/08/08 14:30:32] - {'loss': -58.5592, 'grad_norm': 53.01859664916992, 'learning_rate': 0.001, 'epoch': 23.0, 'step': 23}
[2025/08/08 14:30:32] - {'eval_loss': -63.075401306152344, 'eval_runtime': 0.1469, 'eval_samples_per_second': 27.234, 'eval_steps_per_second': 6.808, 'epoch': 23.0, 'step': 23}
[2025/08/08 14:30:32] - {'loss': -62.3983, 'grad_norm': 31.777103424072266, 'learning_rate': 0.001, 'epoch': 24.0, 'step': 24}
[2025/08/08 14:30:32] - {'eval_loss': -63.075401306152344, 'eval_runtime': 0.1553, 'eval_samples_per_second': 25.752, 'eval_steps_per_second': 6.438, 'epoch': 23.0, 'step': 23}
[2025/08/08 14:30:32] - {'loss': -62.3983, 'grad_norm': 31.777103424072266, 'learning_rate': 0.001, 'epoch': 24.0, 'step': 24}
[2025/08/08 14:30:32] - {'eval_loss': -65.0650634765625, 'eval_runtime': 0.1155, 'eval_samples_per_second': 34.637, 'eval_steps_per_second': 8.659, 'epoch': 24.0, 'step': 24}
[2025/08/08 14:30:32] - {'loss': -62.3983, 'grad_norm': 31.777103424072266, 'learning_rate': 0.001, 'epoch': 24.0, 'step': 24}
[2025/08/08 14:30:32] - {'eval_loss': -65.0650634765625, 'eval_runtime': 0.1157, 'eval_samples_per_second': 34.566, 'eval_steps_per_second': 8.641, 'epoch': 24.0, 'step': 24}
[2025/08/08 14:30:32] - {'loss': -64.0931, 'grad_norm': 15.908929824829102, 'learning_rate': 0.001, 'epoch': 25.0, 'step': 25}
[2025/08/08 14:30:32] - {'eval_loss': -65.0650634765625, 'eval_runtime': 0.1157, 'eval_samples_per_second': 34.566, 'eval_steps_per_second': 8.641, 'epoch': 24.0, 'step': 24}
[2025/08/08 14:30:32] - {'loss': -64.0931, 'grad_norm': 15.908929824829102, 'learning_rate': 0.001, 'epoch': 25.0, 'step': 25}
[2025/08/08 14:30:32] - {'eval_loss': -65.71363830566406, 'eval_runtime': 0.1154, 'eval_samples_per_second': 34.664, 'eval_steps_per_second': 8.666, 'epoch': 25.0, 'step': 25}
[2025/08/08 14:30:32] - {'loss': -64.0931, 'grad_norm': 15.908929824829102, 'learning_rate': 0.001, 'epoch': 25.0, 'step': 25}
[2025/08/08 14:30:32] - {'eval_loss': -65.71363830566406, 'eval_runtime': 0.1155, 'eval_samples_per_second': 34.636, 'eval_steps_per_second': 8.659, 'epoch': 25.0, 'step': 25}
[2025/08/08 14:30:32] - {'train_runtime': 39.8212, 'train_samples_per_second': 2.511, 'train_steps_per_second': 0.628, 'total_flos': 0.0, 'train_loss': -36.01319385127863, 'epoch': 25.0, 'step': 25}
[2025/08/08 14:30:32] - {'eval_loss': -65.71363830566406, 'eval_runtime': 0.1155, 'eval_samples_per_second': 34.635, 'eval_steps_per_second': 8.659, 'epoch': 25.0, 'step': 25}
[2025/08/08 14:30:32] - {'train_runtime': 39.9584, 'train_samples_per_second': 2.503, 'train_steps_per_second': 0.626, 'total_flos': 0.0, 'train_loss': -36.01319385127863, 'epoch': 25.0, 'step': 25}
[2025/08/08 14:30:32] - {'train_runtime': 39.8302, 'train_samples_per_second': 2.511, 'train_steps_per_second': 0.628, 'total_flos': 0.0, 'train_loss': -36.01319385127863, 'epoch': 25.0, 'step': 25}
[2025/08/08 14:30:32] - {'loss': 0.0004, 'grad_norm': 0.04821491613984108, 'learning_rate': 0.001, 'epoch': 1.0, 'step': 1}
[2025/08/08 14:30:32] - {'eval_loss': -0.4903120994567871, 'eval_runtime': 0.1246, 'eval_samples_per_second': 32.104, 'eval_steps_per_second': 8.026, 'epoch': 1.0, 'step': 1}
[2025/08/08 14:30:32] - {'loss': -0.4922, 'grad_norm': 1.1720279455184937, 'learning_rate': 0.001, 'epoch': 2.0, 'step': 2}
[2025/08/08 14:30:32] - {'eval_loss': -1.6979999542236328, 'eval_runtime': 0.5704, 'eval_samples_per_second': 7.012, 'eval_steps_per_second': 1.753, 'epoch': 2.0, 'step': 2}
[2025/08/08 14:30:32] - {'loss': -1.4611, 'grad_norm': 7.407679080963135, 'learning_rate': 0.001, 'epoch': 3.0, 'step': 3}
[2025/08/08 14:30:32] - {'eval_loss': -6.055415153503418, 'eval_runtime': 0.1152, 'eval_samples_per_second': 34.728, 'eval_steps_per_second': 8.682, 'epoch': 3.0, 'step': 3}
[2025/08/08 14:30:32] - {'loss': -5.2111, 'grad_norm': 37.36088180541992, 'learning_rate': 0.001, 'epoch': 4.0, 'step': 4}
[2025/08/08 14:30:32] - {'eval_loss': -9.007918357849121, 'eval_runtime': 0.1155, 'eval_samples_per_second': 34.62, 'eval_steps_per_second': 8.655, 'epoch': 4.0, 'step': 4}
[2025/08/08 14:30:32] - {'loss': -4.2312, 'grad_norm': 41.0916862487793, 'learning_rate': 0.001, 'epoch': 5.0, 'step': 5}
[2025/08/08 14:30:32] - {'eval_loss': -12.544590950012207, 'eval_runtime': 0.1152, 'eval_samples_per_second': 34.71, 'eval_steps_per_second': 8.678, 'epoch': 5.0, 'step': 5}
[2025/08/08 14:30:32] - {'loss': -5.7198, 'grad_norm': 80.1875, 'learning_rate': 0.001, 'epoch': 6.0, 'step': 6}
[2025/08/08 14:30:32] - {'eval_loss': -14.311627388000488, 'eval_runtime': 0.1156, 'eval_samples_per_second': 34.602, 'eval_steps_per_second': 8.651, 'epoch': 6.0, 'step': 6}
[2025/08/08 14:30:32] - {'loss': -9.6188, 'grad_norm': 126.01374053955078, 'learning_rate': 0.001, 'epoch': 7.0, 'step': 7}
[2025/08/08 14:30:32] - {'eval_loss': -27.99483299255371, 'eval_runtime': 0.1153, 'eval_samples_per_second': 34.698, 'eval_steps_per_second': 8.675, 'epoch': 7.0, 'step': 7}
[2025/08/08 14:30:32] - {'loss': -11.662, 'grad_norm': 101.41250610351562, 'learning_rate': 0.001, 'epoch': 8.0, 'step': 8}
[2025/08/08 14:30:32] - {'eval_loss': -29.349462509155273, 'eval_runtime': 0.2145, 'eval_samples_per_second': 18.648, 'eval_steps_per_second': 4.662, 'epoch': 8.0, 'step': 8}
[2025/08/08 14:30:32] - {'loss': -25.0689, 'grad_norm': 44.49325942993164, 'learning_rate': 0.001, 'epoch': 9.0, 'step': 9}
[2025/08/08 14:30:32] - {'eval_loss': -36.06993865966797, 'eval_runtime': 0.1156, 'eval_samples_per_second': 34.591, 'eval_steps_per_second': 8.648, 'epoch': 9.0, 'step': 9}
[2025/08/08 14:30:32] - {'loss': -32.9491, 'grad_norm': 43.741268157958984, 'learning_rate': 0.001, 'epoch': 10.0, 'step': 10}
[2025/08/08 14:30:32] - {'eval_loss': -39.84273910522461, 'eval_runtime': 0.1157, 'eval_samples_per_second': 34.578, 'eval_steps_per_second': 8.644, 'epoch': 10.0, 'step': 10}
[2025/08/08 14:30:32] - {'loss': -38.6717, 'grad_norm': 26.682188034057617, 'learning_rate': 0.001, 'epoch': 11.0, 'step': 11}
[2025/08/08 14:30:32] - {'eval_loss': -42.15339279174805, 'eval_runtime': 0.1153, 'eval_samples_per_second': 34.694, 'eval_steps_per_second': 8.673, 'epoch': 11.0, 'step': 11}
[2025/08/08 14:30:32] - {'loss': -40.9137, 'grad_norm': 60.78036880493164, 'learning_rate': 0.001, 'epoch': 12.0, 'step': 12}
[2025/08/08 14:30:32] - {'eval_loss': -46.63438415527344, 'eval_runtime': 0.1323, 'eval_samples_per_second': 30.242, 'eval_steps_per_second': 7.561, 'epoch': 12.0, 'step': 12}
[2025/08/08 14:30:32] - {'loss': -43.8527, 'grad_norm': 74.43356323242188, 'learning_rate': 0.001, 'epoch': 13.0, 'step': 13}
[2025/08/08 14:30:32] - {'eval_loss': -48.49824142456055, 'eval_runtime': 0.1153, 'eval_samples_per_second': 34.7, 'eval_steps_per_second': 8.675, 'epoch': 13.0, 'step': 13}
[2025/08/08 14:30:32] - {'loss': -47.2674, 'grad_norm': 24.261505126953125, 'learning_rate': 0.001, 'epoch': 14.0, 'step': 14}
[2025/08/08 14:30:32] - {'eval_loss': -51.0886116027832, 'eval_runtime': 0.2119, 'eval_samples_per_second': 18.874, 'eval_steps_per_second': 4.718, 'epoch': 14.0, 'step': 14}
[2025/08/08 14:30:32] - {'loss': -50.2754, 'grad_norm': 34.28361892700195, 'learning_rate': 0.001, 'epoch': 15.0, 'step': 15}
[2025/08/08 14:30:32] - {'eval_loss': -52.458465576171875, 'eval_runtime': 0.1154, 'eval_samples_per_second': 34.663, 'eval_steps_per_second': 8.666, 'epoch': 15.0, 'step': 15}
[2025/08/08 14:30:32] - {'loss': -51.8907, 'grad_norm': 26.330062866210938, 'learning_rate': 0.001, 'epoch': 16.0, 'step': 16}
[2025/08/08 14:30:32] - {'eval_loss': -54.93316650390625, 'eval_runtime': 0.1159, 'eval_samples_per_second': 34.509, 'eval_steps_per_second': 8.627, 'epoch': 16.0, 'step': 16}
[2025/08/08 14:30:32] - {'loss': -54.5718, 'grad_norm': 13.402435302734375, 'learning_rate': 0.001, 'epoch': 17.0, 'step': 17}
[2025/08/08 14:30:32] - {'eval_loss': -56.45404815673828, 'eval_runtime': 0.1153, 'eval_samples_per_second': 34.683, 'eval_steps_per_second': 8.671, 'epoch': 17.0, 'step': 17}
[2025/08/08 14:30:32] - {'loss': -55.2666, 'grad_norm': 28.51918601989746, 'learning_rate': 0.001, 'epoch': 18.0, 'step': 18}
[2025/08/08 14:30:32] - {'eval_loss': -57.747230529785156, 'eval_runtime': 0.5917, 'eval_samples_per_second': 6.76, 'eval_steps_per_second': 1.69, 'epoch': 18.0, 'step': 18}
[2025/08/08 14:30:32] - {'loss': -57.2186, 'grad_norm': 27.03794288635254, 'learning_rate': 0.001, 'epoch': 19.0, 'step': 19}
[2025/08/08 14:30:32] - {'eval_loss': -58.272586822509766, 'eval_runtime': 0.1153, 'eval_samples_per_second': 34.7, 'eval_steps_per_second': 8.675, 'epoch': 19.0, 'step': 19}
[2025/08/08 14:30:32] - {'loss': -57.6855, 'grad_norm': 27.36958885192871, 'learning_rate': 0.001, 'epoch': 20.0, 'step': 20}
[2025/08/08 14:30:32] - {'eval_loss': -60.02587127685547, 'eval_runtime': 0.2046, 'eval_samples_per_second': 19.554, 'eval_steps_per_second': 4.888, 'epoch': 20.0, 'step': 20}
[2025/08/08 14:30:32] - {'loss': -59.7915, 'grad_norm': 14.581279754638672, 'learning_rate': 0.001, 'epoch': 21.0, 'step': 21}
[2025/08/08 14:30:32] - {'eval_loss': -61.8031120300293, 'eval_runtime': 0.1154, 'eval_samples_per_second': 34.666, 'eval_steps_per_second': 8.666, 'epoch': 21.0, 'step': 21}
[2025/08/08 14:30:32] - {'loss': -61.4599, 'grad_norm': 13.065227508544922, 'learning_rate': 0.001, 'epoch': 22.0, 'step': 22}
[2025/08/08 14:30:32] - {'eval_loss': -63.162384033203125, 'eval_runtime': 0.1156, 'eval_samples_per_second': 34.601, 'eval_steps_per_second': 8.65, 'epoch': 22.0, 'step': 22}
[2025/08/08 14:30:32] - {'loss': -58.5592, 'grad_norm': 53.01859664916992, 'learning_rate': 0.001, 'epoch': 23.0, 'step': 23}
[2025/08/08 14:30:32] - {'eval_loss': -63.075401306152344, 'eval_runtime': 0.1464, 'eval_samples_per_second': 27.319, 'eval_steps_per_second': 6.83, 'epoch': 23.0, 'step': 23}
[2025/08/08 14:30:32] - {'loss': -62.3983, 'grad_norm': 31.777103424072266, 'learning_rate': 0.001, 'epoch': 24.0, 'step': 24}
[2025/08/08 14:30:32] - {'eval_loss': -65.0650634765625, 'eval_runtime': 0.3185, 'eval_samples_per_second': 12.558, 'eval_steps_per_second': 3.139, 'epoch': 24.0, 'step': 24}
[2025/08/08 14:30:32] - {'loss': -64.0931, 'grad_norm': 15.908929824829102, 'learning_rate': 0.001, 'epoch': 25.0, 'step': 25}
[2025/08/08 14:30:32] - {'eval_loss': -65.71363830566406, 'eval_runtime': 0.1152, 'eval_samples_per_second': 34.724, 'eval_steps_per_second': 8.681, 'epoch': 25.0, 'step': 25}
[2025/08/08 14:30:32] - {'train_runtime': 40.5849, 'train_samples_per_second': 2.464, 'train_steps_per_second': 0.616, 'total_flos': 0.0, 'train_loss': -36.01319385127863, 'epoch': 25.0, 'step': 25}
