[2025/08/08 17:20:33] - Detected kernel version 4.18.0, which is below the recommended minimum of 5.5.0; this can cause the process to hang. It is recommended to upgrade the kernel to the minimum version or higher.
[2025/08/08 17:20:33] - Using 4 GPUs
[2025/08/08 17:20:33] - Starting new HTTPS connection (1): huggingface.co:443
[2025/08/08 17:20:33] - Using 4 GPUs
[2025/08/08 17:20:33] - Starting new HTTPS connection (1): huggingface.co:443
[2025/08/08 17:20:33] - Using 4 GPUs
[2025/08/08 17:20:33] - Starting new HTTPS connection (1): huggingface.co:443
[2025/08/08 17:20:33] - Using 4 GPUs
[2025/08/08 17:20:33] - Starting new HTTPS connection (1): huggingface.co:443
[2025/08/08 17:21:13] - Starting new HTTPS connection (2): huggingface.co:443
[2025/08/08 17:21:13] - Starting new HTTPS connection (2): huggingface.co:443
[2025/08/08 17:21:13] - Starting new HTTPS connection (2): huggingface.co:443
[2025/08/08 17:21:13] - Starting new HTTPS connection (2): huggingface.co:443
[2025/08/08 17:22:41] - Starting new HTTPS connection (3): huggingface.co:443
[2025/08/08 17:22:41] - Starting new HTTPS connection (3): huggingface.co:443
[2025/08/08 17:22:41] - Starting new HTTPS connection (3): huggingface.co:443
[2025/08/08 17:22:41] - Starting new HTTPS connection (3): huggingface.co:443
[2025/08/08 17:23:21] - Loading bitsandbytes native library from: /home/hsc/ENV-3.10/lib/python3.10/site-packages/bitsandbytes/libbitsandbytes_cuda122.so
[2025/08/08 17:23:21] - Loading bitsandbytes native library from: /home/hsc/ENV-3.10/lib/python3.10/site-packages/bitsandbytes/libbitsandbytes_cuda122.so
[2025/08/08 17:23:21] - Loading bitsandbytes native library from: /home/hsc/ENV-3.10/lib/python3.10/site-packages/bitsandbytes/libbitsandbytes_cuda122.so
[2025/08/08 17:23:21] - Loading bitsandbytes native library from: /home/hsc/ENV-3.10/lib/python3.10/site-packages/bitsandbytes/libbitsandbytes_cuda122.so
[2025/08/08 17:23:35] - Detected kernel version 4.18.0, which is below the recommended minimum of 5.5.0; this can cause the process to hang. It is recommended to upgrade the kernel to the minimum version or higher.
[2025/08/08 17:24:26] - {'loss': 13.8631, 'grad_norm': 55.335609436035156, 'learning_rate': 0.001, 'epoch': 1.0, 'step': 1}
[2025/08/08 17:24:26] - {'loss': 13.8631, 'grad_norm': 55.335609436035156, 'learning_rate': 0.001, 'epoch': 1.0, 'step': 1}
[2025/08/08 17:24:26] - {'loss': 13.8631, 'grad_norm': 55.335609436035156, 'learning_rate': 0.001, 'epoch': 1.0, 'step': 1}
[2025/08/08 17:24:26] - {'eval_loss': -0.009493828751146793, 'eval_runtime': 0.1406, 'eval_samples_per_second': 28.454, 'eval_steps_per_second': 7.114, 'epoch': 1.0, 'step': 1}
[2025/08/08 17:24:26] - {'eval_loss': -0.009493828751146793, 'eval_runtime': 0.1406, 'eval_samples_per_second': 28.455, 'eval_steps_per_second': 7.114, 'epoch': 1.0, 'step': 1}
[2025/08/08 17:24:26] - {'eval_loss': -0.009493828751146793, 'eval_runtime': 0.1406, 'eval_samples_per_second': 28.454, 'eval_steps_per_second': 7.113, 'epoch': 1.0, 'step': 1}
[2025/08/08 17:24:26] - {'loss': 1.116, 'grad_norm': 3.6763503551483154, 'learning_rate': 0.001, 'epoch': 2.0, 'step': 2}
[2025/08/08 17:24:26] - {'loss': 1.116, 'grad_norm': 3.6763503551483154, 'learning_rate': 0.001, 'epoch': 2.0, 'step': 2}
[2025/08/08 17:24:26] - {'loss': 1.116, 'grad_norm': 3.6763503551483154, 'learning_rate': 0.001, 'epoch': 2.0, 'step': 2}
[2025/08/08 17:24:26] - {'eval_loss': -0.5590710043907166, 'eval_runtime': 0.1325, 'eval_samples_per_second': 30.196, 'eval_steps_per_second': 7.549, 'epoch': 2.0, 'step': 2}
[2025/08/08 17:24:26] - {'eval_loss': -0.5590710043907166, 'eval_runtime': 0.1327, 'eval_samples_per_second': 30.135, 'eval_steps_per_second': 7.534, 'epoch': 2.0, 'step': 2}
[2025/08/08 17:24:26] - {'eval_loss': -0.5590710043907166, 'eval_runtime': 0.1327, 'eval_samples_per_second': 30.137, 'eval_steps_per_second': 7.534, 'epoch': 2.0, 'step': 2}
[2025/08/08 17:24:26] - {'loss': 0.619, 'grad_norm': 5.360845565795898, 'learning_rate': 0.001, 'epoch': 3.0, 'step': 3}
[2025/08/08 17:24:26] - {'loss': 0.619, 'grad_norm': 5.360845565795898, 'learning_rate': 0.001, 'epoch': 3.0, 'step': 3}
[2025/08/08 17:24:26] - {'loss': 0.619, 'grad_norm': 5.360845565795898, 'learning_rate': 0.001, 'epoch': 3.0, 'step': 3}
[2025/08/08 17:24:26] - {'eval_loss': -1.3799755573272705, 'eval_runtime': 0.1322, 'eval_samples_per_second': 30.246, 'eval_steps_per_second': 7.562, 'epoch': 3.0, 'step': 3}
[2025/08/08 17:24:26] - {'eval_loss': -1.3799755573272705, 'eval_runtime': 0.1323, 'eval_samples_per_second': 30.244, 'eval_steps_per_second': 7.561, 'epoch': 3.0, 'step': 3}
[2025/08/08 17:24:26] - {'eval_loss': -1.3799755573272705, 'eval_runtime': 0.1322, 'eval_samples_per_second': 30.248, 'eval_steps_per_second': 7.562, 'epoch': 3.0, 'step': 3}
[2025/08/08 17:24:26] - {'loss': 0.1271, 'grad_norm': 1.0046310424804688, 'learning_rate': 0.001, 'epoch': 4.0, 'step': 4}
[2025/08/08 17:24:26] - {'loss': 0.1271, 'grad_norm': 1.0046310424804688, 'learning_rate': 0.001, 'epoch': 4.0, 'step': 4}
[2025/08/08 17:24:26] - {'loss': 0.1271, 'grad_norm': 1.0046310424804688, 'learning_rate': 0.001, 'epoch': 4.0, 'step': 4}
[2025/08/08 17:24:26] - {'eval_loss': -2.3289525508880615, 'eval_runtime': 0.1331, 'eval_samples_per_second': 30.05, 'eval_steps_per_second': 7.513, 'epoch': 4.0, 'step': 4}
[2025/08/08 17:24:26] - {'eval_loss': -2.3289525508880615, 'eval_runtime': 0.133, 'eval_samples_per_second': 30.074, 'eval_steps_per_second': 7.519, 'epoch': 4.0, 'step': 4}
[2025/08/08 17:24:26] - {'eval_loss': -2.3289525508880615, 'eval_runtime': 0.3202, 'eval_samples_per_second': 12.491, 'eval_steps_per_second': 3.123, 'epoch': 4.0, 'step': 4}
[2025/08/08 17:24:26] - {'loss': 0.0353, 'grad_norm': 0.31131425499916077, 'learning_rate': 0.001, 'epoch': 5.0, 'step': 5}
[2025/08/08 17:24:26] - {'loss': 0.0353, 'grad_norm': 0.31131425499916077, 'learning_rate': 0.001, 'epoch': 5.0, 'step': 5}
[2025/08/08 17:24:26] - {'loss': 0.0353, 'grad_norm': 0.31131425499916077, 'learning_rate': 0.001, 'epoch': 5.0, 'step': 5}
[2025/08/08 17:24:26] - {'eval_loss': -3.104421377182007, 'eval_runtime': 0.134, 'eval_samples_per_second': 29.857, 'eval_steps_per_second': 7.464, 'epoch': 5.0, 'step': 5}
[2025/08/08 17:24:26] - {'eval_loss': -3.104421377182007, 'eval_runtime': 0.1341, 'eval_samples_per_second': 29.835, 'eval_steps_per_second': 7.459, 'epoch': 5.0, 'step': 5}
[2025/08/08 17:24:26] - {'eval_loss': -3.104421377182007, 'eval_runtime': 0.1341, 'eval_samples_per_second': 29.839, 'eval_steps_per_second': 7.46, 'epoch': 5.0, 'step': 5}
[2025/08/08 17:24:26] - {'loss': 0.2066, 'grad_norm': 2.7363462448120117, 'learning_rate': 0.001, 'epoch': 6.0, 'step': 6}
[2025/08/08 17:24:26] - {'loss': 0.2066, 'grad_norm': 2.7363462448120117, 'learning_rate': 0.001, 'epoch': 6.0, 'step': 6}
[2025/08/08 17:24:26] - {'loss': 0.2066, 'grad_norm': 2.7363462448120117, 'learning_rate': 0.001, 'epoch': 6.0, 'step': 6}
[2025/08/08 17:24:26] - {'eval_loss': -3.3286237716674805, 'eval_runtime': 0.1328, 'eval_samples_per_second': 30.126, 'eval_steps_per_second': 7.532, 'epoch': 6.0, 'step': 6}
[2025/08/08 17:24:26] - {'eval_loss': -3.3286237716674805, 'eval_runtime': 0.1327, 'eval_samples_per_second': 30.145, 'eval_steps_per_second': 7.536, 'epoch': 6.0, 'step': 6}
[2025/08/08 17:24:26] - {'eval_loss': -3.3286237716674805, 'eval_runtime': 0.1328, 'eval_samples_per_second': 30.127, 'eval_steps_per_second': 7.532, 'epoch': 6.0, 'step': 6}
[2025/08/08 17:24:26] - {'loss': 0.0008, 'grad_norm': 0.007127129472792149, 'learning_rate': 0.001, 'epoch': 7.0, 'step': 7}
[2025/08/08 17:24:26] - {'loss': 0.0008, 'grad_norm': 0.007127129472792149, 'learning_rate': 0.001, 'epoch': 7.0, 'step': 7}
[2025/08/08 17:24:26] - {'loss': 0.0008, 'grad_norm': 0.007127129472792149, 'learning_rate': 0.001, 'epoch': 7.0, 'step': 7}
[2025/08/08 17:24:26] - {'eval_loss': -3.5381414890289307, 'eval_runtime': 0.1329, 'eval_samples_per_second': 30.09, 'eval_steps_per_second': 7.523, 'epoch': 7.0, 'step': 7}
[2025/08/08 17:24:26] - {'eval_loss': -3.5381414890289307, 'eval_runtime': 0.1328, 'eval_samples_per_second': 30.13, 'eval_steps_per_second': 7.532, 'epoch': 7.0, 'step': 7}
[2025/08/08 17:24:26] - {'eval_loss': -3.5381414890289307, 'eval_runtime': 0.1329, 'eval_samples_per_second': 30.104, 'eval_steps_per_second': 7.526, 'epoch': 7.0, 'step': 7}
[2025/08/08 17:24:26] - {'loss': 0.2981, 'grad_norm': 2.359670639038086, 'learning_rate': 0.001, 'epoch': 8.0, 'step': 8}
[2025/08/08 17:24:26] - {'loss': 0.2981, 'grad_norm': 2.359670639038086, 'learning_rate': 0.001, 'epoch': 8.0, 'step': 8}
[2025/08/08 17:24:26] - {'loss': 0.2981, 'grad_norm': 2.359670639038086, 'learning_rate': 0.001, 'epoch': 8.0, 'step': 8}
[2025/08/08 17:24:26] - {'eval_loss': -3.478937864303589, 'eval_runtime': 0.1333, 'eval_samples_per_second': 30.011, 'eval_steps_per_second': 7.503, 'epoch': 8.0, 'step': 8}
[2025/08/08 17:24:26] - {'eval_loss': -3.478937864303589, 'eval_runtime': 0.1332, 'eval_samples_per_second': 30.034, 'eval_steps_per_second': 7.508, 'epoch': 8.0, 'step': 8}
[2025/08/08 17:24:26] - {'eval_loss': -3.478937864303589, 'eval_runtime': 0.1333, 'eval_samples_per_second': 30.012, 'eval_steps_per_second': 7.503, 'epoch': 8.0, 'step': 8}
[2025/08/08 17:24:26] - {'loss': 0.1521, 'grad_norm': 0.6895387768745422, 'learning_rate': 0.001, 'epoch': 9.0, 'step': 9}
[2025/08/08 17:24:26] - {'loss': 0.1521, 'grad_norm': 0.6895387768745422, 'learning_rate': 0.001, 'epoch': 9.0, 'step': 9}
[2025/08/08 17:24:26] - {'loss': 0.1521, 'grad_norm': 0.6895387768745422, 'learning_rate': 0.001, 'epoch': 9.0, 'step': 9}
[2025/08/08 17:24:26] - {'eval_loss': -3.3510665893554688, 'eval_runtime': 0.1322, 'eval_samples_per_second': 30.249, 'eval_steps_per_second': 7.562, 'epoch': 9.0, 'step': 9}
[2025/08/08 17:24:26] - {'eval_loss': -3.3510665893554688, 'eval_runtime': 0.1324, 'eval_samples_per_second': 30.208, 'eval_steps_per_second': 7.552, 'epoch': 9.0, 'step': 9}
[2025/08/08 17:24:26] - {'eval_loss': -3.3510665893554688, 'eval_runtime': 0.1324, 'eval_samples_per_second': 30.205, 'eval_steps_per_second': 7.551, 'epoch': 9.0, 'step': 9}
[2025/08/08 17:24:26] - {'loss': 0.1481, 'grad_norm': 4.190631866455078, 'learning_rate': 0.001, 'epoch': 10.0, 'step': 10}
[2025/08/08 17:24:26] - {'loss': 0.1481, 'grad_norm': 4.190631866455078, 'learning_rate': 0.001, 'epoch': 10.0, 'step': 10}
[2025/08/08 17:24:26] - {'loss': 0.1481, 'grad_norm': 4.190631866455078, 'learning_rate': 0.001, 'epoch': 10.0, 'step': 10}
[2025/08/08 17:24:26] - {'eval_loss': -3.3859400749206543, 'eval_runtime': 0.1331, 'eval_samples_per_second': 30.062, 'eval_steps_per_second': 7.516, 'epoch': 10.0, 'step': 10}
[2025/08/08 17:24:26] - {'eval_loss': -3.3859400749206543, 'eval_runtime': 0.1332, 'eval_samples_per_second': 30.031, 'eval_steps_per_second': 7.508, 'epoch': 10.0, 'step': 10}
[2025/08/08 17:24:26] - {'eval_loss': -3.3859400749206543, 'eval_runtime': 0.2838, 'eval_samples_per_second': 14.094, 'eval_steps_per_second': 3.523, 'epoch': 10.0, 'step': 10}
[2025/08/08 17:24:26] - {'loss': 0.002, 'grad_norm': 0.026601344347000122, 'learning_rate': 0.001, 'epoch': 11.0, 'step': 11}
[2025/08/08 17:24:26] - {'loss': 0.002, 'grad_norm': 0.026601344347000122, 'learning_rate': 0.001, 'epoch': 11.0, 'step': 11}
[2025/08/08 17:24:26] - {'loss': 0.002, 'grad_norm': 0.026601344347000122, 'learning_rate': 0.001, 'epoch': 11.0, 'step': 11}
[2025/08/08 17:24:26] - {'eval_loss': -3.49794602394104, 'eval_runtime': 0.1325, 'eval_samples_per_second': 30.193, 'eval_steps_per_second': 7.548, 'epoch': 11.0, 'step': 11}
[2025/08/08 17:24:26] - {'eval_loss': -3.49794602394104, 'eval_runtime': 0.1324, 'eval_samples_per_second': 30.215, 'eval_steps_per_second': 7.554, 'epoch': 11.0, 'step': 11}
[2025/08/08 17:24:26] - {'eval_loss': -3.49794602394104, 'eval_runtime': 0.1325, 'eval_samples_per_second': 30.194, 'eval_steps_per_second': 7.548, 'epoch': 11.0, 'step': 11}
[2025/08/08 17:24:26] - {'loss': 0.0014, 'grad_norm': 0.019973278045654297, 'learning_rate': 0.001, 'epoch': 12.0, 'step': 12}
[2025/08/08 17:24:26] - {'loss': 0.0014, 'grad_norm': 0.019973278045654297, 'learning_rate': 0.001, 'epoch': 12.0, 'step': 12}
[2025/08/08 17:24:26] - {'loss': 0.0014, 'grad_norm': 0.019973278045654297, 'learning_rate': 0.001, 'epoch': 12.0, 'step': 12}
[2025/08/08 17:24:26] - {'eval_loss': -3.7038681507110596, 'eval_runtime': 0.1329, 'eval_samples_per_second': 30.09, 'eval_steps_per_second': 7.522, 'epoch': 12.0, 'step': 12}
[2025/08/08 17:24:26] - {'eval_loss': -3.7038681507110596, 'eval_runtime': 0.1329, 'eval_samples_per_second': 30.103, 'eval_steps_per_second': 7.526, 'epoch': 12.0, 'step': 12}
[2025/08/08 17:24:26] - {'eval_loss': -3.7038681507110596, 'eval_runtime': 0.1329, 'eval_samples_per_second': 30.106, 'eval_steps_per_second': 7.526, 'epoch': 12.0, 'step': 12}
[2025/08/08 17:24:26] - {'loss': 0.0402, 'grad_norm': 1.8182042837142944, 'learning_rate': 0.001, 'epoch': 13.0, 'step': 13}
[2025/08/08 17:24:26] - {'loss': 0.0402, 'grad_norm': 1.8182042837142944, 'learning_rate': 0.001, 'epoch': 13.0, 'step': 13}
[2025/08/08 17:24:26] - {'loss': 0.0402, 'grad_norm': 1.8182042837142944, 'learning_rate': 0.001, 'epoch': 13.0, 'step': 13}
[2025/08/08 17:24:26] - {'eval_loss': -3.933124303817749, 'eval_runtime': 0.1322, 'eval_samples_per_second': 30.26, 'eval_steps_per_second': 7.565, 'epoch': 13.0, 'step': 13}
[2025/08/08 17:24:26] - {'eval_loss': -3.933124303817749, 'eval_runtime': 0.1322, 'eval_samples_per_second': 30.253, 'eval_steps_per_second': 7.563, 'epoch': 13.0, 'step': 13}
[2025/08/08 17:24:26] - {'eval_loss': -3.933124303817749, 'eval_runtime': 0.1322, 'eval_samples_per_second': 30.259, 'eval_steps_per_second': 7.565, 'epoch': 13.0, 'step': 13}
[2025/08/08 17:24:26] - {'loss': 0.0081, 'grad_norm': 0.4021764397621155, 'learning_rate': 0.001, 'epoch': 14.0, 'step': 14}
[2025/08/08 17:24:26] - {'loss': 0.0081, 'grad_norm': 0.4021764397621155, 'learning_rate': 0.001, 'epoch': 14.0, 'step': 14}
[2025/08/08 17:24:26] - {'loss': 0.0081, 'grad_norm': 0.4021764397621155, 'learning_rate': 0.001, 'epoch': 14.0, 'step': 14}
[2025/08/08 17:24:26] - {'eval_loss': -4.158504486083984, 'eval_runtime': 0.133, 'eval_samples_per_second': 30.077, 'eval_steps_per_second': 7.519, 'epoch': 14.0, 'step': 14}
[2025/08/08 17:24:26] - {'eval_loss': -4.158504486083984, 'eval_runtime': 0.133, 'eval_samples_per_second': 30.067, 'eval_steps_per_second': 7.517, 'epoch': 14.0, 'step': 14}
[2025/08/08 17:24:26] - {'eval_loss': -4.158504486083984, 'eval_runtime': 0.133, 'eval_samples_per_second': 30.067, 'eval_steps_per_second': 7.517, 'epoch': 14.0, 'step': 14}
[2025/08/08 17:24:26] - {'loss': 0.0078, 'grad_norm': 0.35981661081314087, 'learning_rate': 0.001, 'epoch': 15.0, 'step': 15}
[2025/08/08 17:24:26] - {'loss': 0.0078, 'grad_norm': 0.35981661081314087, 'learning_rate': 0.001, 'epoch': 15.0, 'step': 15}
[2025/08/08 17:24:26] - {'loss': 0.0078, 'grad_norm': 0.35981661081314087, 'learning_rate': 0.001, 'epoch': 15.0, 'step': 15}
[2025/08/08 17:24:26] - {'eval_loss': -4.346923828125, 'eval_runtime': 0.1327, 'eval_samples_per_second': 30.15, 'eval_steps_per_second': 7.538, 'epoch': 15.0, 'step': 15}
[2025/08/08 17:24:26] - {'eval_loss': -4.346923828125, 'eval_runtime': 0.1325, 'eval_samples_per_second': 30.193, 'eval_steps_per_second': 7.548, 'epoch': 15.0, 'step': 15}
[2025/08/08 17:24:26] - {'eval_loss': -4.346923828125, 'eval_runtime': 0.1327, 'eval_samples_per_second': 30.148, 'eval_steps_per_second': 7.537, 'epoch': 15.0, 'step': 15}
[2025/08/08 17:24:26] - {'loss': 0.0015, 'grad_norm': 0.12711967527866364, 'learning_rate': 0.001, 'epoch': 16.0, 'step': 16}
[2025/08/08 17:24:26] - {'loss': 0.0015, 'grad_norm': 0.12711967527866364, 'learning_rate': 0.001, 'epoch': 16.0, 'step': 16}
[2025/08/08 17:24:26] - {'loss': 0.0015, 'grad_norm': 0.12711967527866364, 'learning_rate': 0.001, 'epoch': 16.0, 'step': 16}
[2025/08/08 17:24:26] - {'eval_loss': -4.469841003417969, 'eval_runtime': 0.1325, 'eval_samples_per_second': 30.19, 'eval_steps_per_second': 7.547, 'epoch': 16.0, 'step': 16}
[2025/08/08 17:24:26] - {'eval_loss': -4.469841003417969, 'eval_runtime': 0.1326, 'eval_samples_per_second': 30.167, 'eval_steps_per_second': 7.542, 'epoch': 16.0, 'step': 16}
[2025/08/08 17:24:26] - {'eval_loss': -4.469841003417969, 'eval_runtime': 0.1326, 'eval_samples_per_second': 30.167, 'eval_steps_per_second': 7.542, 'epoch': 16.0, 'step': 16}
[2025/08/08 17:24:26] - {'loss': 0.0005, 'grad_norm': 0.025182822719216347, 'learning_rate': 0.001, 'epoch': 17.0, 'step': 17}
[2025/08/08 17:24:26] - {'loss': 0.0005, 'grad_norm': 0.025182822719216347, 'learning_rate': 0.001, 'epoch': 17.0, 'step': 17}
[2025/08/08 17:24:26] - {'loss': 0.0005, 'grad_norm': 0.025182822719216347, 'learning_rate': 0.001, 'epoch': 17.0, 'step': 17}
[2025/08/08 17:24:26] - {'eval_loss': -4.567410469055176, 'eval_runtime': 0.1324, 'eval_samples_per_second': 30.21, 'eval_steps_per_second': 7.552, 'epoch': 17.0, 'step': 17}
[2025/08/08 17:24:26] - {'eval_loss': -4.567410469055176, 'eval_runtime': 0.1324, 'eval_samples_per_second': 30.213, 'eval_steps_per_second': 7.553, 'epoch': 17.0, 'step': 17}
[2025/08/08 17:24:26] - {'eval_loss': -4.567410469055176, 'eval_runtime': 0.1323, 'eval_samples_per_second': 30.242, 'eval_steps_per_second': 7.561, 'epoch': 17.0, 'step': 17}
[2025/08/08 17:24:26] - {'loss': 0.0098, 'grad_norm': 1.2057658433914185, 'learning_rate': 0.001, 'epoch': 18.0, 'step': 18}
[2025/08/08 17:24:26] - {'loss': 0.0098, 'grad_norm': 1.2057658433914185, 'learning_rate': 0.001, 'epoch': 18.0, 'step': 18}
[2025/08/08 17:24:26] - {'loss': 0.0098, 'grad_norm': 1.2057658433914185, 'learning_rate': 0.001, 'epoch': 18.0, 'step': 18}
[2025/08/08 17:24:26] - {'eval_loss': -4.674697399139404, 'eval_runtime': 0.1327, 'eval_samples_per_second': 30.138, 'eval_steps_per_second': 7.534, 'epoch': 18.0, 'step': 18}
[2025/08/08 17:24:26] - {'eval_loss': -4.674697399139404, 'eval_runtime': 0.1328, 'eval_samples_per_second': 30.118, 'eval_steps_per_second': 7.53, 'epoch': 18.0, 'step': 18}
[2025/08/08 17:24:26] - {'eval_loss': -4.674697399139404, 'eval_runtime': 0.1328, 'eval_samples_per_second': 30.119, 'eval_steps_per_second': 7.53, 'epoch': 18.0, 'step': 18}
[2025/08/08 17:24:26] - {'loss': 0.001, 'grad_norm': 0.10416346043348312, 'learning_rate': 0.001, 'epoch': 19.0, 'step': 19}
[2025/08/08 17:24:26] - {'loss': 0.001, 'grad_norm': 0.10416346043348312, 'learning_rate': 0.001, 'epoch': 19.0, 'step': 19}
[2025/08/08 17:24:26] - {'loss': 0.001, 'grad_norm': 0.10416346043348312, 'learning_rate': 0.001, 'epoch': 19.0, 'step': 19}
[2025/08/08 17:24:26] - {'eval_loss': -4.712124347686768, 'eval_runtime': 0.1334, 'eval_samples_per_second': 29.99, 'eval_steps_per_second': 7.497, 'epoch': 19.0, 'step': 19}
[2025/08/08 17:24:26] - {'eval_loss': -4.712124347686768, 'eval_runtime': 0.1333, 'eval_samples_per_second': 30.008, 'eval_steps_per_second': 7.502, 'epoch': 19.0, 'step': 19}
[2025/08/08 17:24:26] - {'eval_loss': -4.712124347686768, 'eval_runtime': 0.1334, 'eval_samples_per_second': 29.993, 'eval_steps_per_second': 7.498, 'epoch': 19.0, 'step': 19}
[2025/08/08 17:24:26] - {'loss': 0.0002, 'grad_norm': 0.005818719509989023, 'learning_rate': 0.001, 'epoch': 20.0, 'step': 20}
[2025/08/08 17:24:26] - {'loss': 0.0002, 'grad_norm': 0.005818719509989023, 'learning_rate': 0.001, 'epoch': 20.0, 'step': 20}
[2025/08/08 17:24:26] - {'loss': 0.0002, 'grad_norm': 0.005818719509989023, 'learning_rate': 0.001, 'epoch': 20.0, 'step': 20}
[2025/08/08 17:24:26] - {'eval_loss': -4.75938081741333, 'eval_runtime': 0.1327, 'eval_samples_per_second': 30.133, 'eval_steps_per_second': 7.533, 'epoch': 20.0, 'step': 20}
[2025/08/08 17:24:26] - {'eval_loss': -4.75938081741333, 'eval_runtime': 0.1328, 'eval_samples_per_second': 30.124, 'eval_steps_per_second': 7.531, 'epoch': 20.0, 'step': 20}
[2025/08/08 17:24:26] - {'eval_loss': -4.75938081741333, 'eval_runtime': 0.1325, 'eval_samples_per_second': 30.179, 'eval_steps_per_second': 7.545, 'epoch': 20.0, 'step': 20}
[2025/08/08 17:24:26] - {'loss': 0.0003, 'grad_norm': 0.015134412795305252, 'learning_rate': 0.001, 'epoch': 21.0, 'step': 21}
[2025/08/08 17:24:26] - {'loss': 0.0003, 'grad_norm': 0.015134412795305252, 'learning_rate': 0.001, 'epoch': 21.0, 'step': 21}
[2025/08/08 17:24:26] - {'loss': 0.0003, 'grad_norm': 0.015134412795305252, 'learning_rate': 0.001, 'epoch': 21.0, 'step': 21}
[2025/08/08 17:24:26] - {'eval_loss': -4.815910816192627, 'eval_runtime': 0.1322, 'eval_samples_per_second': 30.251, 'eval_steps_per_second': 7.563, 'epoch': 21.0, 'step': 21}
[2025/08/08 17:24:26] - {'eval_loss': -4.815910816192627, 'eval_runtime': 0.1323, 'eval_samples_per_second': 30.232, 'eval_steps_per_second': 7.558, 'epoch': 21.0, 'step': 21}
[2025/08/08 17:24:26] - {'eval_loss': -4.815910816192627, 'eval_runtime': 0.1323, 'eval_samples_per_second': 30.238, 'eval_steps_per_second': 7.56, 'epoch': 21.0, 'step': 21}
[2025/08/08 17:24:26] - {'loss': 0.0096, 'grad_norm': 1.044387936592102, 'learning_rate': 0.001, 'epoch': 22.0, 'step': 22}
[2025/08/08 17:24:26] - {'loss': 0.0096, 'grad_norm': 1.044387936592102, 'learning_rate': 0.001, 'epoch': 22.0, 'step': 22}
[2025/08/08 17:24:26] - {'loss': 0.0096, 'grad_norm': 1.044387936592102, 'learning_rate': 0.001, 'epoch': 22.0, 'step': 22}
[2025/08/08 17:24:26] - {'eval_loss': -4.867668628692627, 'eval_runtime': 0.1331, 'eval_samples_per_second': 30.064, 'eval_steps_per_second': 7.516, 'epoch': 22.0, 'step': 22}
[2025/08/08 17:24:26] - {'eval_loss': -4.867668628692627, 'eval_runtime': 0.1331, 'eval_samples_per_second': 30.061, 'eval_steps_per_second': 7.515, 'epoch': 22.0, 'step': 22}
[2025/08/08 17:24:26] - {'eval_loss': -4.867668628692627, 'eval_runtime': 0.1334, 'eval_samples_per_second': 29.992, 'eval_steps_per_second': 7.498, 'epoch': 22.0, 'step': 22}
[2025/08/08 17:24:26] - {'loss': 0.0069, 'grad_norm': 0.7120465040206909, 'learning_rate': 0.001, 'epoch': 23.0, 'step': 23}
[2025/08/08 17:24:26] - {'loss': 0.0069, 'grad_norm': 0.7120465040206909, 'learning_rate': 0.001, 'epoch': 23.0, 'step': 23}
[2025/08/08 17:24:26] - {'loss': 0.0069, 'grad_norm': 0.7120465040206909, 'learning_rate': 0.001, 'epoch': 23.0, 'step': 23}
[2025/08/08 17:24:26] - {'eval_loss': -5.095314979553223, 'eval_runtime': 0.1323, 'eval_samples_per_second': 30.239, 'eval_steps_per_second': 7.56, 'epoch': 23.0, 'step': 23}
[2025/08/08 17:24:26] - {'eval_loss': -5.095314979553223, 'eval_runtime': 0.1322, 'eval_samples_per_second': 30.258, 'eval_steps_per_second': 7.565, 'epoch': 23.0, 'step': 23}
[2025/08/08 17:24:26] - {'eval_loss': -5.095314979553223, 'eval_runtime': 0.1322, 'eval_samples_per_second': 30.247, 'eval_steps_per_second': 7.562, 'epoch': 23.0, 'step': 23}
[2025/08/08 17:24:26] - {'loss': 0.0223, 'grad_norm': 3.573554039001465, 'learning_rate': 0.001, 'epoch': 24.0, 'step': 24}
[2025/08/08 17:24:26] - {'loss': 0.0223, 'grad_norm': 3.573554039001465, 'learning_rate': 0.001, 'epoch': 24.0, 'step': 24}
[2025/08/08 17:24:26] - {'loss': 0.0223, 'grad_norm': 3.573554039001465, 'learning_rate': 0.001, 'epoch': 24.0, 'step': 24}
[2025/08/08 17:24:26] - {'eval_loss': -5.487456321716309, 'eval_runtime': 0.1325, 'eval_samples_per_second': 30.183, 'eval_steps_per_second': 7.546, 'epoch': 24.0, 'step': 24}
[2025/08/08 17:24:26] - {'eval_loss': -5.487456321716309, 'eval_runtime': 0.1327, 'eval_samples_per_second': 30.139, 'eval_steps_per_second': 7.535, 'epoch': 24.0, 'step': 24}
[2025/08/08 17:24:26] - {'eval_loss': -5.487456321716309, 'eval_runtime': 0.1327, 'eval_samples_per_second': 30.14, 'eval_steps_per_second': 7.535, 'epoch': 24.0, 'step': 24}
[2025/08/08 17:24:26] - {'loss': 0.892, 'grad_norm': 6.812995433807373, 'learning_rate': 0.001, 'epoch': 25.0, 'step': 25}
[2025/08/08 17:24:26] - {'loss': 0.892, 'grad_norm': 6.812995433807373, 'learning_rate': 0.001, 'epoch': 25.0, 'step': 25}
[2025/08/08 17:24:26] - {'loss': 0.892, 'grad_norm': 6.812995433807373, 'learning_rate': 0.001, 'epoch': 25.0, 'step': 25}
[2025/08/08 17:24:26] - {'eval_loss': -5.435557842254639, 'eval_runtime': 0.1325, 'eval_samples_per_second': 30.197, 'eval_steps_per_second': 7.549, 'epoch': 25.0, 'step': 25}
[2025/08/08 17:24:26] - {'eval_loss': -5.435557842254639, 'eval_runtime': 0.1323, 'eval_samples_per_second': 30.223, 'eval_steps_per_second': 7.556, 'epoch': 25.0, 'step': 25}
[2025/08/08 17:24:26] - {'eval_loss': -5.435557842254639, 'eval_runtime': 0.1325, 'eval_samples_per_second': 30.178, 'eval_steps_per_second': 7.545, 'epoch': 25.0, 'step': 25}
[2025/08/08 17:24:26] - {'train_runtime': 45.636, 'train_samples_per_second': 2.191, 'train_steps_per_second': 0.548, 'total_flos': 0.0, 'train_loss': 0.7027907415665686, 'epoch': 25.0, 'step': 25}
[2025/08/08 17:24:26] - {'train_runtime': 45.636, 'train_samples_per_second': 2.191, 'train_steps_per_second': 0.548, 'total_flos': 0.0, 'train_loss': 0.7027907415665686, 'epoch': 25.0, 'step': 25}
[2025/08/08 17:24:26] - {'train_runtime': 45.6361, 'train_samples_per_second': 2.191, 'train_steps_per_second': 0.548, 'total_flos': 0.0, 'train_loss': 0.7027907415665686, 'epoch': 25.0, 'step': 25}
[2025/08/08 17:24:26] - {'loss': 13.8631, 'grad_norm': 55.335609436035156, 'learning_rate': 0.001, 'epoch': 1.0, 'step': 1}
[2025/08/08 17:24:26] - {'eval_loss': -0.009493828751146793, 'eval_runtime': 0.1404, 'eval_samples_per_second': 28.487, 'eval_steps_per_second': 7.122, 'epoch': 1.0, 'step': 1}
[2025/08/08 17:24:26] - {'loss': 1.116, 'grad_norm': 3.6763503551483154, 'learning_rate': 0.001, 'epoch': 2.0, 'step': 2}
[2025/08/08 17:24:26] - {'eval_loss': -0.5590710043907166, 'eval_runtime': 0.1646, 'eval_samples_per_second': 24.295, 'eval_steps_per_second': 6.074, 'epoch': 2.0, 'step': 2}
[2025/08/08 17:24:26] - {'loss': 0.619, 'grad_norm': 5.360845565795898, 'learning_rate': 0.001, 'epoch': 3.0, 'step': 3}
[2025/08/08 17:24:26] - {'eval_loss': -1.3799755573272705, 'eval_runtime': 0.1319, 'eval_samples_per_second': 30.333, 'eval_steps_per_second': 7.583, 'epoch': 3.0, 'step': 3}
[2025/08/08 17:24:26] - {'loss': 0.1271, 'grad_norm': 1.0046310424804688, 'learning_rate': 0.001, 'epoch': 4.0, 'step': 4}
[2025/08/08 17:24:26] - {'eval_loss': -2.3289525508880615, 'eval_runtime': 0.1331, 'eval_samples_per_second': 30.051, 'eval_steps_per_second': 7.513, 'epoch': 4.0, 'step': 4}
[2025/08/08 17:24:26] - {'loss': 0.0353, 'grad_norm': 0.31131425499916077, 'learning_rate': 0.001, 'epoch': 5.0, 'step': 5}
[2025/08/08 17:24:26] - {'eval_loss': -3.104421377182007, 'eval_runtime': 0.1338, 'eval_samples_per_second': 29.893, 'eval_steps_per_second': 7.473, 'epoch': 5.0, 'step': 5}
[2025/08/08 17:24:26] - {'loss': 0.2066, 'grad_norm': 2.7363462448120117, 'learning_rate': 0.001, 'epoch': 6.0, 'step': 6}
[2025/08/08 17:24:26] - {'eval_loss': -3.3286237716674805, 'eval_runtime': 0.507, 'eval_samples_per_second': 7.89, 'eval_steps_per_second': 1.972, 'epoch': 6.0, 'step': 6}
[2025/08/08 17:24:26] - {'loss': 0.0008, 'grad_norm': 0.007127129472792149, 'learning_rate': 0.001, 'epoch': 7.0, 'step': 7}
[2025/08/08 17:24:26] - {'eval_loss': -3.5381414890289307, 'eval_runtime': 0.1327, 'eval_samples_per_second': 30.142, 'eval_steps_per_second': 7.536, 'epoch': 7.0, 'step': 7}
[2025/08/08 17:24:26] - {'loss': 0.2981, 'grad_norm': 2.359670639038086, 'learning_rate': 0.001, 'epoch': 8.0, 'step': 8}
[2025/08/08 17:24:26] - {'eval_loss': -3.478937864303589, 'eval_runtime': 0.1325, 'eval_samples_per_second': 30.18, 'eval_steps_per_second': 7.545, 'epoch': 8.0, 'step': 8}
[2025/08/08 17:24:26] - {'loss': 0.1521, 'grad_norm': 0.6895387768745422, 'learning_rate': 0.001, 'epoch': 9.0, 'step': 9}
[2025/08/08 17:24:26] - {'eval_loss': -3.3510665893554688, 'eval_runtime': 0.1322, 'eval_samples_per_second': 30.257, 'eval_steps_per_second': 7.564, 'epoch': 9.0, 'step': 9}
[2025/08/08 17:24:26] - {'loss': 0.1481, 'grad_norm': 4.190631866455078, 'learning_rate': 0.001, 'epoch': 10.0, 'step': 10}
[2025/08/08 17:24:26] - {'eval_loss': -3.3859400749206543, 'eval_runtime': 0.1332, 'eval_samples_per_second': 30.033, 'eval_steps_per_second': 7.508, 'epoch': 10.0, 'step': 10}
[2025/08/08 17:24:26] - {'loss': 0.002, 'grad_norm': 0.026601344347000122, 'learning_rate': 0.001, 'epoch': 11.0, 'step': 11}
[2025/08/08 17:24:26] - {'eval_loss': -3.49794602394104, 'eval_runtime': 0.1323, 'eval_samples_per_second': 30.245, 'eval_steps_per_second': 7.561, 'epoch': 11.0, 'step': 11}
[2025/08/08 17:24:26] - {'loss': 0.0014, 'grad_norm': 0.019973278045654297, 'learning_rate': 0.001, 'epoch': 12.0, 'step': 12}
[2025/08/08 17:24:26] - {'eval_loss': -3.7038681507110596, 'eval_runtime': 0.132, 'eval_samples_per_second': 30.292, 'eval_steps_per_second': 7.573, 'epoch': 12.0, 'step': 12}
[2025/08/08 17:24:26] - {'loss': 0.0402, 'grad_norm': 1.8182042837142944, 'learning_rate': 0.001, 'epoch': 13.0, 'step': 13}
[2025/08/08 17:24:26] - {'eval_loss': -3.933124303817749, 'eval_runtime': 0.1318, 'eval_samples_per_second': 30.339, 'eval_steps_per_second': 7.585, 'epoch': 13.0, 'step': 13}
[2025/08/08 17:24:26] - {'loss': 0.0081, 'grad_norm': 0.4021764397621155, 'learning_rate': 0.001, 'epoch': 14.0, 'step': 14}
[2025/08/08 17:24:26] - {'eval_loss': -4.158504486083984, 'eval_runtime': 0.2908, 'eval_samples_per_second': 13.755, 'eval_steps_per_second': 3.439, 'epoch': 14.0, 'step': 14}
[2025/08/08 17:24:26] - {'loss': 0.0078, 'grad_norm': 0.35981661081314087, 'learning_rate': 0.001, 'epoch': 15.0, 'step': 15}
[2025/08/08 17:24:26] - {'eval_loss': -4.346923828125, 'eval_runtime': 0.1324, 'eval_samples_per_second': 30.2, 'eval_steps_per_second': 7.55, 'epoch': 15.0, 'step': 15}
[2025/08/08 17:24:26] - {'loss': 0.0015, 'grad_norm': 0.12711967527866364, 'learning_rate': 0.001, 'epoch': 16.0, 'step': 16}
[2025/08/08 17:24:26] - {'eval_loss': -4.469841003417969, 'eval_runtime': 0.528, 'eval_samples_per_second': 7.576, 'eval_steps_per_second': 1.894, 'epoch': 16.0, 'step': 16}
[2025/08/08 17:24:26] - {'loss': 0.0005, 'grad_norm': 0.025182822719216347, 'learning_rate': 0.001, 'epoch': 17.0, 'step': 17}
[2025/08/08 17:24:26] - {'eval_loss': -4.567410469055176, 'eval_runtime': 0.1322, 'eval_samples_per_second': 30.26, 'eval_steps_per_second': 7.565, 'epoch': 17.0, 'step': 17}
[2025/08/08 17:24:26] - {'loss': 0.0098, 'grad_norm': 1.2057658433914185, 'learning_rate': 0.001, 'epoch': 18.0, 'step': 18}
[2025/08/08 17:24:26] - {'eval_loss': -4.674697399139404, 'eval_runtime': 0.2764, 'eval_samples_per_second': 14.472, 'eval_steps_per_second': 3.618, 'epoch': 18.0, 'step': 18}
[2025/08/08 17:24:26] - {'loss': 0.001, 'grad_norm': 0.10416346043348312, 'learning_rate': 0.001, 'epoch': 19.0, 'step': 19}
[2025/08/08 17:24:26] - {'eval_loss': -4.712124347686768, 'eval_runtime': 0.1332, 'eval_samples_per_second': 30.033, 'eval_steps_per_second': 7.508, 'epoch': 19.0, 'step': 19}
[2025/08/08 17:24:26] - {'loss': 0.0002, 'grad_norm': 0.005818719509989023, 'learning_rate': 0.001, 'epoch': 20.0, 'step': 20}
[2025/08/08 17:24:26] - {'eval_loss': -4.75938081741333, 'eval_runtime': 0.3377, 'eval_samples_per_second': 11.845, 'eval_steps_per_second': 2.961, 'epoch': 20.0, 'step': 20}
[2025/08/08 17:24:26] - {'loss': 0.0003, 'grad_norm': 0.015134412795305252, 'learning_rate': 0.001, 'epoch': 21.0, 'step': 21}
[2025/08/08 17:24:26] - {'eval_loss': -4.815910816192627, 'eval_runtime': 0.132, 'eval_samples_per_second': 30.295, 'eval_steps_per_second': 7.574, 'epoch': 21.0, 'step': 21}
[2025/08/08 17:24:26] - {'loss': 0.0096, 'grad_norm': 1.044387936592102, 'learning_rate': 0.001, 'epoch': 22.0, 'step': 22}
[2025/08/08 17:24:26] - {'eval_loss': -4.867668628692627, 'eval_runtime': 0.1324, 'eval_samples_per_second': 30.207, 'eval_steps_per_second': 7.552, 'epoch': 22.0, 'step': 22}
[2025/08/08 17:24:26] - {'loss': 0.0069, 'grad_norm': 0.7120465040206909, 'learning_rate': 0.001, 'epoch': 23.0, 'step': 23}
[2025/08/08 17:24:26] - {'eval_loss': -5.095314979553223, 'eval_runtime': 0.1321, 'eval_samples_per_second': 30.288, 'eval_steps_per_second': 7.572, 'epoch': 23.0, 'step': 23}
[2025/08/08 17:24:26] - {'loss': 0.0223, 'grad_norm': 3.573554039001465, 'learning_rate': 0.001, 'epoch': 24.0, 'step': 24}
[2025/08/08 17:24:26] - {'eval_loss': -5.487456321716309, 'eval_runtime': 0.1327, 'eval_samples_per_second': 30.139, 'eval_steps_per_second': 7.535, 'epoch': 24.0, 'step': 24}
[2025/08/08 17:24:26] - {'loss': 0.892, 'grad_norm': 6.812995433807373, 'learning_rate': 0.001, 'epoch': 25.0, 'step': 25}
[2025/08/08 17:24:26] - {'eval_loss': -5.435557842254639, 'eval_runtime': 0.1322, 'eval_samples_per_second': 30.247, 'eval_steps_per_second': 7.562, 'epoch': 25.0, 'step': 25}
[2025/08/08 17:24:26] - {'train_runtime': 45.6365, 'train_samples_per_second': 2.191, 'train_steps_per_second': 0.548, 'total_flos': 0.0, 'train_loss': 0.7027907415665686, 'epoch': 25.0, 'step': 25}
