[2025/08/12 12:20:25] - Detected kernel version 4.18.0, which is below the recommended minimum of 5.5.0; this can cause the process to hang. It is recommended to upgrade the kernel to the minimum version or higher.
[2025/08/12 12:20:25] - Using 4 GPUs
[2025/08/12 12:20:25] - Starting new HTTPS connection (1): huggingface.co:443
[2025/08/12 12:20:25] - Using 4 GPUs
[2025/08/12 12:20:25] - Starting new HTTPS connection (1): huggingface.co:443
[2025/08/12 12:20:25] - Using 4 GPUs
[2025/08/12 12:20:25] - Starting new HTTPS connection (1): huggingface.co:443
[2025/08/12 12:20:25] - Using 4 GPUs
[2025/08/12 12:20:25] - Starting new HTTPS connection (1): huggingface.co:443
[2025/08/12 12:21:05] - Starting new HTTPS connection (2): huggingface.co:443
[2025/08/12 12:21:05] - Starting new HTTPS connection (2): huggingface.co:443
[2025/08/12 12:21:06] - Starting new HTTPS connection (2): huggingface.co:443
[2025/08/12 12:21:06] - Starting new HTTPS connection (2): huggingface.co:443
[2025/08/12 12:22:00] - Starting new HTTPS connection (3): huggingface.co:443
[2025/08/12 12:22:00] - Starting new HTTPS connection (3): huggingface.co:443
[2025/08/12 12:22:00] - Starting new HTTPS connection (3): huggingface.co:443
[2025/08/12 12:22:00] - Starting new HTTPS connection (3): huggingface.co:443
[2025/08/12 12:22:40] - Loading bitsandbytes native library from: /home/hsc/ENV-3.10/lib/python3.10/site-packages/bitsandbytes/libbitsandbytes_cuda122.so
[2025/08/12 12:22:40] - Loading bitsandbytes native library from: /home/hsc/ENV-3.10/lib/python3.10/site-packages/bitsandbytes/libbitsandbytes_cuda122.so
[2025/08/12 12:22:40] - Loading bitsandbytes native library from: /home/hsc/ENV-3.10/lib/python3.10/site-packages/bitsandbytes/libbitsandbytes_cuda122.so
[2025/08/12 12:22:40] - Loading bitsandbytes native library from: /home/hsc/ENV-3.10/lib/python3.10/site-packages/bitsandbytes/libbitsandbytes_cuda122.so
[2025/08/12 12:22:49] - Detected kernel version 4.18.0, which is below the recommended minimum of 5.5.0; this can cause the process to hang. It is recommended to upgrade the kernel to the minimum version or higher.
[2025/08/12 12:23:33] - {'loss': -0.0001, 'grad_norm': 0.010769548825919628, 'learning_rate': 0.001, 'epoch': 1.0, 'step': 1}
[2025/08/12 12:23:33] - {'loss': -0.0001, 'grad_norm': 0.010769548825919628, 'learning_rate': 0.001, 'epoch': 1.0, 'step': 1}
[2025/08/12 12:23:33] - {'loss': -0.0001, 'grad_norm': 0.010769548825919628, 'learning_rate': 0.001, 'epoch': 1.0, 'step': 1}
[2025/08/12 12:23:33] - {'eval_loss': -0.609065592288971, 'eval_runtime': 0.423, 'eval_samples_per_second': 9.456, 'eval_steps_per_second': 2.364, 'epoch': 1.0, 'step': 1}
[2025/08/12 12:23:33] - {'eval_loss': -0.609065592288971, 'eval_runtime': 0.423, 'eval_samples_per_second': 9.457, 'eval_steps_per_second': 2.364, 'epoch': 1.0, 'step': 1}
[2025/08/12 12:23:33] - {'loss': -0.6156, 'grad_norm': 2.4570345878601074, 'learning_rate': 0.001, 'epoch': 2.0, 'step': 2}
[2025/08/12 12:23:33] - {'eval_loss': -0.609065592288971, 'eval_runtime': 0.423, 'eval_samples_per_second': 9.456, 'eval_steps_per_second': 2.364, 'epoch': 1.0, 'step': 1}
[2025/08/12 12:23:33] - {'loss': -0.6156, 'grad_norm': 2.4570345878601074, 'learning_rate': 0.001, 'epoch': 2.0, 'step': 2}
[2025/08/12 12:23:33] - {'eval_loss': -2.445380449295044, 'eval_runtime': 0.4132, 'eval_samples_per_second': 9.68, 'eval_steps_per_second': 2.42, 'epoch': 2.0, 'step': 2}
[2025/08/12 12:23:33] - {'loss': -0.6156, 'grad_norm': 2.4570345878601074, 'learning_rate': 0.001, 'epoch': 2.0, 'step': 2}
[2025/08/12 12:23:33] - {'eval_loss': -2.445380449295044, 'eval_runtime': 0.4132, 'eval_samples_per_second': 9.68, 'eval_steps_per_second': 2.42, 'epoch': 2.0, 'step': 2}
[2025/08/12 12:23:33] - {'loss': -2.4282, 'grad_norm': 5.784036636352539, 'learning_rate': 0.001, 'epoch': 3.0, 'step': 3}
[2025/08/12 12:23:33] - {'eval_loss': -2.445380449295044, 'eval_runtime': 0.413, 'eval_samples_per_second': 9.685, 'eval_steps_per_second': 2.421, 'epoch': 2.0, 'step': 2}
[2025/08/12 12:23:33] - {'loss': -2.4282, 'grad_norm': 5.784036636352539, 'learning_rate': 0.001, 'epoch': 3.0, 'step': 3}
[2025/08/12 12:23:33] - {'eval_loss': -5.414452075958252, 'eval_runtime': 0.4119, 'eval_samples_per_second': 9.71, 'eval_steps_per_second': 2.427, 'epoch': 3.0, 'step': 3}
[2025/08/12 12:23:33] - {'loss': -2.4282, 'grad_norm': 5.784036636352539, 'learning_rate': 0.001, 'epoch': 3.0, 'step': 3}
[2025/08/12 12:23:33] - {'eval_loss': -5.414452075958252, 'eval_runtime': 0.4119, 'eval_samples_per_second': 9.712, 'eval_steps_per_second': 2.428, 'epoch': 3.0, 'step': 3}
[2025/08/12 12:23:33] - {'loss': -5.1015, 'grad_norm': 19.70699691772461, 'learning_rate': 0.001, 'epoch': 4.0, 'step': 4}
[2025/08/12 12:23:33] - {'eval_loss': -5.414452075958252, 'eval_runtime': 0.4119, 'eval_samples_per_second': 9.712, 'eval_steps_per_second': 2.428, 'epoch': 3.0, 'step': 3}
[2025/08/12 12:23:33] - {'loss': -5.1015, 'grad_norm': 19.70699691772461, 'learning_rate': 0.001, 'epoch': 4.0, 'step': 4}
[2025/08/12 12:23:33] - {'eval_loss': -11.888967514038086, 'eval_runtime': 0.4085, 'eval_samples_per_second': 9.791, 'eval_steps_per_second': 2.448, 'epoch': 4.0, 'step': 4}
[2025/08/12 12:23:33] - {'loss': -5.1015, 'grad_norm': 19.70699691772461, 'learning_rate': 0.001, 'epoch': 4.0, 'step': 4}
[2025/08/12 12:23:33] - {'eval_loss': -11.888967514038086, 'eval_runtime': 0.4084, 'eval_samples_per_second': 9.795, 'eval_steps_per_second': 2.449, 'epoch': 4.0, 'step': 4}
[2025/08/12 12:23:33] - {'loss': -9.1558, 'grad_norm': 32.82862854003906, 'learning_rate': 0.001, 'epoch': 5.0, 'step': 5}
[2025/08/12 12:23:33] - {'eval_loss': -11.888967514038086, 'eval_runtime': 0.4085, 'eval_samples_per_second': 9.791, 'eval_steps_per_second': 2.448, 'epoch': 4.0, 'step': 4}
[2025/08/12 12:23:33] - {'loss': -9.1558, 'grad_norm': 32.82862854003906, 'learning_rate': 0.001, 'epoch': 5.0, 'step': 5}
[2025/08/12 12:23:33] - {'eval_loss': -16.971189498901367, 'eval_runtime': 0.4104, 'eval_samples_per_second': 9.747, 'eval_steps_per_second': 2.437, 'epoch': 5.0, 'step': 5}
[2025/08/12 12:23:33] - {'loss': -9.1558, 'grad_norm': 32.82862854003906, 'learning_rate': 0.001, 'epoch': 5.0, 'step': 5}
[2025/08/12 12:23:33] - {'eval_loss': -16.971189498901367, 'eval_runtime': 0.4104, 'eval_samples_per_second': 9.747, 'eval_steps_per_second': 2.437, 'epoch': 5.0, 'step': 5}
[2025/08/12 12:23:33] - {'loss': -10.4234, 'grad_norm': 38.965763092041016, 'learning_rate': 0.001, 'epoch': 6.0, 'step': 6}
[2025/08/12 12:23:33] - {'eval_loss': -16.971189498901367, 'eval_runtime': 0.4103, 'eval_samples_per_second': 9.749, 'eval_steps_per_second': 2.437, 'epoch': 5.0, 'step': 5}
[2025/08/12 12:23:33] - {'loss': -10.4234, 'grad_norm': 38.965763092041016, 'learning_rate': 0.001, 'epoch': 6.0, 'step': 6}
[2025/08/12 12:23:33] - {'eval_loss': -22.50103759765625, 'eval_runtime': 0.4103, 'eval_samples_per_second': 9.748, 'eval_steps_per_second': 2.437, 'epoch': 6.0, 'step': 6}
[2025/08/12 12:23:33] - {'loss': -10.4234, 'grad_norm': 38.965763092041016, 'learning_rate': 0.001, 'epoch': 6.0, 'step': 6}
[2025/08/12 12:23:33] - {'eval_loss': -22.50103759765625, 'eval_runtime': 0.6218, 'eval_samples_per_second': 6.433, 'eval_steps_per_second': 1.608, 'epoch': 6.0, 'step': 6}
[2025/08/12 12:23:33] - {'loss': -10.265, 'grad_norm': 101.5215072631836, 'learning_rate': 0.001, 'epoch': 7.0, 'step': 7}
[2025/08/12 12:23:33] - {'eval_loss': -22.50103759765625, 'eval_runtime': 0.4103, 'eval_samples_per_second': 9.749, 'eval_steps_per_second': 2.437, 'epoch': 6.0, 'step': 6}
[2025/08/12 12:23:33] - {'loss': -10.265, 'grad_norm': 101.5215072631836, 'learning_rate': 0.001, 'epoch': 7.0, 'step': 7}
[2025/08/12 12:23:33] - {'eval_loss': -27.35599136352539, 'eval_runtime': 0.4093, 'eval_samples_per_second': 9.774, 'eval_steps_per_second': 2.443, 'epoch': 7.0, 'step': 7}
[2025/08/12 12:23:33] - {'loss': -10.265, 'grad_norm': 101.5215072631836, 'learning_rate': 0.001, 'epoch': 7.0, 'step': 7}
[2025/08/12 12:23:33] - {'eval_loss': -27.35599136352539, 'eval_runtime': 0.4093, 'eval_samples_per_second': 9.774, 'eval_steps_per_second': 2.443, 'epoch': 7.0, 'step': 7}
[2025/08/12 12:23:33] - {'loss': -21.289, 'grad_norm': 54.824520111083984, 'learning_rate': 0.001, 'epoch': 8.0, 'step': 8}
[2025/08/12 12:23:33] - {'eval_loss': -27.35599136352539, 'eval_runtime': 0.4092, 'eval_samples_per_second': 9.776, 'eval_steps_per_second': 2.444, 'epoch': 7.0, 'step': 7}
[2025/08/12 12:23:33] - {'loss': -21.289, 'grad_norm': 54.824520111083984, 'learning_rate': 0.001, 'epoch': 8.0, 'step': 8}
[2025/08/12 12:23:33] - {'eval_loss': -37.820396423339844, 'eval_runtime': 0.3968, 'eval_samples_per_second': 10.081, 'eval_steps_per_second': 2.52, 'epoch': 8.0, 'step': 8}
[2025/08/12 12:23:33] - {'loss': -21.289, 'grad_norm': 54.824520111083984, 'learning_rate': 0.001, 'epoch': 8.0, 'step': 8}
[2025/08/12 12:23:33] - {'eval_loss': -37.820396423339844, 'eval_runtime': 0.3968, 'eval_samples_per_second': 10.082, 'eval_steps_per_second': 2.52, 'epoch': 8.0, 'step': 8}
[2025/08/12 12:23:33] - {'loss': -30.9003, 'grad_norm': 59.35093307495117, 'learning_rate': 0.001, 'epoch': 9.0, 'step': 9}
[2025/08/12 12:23:33] - {'eval_loss': -37.820396423339844, 'eval_runtime': 0.545, 'eval_samples_per_second': 7.34, 'eval_steps_per_second': 1.835, 'epoch': 8.0, 'step': 8}
[2025/08/12 12:23:33] - {'loss': -30.9003, 'grad_norm': 59.35093307495117, 'learning_rate': 0.001, 'epoch': 9.0, 'step': 9}
[2025/08/12 12:23:33] - {'eval_loss': -43.51031494140625, 'eval_runtime': 0.4137, 'eval_samples_per_second': 9.669, 'eval_steps_per_second': 2.417, 'epoch': 9.0, 'step': 9}
[2025/08/12 12:23:33] - {'loss': -30.9003, 'grad_norm': 59.35093307495117, 'learning_rate': 0.001, 'epoch': 9.0, 'step': 9}
[2025/08/12 12:23:33] - {'eval_loss': -43.51031494140625, 'eval_runtime': 0.4138, 'eval_samples_per_second': 9.666, 'eval_steps_per_second': 2.417, 'epoch': 9.0, 'step': 9}
[2025/08/12 12:23:33] - {'loss': -41.2336, 'grad_norm': 46.94784164428711, 'learning_rate': 0.001, 'epoch': 10.0, 'step': 10}
[2025/08/12 12:23:33] - {'eval_loss': -43.51031494140625, 'eval_runtime': 0.4139, 'eval_samples_per_second': 9.663, 'eval_steps_per_second': 2.416, 'epoch': 9.0, 'step': 9}
[2025/08/12 12:23:33] - {'loss': -41.2336, 'grad_norm': 46.94784164428711, 'learning_rate': 0.001, 'epoch': 10.0, 'step': 10}
[2025/08/12 12:23:33] - {'eval_loss': -47.83846664428711, 'eval_runtime': 0.4096, 'eval_samples_per_second': 9.767, 'eval_steps_per_second': 2.442, 'epoch': 10.0, 'step': 10}
[2025/08/12 12:23:33] - {'loss': -41.2336, 'grad_norm': 46.94784164428711, 'learning_rate': 0.001, 'epoch': 10.0, 'step': 10}
[2025/08/12 12:23:33] - {'eval_loss': -47.83846664428711, 'eval_runtime': 0.4089, 'eval_samples_per_second': 9.783, 'eval_steps_per_second': 2.446, 'epoch': 10.0, 'step': 10}
[2025/08/12 12:23:33] - {'loss': -44.0897, 'grad_norm': 49.19989013671875, 'learning_rate': 0.001, 'epoch': 11.0, 'step': 11}
[2025/08/12 12:23:33] - {'eval_loss': -47.83846664428711, 'eval_runtime': 0.4093, 'eval_samples_per_second': 9.774, 'eval_steps_per_second': 2.443, 'epoch': 10.0, 'step': 10}
[2025/08/12 12:23:33] - {'loss': -44.0897, 'grad_norm': 49.19989013671875, 'learning_rate': 0.001, 'epoch': 11.0, 'step': 11}
[2025/08/12 12:23:33] - {'eval_loss': -50.78383255004883, 'eval_runtime': 0.4139, 'eval_samples_per_second': 9.665, 'eval_steps_per_second': 2.416, 'epoch': 11.0, 'step': 11}
[2025/08/12 12:23:33] - {'loss': -44.0897, 'grad_norm': 49.19989013671875, 'learning_rate': 0.001, 'epoch': 11.0, 'step': 11}
[2025/08/12 12:23:33] - {'eval_loss': -50.78383255004883, 'eval_runtime': 0.4138, 'eval_samples_per_second': 9.666, 'eval_steps_per_second': 2.416, 'epoch': 11.0, 'step': 11}
[2025/08/12 12:23:33] - {'loss': -49.5568, 'grad_norm': 35.58223342895508, 'learning_rate': 0.001, 'epoch': 12.0, 'step': 12}
[2025/08/12 12:23:33] - {'eval_loss': -50.78383255004883, 'eval_runtime': 0.4138, 'eval_samples_per_second': 9.667, 'eval_steps_per_second': 2.417, 'epoch': 11.0, 'step': 11}
[2025/08/12 12:23:33] - {'loss': -49.5568, 'grad_norm': 35.58223342895508, 'learning_rate': 0.001, 'epoch': 12.0, 'step': 12}
[2025/08/12 12:23:33] - {'eval_loss': -53.005226135253906, 'eval_runtime': 0.4305, 'eval_samples_per_second': 9.291, 'eval_steps_per_second': 2.323, 'epoch': 12.0, 'step': 12}
[2025/08/12 12:23:33] - {'loss': -49.5568, 'grad_norm': 35.58223342895508, 'learning_rate': 0.001, 'epoch': 12.0, 'step': 12}
[2025/08/12 12:23:33] - {'eval_loss': -53.005226135253906, 'eval_runtime': 0.4305, 'eval_samples_per_second': 9.291, 'eval_steps_per_second': 2.323, 'epoch': 12.0, 'step': 12}
[2025/08/12 12:23:33] - {'loss': -52.9637, 'grad_norm': 38.701229095458984, 'learning_rate': 0.001, 'epoch': 13.0, 'step': 13}
[2025/08/12 12:23:33] - {'eval_loss': -53.005226135253906, 'eval_runtime': 0.4304, 'eval_samples_per_second': 9.293, 'eval_steps_per_second': 2.323, 'epoch': 12.0, 'step': 12}
[2025/08/12 12:23:33] - {'loss': -52.9637, 'grad_norm': 38.701229095458984, 'learning_rate': 0.001, 'epoch': 13.0, 'step': 13}
[2025/08/12 12:23:33] - {'eval_loss': -56.2491340637207, 'eval_runtime': 0.4135, 'eval_samples_per_second': 9.672, 'eval_steps_per_second': 2.418, 'epoch': 13.0, 'step': 13}
[2025/08/12 12:23:33] - {'loss': -52.9637, 'grad_norm': 38.701229095458984, 'learning_rate': 0.001, 'epoch': 13.0, 'step': 13}
[2025/08/12 12:23:33] - {'eval_loss': -56.2491340637207, 'eval_runtime': 0.4135, 'eval_samples_per_second': 9.674, 'eval_steps_per_second': 2.419, 'epoch': 13.0, 'step': 13}
[2025/08/12 12:23:33] - {'loss': -55.3722, 'grad_norm': 27.153833389282227, 'learning_rate': 0.001, 'epoch': 14.0, 'step': 14}
[2025/08/12 12:23:33] - {'eval_loss': -56.2491340637207, 'eval_runtime': 0.4136, 'eval_samples_per_second': 9.672, 'eval_steps_per_second': 2.418, 'epoch': 13.0, 'step': 13}
[2025/08/12 12:23:33] - {'loss': -55.3722, 'grad_norm': 27.153833389282227, 'learning_rate': 0.001, 'epoch': 14.0, 'step': 14}
[2025/08/12 12:23:33] - {'eval_loss': -58.5241813659668, 'eval_runtime': 0.3971, 'eval_samples_per_second': 10.072, 'eval_steps_per_second': 2.518, 'epoch': 14.0, 'step': 14}
[2025/08/12 12:23:33] - {'loss': -55.3722, 'grad_norm': 27.153833389282227, 'learning_rate': 0.001, 'epoch': 14.0, 'step': 14}
[2025/08/12 12:23:33] - {'eval_loss': -58.5241813659668, 'eval_runtime': 0.3955, 'eval_samples_per_second': 10.113, 'eval_steps_per_second': 2.528, 'epoch': 14.0, 'step': 14}
[2025/08/12 12:23:33] - {'loss': -58.273, 'grad_norm': 18.20850372314453, 'learning_rate': 0.001, 'epoch': 15.0, 'step': 15}
[2025/08/12 12:23:33] - {'eval_loss': -58.5241813659668, 'eval_runtime': 0.4558, 'eval_samples_per_second': 8.776, 'eval_steps_per_second': 2.194, 'epoch': 14.0, 'step': 14}
[2025/08/12 12:23:33] - {'loss': -58.273, 'grad_norm': 18.20850372314453, 'learning_rate': 0.001, 'epoch': 15.0, 'step': 15}
[2025/08/12 12:23:33] - {'eval_loss': -61.001747131347656, 'eval_runtime': 0.4125, 'eval_samples_per_second': 9.696, 'eval_steps_per_second': 2.424, 'epoch': 15.0, 'step': 15}
[2025/08/12 12:23:33] - {'loss': -58.273, 'grad_norm': 18.20850372314453, 'learning_rate': 0.001, 'epoch': 15.0, 'step': 15}
[2025/08/12 12:23:33] - {'eval_loss': -61.001747131347656, 'eval_runtime': 0.4125, 'eval_samples_per_second': 9.698, 'eval_steps_per_second': 2.424, 'epoch': 15.0, 'step': 15}
[2025/08/12 12:23:33] - {'loss': -60.1979, 'grad_norm': 21.26303482055664, 'learning_rate': 0.001, 'epoch': 16.0, 'step': 16}
[2025/08/12 12:23:33] - {'eval_loss': -61.001747131347656, 'eval_runtime': 0.4125, 'eval_samples_per_second': 9.696, 'eval_steps_per_second': 2.424, 'epoch': 15.0, 'step': 15}
[2025/08/12 12:23:33] - {'loss': -60.1979, 'grad_norm': 21.26303482055664, 'learning_rate': 0.001, 'epoch': 16.0, 'step': 16}
[2025/08/12 12:23:33] - {'eval_loss': -62.943275451660156, 'eval_runtime': 0.506, 'eval_samples_per_second': 7.906, 'eval_steps_per_second': 1.976, 'epoch': 16.0, 'step': 16}
[2025/08/12 12:23:33] - {'loss': -60.1979, 'grad_norm': 21.26303482055664, 'learning_rate': 0.001, 'epoch': 16.0, 'step': 16}
[2025/08/12 12:23:33] - {'eval_loss': -62.943275451660156, 'eval_runtime': 0.4117, 'eval_samples_per_second': 9.716, 'eval_steps_per_second': 2.429, 'epoch': 16.0, 'step': 16}
[2025/08/12 12:23:33] - {'loss': -62.777, 'grad_norm': 25.233104705810547, 'learning_rate': 0.001, 'epoch': 17.0, 'step': 17}
[2025/08/12 12:23:33] - {'eval_loss': -62.943275451660156, 'eval_runtime': 0.4112, 'eval_samples_per_second': 9.728, 'eval_steps_per_second': 2.432, 'epoch': 16.0, 'step': 16}
[2025/08/12 12:23:33] - {'loss': -62.777, 'grad_norm': 25.233104705810547, 'learning_rate': 0.001, 'epoch': 17.0, 'step': 17}
[2025/08/12 12:23:33] - {'eval_loss': -63.98787307739258, 'eval_runtime': 0.4141, 'eval_samples_per_second': 9.659, 'eval_steps_per_second': 2.415, 'epoch': 17.0, 'step': 17}
[2025/08/12 12:23:33] - {'loss': -62.777, 'grad_norm': 25.233104705810547, 'learning_rate': 0.001, 'epoch': 17.0, 'step': 17}
[2025/08/12 12:23:33] - {'eval_loss': -63.98787307739258, 'eval_runtime': 0.4143, 'eval_samples_per_second': 9.656, 'eval_steps_per_second': 2.414, 'epoch': 17.0, 'step': 17}
[2025/08/12 12:23:33] - {'loss': -63.9447, 'grad_norm': 26.44829559326172, 'learning_rate': 0.001, 'epoch': 18.0, 'step': 18}
[2025/08/12 12:23:33] - {'eval_loss': -63.98787307739258, 'eval_runtime': 0.4141, 'eval_samples_per_second': 9.659, 'eval_steps_per_second': 2.415, 'epoch': 17.0, 'step': 17}
[2025/08/12 12:23:33] - {'loss': -63.9447, 'grad_norm': 26.44829559326172, 'learning_rate': 0.001, 'epoch': 18.0, 'step': 18}
[2025/08/12 12:23:33] - {'eval_loss': -65.43340301513672, 'eval_runtime': 0.4096, 'eval_samples_per_second': 9.764, 'eval_steps_per_second': 2.441, 'epoch': 18.0, 'step': 18}
[2025/08/12 12:23:33] - {'loss': -63.9447, 'grad_norm': 26.44829559326172, 'learning_rate': 0.001, 'epoch': 18.0, 'step': 18}
[2025/08/12 12:23:33] - {'eval_loss': -65.43340301513672, 'eval_runtime': 0.4083, 'eval_samples_per_second': 9.797, 'eval_steps_per_second': 2.449, 'epoch': 18.0, 'step': 18}
[2025/08/12 12:23:33] - {'loss': -65.423, 'grad_norm': 24.7341365814209, 'learning_rate': 0.001, 'epoch': 19.0, 'step': 19}
[2025/08/12 12:23:33] - {'eval_loss': -65.43340301513672, 'eval_runtime': 0.4095, 'eval_samples_per_second': 9.768, 'eval_steps_per_second': 2.442, 'epoch': 18.0, 'step': 18}
[2025/08/12 12:23:33] - {'loss': -65.423, 'grad_norm': 24.7341365814209, 'learning_rate': 0.001, 'epoch': 19.0, 'step': 19}
[2025/08/12 12:23:33] - {'eval_loss': -67.646728515625, 'eval_runtime': 0.4181, 'eval_samples_per_second': 9.566, 'eval_steps_per_second': 2.392, 'epoch': 19.0, 'step': 19}
[2025/08/12 12:23:33] - {'loss': -65.423, 'grad_norm': 24.7341365814209, 'learning_rate': 0.001, 'epoch': 19.0, 'step': 19}
[2025/08/12 12:23:33] - {'eval_loss': -67.646728515625, 'eval_runtime': 0.4181, 'eval_samples_per_second': 9.568, 'eval_steps_per_second': 2.392, 'epoch': 19.0, 'step': 19}
[2025/08/12 12:23:33] - {'loss': -67.055, 'grad_norm': 18.423460006713867, 'learning_rate': 0.001, 'epoch': 20.0, 'step': 20}
[2025/08/12 12:23:33] - {'eval_loss': -67.646728515625, 'eval_runtime': 0.4182, 'eval_samples_per_second': 9.565, 'eval_steps_per_second': 2.391, 'epoch': 19.0, 'step': 19}
[2025/08/12 12:23:33] - {'loss': -67.055, 'grad_norm': 18.423460006713867, 'learning_rate': 0.001, 'epoch': 20.0, 'step': 20}
[2025/08/12 12:23:33] - {'eval_loss': -69.176025390625, 'eval_runtime': 0.4125, 'eval_samples_per_second': 9.697, 'eval_steps_per_second': 2.424, 'epoch': 20.0, 'step': 20}
[2025/08/12 12:23:33] - {'loss': -67.055, 'grad_norm': 18.423460006713867, 'learning_rate': 0.001, 'epoch': 20.0, 'step': 20}
[2025/08/12 12:23:33] - {'eval_loss': -69.176025390625, 'eval_runtime': 0.4124, 'eval_samples_per_second': 9.7, 'eval_steps_per_second': 2.425, 'epoch': 20.0, 'step': 20}
[2025/08/12 12:23:33] - {'loss': -69.217, 'grad_norm': 15.43431282043457, 'learning_rate': 0.001, 'epoch': 21.0, 'step': 21}
[2025/08/12 12:23:33] - {'eval_loss': -69.176025390625, 'eval_runtime': 0.4125, 'eval_samples_per_second': 9.697, 'eval_steps_per_second': 2.424, 'epoch': 20.0, 'step': 20}
[2025/08/12 12:23:33] - {'loss': -69.217, 'grad_norm': 15.43431282043457, 'learning_rate': 0.001, 'epoch': 21.0, 'step': 21}
[2025/08/12 12:23:33] - {'eval_loss': -68.99562072753906, 'eval_runtime': 0.4124, 'eval_samples_per_second': 9.699, 'eval_steps_per_second': 2.425, 'epoch': 21.0, 'step': 21}
[2025/08/12 12:23:33] - {'loss': -69.217, 'grad_norm': 15.43431282043457, 'learning_rate': 0.001, 'epoch': 21.0, 'step': 21}
[2025/08/12 12:23:33] - {'eval_loss': -68.99562072753906, 'eval_runtime': 0.4124, 'eval_samples_per_second': 9.699, 'eval_steps_per_second': 2.425, 'epoch': 21.0, 'step': 21}
[2025/08/12 12:23:33] - {'loss': -69.0108, 'grad_norm': 47.57234573364258, 'learning_rate': 0.001, 'epoch': 22.0, 'step': 22}
[2025/08/12 12:23:33] - {'eval_loss': -68.99562072753906, 'eval_runtime': 0.4123, 'eval_samples_per_second': 9.701, 'eval_steps_per_second': 2.425, 'epoch': 21.0, 'step': 21}
[2025/08/12 12:23:33] - {'loss': -69.0108, 'grad_norm': 47.57234573364258, 'learning_rate': 0.001, 'epoch': 22.0, 'step': 22}
[2025/08/12 12:23:33] - {'eval_loss': -70.96924591064453, 'eval_runtime': 0.4111, 'eval_samples_per_second': 9.729, 'eval_steps_per_second': 2.432, 'epoch': 22.0, 'step': 22}
[2025/08/12 12:23:33] - {'loss': -69.0108, 'grad_norm': 47.57234573364258, 'learning_rate': 0.001, 'epoch': 22.0, 'step': 22}
[2025/08/12 12:23:33] - {'eval_loss': -70.96924591064453, 'eval_runtime': 0.413, 'eval_samples_per_second': 9.684, 'eval_steps_per_second': 2.421, 'epoch': 22.0, 'step': 22}
[2025/08/12 12:23:33] - {'loss': -70.902, 'grad_norm': 31.251956939697266, 'learning_rate': 0.001, 'epoch': 23.0, 'step': 23}
[2025/08/12 12:23:33] - {'eval_loss': -70.96924591064453, 'eval_runtime': 0.4121, 'eval_samples_per_second': 9.706, 'eval_steps_per_second': 2.426, 'epoch': 22.0, 'step': 22}
[2025/08/12 12:23:33] - {'loss': -70.902, 'grad_norm': 31.251956939697266, 'learning_rate': 0.001, 'epoch': 23.0, 'step': 23}
[2025/08/12 12:23:33] - {'eval_loss': -72.05137634277344, 'eval_runtime': 0.4144, 'eval_samples_per_second': 9.653, 'eval_steps_per_second': 2.413, 'epoch': 23.0, 'step': 23}
[2025/08/12 12:23:33] - {'loss': -70.902, 'grad_norm': 31.251956939697266, 'learning_rate': 0.001, 'epoch': 23.0, 'step': 23}
[2025/08/12 12:23:33] - {'eval_loss': -72.05137634277344, 'eval_runtime': 0.4145, 'eval_samples_per_second': 9.651, 'eval_steps_per_second': 2.413, 'epoch': 23.0, 'step': 23}
[2025/08/12 12:23:33] - {'loss': -71.9499, 'grad_norm': 25.6888427734375, 'learning_rate': 0.001, 'epoch': 24.0, 'step': 24}
[2025/08/12 12:23:33] - {'eval_loss': -72.05137634277344, 'eval_runtime': 0.4145, 'eval_samples_per_second': 9.651, 'eval_steps_per_second': 2.413, 'epoch': 23.0, 'step': 23}
[2025/08/12 12:23:33] - {'loss': -71.9499, 'grad_norm': 25.6888427734375, 'learning_rate': 0.001, 'epoch': 24.0, 'step': 24}
[2025/08/12 12:23:33] - {'eval_loss': -73.04019165039062, 'eval_runtime': 0.4132, 'eval_samples_per_second': 9.681, 'eval_steps_per_second': 2.42, 'epoch': 24.0, 'step': 24}
[2025/08/12 12:23:33] - {'loss': -71.9499, 'grad_norm': 25.6888427734375, 'learning_rate': 0.001, 'epoch': 24.0, 'step': 24}
[2025/08/12 12:23:33] - {'eval_loss': -73.04019165039062, 'eval_runtime': 0.4873, 'eval_samples_per_second': 8.208, 'eval_steps_per_second': 2.052, 'epoch': 24.0, 'step': 24}
[2025/08/12 12:23:33] - {'loss': -72.9288, 'grad_norm': 18.764556884765625, 'learning_rate': 0.001, 'epoch': 25.0, 'step': 25}
[2025/08/12 12:23:33] - {'eval_loss': -73.04019165039062, 'eval_runtime': 0.4131, 'eval_samples_per_second': 9.683, 'eval_steps_per_second': 2.421, 'epoch': 24.0, 'step': 24}
[2025/08/12 12:23:33] - {'loss': -72.9288, 'grad_norm': 18.764556884765625, 'learning_rate': 0.001, 'epoch': 25.0, 'step': 25}
[2025/08/12 12:23:33] - {'eval_loss': -73.94963836669922, 'eval_runtime': 0.4126, 'eval_samples_per_second': 9.694, 'eval_steps_per_second': 2.423, 'epoch': 25.0, 'step': 25}
[2025/08/12 12:23:33] - {'loss': -72.9288, 'grad_norm': 18.764556884765625, 'learning_rate': 0.001, 'epoch': 25.0, 'step': 25}
[2025/08/12 12:23:33] - {'eval_loss': -73.94963836669922, 'eval_runtime': 0.4126, 'eval_samples_per_second': 9.695, 'eval_steps_per_second': 2.424, 'epoch': 25.0, 'step': 25}
[2025/08/12 12:23:33] - {'train_runtime': 38.319, 'train_samples_per_second': 2.61, 'train_steps_per_second': 0.652, 'total_flos': 0.0, 'train_loss': -42.602956725755355, 'epoch': 25.0, 'step': 25}
[2025/08/12 12:23:33] - {'eval_loss': -73.94963836669922, 'eval_runtime': 0.4127, 'eval_samples_per_second': 9.693, 'eval_steps_per_second': 2.423, 'epoch': 25.0, 'step': 25}
[2025/08/12 12:23:33] - {'train_runtime': 38.3047, 'train_samples_per_second': 2.611, 'train_steps_per_second': 0.653, 'total_flos': 0.0, 'train_loss': -42.602956725755355, 'epoch': 25.0, 'step': 25}
[2025/08/12 12:23:33] - {'train_runtime': 38.2969, 'train_samples_per_second': 2.611, 'train_steps_per_second': 0.653, 'total_flos': 0.0, 'train_loss': -42.602956725755355, 'epoch': 25.0, 'step': 25}
[2025/08/12 12:23:33] - {'loss': -0.0001, 'grad_norm': 0.010769548825919628, 'learning_rate': 0.001, 'epoch': 1.0, 'step': 1}
[2025/08/12 12:23:33] - {'eval_loss': -0.609065592288971, 'eval_runtime': 0.4225, 'eval_samples_per_second': 9.468, 'eval_steps_per_second': 2.367, 'epoch': 1.0, 'step': 1}
[2025/08/12 12:23:33] - {'loss': -0.6156, 'grad_norm': 2.4570345878601074, 'learning_rate': 0.001, 'epoch': 2.0, 'step': 2}
[2025/08/12 12:23:33] - {'eval_loss': -2.445380449295044, 'eval_runtime': 0.5047, 'eval_samples_per_second': 7.925, 'eval_steps_per_second': 1.981, 'epoch': 2.0, 'step': 2}
[2025/08/12 12:23:33] - {'loss': -2.4282, 'grad_norm': 5.784036636352539, 'learning_rate': 0.001, 'epoch': 3.0, 'step': 3}
[2025/08/12 12:23:33] - {'eval_loss': -5.414452075958252, 'eval_runtime': 0.4117, 'eval_samples_per_second': 9.715, 'eval_steps_per_second': 2.429, 'epoch': 3.0, 'step': 3}
[2025/08/12 12:23:33] - {'loss': -5.1015, 'grad_norm': 19.70699691772461, 'learning_rate': 0.001, 'epoch': 4.0, 'step': 4}
[2025/08/12 12:23:33] - {'eval_loss': -11.888967514038086, 'eval_runtime': 0.5533, 'eval_samples_per_second': 7.229, 'eval_steps_per_second': 1.807, 'epoch': 4.0, 'step': 4}
[2025/08/12 12:23:33] - {'loss': -9.1558, 'grad_norm': 32.82862854003906, 'learning_rate': 0.001, 'epoch': 5.0, 'step': 5}
[2025/08/12 12:23:33] - {'eval_loss': -16.971189498901367, 'eval_runtime': 0.4102, 'eval_samples_per_second': 9.752, 'eval_steps_per_second': 2.438, 'epoch': 5.0, 'step': 5}
[2025/08/12 12:23:33] - {'loss': -10.4234, 'grad_norm': 38.965763092041016, 'learning_rate': 0.001, 'epoch': 6.0, 'step': 6}
[2025/08/12 12:23:33] - {'eval_loss': -22.50103759765625, 'eval_runtime': 0.4102, 'eval_samples_per_second': 9.752, 'eval_steps_per_second': 2.438, 'epoch': 6.0, 'step': 6}
[2025/08/12 12:23:33] - {'loss': -10.265, 'grad_norm': 101.5215072631836, 'learning_rate': 0.001, 'epoch': 7.0, 'step': 7}
[2025/08/12 12:23:33] - {'eval_loss': -27.35599136352539, 'eval_runtime': 0.409, 'eval_samples_per_second': 9.779, 'eval_steps_per_second': 2.445, 'epoch': 7.0, 'step': 7}
[2025/08/12 12:23:33] - {'loss': -21.289, 'grad_norm': 54.824520111083984, 'learning_rate': 0.001, 'epoch': 8.0, 'step': 8}
[2025/08/12 12:23:33] - {'eval_loss': -37.820396423339844, 'eval_runtime': 0.3968, 'eval_samples_per_second': 10.081, 'eval_steps_per_second': 2.52, 'epoch': 8.0, 'step': 8}
[2025/08/12 12:23:33] - {'loss': -30.9003, 'grad_norm': 59.35093307495117, 'learning_rate': 0.001, 'epoch': 9.0, 'step': 9}
[2025/08/12 12:23:33] - {'eval_loss': -43.51031494140625, 'eval_runtime': 0.4136, 'eval_samples_per_second': 9.671, 'eval_steps_per_second': 2.418, 'epoch': 9.0, 'step': 9}
[2025/08/12 12:23:33] - {'loss': -41.2336, 'grad_norm': 46.94784164428711, 'learning_rate': 0.001, 'epoch': 10.0, 'step': 10}
[2025/08/12 12:23:33] - {'eval_loss': -47.83846664428711, 'eval_runtime': 0.4099, 'eval_samples_per_second': 9.757, 'eval_steps_per_second': 2.439, 'epoch': 10.0, 'step': 10}
[2025/08/12 12:23:33] - {'loss': -44.0897, 'grad_norm': 49.19989013671875, 'learning_rate': 0.001, 'epoch': 11.0, 'step': 11}
[2025/08/12 12:23:33] - {'eval_loss': -50.78383255004883, 'eval_runtime': 0.4136, 'eval_samples_per_second': 9.671, 'eval_steps_per_second': 2.418, 'epoch': 11.0, 'step': 11}
[2025/08/12 12:23:33] - {'loss': -49.5568, 'grad_norm': 35.58223342895508, 'learning_rate': 0.001, 'epoch': 12.0, 'step': 12}
[2025/08/12 12:23:33] - {'eval_loss': -53.005226135253906, 'eval_runtime': 0.5643, 'eval_samples_per_second': 7.088, 'eval_steps_per_second': 1.772, 'epoch': 12.0, 'step': 12}
[2025/08/12 12:23:33] - {'loss': -52.9637, 'grad_norm': 38.701229095458984, 'learning_rate': 0.001, 'epoch': 13.0, 'step': 13}
[2025/08/12 12:23:33] - {'eval_loss': -56.2491340637207, 'eval_runtime': 0.4133, 'eval_samples_per_second': 9.678, 'eval_steps_per_second': 2.419, 'epoch': 13.0, 'step': 13}
[2025/08/12 12:23:33] - {'loss': -55.3722, 'grad_norm': 27.153833389282227, 'learning_rate': 0.001, 'epoch': 14.0, 'step': 14}
[2025/08/12 12:23:33] - {'eval_loss': -58.5241813659668, 'eval_runtime': 0.3964, 'eval_samples_per_second': 10.091, 'eval_steps_per_second': 2.523, 'epoch': 14.0, 'step': 14}
[2025/08/12 12:23:33] - {'loss': -58.273, 'grad_norm': 18.20850372314453, 'learning_rate': 0.001, 'epoch': 15.0, 'step': 15}
[2025/08/12 12:23:33] - {'eval_loss': -61.001747131347656, 'eval_runtime': 0.4123, 'eval_samples_per_second': 9.701, 'eval_steps_per_second': 2.425, 'epoch': 15.0, 'step': 15}
[2025/08/12 12:23:33] - {'loss': -60.1979, 'grad_norm': 21.26303482055664, 'learning_rate': 0.001, 'epoch': 16.0, 'step': 16}
[2025/08/12 12:23:33] - {'eval_loss': -62.943275451660156, 'eval_runtime': 0.4103, 'eval_samples_per_second': 9.75, 'eval_steps_per_second': 2.438, 'epoch': 16.0, 'step': 16}
[2025/08/12 12:23:33] - {'loss': -62.777, 'grad_norm': 25.233104705810547, 'learning_rate': 0.001, 'epoch': 17.0, 'step': 17}
[2025/08/12 12:23:33] - {'eval_loss': -63.98787307739258, 'eval_runtime': 0.4139, 'eval_samples_per_second': 9.663, 'eval_steps_per_second': 2.416, 'epoch': 17.0, 'step': 17}
[2025/08/12 12:23:33] - {'loss': -63.9447, 'grad_norm': 26.44829559326172, 'learning_rate': 0.001, 'epoch': 18.0, 'step': 18}
[2025/08/12 12:23:33] - {'eval_loss': -65.43340301513672, 'eval_runtime': 0.4378, 'eval_samples_per_second': 9.136, 'eval_steps_per_second': 2.284, 'epoch': 18.0, 'step': 18}
[2025/08/12 12:23:33] - {'loss': -65.423, 'grad_norm': 24.7341365814209, 'learning_rate': 0.001, 'epoch': 19.0, 'step': 19}
[2025/08/12 12:23:33] - {'eval_loss': -67.646728515625, 'eval_runtime': 0.418, 'eval_samples_per_second': 9.568, 'eval_steps_per_second': 2.392, 'epoch': 19.0, 'step': 19}
[2025/08/12 12:23:33] - {'loss': -67.055, 'grad_norm': 18.423460006713867, 'learning_rate': 0.001, 'epoch': 20.0, 'step': 20}
[2025/08/12 12:23:33] - {'eval_loss': -69.176025390625, 'eval_runtime': 0.4746, 'eval_samples_per_second': 8.429, 'eval_steps_per_second': 2.107, 'epoch': 20.0, 'step': 20}
[2025/08/12 12:23:33] - {'loss': -69.217, 'grad_norm': 15.43431282043457, 'learning_rate': 0.001, 'epoch': 21.0, 'step': 21}
[2025/08/12 12:23:33] - {'eval_loss': -68.99562072753906, 'eval_runtime': 0.4122, 'eval_samples_per_second': 9.703, 'eval_steps_per_second': 2.426, 'epoch': 21.0, 'step': 21}
[2025/08/12 12:23:33] - {'loss': -69.0108, 'grad_norm': 47.57234573364258, 'learning_rate': 0.001, 'epoch': 22.0, 'step': 22}
[2025/08/12 12:23:33] - {'eval_loss': -70.96924591064453, 'eval_runtime': 1.0337, 'eval_samples_per_second': 3.87, 'eval_steps_per_second': 0.967, 'epoch': 22.0, 'step': 22}
[2025/08/12 12:23:33] - {'loss': -70.902, 'grad_norm': 31.251956939697266, 'learning_rate': 0.001, 'epoch': 23.0, 'step': 23}
[2025/08/12 12:23:33] - {'eval_loss': -72.05137634277344, 'eval_runtime': 0.4142, 'eval_samples_per_second': 9.657, 'eval_steps_per_second': 2.414, 'epoch': 23.0, 'step': 23}
[2025/08/12 12:23:33] - {'loss': -71.9499, 'grad_norm': 25.6888427734375, 'learning_rate': 0.001, 'epoch': 24.0, 'step': 24}
[2025/08/12 12:23:33] - {'eval_loss': -73.04019165039062, 'eval_runtime': 0.4132, 'eval_samples_per_second': 9.68, 'eval_steps_per_second': 2.42, 'epoch': 24.0, 'step': 24}
[2025/08/12 12:23:33] - {'loss': -72.9288, 'grad_norm': 18.764556884765625, 'learning_rate': 0.001, 'epoch': 25.0, 'step': 25}
[2025/08/12 12:23:33] - {'eval_loss': -73.94963836669922, 'eval_runtime': 0.4124, 'eval_samples_per_second': 9.698, 'eval_steps_per_second': 2.425, 'epoch': 25.0, 'step': 25}
[2025/08/12 12:23:33] - {'train_runtime': 39.1942, 'train_samples_per_second': 2.551, 'train_steps_per_second': 0.638, 'total_flos': 0.0, 'train_loss': -42.602956725755355, 'epoch': 25.0, 'step': 25}
