[2025/08/12 12:25:37] - Detected kernel version 4.18.0, which is below the recommended minimum of 5.5.0; this can cause the process to hang. It is recommended to upgrade the kernel to the minimum version or higher.
[2025/08/12 12:25:37] - Using 4 GPUs
[2025/08/12 12:25:37] - Starting new HTTPS connection (1): huggingface.co:443
[2025/08/12 12:25:37] - Using 4 GPUs
[2025/08/12 12:25:37] - Starting new HTTPS connection (1): huggingface.co:443
[2025/08/12 12:25:37] - Using 4 GPUs
[2025/08/12 12:25:37] - Starting new HTTPS connection (1): huggingface.co:443
[2025/08/12 12:25:37] - Using 4 GPUs
[2025/08/12 12:25:38] - Starting new HTTPS connection (1): huggingface.co:443
[2025/08/12 12:26:17] - Starting new HTTPS connection (2): huggingface.co:443
[2025/08/12 12:26:18] - Starting new HTTPS connection (2): huggingface.co:443
[2025/08/12 12:26:18] - Starting new HTTPS connection (2): huggingface.co:443
[2025/08/12 12:26:18] - Starting new HTTPS connection (2): huggingface.co:443
[2025/08/12 12:28:00] - Starting new HTTPS connection (3): huggingface.co:443
[2025/08/12 12:28:00] - Starting new HTTPS connection (3): huggingface.co:443
[2025/08/12 12:28:00] - Starting new HTTPS connection (3): huggingface.co:443
[2025/08/12 12:28:00] - Starting new HTTPS connection (3): huggingface.co:443
[2025/08/12 12:28:40] - Loading bitsandbytes native library from: /home/hsc/ENV-3.10/lib/python3.10/site-packages/bitsandbytes/libbitsandbytes_cuda122.so
[2025/08/12 12:28:40] - Loading bitsandbytes native library from: /home/hsc/ENV-3.10/lib/python3.10/site-packages/bitsandbytes/libbitsandbytes_cuda122.so
[2025/08/12 12:28:40] - Loading bitsandbytes native library from: /home/hsc/ENV-3.10/lib/python3.10/site-packages/bitsandbytes/libbitsandbytes_cuda122.so
[2025/08/12 12:28:40] - Loading bitsandbytes native library from: /home/hsc/ENV-3.10/lib/python3.10/site-packages/bitsandbytes/libbitsandbytes_cuda122.so
[2025/08/12 12:28:54] - Detected kernel version 4.18.0, which is below the recommended minimum of 5.5.0; this can cause the process to hang. It is recommended to upgrade the kernel to the minimum version or higher.
[2025/08/12 12:29:39] - {'loss': 13.8635, 'grad_norm': 0.16902579367160797, 'learning_rate': 0.001, 'epoch': 1.0, 'step': 1}
[2025/08/12 12:29:39] - {'loss': 13.8635, 'grad_norm': 0.16902579367160797, 'learning_rate': 0.001, 'epoch': 1.0, 'step': 1}
[2025/08/12 12:29:39] - {'loss': 13.8635, 'grad_norm': 0.16902579367160797, 'learning_rate': 0.001, 'epoch': 1.0, 'step': 1}
[2025/08/12 12:29:39] - {'eval_loss': -0.7820342183113098, 'eval_runtime': 0.4063, 'eval_samples_per_second': 9.844, 'eval_steps_per_second': 2.461, 'epoch': 1.0, 'step': 1}
[2025/08/12 12:29:39] - {'eval_loss': -0.7820342183113098, 'eval_runtime': 0.4063, 'eval_samples_per_second': 9.844, 'eval_steps_per_second': 2.461, 'epoch': 1.0, 'step': 1}
[2025/08/12 12:29:39] - {'eval_loss': -0.7820342183113098, 'eval_runtime': 0.4063, 'eval_samples_per_second': 9.845, 'eval_steps_per_second': 2.461, 'epoch': 1.0, 'step': 1}
[2025/08/12 12:29:39] - {'loss': 3.5285, 'grad_norm': 13.575714111328125, 'learning_rate': 0.001, 'epoch': 2.0, 'step': 2}
[2025/08/12 12:29:39] - {'loss': 3.5285, 'grad_norm': 13.575714111328125, 'learning_rate': 0.001, 'epoch': 2.0, 'step': 2}
[2025/08/12 12:29:39] - {'loss': 3.5285, 'grad_norm': 13.575714111328125, 'learning_rate': 0.001, 'epoch': 2.0, 'step': 2}
[2025/08/12 12:29:39] - {'eval_loss': -2.7604293823242188, 'eval_runtime': 0.4032, 'eval_samples_per_second': 9.92, 'eval_steps_per_second': 2.48, 'epoch': 2.0, 'step': 2}
[2025/08/12 12:29:39] - {'eval_loss': -2.7604293823242188, 'eval_runtime': 0.4034, 'eval_samples_per_second': 9.916, 'eval_steps_per_second': 2.479, 'epoch': 2.0, 'step': 2}
[2025/08/12 12:29:39] - {'eval_loss': -2.7604293823242188, 'eval_runtime': 0.4054, 'eval_samples_per_second': 9.866, 'eval_steps_per_second': 2.467, 'epoch': 2.0, 'step': 2}
[2025/08/12 12:29:39] - {'loss': 0.0798, 'grad_norm': 1.022351622581482, 'learning_rate': 0.001, 'epoch': 3.0, 'step': 3}
[2025/08/12 12:29:39] - {'loss': 0.0798, 'grad_norm': 1.022351622581482, 'learning_rate': 0.001, 'epoch': 3.0, 'step': 3}
[2025/08/12 12:29:39] - {'loss': 0.0798, 'grad_norm': 1.022351622581482, 'learning_rate': 0.001, 'epoch': 3.0, 'step': 3}
[2025/08/12 12:29:39] - {'eval_loss': -5.25983190536499, 'eval_runtime': 0.4015, 'eval_samples_per_second': 9.963, 'eval_steps_per_second': 2.491, 'epoch': 3.0, 'step': 3}
[2025/08/12 12:29:39] - {'eval_loss': -5.25983190536499, 'eval_runtime': 0.4015, 'eval_samples_per_second': 9.964, 'eval_steps_per_second': 2.491, 'epoch': 3.0, 'step': 3}
[2025/08/12 12:29:39] - {'eval_loss': -5.25983190536499, 'eval_runtime': 0.4014, 'eval_samples_per_second': 9.964, 'eval_steps_per_second': 2.491, 'epoch': 3.0, 'step': 3}
[2025/08/12 12:29:39] - {'loss': 0.0382, 'grad_norm': 2.761547803878784, 'learning_rate': 0.001, 'epoch': 4.0, 'step': 4}
[2025/08/12 12:29:39] - {'loss': 0.0382, 'grad_norm': 2.761547803878784, 'learning_rate': 0.001, 'epoch': 4.0, 'step': 4}
[2025/08/12 12:29:39] - {'loss': 0.0382, 'grad_norm': 2.761547803878784, 'learning_rate': 0.001, 'epoch': 4.0, 'step': 4}
[2025/08/12 12:29:39] - {'eval_loss': -5.477541923522949, 'eval_runtime': 0.4002, 'eval_samples_per_second': 9.995, 'eval_steps_per_second': 2.499, 'epoch': 4.0, 'step': 4}
[2025/08/12 12:29:39] - {'eval_loss': -5.477541923522949, 'eval_runtime': 0.4001, 'eval_samples_per_second': 9.998, 'eval_steps_per_second': 2.5, 'epoch': 4.0, 'step': 4}
[2025/08/12 12:29:39] - {'eval_loss': -5.477541923522949, 'eval_runtime': 0.4002, 'eval_samples_per_second': 9.994, 'eval_steps_per_second': 2.499, 'epoch': 4.0, 'step': 4}
[2025/08/12 12:29:39] - {'loss': 0.1091, 'grad_norm': 2.64280366897583, 'learning_rate': 0.001, 'epoch': 5.0, 'step': 5}
[2025/08/12 12:29:39] - {'loss': 0.1091, 'grad_norm': 2.64280366897583, 'learning_rate': 0.001, 'epoch': 5.0, 'step': 5}
[2025/08/12 12:29:39] - {'loss': 0.1091, 'grad_norm': 2.64280366897583, 'learning_rate': 0.001, 'epoch': 5.0, 'step': 5}
[2025/08/12 12:29:39] - {'eval_loss': -5.648660659790039, 'eval_runtime': 0.4018, 'eval_samples_per_second': 9.956, 'eval_steps_per_second': 2.489, 'epoch': 5.0, 'step': 5}
[2025/08/12 12:29:39] - {'eval_loss': -5.648660659790039, 'eval_runtime': 0.4018, 'eval_samples_per_second': 9.956, 'eval_steps_per_second': 2.489, 'epoch': 5.0, 'step': 5}
[2025/08/12 12:29:39] - {'eval_loss': -5.648660659790039, 'eval_runtime': 0.4018, 'eval_samples_per_second': 9.955, 'eval_steps_per_second': 2.489, 'epoch': 5.0, 'step': 5}
[2025/08/12 12:29:39] - {'loss': 0.2072, 'grad_norm': 6.889127254486084, 'learning_rate': 0.001, 'epoch': 6.0, 'step': 6}
[2025/08/12 12:29:39] - {'loss': 0.2072, 'grad_norm': 6.889127254486084, 'learning_rate': 0.001, 'epoch': 6.0, 'step': 6}
[2025/08/12 12:29:39] - {'loss': 0.2072, 'grad_norm': 6.889127254486084, 'learning_rate': 0.001, 'epoch': 6.0, 'step': 6}
[2025/08/12 12:29:39] - {'eval_loss': -5.831326961517334, 'eval_runtime': 0.399, 'eval_samples_per_second': 10.024, 'eval_steps_per_second': 2.506, 'epoch': 6.0, 'step': 6}
[2025/08/12 12:29:39] - {'eval_loss': -5.831326961517334, 'eval_runtime': 0.4898, 'eval_samples_per_second': 8.167, 'eval_steps_per_second': 2.042, 'epoch': 6.0, 'step': 6}
[2025/08/12 12:29:39] - {'eval_loss': -5.831326961517334, 'eval_runtime': 0.3999, 'eval_samples_per_second': 10.003, 'eval_steps_per_second': 2.501, 'epoch': 6.0, 'step': 6}
[2025/08/12 12:29:39] - {'loss': 0.0112, 'grad_norm': 1.6999666690826416, 'learning_rate': 0.001, 'epoch': 7.0, 'step': 7}
[2025/08/12 12:29:39] - {'loss': 0.0112, 'grad_norm': 1.6999666690826416, 'learning_rate': 0.001, 'epoch': 7.0, 'step': 7}
[2025/08/12 12:29:39] - {'loss': 0.0112, 'grad_norm': 1.6999666690826416, 'learning_rate': 0.001, 'epoch': 7.0, 'step': 7}
[2025/08/12 12:29:39] - {'eval_loss': -5.929315090179443, 'eval_runtime': 0.4008, 'eval_samples_per_second': 9.98, 'eval_steps_per_second': 2.495, 'epoch': 7.0, 'step': 7}
[2025/08/12 12:29:39] - {'eval_loss': -5.929315090179443, 'eval_runtime': 0.4008, 'eval_samples_per_second': 9.981, 'eval_steps_per_second': 2.495, 'epoch': 7.0, 'step': 7}
[2025/08/12 12:29:39] - {'eval_loss': -5.929315090179443, 'eval_runtime': 0.4008, 'eval_samples_per_second': 9.98, 'eval_steps_per_second': 2.495, 'epoch': 7.0, 'step': 7}
[2025/08/12 12:29:39] - {'loss': 0.5562, 'grad_norm': 5.876460552215576, 'learning_rate': 0.001, 'epoch': 8.0, 'step': 8}
[2025/08/12 12:29:39] - {'loss': 0.5562, 'grad_norm': 5.876460552215576, 'learning_rate': 0.001, 'epoch': 8.0, 'step': 8}
[2025/08/12 12:29:39] - {'loss': 0.5562, 'grad_norm': 5.876460552215576, 'learning_rate': 0.001, 'epoch': 8.0, 'step': 8}
[2025/08/12 12:29:39] - {'eval_loss': -5.724882125854492, 'eval_runtime': 0.4016, 'eval_samples_per_second': 9.959, 'eval_steps_per_second': 2.49, 'epoch': 8.0, 'step': 8}
[2025/08/12 12:29:39] - {'eval_loss': -5.724882125854492, 'eval_runtime': 0.401, 'eval_samples_per_second': 9.976, 'eval_steps_per_second': 2.494, 'epoch': 8.0, 'step': 8}
[2025/08/12 12:29:39] - {'eval_loss': -5.724882125854492, 'eval_runtime': 0.4016, 'eval_samples_per_second': 9.961, 'eval_steps_per_second': 2.49, 'epoch': 8.0, 'step': 8}
[2025/08/12 12:29:39] - {'loss': 0.1726, 'grad_norm': 4.662782669067383, 'learning_rate': 0.001, 'epoch': 9.0, 'step': 9}
[2025/08/12 12:29:39] - {'loss': 0.1726, 'grad_norm': 4.662782669067383, 'learning_rate': 0.001, 'epoch': 9.0, 'step': 9}
[2025/08/12 12:29:39] - {'loss': 0.1726, 'grad_norm': 4.662782669067383, 'learning_rate': 0.001, 'epoch': 9.0, 'step': 9}
[2025/08/12 12:29:39] - {'eval_loss': -5.394972324371338, 'eval_runtime': 0.4028, 'eval_samples_per_second': 9.931, 'eval_steps_per_second': 2.483, 'epoch': 9.0, 'step': 9}
[2025/08/12 12:29:39] - {'eval_loss': -5.394972324371338, 'eval_runtime': 0.4028, 'eval_samples_per_second': 9.931, 'eval_steps_per_second': 2.483, 'epoch': 9.0, 'step': 9}
[2025/08/12 12:29:39] - {'eval_loss': -5.394972324371338, 'eval_runtime': 0.4027, 'eval_samples_per_second': 9.933, 'eval_steps_per_second': 2.483, 'epoch': 9.0, 'step': 9}
[2025/08/12 12:29:39] - {'loss': 0.0103, 'grad_norm': 1.3882235288619995, 'learning_rate': 0.001, 'epoch': 10.0, 'step': 10}
[2025/08/12 12:29:39] - {'loss': 0.0103, 'grad_norm': 1.3882235288619995, 'learning_rate': 0.001, 'epoch': 10.0, 'step': 10}
[2025/08/12 12:29:39] - {'loss': 0.0103, 'grad_norm': 1.3882235288619995, 'learning_rate': 0.001, 'epoch': 10.0, 'step': 10}
[2025/08/12 12:29:39] - {'eval_loss': -4.949215888977051, 'eval_runtime': 0.3997, 'eval_samples_per_second': 10.007, 'eval_steps_per_second': 2.502, 'epoch': 10.0, 'step': 10}
[2025/08/12 12:29:39] - {'eval_loss': -4.949215888977051, 'eval_runtime': 0.4004, 'eval_samples_per_second': 9.99, 'eval_steps_per_second': 2.497, 'epoch': 10.0, 'step': 10}
[2025/08/12 12:29:39] - {'eval_loss': -4.949215888977051, 'eval_runtime': 0.4004, 'eval_samples_per_second': 9.989, 'eval_steps_per_second': 2.497, 'epoch': 10.0, 'step': 10}
[2025/08/12 12:29:39] - {'loss': 0.0044, 'grad_norm': 0.22291815280914307, 'learning_rate': 0.001, 'epoch': 11.0, 'step': 11}
[2025/08/12 12:29:39] - {'loss': 0.0044, 'grad_norm': 0.22291815280914307, 'learning_rate': 0.001, 'epoch': 11.0, 'step': 11}
[2025/08/12 12:29:39] - {'loss': 0.0044, 'grad_norm': 0.22291815280914307, 'learning_rate': 0.001, 'epoch': 11.0, 'step': 11}
[2025/08/12 12:29:39] - {'eval_loss': -4.817740440368652, 'eval_runtime': 0.4011, 'eval_samples_per_second': 9.973, 'eval_steps_per_second': 2.493, 'epoch': 11.0, 'step': 11}
[2025/08/12 12:29:39] - {'eval_loss': -4.817740440368652, 'eval_runtime': 0.4011, 'eval_samples_per_second': 9.972, 'eval_steps_per_second': 2.493, 'epoch': 11.0, 'step': 11}
[2025/08/12 12:29:39] - {'eval_loss': -4.817740440368652, 'eval_runtime': 0.4011, 'eval_samples_per_second': 9.972, 'eval_steps_per_second': 2.493, 'epoch': 11.0, 'step': 11}
[2025/08/12 12:29:39] - {'loss': 0.092, 'grad_norm': 3.8967368602752686, 'learning_rate': 0.001, 'epoch': 12.0, 'step': 12}
[2025/08/12 12:29:39] - {'loss': 0.092, 'grad_norm': 3.8967368602752686, 'learning_rate': 0.001, 'epoch': 12.0, 'step': 12}
[2025/08/12 12:29:39] - {'loss': 0.092, 'grad_norm': 3.8967368602752686, 'learning_rate': 0.001, 'epoch': 12.0, 'step': 12}
[2025/08/12 12:29:39] - {'eval_loss': -5.0275959968566895, 'eval_runtime': 0.4568, 'eval_samples_per_second': 8.757, 'eval_steps_per_second': 2.189, 'epoch': 12.0, 'step': 12}
[2025/08/12 12:29:39] - {'eval_loss': -5.0275959968566895, 'eval_runtime': 0.3954, 'eval_samples_per_second': 10.116, 'eval_steps_per_second': 2.529, 'epoch': 12.0, 'step': 12}
[2025/08/12 12:29:39] - {'eval_loss': -5.0275959968566895, 'eval_runtime': 0.3952, 'eval_samples_per_second': 10.121, 'eval_steps_per_second': 2.53, 'epoch': 12.0, 'step': 12}
[2025/08/12 12:29:39] - {'loss': 0.021, 'grad_norm': 0.669475257396698, 'learning_rate': 0.001, 'epoch': 13.0, 'step': 13}
[2025/08/12 12:29:39] - {'loss': 0.021, 'grad_norm': 0.669475257396698, 'learning_rate': 0.001, 'epoch': 13.0, 'step': 13}
[2025/08/12 12:29:39] - {'loss': 0.021, 'grad_norm': 0.669475257396698, 'learning_rate': 0.001, 'epoch': 13.0, 'step': 13}
[2025/08/12 12:29:39] - {'eval_loss': -5.789300918579102, 'eval_runtime': 0.4, 'eval_samples_per_second': 10.001, 'eval_steps_per_second': 2.5, 'epoch': 13.0, 'step': 13}
[2025/08/12 12:29:39] - {'eval_loss': -5.789300918579102, 'eval_runtime': 0.3998, 'eval_samples_per_second': 10.004, 'eval_steps_per_second': 2.501, 'epoch': 13.0, 'step': 13}
[2025/08/12 12:29:39] - {'eval_loss': -5.789300918579102, 'eval_runtime': 0.4, 'eval_samples_per_second': 10.001, 'eval_steps_per_second': 2.5, 'epoch': 13.0, 'step': 13}
[2025/08/12 12:29:39] - {'loss': 0.4156, 'grad_norm': 16.867305755615234, 'learning_rate': 0.001, 'epoch': 14.0, 'step': 14}
[2025/08/12 12:29:39] - {'loss': 0.4156, 'grad_norm': 16.867305755615234, 'learning_rate': 0.001, 'epoch': 14.0, 'step': 14}
[2025/08/12 12:29:39] - {'loss': 0.4156, 'grad_norm': 16.867305755615234, 'learning_rate': 0.001, 'epoch': 14.0, 'step': 14}
[2025/08/12 12:29:39] - {'eval_loss': -6.248907566070557, 'eval_runtime': 0.401, 'eval_samples_per_second': 9.975, 'eval_steps_per_second': 2.494, 'epoch': 14.0, 'step': 14}
[2025/08/12 12:29:39] - {'eval_loss': -6.248907566070557, 'eval_runtime': 0.4009, 'eval_samples_per_second': 9.978, 'eval_steps_per_second': 2.494, 'epoch': 14.0, 'step': 14}
[2025/08/12 12:29:39] - {'eval_loss': -6.248907566070557, 'eval_runtime': 0.4009, 'eval_samples_per_second': 9.977, 'eval_steps_per_second': 2.494, 'epoch': 14.0, 'step': 14}
[2025/08/12 12:29:39] - {'loss': 0.2268, 'grad_norm': 4.0674333572387695, 'learning_rate': 0.001, 'epoch': 15.0, 'step': 15}
[2025/08/12 12:29:39] - {'loss': 0.2268, 'grad_norm': 4.0674333572387695, 'learning_rate': 0.001, 'epoch': 15.0, 'step': 15}
[2025/08/12 12:29:39] - {'loss': 0.2268, 'grad_norm': 4.0674333572387695, 'learning_rate': 0.001, 'epoch': 15.0, 'step': 15}
[2025/08/12 12:29:39] - {'eval_loss': -6.617119312286377, 'eval_runtime': 0.4049, 'eval_samples_per_second': 9.88, 'eval_steps_per_second': 2.47, 'epoch': 15.0, 'step': 15}
[2025/08/12 12:29:39] - {'eval_loss': -6.617119312286377, 'eval_runtime': 0.405, 'eval_samples_per_second': 9.877, 'eval_steps_per_second': 2.469, 'epoch': 15.0, 'step': 15}
[2025/08/12 12:29:39] - {'eval_loss': -6.617119312286377, 'eval_runtime': 0.405, 'eval_samples_per_second': 9.877, 'eval_steps_per_second': 2.469, 'epoch': 15.0, 'step': 15}
[2025/08/12 12:29:39] - {'loss': 0.3927, 'grad_norm': 8.112092971801758, 'learning_rate': 0.001, 'epoch': 16.0, 'step': 16}
[2025/08/12 12:29:39] - {'loss': 0.3927, 'grad_norm': 8.112092971801758, 'learning_rate': 0.001, 'epoch': 16.0, 'step': 16}
[2025/08/12 12:29:39] - {'loss': 0.3927, 'grad_norm': 8.112092971801758, 'learning_rate': 0.001, 'epoch': 16.0, 'step': 16}
[2025/08/12 12:29:39] - {'eval_loss': -6.871799945831299, 'eval_runtime': 0.4009, 'eval_samples_per_second': 9.978, 'eval_steps_per_second': 2.495, 'epoch': 16.0, 'step': 16}
[2025/08/12 12:29:39] - {'eval_loss': -6.871799945831299, 'eval_runtime': 0.4008, 'eval_samples_per_second': 9.979, 'eval_steps_per_second': 2.495, 'epoch': 16.0, 'step': 16}
[2025/08/12 12:29:39] - {'eval_loss': -6.871799945831299, 'eval_runtime': 0.4002, 'eval_samples_per_second': 9.994, 'eval_steps_per_second': 2.499, 'epoch': 16.0, 'step': 16}
[2025/08/12 12:29:39] - {'loss': 0.0672, 'grad_norm': 3.135056257247925, 'learning_rate': 0.001, 'epoch': 17.0, 'step': 17}
[2025/08/12 12:29:39] - {'loss': 0.0672, 'grad_norm': 3.135056257247925, 'learning_rate': 0.001, 'epoch': 17.0, 'step': 17}
[2025/08/12 12:29:39] - {'loss': 0.0672, 'grad_norm': 3.135056257247925, 'learning_rate': 0.001, 'epoch': 17.0, 'step': 17}
[2025/08/12 12:29:39] - {'eval_loss': -6.888384819030762, 'eval_runtime': 0.4014, 'eval_samples_per_second': 9.965, 'eval_steps_per_second': 2.491, 'epoch': 17.0, 'step': 17}
[2025/08/12 12:29:39] - {'eval_loss': -6.888384819030762, 'eval_runtime': 0.4015, 'eval_samples_per_second': 9.964, 'eval_steps_per_second': 2.491, 'epoch': 17.0, 'step': 17}
[2025/08/12 12:29:39] - {'eval_loss': -6.888384819030762, 'eval_runtime': 0.4015, 'eval_samples_per_second': 9.962, 'eval_steps_per_second': 2.491, 'epoch': 17.0, 'step': 17}
[2025/08/12 12:29:39] - {'loss': 0.0455, 'grad_norm': 0.38860654830932617, 'learning_rate': 0.001, 'epoch': 18.0, 'step': 18}
[2025/08/12 12:29:39] - {'loss': 0.0455, 'grad_norm': 0.38860654830932617, 'learning_rate': 0.001, 'epoch': 18.0, 'step': 18}
[2025/08/12 12:29:39] - {'loss': 0.0455, 'grad_norm': 0.38860654830932617, 'learning_rate': 0.001, 'epoch': 18.0, 'step': 18}
[2025/08/12 12:29:39] - {'eval_loss': -6.834127902984619, 'eval_runtime': 0.4021, 'eval_samples_per_second': 9.949, 'eval_steps_per_second': 2.487, 'epoch': 18.0, 'step': 18}
[2025/08/12 12:29:39] - {'eval_loss': -6.834127902984619, 'eval_runtime': 0.4023, 'eval_samples_per_second': 9.942, 'eval_steps_per_second': 2.486, 'epoch': 18.0, 'step': 18}
[2025/08/12 12:29:39] - {'eval_loss': -6.834127902984619, 'eval_runtime': 0.4022, 'eval_samples_per_second': 9.945, 'eval_steps_per_second': 2.486, 'epoch': 18.0, 'step': 18}
[2025/08/12 12:29:39] - {'loss': 0.0084, 'grad_norm': 0.44842442870140076, 'learning_rate': 0.001, 'epoch': 19.0, 'step': 19}
[2025/08/12 12:29:39] - {'loss': 0.0084, 'grad_norm': 0.44842442870140076, 'learning_rate': 0.001, 'epoch': 19.0, 'step': 19}
[2025/08/12 12:29:39] - {'loss': 0.0084, 'grad_norm': 0.44842442870140076, 'learning_rate': 0.001, 'epoch': 19.0, 'step': 19}
[2025/08/12 12:29:39] - {'eval_loss': -6.647739887237549, 'eval_runtime': 0.4026, 'eval_samples_per_second': 9.936, 'eval_steps_per_second': 2.484, 'epoch': 19.0, 'step': 19}
[2025/08/12 12:29:39] - {'eval_loss': -6.647739887237549, 'eval_runtime': 0.4027, 'eval_samples_per_second': 9.933, 'eval_steps_per_second': 2.483, 'epoch': 19.0, 'step': 19}
[2025/08/12 12:29:39] - {'eval_loss': -6.647739887237549, 'eval_runtime': 0.4026, 'eval_samples_per_second': 9.935, 'eval_steps_per_second': 2.484, 'epoch': 19.0, 'step': 19}
[2025/08/12 12:29:39] - {'loss': 0.1079, 'grad_norm': 8.643168449401855, 'learning_rate': 0.001, 'epoch': 20.0, 'step': 20}
[2025/08/12 12:29:39] - {'loss': 0.1079, 'grad_norm': 8.643168449401855, 'learning_rate': 0.001, 'epoch': 20.0, 'step': 20}
[2025/08/12 12:29:39] - {'loss': 0.1079, 'grad_norm': 8.643168449401855, 'learning_rate': 0.001, 'epoch': 20.0, 'step': 20}
[2025/08/12 12:29:39] - {'eval_loss': -5.941557884216309, 'eval_runtime': 0.4028, 'eval_samples_per_second': 9.931, 'eval_steps_per_second': 2.483, 'epoch': 20.0, 'step': 20}
[2025/08/12 12:29:39] - {'eval_loss': -5.941557884216309, 'eval_runtime': 0.7436, 'eval_samples_per_second': 5.379, 'eval_steps_per_second': 1.345, 'epoch': 20.0, 'step': 20}
[2025/08/12 12:29:39] - {'eval_loss': -5.941557884216309, 'eval_runtime': 0.4028, 'eval_samples_per_second': 9.931, 'eval_steps_per_second': 2.483, 'epoch': 20.0, 'step': 20}
[2025/08/12 12:29:39] - {'loss': 0.404, 'grad_norm': 15.141189575195312, 'learning_rate': 0.001, 'epoch': 21.0, 'step': 21}
[2025/08/12 12:29:39] - {'loss': 0.404, 'grad_norm': 15.141189575195312, 'learning_rate': 0.001, 'epoch': 21.0, 'step': 21}
[2025/08/12 12:29:39] - {'loss': 0.404, 'grad_norm': 15.141189575195312, 'learning_rate': 0.001, 'epoch': 21.0, 'step': 21}
[2025/08/12 12:29:39] - {'eval_loss': -5.480998516082764, 'eval_runtime': 0.4, 'eval_samples_per_second': 10.0, 'eval_steps_per_second': 2.5, 'epoch': 21.0, 'step': 21}
[2025/08/12 12:29:39] - {'eval_loss': -5.480998516082764, 'eval_runtime': 0.4001, 'eval_samples_per_second': 9.997, 'eval_steps_per_second': 2.499, 'epoch': 21.0, 'step': 21}
[2025/08/12 12:29:39] - {'eval_loss': -5.480998516082764, 'eval_runtime': 0.4001, 'eval_samples_per_second': 9.997, 'eval_steps_per_second': 2.499, 'epoch': 21.0, 'step': 21}
[2025/08/12 12:29:39] - {'loss': 0.3525, 'grad_norm': 10.710124015808105, 'learning_rate': 0.001, 'epoch': 22.0, 'step': 22}
[2025/08/12 12:29:39] - {'loss': 0.3525, 'grad_norm': 10.710124015808105, 'learning_rate': 0.001, 'epoch': 22.0, 'step': 22}
[2025/08/12 12:29:39] - {'loss': 0.3525, 'grad_norm': 10.710124015808105, 'learning_rate': 0.001, 'epoch': 22.0, 'step': 22}
[2025/08/12 12:29:39] - {'eval_loss': -5.540069103240967, 'eval_runtime': 0.6242, 'eval_samples_per_second': 6.408, 'eval_steps_per_second': 1.602, 'epoch': 22.0, 'step': 22}
[2025/08/12 12:29:39] - {'eval_loss': -5.540069103240967, 'eval_runtime': 0.3952, 'eval_samples_per_second': 10.121, 'eval_steps_per_second': 2.53, 'epoch': 22.0, 'step': 22}
[2025/08/12 12:29:39] - {'eval_loss': -5.540069103240967, 'eval_runtime': 0.3955, 'eval_samples_per_second': 10.115, 'eval_steps_per_second': 2.529, 'epoch': 22.0, 'step': 22}
[2025/08/12 12:29:39] - {'loss': 0.4248, 'grad_norm': 5.048269748687744, 'learning_rate': 0.001, 'epoch': 23.0, 'step': 23}
[2025/08/12 12:29:39] - {'loss': 0.4248, 'grad_norm': 5.048269748687744, 'learning_rate': 0.001, 'epoch': 23.0, 'step': 23}
[2025/08/12 12:29:39] - {'loss': 0.4248, 'grad_norm': 5.048269748687744, 'learning_rate': 0.001, 'epoch': 23.0, 'step': 23}
[2025/08/12 12:29:39] - {'eval_loss': -5.532254695892334, 'eval_runtime': 0.4019, 'eval_samples_per_second': 9.952, 'eval_steps_per_second': 2.488, 'epoch': 23.0, 'step': 23}
[2025/08/12 12:29:39] - {'eval_loss': -5.532254695892334, 'eval_runtime': 0.4019, 'eval_samples_per_second': 9.952, 'eval_steps_per_second': 2.488, 'epoch': 23.0, 'step': 23}
[2025/08/12 12:29:39] - {'eval_loss': -5.532254695892334, 'eval_runtime': 0.4019, 'eval_samples_per_second': 9.952, 'eval_steps_per_second': 2.488, 'epoch': 23.0, 'step': 23}
[2025/08/12 12:29:39] - {'loss': 0.3901, 'grad_norm': 4.677413463592529, 'learning_rate': 0.001, 'epoch': 24.0, 'step': 24}
[2025/08/12 12:29:39] - {'loss': 0.3901, 'grad_norm': 4.677413463592529, 'learning_rate': 0.001, 'epoch': 24.0, 'step': 24}
[2025/08/12 12:29:39] - {'loss': 0.3901, 'grad_norm': 4.677413463592529, 'learning_rate': 0.001, 'epoch': 24.0, 'step': 24}
[2025/08/12 12:29:39] - {'eval_loss': -5.8245673179626465, 'eval_runtime': 0.4022, 'eval_samples_per_second': 9.944, 'eval_steps_per_second': 2.486, 'epoch': 24.0, 'step': 24}
[2025/08/12 12:29:39] - {'eval_loss': -5.8245673179626465, 'eval_runtime': 0.69, 'eval_samples_per_second': 5.797, 'eval_steps_per_second': 1.449, 'epoch': 24.0, 'step': 24}
[2025/08/12 12:29:39] - {'eval_loss': -5.8245673179626465, 'eval_runtime': 0.4021, 'eval_samples_per_second': 9.947, 'eval_steps_per_second': 2.487, 'epoch': 24.0, 'step': 24}
[2025/08/12 12:29:39] - {'loss': 0.0957, 'grad_norm': 3.8508501052856445, 'learning_rate': 0.001, 'epoch': 25.0, 'step': 25}
[2025/08/12 12:29:39] - {'loss': 0.0957, 'grad_norm': 3.8508501052856445, 'learning_rate': 0.001, 'epoch': 25.0, 'step': 25}
[2025/08/12 12:29:39] - {'loss': 0.0957, 'grad_norm': 3.8508501052856445, 'learning_rate': 0.001, 'epoch': 25.0, 'step': 25}
[2025/08/12 12:29:39] - {'eval_loss': -6.010539531707764, 'eval_runtime': 0.4023, 'eval_samples_per_second': 9.944, 'eval_steps_per_second': 2.486, 'epoch': 25.0, 'step': 25}
[2025/08/12 12:29:39] - {'eval_loss': -6.010539531707764, 'eval_runtime': 0.4023, 'eval_samples_per_second': 9.944, 'eval_steps_per_second': 2.486, 'epoch': 25.0, 'step': 25}
[2025/08/12 12:29:39] - {'eval_loss': -6.010539531707764, 'eval_runtime': 0.4023, 'eval_samples_per_second': 9.943, 'eval_steps_per_second': 2.486, 'epoch': 25.0, 'step': 25}
[2025/08/12 12:29:39] - {'train_runtime': 39.8174, 'train_samples_per_second': 2.511, 'train_steps_per_second': 0.628, 'total_flos': 0.0, 'train_loss': 0.865008482709527, 'epoch': 25.0, 'step': 25}
[2025/08/12 12:29:39] - {'train_runtime': 39.8174, 'train_samples_per_second': 2.511, 'train_steps_per_second': 0.628, 'total_flos': 0.0, 'train_loss': 0.865008482709527, 'epoch': 25.0, 'step': 25}
[2025/08/12 12:29:39] - {'train_runtime': 39.8175, 'train_samples_per_second': 2.511, 'train_steps_per_second': 0.628, 'total_flos': 0.0, 'train_loss': 0.865008482709527, 'epoch': 25.0, 'step': 25}
[2025/08/12 12:29:39] - {'loss': 13.8635, 'grad_norm': 0.16902579367160797, 'learning_rate': 0.001, 'epoch': 1.0, 'step': 1}
[2025/08/12 12:29:39] - {'eval_loss': -0.7820342183113098, 'eval_runtime': 0.4062, 'eval_samples_per_second': 9.847, 'eval_steps_per_second': 2.462, 'epoch': 1.0, 'step': 1}
[2025/08/12 12:29:39] - {'loss': 3.5285, 'grad_norm': 13.575714111328125, 'learning_rate': 0.001, 'epoch': 2.0, 'step': 2}
[2025/08/12 12:29:39] - {'eval_loss': -2.7604293823242188, 'eval_runtime': 0.6792, 'eval_samples_per_second': 5.889, 'eval_steps_per_second': 1.472, 'epoch': 2.0, 'step': 2}
[2025/08/12 12:29:39] - {'loss': 0.0798, 'grad_norm': 1.022351622581482, 'learning_rate': 0.001, 'epoch': 3.0, 'step': 3}
[2025/08/12 12:29:39] - {'eval_loss': -5.25983190536499, 'eval_runtime': 0.4011, 'eval_samples_per_second': 9.973, 'eval_steps_per_second': 2.493, 'epoch': 3.0, 'step': 3}
[2025/08/12 12:29:39] - {'loss': 0.0382, 'grad_norm': 2.761547803878784, 'learning_rate': 0.001, 'epoch': 4.0, 'step': 4}
[2025/08/12 12:29:39] - {'eval_loss': -5.477541923522949, 'eval_runtime': 0.4002, 'eval_samples_per_second': 9.995, 'eval_steps_per_second': 2.499, 'epoch': 4.0, 'step': 4}
[2025/08/12 12:29:39] - {'loss': 0.1091, 'grad_norm': 2.64280366897583, 'learning_rate': 0.001, 'epoch': 5.0, 'step': 5}
[2025/08/12 12:29:39] - {'eval_loss': -5.648660659790039, 'eval_runtime': 0.4015, 'eval_samples_per_second': 9.963, 'eval_steps_per_second': 2.491, 'epoch': 5.0, 'step': 5}
[2025/08/12 12:29:39] - {'loss': 0.2072, 'grad_norm': 6.889127254486084, 'learning_rate': 0.001, 'epoch': 6.0, 'step': 6}
[2025/08/12 12:29:39] - {'eval_loss': -5.831326961517334, 'eval_runtime': 0.3999, 'eval_samples_per_second': 10.003, 'eval_steps_per_second': 2.501, 'epoch': 6.0, 'step': 6}
[2025/08/12 12:29:39] - {'loss': 0.0112, 'grad_norm': 1.6999666690826416, 'learning_rate': 0.001, 'epoch': 7.0, 'step': 7}
[2025/08/12 12:29:39] - {'eval_loss': -5.929315090179443, 'eval_runtime': 0.4004, 'eval_samples_per_second': 9.99, 'eval_steps_per_second': 2.497, 'epoch': 7.0, 'step': 7}
[2025/08/12 12:29:39] - {'loss': 0.5562, 'grad_norm': 5.876460552215576, 'learning_rate': 0.001, 'epoch': 8.0, 'step': 8}
[2025/08/12 12:29:39] - {'eval_loss': -5.724882125854492, 'eval_runtime': 0.4015, 'eval_samples_per_second': 9.962, 'eval_steps_per_second': 2.49, 'epoch': 8.0, 'step': 8}
[2025/08/12 12:29:39] - {'loss': 0.1726, 'grad_norm': 4.662782669067383, 'learning_rate': 0.001, 'epoch': 9.0, 'step': 9}
[2025/08/12 12:29:39] - {'eval_loss': -5.394972324371338, 'eval_runtime': 0.4023, 'eval_samples_per_second': 9.943, 'eval_steps_per_second': 2.486, 'epoch': 9.0, 'step': 9}
[2025/08/12 12:29:39] - {'loss': 0.0103, 'grad_norm': 1.3882235288619995, 'learning_rate': 0.001, 'epoch': 10.0, 'step': 10}
[2025/08/12 12:29:39] - {'eval_loss': -4.949215888977051, 'eval_runtime': 0.4004, 'eval_samples_per_second': 9.991, 'eval_steps_per_second': 2.498, 'epoch': 10.0, 'step': 10}
[2025/08/12 12:29:39] - {'loss': 0.0044, 'grad_norm': 0.22291815280914307, 'learning_rate': 0.001, 'epoch': 11.0, 'step': 11}
[2025/08/12 12:29:39] - {'eval_loss': -4.817740440368652, 'eval_runtime': 0.4008, 'eval_samples_per_second': 9.98, 'eval_steps_per_second': 2.495, 'epoch': 11.0, 'step': 11}
[2025/08/12 12:29:39] - {'loss': 0.092, 'grad_norm': 3.8967368602752686, 'learning_rate': 0.001, 'epoch': 12.0, 'step': 12}
[2025/08/12 12:29:39] - {'eval_loss': -5.0275959968566895, 'eval_runtime': 0.3934, 'eval_samples_per_second': 10.168, 'eval_steps_per_second': 2.542, 'epoch': 12.0, 'step': 12}
[2025/08/12 12:29:39] - {'loss': 0.021, 'grad_norm': 0.669475257396698, 'learning_rate': 0.001, 'epoch': 13.0, 'step': 13}
[2025/08/12 12:29:39] - {'eval_loss': -5.789300918579102, 'eval_runtime': 0.3997, 'eval_samples_per_second': 10.007, 'eval_steps_per_second': 2.502, 'epoch': 13.0, 'step': 13}
[2025/08/12 12:29:39] - {'loss': 0.4156, 'grad_norm': 16.867305755615234, 'learning_rate': 0.001, 'epoch': 14.0, 'step': 14}
[2025/08/12 12:29:39] - {'eval_loss': -6.248907566070557, 'eval_runtime': 0.4008, 'eval_samples_per_second': 9.981, 'eval_steps_per_second': 2.495, 'epoch': 14.0, 'step': 14}
[2025/08/12 12:29:39] - {'loss': 0.2268, 'grad_norm': 4.0674333572387695, 'learning_rate': 0.001, 'epoch': 15.0, 'step': 15}
[2025/08/12 12:29:39] - {'eval_loss': -6.617119312286377, 'eval_runtime': 0.4048, 'eval_samples_per_second': 9.882, 'eval_steps_per_second': 2.47, 'epoch': 15.0, 'step': 15}
[2025/08/12 12:29:39] - {'loss': 0.3927, 'grad_norm': 8.112092971801758, 'learning_rate': 0.001, 'epoch': 16.0, 'step': 16}
[2025/08/12 12:29:39] - {'eval_loss': -6.871799945831299, 'eval_runtime': 0.4011, 'eval_samples_per_second': 9.972, 'eval_steps_per_second': 2.493, 'epoch': 16.0, 'step': 16}
[2025/08/12 12:29:39] - {'loss': 0.0672, 'grad_norm': 3.135056257247925, 'learning_rate': 0.001, 'epoch': 17.0, 'step': 17}
[2025/08/12 12:29:39] - {'eval_loss': -6.888384819030762, 'eval_runtime': 0.4013, 'eval_samples_per_second': 9.967, 'eval_steps_per_second': 2.492, 'epoch': 17.0, 'step': 17}
[2025/08/12 12:29:39] - {'loss': 0.0455, 'grad_norm': 0.38860654830932617, 'learning_rate': 0.001, 'epoch': 18.0, 'step': 18}
[2025/08/12 12:29:39] - {'eval_loss': -6.834127902984619, 'eval_runtime': 0.4022, 'eval_samples_per_second': 9.944, 'eval_steps_per_second': 2.486, 'epoch': 18.0, 'step': 18}
[2025/08/12 12:29:39] - {'loss': 0.0084, 'grad_norm': 0.44842442870140076, 'learning_rate': 0.001, 'epoch': 19.0, 'step': 19}
[2025/08/12 12:29:39] - {'eval_loss': -6.647739887237549, 'eval_runtime': 0.4025, 'eval_samples_per_second': 9.938, 'eval_steps_per_second': 2.485, 'epoch': 19.0, 'step': 19}
[2025/08/12 12:29:39] - {'loss': 0.1079, 'grad_norm': 8.643168449401855, 'learning_rate': 0.001, 'epoch': 20.0, 'step': 20}
[2025/08/12 12:29:39] - {'eval_loss': -5.941557884216309, 'eval_runtime': 0.4028, 'eval_samples_per_second': 9.931, 'eval_steps_per_second': 2.483, 'epoch': 20.0, 'step': 20}
[2025/08/12 12:29:39] - {'loss': 0.404, 'grad_norm': 15.141189575195312, 'learning_rate': 0.001, 'epoch': 21.0, 'step': 21}
[2025/08/12 12:29:39] - {'eval_loss': -5.480998516082764, 'eval_runtime': 0.3999, 'eval_samples_per_second': 10.003, 'eval_steps_per_second': 2.501, 'epoch': 21.0, 'step': 21}
[2025/08/12 12:29:39] - {'loss': 0.3525, 'grad_norm': 10.710124015808105, 'learning_rate': 0.001, 'epoch': 22.0, 'step': 22}
[2025/08/12 12:29:39] - {'eval_loss': -5.540069103240967, 'eval_runtime': 0.3955, 'eval_samples_per_second': 10.115, 'eval_steps_per_second': 2.529, 'epoch': 22.0, 'step': 22}
[2025/08/12 12:29:39] - {'loss': 0.4248, 'grad_norm': 5.048269748687744, 'learning_rate': 0.001, 'epoch': 23.0, 'step': 23}
[2025/08/12 12:29:39] - {'eval_loss': -5.532254695892334, 'eval_runtime': 0.4015, 'eval_samples_per_second': 9.963, 'eval_steps_per_second': 2.491, 'epoch': 23.0, 'step': 23}
[2025/08/12 12:29:39] - {'loss': 0.3901, 'grad_norm': 4.677413463592529, 'learning_rate': 0.001, 'epoch': 24.0, 'step': 24}
[2025/08/12 12:29:39] - {'eval_loss': -5.8245673179626465, 'eval_runtime': 0.4023, 'eval_samples_per_second': 9.944, 'eval_steps_per_second': 2.486, 'epoch': 24.0, 'step': 24}
[2025/08/12 12:29:39] - {'loss': 0.0957, 'grad_norm': 3.8508501052856445, 'learning_rate': 0.001, 'epoch': 25.0, 'step': 25}
[2025/08/12 12:29:39] - {'eval_loss': -6.010539531707764, 'eval_runtime': 0.4019, 'eval_samples_per_second': 9.954, 'eval_steps_per_second': 2.488, 'epoch': 25.0, 'step': 25}
[2025/08/12 12:29:39] - {'train_runtime': 39.8178, 'train_samples_per_second': 2.511, 'train_steps_per_second': 0.628, 'total_flos': 0.0, 'train_loss': 0.865008482709527, 'epoch': 25.0, 'step': 25}
