[2025/08/07 10:02:40] - Detected kernel version 4.18.0, which is below the recommended minimum of 5.5.0; this can cause the process to hang. It is recommended to upgrade the kernel to the minimum version or higher.
[2025/08/07 10:02:40] - Using 4 GPUs
[2025/08/07 10:02:40] - Starting new HTTPS connection (1): huggingface.co:443
[2025/08/07 10:02:40] - Using 4 GPUs
[2025/08/07 10:02:40] - Starting new HTTPS connection (1): huggingface.co:443
[2025/08/07 10:02:40] - Using 4 GPUs
[2025/08/07 10:02:40] - Starting new HTTPS connection (1): huggingface.co:443
[2025/08/07 10:02:40] - Using 4 GPUs
[2025/08/07 10:02:40] - Starting new HTTPS connection (1): huggingface.co:443
[2025/08/07 10:03:20] - Starting new HTTPS connection (2): huggingface.co:443
[2025/08/07 10:03:20] - Starting new HTTPS connection (2): huggingface.co:443
[2025/08/07 10:03:20] - Starting new HTTPS connection (2): huggingface.co:443
[2025/08/07 10:03:20] - Starting new HTTPS connection (2): huggingface.co:443
[2025/08/07 10:05:02] - Starting new HTTPS connection (3): huggingface.co:443
[2025/08/07 10:05:02] - Starting new HTTPS connection (3): huggingface.co:443
[2025/08/07 10:05:02] - Starting new HTTPS connection (3): huggingface.co:443
[2025/08/07 10:05:02] - Starting new HTTPS connection (3): huggingface.co:443
[2025/08/07 10:05:42] - Loading bitsandbytes native library from: /home/hsc/ENV-3.10/lib/python3.10/site-packages/bitsandbytes/libbitsandbytes_cuda122.so
[2025/08/07 10:05:42] - Loading bitsandbytes native library from: /home/hsc/ENV-3.10/lib/python3.10/site-packages/bitsandbytes/libbitsandbytes_cuda122.so
[2025/08/07 10:05:42] - Loading bitsandbytes native library from: /home/hsc/ENV-3.10/lib/python3.10/site-packages/bitsandbytes/libbitsandbytes_cuda122.so
[2025/08/07 10:05:42] - Loading bitsandbytes native library from: /home/hsc/ENV-3.10/lib/python3.10/site-packages/bitsandbytes/libbitsandbytes_cuda122.so
[2025/08/07 10:05:56] - Detected kernel version 4.18.0, which is below the recommended minimum of 5.5.0; this can cause the process to hang. It is recommended to upgrade the kernel to the minimum version or higher.
[2025/08/07 10:06:53] - {'loss': -0.0024, 'grad_norm': 0.05021633952856064, 'learning_rate': 0.001, 'epoch': 1.0, 'step': 1}
[2025/08/07 10:06:53] - {'loss': -0.0024, 'grad_norm': 0.05021633952856064, 'learning_rate': 0.001, 'epoch': 1.0, 'step': 1}
[2025/08/07 10:06:53] - {'loss': -0.0024, 'grad_norm': 0.05021633952856064, 'learning_rate': 0.001, 'epoch': 1.0, 'step': 1}
[2025/08/07 10:06:53] - {'eval_loss': -0.957981288433075, 'eval_runtime': 0.1238, 'eval_samples_per_second': 32.309, 'eval_steps_per_second': 8.077, 'epoch': 1.0, 'step': 1}
[2025/08/07 10:06:53] - {'eval_loss': -0.957981288433075, 'eval_runtime': 0.1237, 'eval_samples_per_second': 32.335, 'eval_steps_per_second': 8.084, 'epoch': 1.0, 'step': 1}
[2025/08/07 10:06:53] - {'eval_loss': -0.957981288433075, 'eval_runtime': 0.1237, 'eval_samples_per_second': 32.331, 'eval_steps_per_second': 8.083, 'epoch': 1.0, 'step': 1}
[2025/08/07 10:06:53] - {'loss': -0.9448, 'grad_norm': 6.448704242706299, 'learning_rate': 0.001, 'epoch': 2.0, 'step': 2}
[2025/08/07 10:06:53] - {'loss': -0.9448, 'grad_norm': 6.448704242706299, 'learning_rate': 0.001, 'epoch': 2.0, 'step': 2}
[2025/08/07 10:06:53] - {'loss': -0.9448, 'grad_norm': 6.448704242706299, 'learning_rate': 0.001, 'epoch': 2.0, 'step': 2}
[2025/08/07 10:06:53] - {'eval_loss': -3.153934955596924, 'eval_runtime': 0.1157, 'eval_samples_per_second': 34.565, 'eval_steps_per_second': 8.641, 'epoch': 2.0, 'step': 2}
[2025/08/07 10:06:53] - {'eval_loss': -3.153934955596924, 'eval_runtime': 0.1156, 'eval_samples_per_second': 34.608, 'eval_steps_per_second': 8.652, 'epoch': 2.0, 'step': 2}
[2025/08/07 10:06:53] - {'eval_loss': -3.153934955596924, 'eval_runtime': 0.1157, 'eval_samples_per_second': 34.564, 'eval_steps_per_second': 8.641, 'epoch': 2.0, 'step': 2}
[2025/08/07 10:06:53] - {'loss': -3.1311, 'grad_norm': 6.185075283050537, 'learning_rate': 0.001, 'epoch': 3.0, 'step': 3}
[2025/08/07 10:06:53] - {'loss': -3.1311, 'grad_norm': 6.185075283050537, 'learning_rate': 0.001, 'epoch': 3.0, 'step': 3}
[2025/08/07 10:06:53] - {'loss': -3.1311, 'grad_norm': 6.185075283050537, 'learning_rate': 0.001, 'epoch': 3.0, 'step': 3}
[2025/08/07 10:06:53] - {'eval_loss': -5.522071838378906, 'eval_runtime': 0.1157, 'eval_samples_per_second': 34.575, 'eval_steps_per_second': 8.644, 'epoch': 3.0, 'step': 3}
[2025/08/07 10:06:53] - {'eval_loss': -5.522071838378906, 'eval_runtime': 0.1157, 'eval_samples_per_second': 34.565, 'eval_steps_per_second': 8.641, 'epoch': 3.0, 'step': 3}
[2025/08/07 10:06:53] - {'eval_loss': -5.522071838378906, 'eval_runtime': 0.1156, 'eval_samples_per_second': 34.589, 'eval_steps_per_second': 8.647, 'epoch': 3.0, 'step': 3}
[2025/08/07 10:06:53] - {'loss': -5.4379, 'grad_norm': 7.118670463562012, 'learning_rate': 0.001, 'epoch': 4.0, 'step': 4}
[2025/08/07 10:06:53] - {'loss': -5.4379, 'grad_norm': 7.118670463562012, 'learning_rate': 0.001, 'epoch': 4.0, 'step': 4}
[2025/08/07 10:06:53] - {'loss': -5.4379, 'grad_norm': 7.118670463562012, 'learning_rate': 0.001, 'epoch': 4.0, 'step': 4}
[2025/08/07 10:06:53] - {'eval_loss': -7.963085174560547, 'eval_runtime': 0.1179, 'eval_samples_per_second': 33.927, 'eval_steps_per_second': 8.482, 'epoch': 4.0, 'step': 4}
[2025/08/07 10:06:53] - {'eval_loss': -7.963085174560547, 'eval_runtime': 0.1179, 'eval_samples_per_second': 33.931, 'eval_steps_per_second': 8.483, 'epoch': 4.0, 'step': 4}
[2025/08/07 10:06:53] - {'eval_loss': -7.963085174560547, 'eval_runtime': 0.1171, 'eval_samples_per_second': 34.165, 'eval_steps_per_second': 8.541, 'epoch': 4.0, 'step': 4}
[2025/08/07 10:06:53] - {'loss': -7.6915, 'grad_norm': 13.380782127380371, 'learning_rate': 0.001, 'epoch': 5.0, 'step': 5}
[2025/08/07 10:06:53] - {'loss': -7.6915, 'grad_norm': 13.380782127380371, 'learning_rate': 0.001, 'epoch': 5.0, 'step': 5}
[2025/08/07 10:06:53] - {'loss': -7.6915, 'grad_norm': 13.380782127380371, 'learning_rate': 0.001, 'epoch': 5.0, 'step': 5}
[2025/08/07 10:06:53] - {'eval_loss': -9.882798194885254, 'eval_runtime': 0.1155, 'eval_samples_per_second': 34.625, 'eval_steps_per_second': 8.656, 'epoch': 5.0, 'step': 5}
[2025/08/07 10:06:53] - {'eval_loss': -9.882798194885254, 'eval_runtime': 0.1156, 'eval_samples_per_second': 34.589, 'eval_steps_per_second': 8.647, 'epoch': 5.0, 'step': 5}
[2025/08/07 10:06:53] - {'eval_loss': -9.882798194885254, 'eval_runtime': 0.1157, 'eval_samples_per_second': 34.566, 'eval_steps_per_second': 8.641, 'epoch': 5.0, 'step': 5}
[2025/08/07 10:06:53] - {'loss': -9.0628, 'grad_norm': 30.099512100219727, 'learning_rate': 0.001, 'epoch': 6.0, 'step': 6}
[2025/08/07 10:06:53] - {'loss': -9.0628, 'grad_norm': 30.099512100219727, 'learning_rate': 0.001, 'epoch': 6.0, 'step': 6}
[2025/08/07 10:06:53] - {'loss': -9.0628, 'grad_norm': 30.099512100219727, 'learning_rate': 0.001, 'epoch': 6.0, 'step': 6}
[2025/08/07 10:06:53] - {'eval_loss': -13.567526817321777, 'eval_runtime': 0.1157, 'eval_samples_per_second': 34.581, 'eval_steps_per_second': 8.645, 'epoch': 6.0, 'step': 6}
[2025/08/07 10:06:53] - {'eval_loss': -13.567526817321777, 'eval_runtime': 0.1169, 'eval_samples_per_second': 34.227, 'eval_steps_per_second': 8.557, 'epoch': 6.0, 'step': 6}
[2025/08/07 10:06:53] - {'eval_loss': -13.567526817321777, 'eval_runtime': 0.1163, 'eval_samples_per_second': 34.393, 'eval_steps_per_second': 8.598, 'epoch': 6.0, 'step': 6}
[2025/08/07 10:06:53] - {'loss': -11.8302, 'grad_norm': 44.37008285522461, 'learning_rate': 0.001, 'epoch': 7.0, 'step': 7}
[2025/08/07 10:06:53] - {'loss': -11.8302, 'grad_norm': 44.37008285522461, 'learning_rate': 0.001, 'epoch': 7.0, 'step': 7}
[2025/08/07 10:06:53] - {'loss': -11.8302, 'grad_norm': 44.37008285522461, 'learning_rate': 0.001, 'epoch': 7.0, 'step': 7}
[2025/08/07 10:06:53] - {'eval_loss': -26.847946166992188, 'eval_runtime': 0.1154, 'eval_samples_per_second': 34.67, 'eval_steps_per_second': 8.668, 'epoch': 7.0, 'step': 7}
[2025/08/07 10:06:53] - {'eval_loss': -26.847946166992188, 'eval_runtime': 0.1154, 'eval_samples_per_second': 34.65, 'eval_steps_per_second': 8.663, 'epoch': 7.0, 'step': 7}
[2025/08/07 10:06:53] - {'eval_loss': -26.847946166992188, 'eval_runtime': 0.1154, 'eval_samples_per_second': 34.674, 'eval_steps_per_second': 8.668, 'epoch': 7.0, 'step': 7}
[2025/08/07 10:06:53] - {'loss': -20.6734, 'grad_norm': 160.05320739746094, 'learning_rate': 0.001, 'epoch': 8.0, 'step': 8}
[2025/08/07 10:06:53] - {'loss': -20.6734, 'grad_norm': 160.05320739746094, 'learning_rate': 0.001, 'epoch': 8.0, 'step': 8}
[2025/08/07 10:06:53] - {'loss': -20.6734, 'grad_norm': 160.05320739746094, 'learning_rate': 0.001, 'epoch': 8.0, 'step': 8}
[2025/08/07 10:06:53] - {'eval_loss': -29.68282127380371, 'eval_runtime': 0.1156, 'eval_samples_per_second': 34.609, 'eval_steps_per_second': 8.652, 'epoch': 8.0, 'step': 8}
[2025/08/07 10:06:53] - {'eval_loss': -29.68282127380371, 'eval_runtime': 0.1157, 'eval_samples_per_second': 34.575, 'eval_steps_per_second': 8.644, 'epoch': 8.0, 'step': 8}
[2025/08/07 10:06:53] - {'eval_loss': -29.68282127380371, 'eval_runtime': 0.1157, 'eval_samples_per_second': 34.575, 'eval_steps_per_second': 8.644, 'epoch': 8.0, 'step': 8}
[2025/08/07 10:06:53] - {'loss': -24.2172, 'grad_norm': 26.75472640991211, 'learning_rate': 0.001, 'epoch': 9.0, 'step': 9}
[2025/08/07 10:06:53] - {'loss': -24.2172, 'grad_norm': 26.75472640991211, 'learning_rate': 0.001, 'epoch': 9.0, 'step': 9}
[2025/08/07 10:06:53] - {'loss': -24.2172, 'grad_norm': 26.75472640991211, 'learning_rate': 0.001, 'epoch': 9.0, 'step': 9}
[2025/08/07 10:06:53] - {'eval_loss': -36.092491149902344, 'eval_runtime': 0.1158, 'eval_samples_per_second': 34.555, 'eval_steps_per_second': 8.639, 'epoch': 9.0, 'step': 9}
[2025/08/07 10:06:53] - {'eval_loss': -36.092491149902344, 'eval_runtime': 0.1158, 'eval_samples_per_second': 34.536, 'eval_steps_per_second': 8.634, 'epoch': 9.0, 'step': 9}
[2025/08/07 10:06:53] - {'eval_loss': -36.092491149902344, 'eval_runtime': 0.1158, 'eval_samples_per_second': 34.534, 'eval_steps_per_second': 8.633, 'epoch': 9.0, 'step': 9}
[2025/08/07 10:06:53] - {'loss': -29.7242, 'grad_norm': 20.797473907470703, 'learning_rate': 0.001, 'epoch': 10.0, 'step': 10}
[2025/08/07 10:06:53] - {'loss': -29.7242, 'grad_norm': 20.797473907470703, 'learning_rate': 0.001, 'epoch': 10.0, 'step': 10}
[2025/08/07 10:06:53] - {'loss': -29.7242, 'grad_norm': 20.797473907470703, 'learning_rate': 0.001, 'epoch': 10.0, 'step': 10}
[2025/08/07 10:06:53] - {'eval_loss': -41.05712127685547, 'eval_runtime': 0.1158, 'eval_samples_per_second': 34.548, 'eval_steps_per_second': 8.637, 'epoch': 10.0, 'step': 10}
[2025/08/07 10:06:53] - {'eval_loss': -41.05712127685547, 'eval_runtime': 0.1159, 'eval_samples_per_second': 34.509, 'eval_steps_per_second': 8.627, 'epoch': 10.0, 'step': 10}
[2025/08/07 10:06:53] - {'eval_loss': -41.05712127685547, 'eval_runtime': 0.1159, 'eval_samples_per_second': 34.513, 'eval_steps_per_second': 8.628, 'epoch': 10.0, 'step': 10}
[2025/08/07 10:06:53] - {'loss': -35.0283, 'grad_norm': 48.83305358886719, 'learning_rate': 0.001, 'epoch': 11.0, 'step': 11}
[2025/08/07 10:06:53] - {'loss': -35.0283, 'grad_norm': 48.83305358886719, 'learning_rate': 0.001, 'epoch': 11.0, 'step': 11}
[2025/08/07 10:06:53] - {'loss': -35.0283, 'grad_norm': 48.83305358886719, 'learning_rate': 0.001, 'epoch': 11.0, 'step': 11}
[2025/08/07 10:06:53] - {'eval_loss': -40.84587478637695, 'eval_runtime': 0.1156, 'eval_samples_per_second': 34.6, 'eval_steps_per_second': 8.65, 'epoch': 11.0, 'step': 11}
[2025/08/07 10:06:53] - {'eval_loss': -40.84587478637695, 'eval_runtime': 0.1157, 'eval_samples_per_second': 34.578, 'eval_steps_per_second': 8.644, 'epoch': 11.0, 'step': 11}
[2025/08/07 10:06:53] - {'eval_loss': -40.84587478637695, 'eval_runtime': 0.1157, 'eval_samples_per_second': 34.581, 'eval_steps_per_second': 8.645, 'epoch': 11.0, 'step': 11}
[2025/08/07 10:06:53] - {'loss': -35.9706, 'grad_norm': 45.41233825683594, 'learning_rate': 0.001, 'epoch': 12.0, 'step': 12}
[2025/08/07 10:06:53] - {'loss': -35.9706, 'grad_norm': 45.41233825683594, 'learning_rate': 0.001, 'epoch': 12.0, 'step': 12}
[2025/08/07 10:06:53] - {'loss': -35.9706, 'grad_norm': 45.41233825683594, 'learning_rate': 0.001, 'epoch': 12.0, 'step': 12}
[2025/08/07 10:06:53] - {'eval_loss': -39.78496170043945, 'eval_runtime': 0.1165, 'eval_samples_per_second': 34.336, 'eval_steps_per_second': 8.584, 'epoch': 12.0, 'step': 12}
[2025/08/07 10:06:53] - {'eval_loss': -39.78496170043945, 'eval_runtime': 0.2018, 'eval_samples_per_second': 19.817, 'eval_steps_per_second': 4.954, 'epoch': 12.0, 'step': 12}
[2025/08/07 10:06:53] - {'eval_loss': -39.78496170043945, 'eval_runtime': 0.1168, 'eval_samples_per_second': 34.259, 'eval_steps_per_second': 8.565, 'epoch': 12.0, 'step': 12}
[2025/08/07 10:06:53] - {'loss': -35.859, 'grad_norm': 62.044769287109375, 'learning_rate': 0.001, 'epoch': 13.0, 'step': 13}
[2025/08/07 10:06:53] - {'loss': -35.859, 'grad_norm': 62.044769287109375, 'learning_rate': 0.001, 'epoch': 13.0, 'step': 13}
[2025/08/07 10:06:53] - {'loss': -35.859, 'grad_norm': 62.044769287109375, 'learning_rate': 0.001, 'epoch': 13.0, 'step': 13}
[2025/08/07 10:06:53] - {'eval_loss': -45.50766372680664, 'eval_runtime': 0.1156, 'eval_samples_per_second': 34.6, 'eval_steps_per_second': 8.65, 'epoch': 13.0, 'step': 13}
[2025/08/07 10:06:53] - {'eval_loss': -45.50766372680664, 'eval_runtime': 0.1156, 'eval_samples_per_second': 34.616, 'eval_steps_per_second': 8.654, 'epoch': 13.0, 'step': 13}
[2025/08/07 10:06:53] - {'eval_loss': -45.50766372680664, 'eval_runtime': 0.1157, 'eval_samples_per_second': 34.579, 'eval_steps_per_second': 8.645, 'epoch': 13.0, 'step': 13}
[2025/08/07 10:06:53] - {'loss': -41.2951, 'grad_norm': 43.783233642578125, 'learning_rate': 0.001, 'epoch': 14.0, 'step': 14}
[2025/08/07 10:06:53] - {'loss': -41.2951, 'grad_norm': 43.783233642578125, 'learning_rate': 0.001, 'epoch': 14.0, 'step': 14}
[2025/08/07 10:06:53] - {'loss': -41.2951, 'grad_norm': 43.783233642578125, 'learning_rate': 0.001, 'epoch': 14.0, 'step': 14}
[2025/08/07 10:06:53] - {'eval_loss': -49.634376525878906, 'eval_runtime': 0.1165, 'eval_samples_per_second': 34.338, 'eval_steps_per_second': 8.585, 'epoch': 14.0, 'step': 14}
[2025/08/07 10:06:53] - {'eval_loss': -49.634376525878906, 'eval_runtime': 0.1164, 'eval_samples_per_second': 34.371, 'eval_steps_per_second': 8.593, 'epoch': 14.0, 'step': 14}
[2025/08/07 10:06:53] - {'eval_loss': -49.634376525878906, 'eval_runtime': 0.1165, 'eval_samples_per_second': 34.344, 'eval_steps_per_second': 8.586, 'epoch': 14.0, 'step': 14}
[2025/08/07 10:06:53] - {'loss': -47.0643, 'grad_norm': 21.92501449584961, 'learning_rate': 0.001, 'epoch': 15.0, 'step': 15}
[2025/08/07 10:06:53] - {'loss': -47.0643, 'grad_norm': 21.92501449584961, 'learning_rate': 0.001, 'epoch': 15.0, 'step': 15}
[2025/08/07 10:06:53] - {'loss': -47.0643, 'grad_norm': 21.92501449584961, 'learning_rate': 0.001, 'epoch': 15.0, 'step': 15}
[2025/08/07 10:06:53] - {'eval_loss': -51.92021942138672, 'eval_runtime': 0.1159, 'eval_samples_per_second': 34.506, 'eval_steps_per_second': 8.626, 'epoch': 15.0, 'step': 15}
[2025/08/07 10:06:53] - {'eval_loss': -51.92021942138672, 'eval_runtime': 0.1158, 'eval_samples_per_second': 34.557, 'eval_steps_per_second': 8.639, 'epoch': 15.0, 'step': 15}
[2025/08/07 10:06:53] - {'eval_loss': -51.92021942138672, 'eval_runtime': 0.1159, 'eval_samples_per_second': 34.501, 'eval_steps_per_second': 8.625, 'epoch': 15.0, 'step': 15}
[2025/08/07 10:06:53] - {'loss': -50.0348, 'grad_norm': 32.83930206298828, 'learning_rate': 0.001, 'epoch': 16.0, 'step': 16}
[2025/08/07 10:06:53] - {'loss': -50.0348, 'grad_norm': 32.83930206298828, 'learning_rate': 0.001, 'epoch': 16.0, 'step': 16}
[2025/08/07 10:06:53] - {'loss': -50.0348, 'grad_norm': 32.83930206298828, 'learning_rate': 0.001, 'epoch': 16.0, 'step': 16}
[2025/08/07 10:06:53] - {'eval_loss': -51.72585678100586, 'eval_runtime': 0.1163, 'eval_samples_per_second': 34.38, 'eval_steps_per_second': 8.595, 'epoch': 16.0, 'step': 16}
[2025/08/07 10:06:53] - {'eval_loss': -51.72585678100586, 'eval_runtime': 0.1166, 'eval_samples_per_second': 34.314, 'eval_steps_per_second': 8.578, 'epoch': 16.0, 'step': 16}
[2025/08/07 10:06:53] - {'eval_loss': -51.72585678100586, 'eval_runtime': 0.1162, 'eval_samples_per_second': 34.434, 'eval_steps_per_second': 8.609, 'epoch': 16.0, 'step': 16}
[2025/08/07 10:06:53] - {'loss': -50.2899, 'grad_norm': 41.1043586730957, 'learning_rate': 0.001, 'epoch': 17.0, 'step': 17}
[2025/08/07 10:06:53] - {'loss': -50.2899, 'grad_norm': 41.1043586730957, 'learning_rate': 0.001, 'epoch': 17.0, 'step': 17}
[2025/08/07 10:06:53] - {'loss': -50.2899, 'grad_norm': 41.1043586730957, 'learning_rate': 0.001, 'epoch': 17.0, 'step': 17}
[2025/08/07 10:06:53] - {'eval_loss': -54.76670455932617, 'eval_runtime': 0.1155, 'eval_samples_per_second': 34.647, 'eval_steps_per_second': 8.662, 'epoch': 17.0, 'step': 17}
[2025/08/07 10:06:53] - {'eval_loss': -54.76670455932617, 'eval_runtime': 0.1155, 'eval_samples_per_second': 34.63, 'eval_steps_per_second': 8.657, 'epoch': 17.0, 'step': 17}
[2025/08/07 10:06:53] - {'eval_loss': -54.76670455932617, 'eval_runtime': 0.1155, 'eval_samples_per_second': 34.619, 'eval_steps_per_second': 8.655, 'epoch': 17.0, 'step': 17}
[2025/08/07 10:06:53] - {'loss': -51.553, 'grad_norm': 25.042125701904297, 'learning_rate': 0.001, 'epoch': 18.0, 'step': 18}
[2025/08/07 10:06:53] - {'loss': -51.553, 'grad_norm': 25.042125701904297, 'learning_rate': 0.001, 'epoch': 18.0, 'step': 18}
[2025/08/07 10:06:53] - {'loss': -51.553, 'grad_norm': 25.042125701904297, 'learning_rate': 0.001, 'epoch': 18.0, 'step': 18}
[2025/08/07 10:06:53] - {'eval_loss': -56.26742172241211, 'eval_runtime': 0.1276, 'eval_samples_per_second': 31.36, 'eval_steps_per_second': 7.84, 'epoch': 18.0, 'step': 18}
[2025/08/07 10:06:53] - {'eval_loss': -56.26742172241211, 'eval_runtime': 0.1271, 'eval_samples_per_second': 31.483, 'eval_steps_per_second': 7.871, 'epoch': 18.0, 'step': 18}
[2025/08/07 10:06:53] - {'eval_loss': -56.26742172241211, 'eval_runtime': 0.1263, 'eval_samples_per_second': 31.67, 'eval_steps_per_second': 7.918, 'epoch': 18.0, 'step': 18}
[2025/08/07 10:06:53] - {'loss': -54.4254, 'grad_norm': 16.363201141357422, 'learning_rate': 0.001, 'epoch': 19.0, 'step': 19}
[2025/08/07 10:06:53] - {'loss': -54.4254, 'grad_norm': 16.363201141357422, 'learning_rate': 0.001, 'epoch': 19.0, 'step': 19}
[2025/08/07 10:06:53] - {'loss': -54.4254, 'grad_norm': 16.363201141357422, 'learning_rate': 0.001, 'epoch': 19.0, 'step': 19}
[2025/08/07 10:06:53] - {'eval_loss': -57.80616760253906, 'eval_runtime': 0.1158, 'eval_samples_per_second': 34.539, 'eval_steps_per_second': 8.635, 'epoch': 19.0, 'step': 19}
[2025/08/07 10:06:53] - {'eval_loss': -57.80616760253906, 'eval_runtime': 0.1157, 'eval_samples_per_second': 34.573, 'eval_steps_per_second': 8.643, 'epoch': 19.0, 'step': 19}
[2025/08/07 10:06:53] - {'eval_loss': -57.80616760253906, 'eval_runtime': 0.1158, 'eval_samples_per_second': 34.546, 'eval_steps_per_second': 8.636, 'epoch': 19.0, 'step': 19}
[2025/08/07 10:06:53] - {'loss': -57.1067, 'grad_norm': 18.32918357849121, 'learning_rate': 0.001, 'epoch': 20.0, 'step': 20}
[2025/08/07 10:06:53] - {'loss': -57.1067, 'grad_norm': 18.32918357849121, 'learning_rate': 0.001, 'epoch': 20.0, 'step': 20}
[2025/08/07 10:06:53] - {'loss': -57.1067, 'grad_norm': 18.32918357849121, 'learning_rate': 0.001, 'epoch': 20.0, 'step': 20}
[2025/08/07 10:06:53] - {'eval_loss': -58.765968322753906, 'eval_runtime': 0.1155, 'eval_samples_per_second': 34.631, 'eval_steps_per_second': 8.658, 'epoch': 20.0, 'step': 20}
[2025/08/07 10:06:53] - {'eval_loss': -58.765968322753906, 'eval_runtime': 0.1161, 'eval_samples_per_second': 34.449, 'eval_steps_per_second': 8.612, 'epoch': 20.0, 'step': 20}
[2025/08/07 10:06:53] - {'eval_loss': -58.765968322753906, 'eval_runtime': 0.116, 'eval_samples_per_second': 34.469, 'eval_steps_per_second': 8.617, 'epoch': 20.0, 'step': 20}
[2025/08/07 10:06:53] - {'loss': -58.3589, 'grad_norm': 16.713592529296875, 'learning_rate': 0.001, 'epoch': 21.0, 'step': 21}
[2025/08/07 10:06:53] - {'loss': -58.3589, 'grad_norm': 16.713592529296875, 'learning_rate': 0.001, 'epoch': 21.0, 'step': 21}
[2025/08/07 10:06:53] - {'loss': -58.3589, 'grad_norm': 16.713592529296875, 'learning_rate': 0.001, 'epoch': 21.0, 'step': 21}
[2025/08/07 10:06:53] - {'eval_loss': -60.27622604370117, 'eval_runtime': 0.1157, 'eval_samples_per_second': 34.564, 'eval_steps_per_second': 8.641, 'epoch': 21.0, 'step': 21}
[2025/08/07 10:06:53] - {'eval_loss': -60.27622604370117, 'eval_runtime': 0.1158, 'eval_samples_per_second': 34.542, 'eval_steps_per_second': 8.635, 'epoch': 21.0, 'step': 21}
[2025/08/07 10:06:53] - {'eval_loss': -60.27622604370117, 'eval_runtime': 0.1158, 'eval_samples_per_second': 34.552, 'eval_steps_per_second': 8.638, 'epoch': 21.0, 'step': 21}
[2025/08/07 10:06:53] - {'loss': -59.3368, 'grad_norm': 22.085744857788086, 'learning_rate': 0.001, 'epoch': 22.0, 'step': 22}
[2025/08/07 10:06:53] - {'loss': -59.3368, 'grad_norm': 22.085744857788086, 'learning_rate': 0.001, 'epoch': 22.0, 'step': 22}
[2025/08/07 10:06:53] - {'loss': -59.3368, 'grad_norm': 22.085744857788086, 'learning_rate': 0.001, 'epoch': 22.0, 'step': 22}
[2025/08/07 10:06:53] - {'eval_loss': -61.83400344848633, 'eval_runtime': 0.1175, 'eval_samples_per_second': 34.044, 'eval_steps_per_second': 8.511, 'epoch': 22.0, 'step': 22}
[2025/08/07 10:06:53] - {'eval_loss': -61.83400344848633, 'eval_runtime': 0.1163, 'eval_samples_per_second': 34.406, 'eval_steps_per_second': 8.602, 'epoch': 22.0, 'step': 22}
[2025/08/07 10:06:53] - {'eval_loss': -61.83400344848633, 'eval_runtime': 0.1174, 'eval_samples_per_second': 34.072, 'eval_steps_per_second': 8.518, 'epoch': 22.0, 'step': 22}
[2025/08/07 10:06:53] - {'loss': -61.5387, 'grad_norm': 13.456067085266113, 'learning_rate': 0.001, 'epoch': 23.0, 'step': 23}
[2025/08/07 10:06:53] - {'loss': -61.5387, 'grad_norm': 13.456067085266113, 'learning_rate': 0.001, 'epoch': 23.0, 'step': 23}
[2025/08/07 10:06:53] - {'loss': -61.5387, 'grad_norm': 13.456067085266113, 'learning_rate': 0.001, 'epoch': 23.0, 'step': 23}
[2025/08/07 10:06:53] - {'eval_loss': -62.16702651977539, 'eval_runtime': 0.1339, 'eval_samples_per_second': 29.864, 'eval_steps_per_second': 7.466, 'epoch': 23.0, 'step': 23}
[2025/08/07 10:06:53] - {'eval_loss': -62.16702651977539, 'eval_runtime': 0.1466, 'eval_samples_per_second': 27.277, 'eval_steps_per_second': 6.819, 'epoch': 23.0, 'step': 23}
[2025/08/07 10:06:53] - {'eval_loss': -62.16702651977539, 'eval_runtime': 0.1468, 'eval_samples_per_second': 27.257, 'eval_steps_per_second': 6.814, 'epoch': 23.0, 'step': 23}
[2025/08/07 10:06:53] - {'loss': -62.0064, 'grad_norm': 41.03364944458008, 'learning_rate': 0.001, 'epoch': 24.0, 'step': 24}
[2025/08/07 10:06:53] - {'loss': -62.0064, 'grad_norm': 41.03364944458008, 'learning_rate': 0.001, 'epoch': 24.0, 'step': 24}
[2025/08/07 10:06:53] - {'loss': -62.0064, 'grad_norm': 41.03364944458008, 'learning_rate': 0.001, 'epoch': 24.0, 'step': 24}
[2025/08/07 10:06:53] - {'eval_loss': -63.6707763671875, 'eval_runtime': 0.1159, 'eval_samples_per_second': 34.513, 'eval_steps_per_second': 8.628, 'epoch': 24.0, 'step': 24}
[2025/08/07 10:06:53] - {'eval_loss': -63.6707763671875, 'eval_runtime': 0.116, 'eval_samples_per_second': 34.483, 'eval_steps_per_second': 8.621, 'epoch': 24.0, 'step': 24}
[2025/08/07 10:06:53] - {'eval_loss': -63.6707763671875, 'eval_runtime': 0.116, 'eval_samples_per_second': 34.485, 'eval_steps_per_second': 8.621, 'epoch': 24.0, 'step': 24}
[2025/08/07 10:06:53] - {'loss': -63.3824, 'grad_norm': 19.113842010498047, 'learning_rate': 0.001, 'epoch': 25.0, 'step': 25}
[2025/08/07 10:06:53] - {'loss': -63.3824, 'grad_norm': 19.113842010498047, 'learning_rate': 0.001, 'epoch': 25.0, 'step': 25}
[2025/08/07 10:06:53] - {'loss': -63.3824, 'grad_norm': 19.113842010498047, 'learning_rate': 0.001, 'epoch': 25.0, 'step': 25}
[2025/08/07 10:06:53] - {'eval_loss': -65.1916275024414, 'eval_runtime': 0.1154, 'eval_samples_per_second': 34.659, 'eval_steps_per_second': 8.665, 'epoch': 25.0, 'step': 25}
[2025/08/07 10:06:53] - {'eval_loss': -65.1916275024414, 'eval_runtime': 0.1155, 'eval_samples_per_second': 34.634, 'eval_steps_per_second': 8.659, 'epoch': 25.0, 'step': 25}
[2025/08/07 10:06:53] - {'eval_loss': -65.1916275024414, 'eval_runtime': 0.1155, 'eval_samples_per_second': 34.629, 'eval_steps_per_second': 8.657, 'epoch': 25.0, 'step': 25}
[2025/08/07 10:06:53] - {'train_runtime': 51.8881, 'train_samples_per_second': 1.927, 'train_steps_per_second': 0.482, 'total_flos': 0.0, 'train_loss': -35.0386183418706, 'epoch': 25.0, 'step': 25}
[2025/08/07 10:06:53] - {'train_runtime': 51.9208, 'train_samples_per_second': 1.926, 'train_steps_per_second': 0.482, 'total_flos': 0.0, 'train_loss': -35.0386183418706, 'epoch': 25.0, 'step': 25}
[2025/08/07 10:06:53] - {'train_runtime': 51.8673, 'train_samples_per_second': 1.928, 'train_steps_per_second': 0.482, 'total_flos': 0.0, 'train_loss': -35.0386183418706, 'epoch': 25.0, 'step': 25}
[2025/08/07 10:06:54] - {'loss': -0.0024, 'grad_norm': 0.05021633952856064, 'learning_rate': 0.001, 'epoch': 1.0, 'step': 1}
[2025/08/07 10:06:54] - {'eval_loss': -0.957981288433075, 'eval_runtime': 0.1237, 'eval_samples_per_second': 32.344, 'eval_steps_per_second': 8.086, 'epoch': 1.0, 'step': 1}
[2025/08/07 10:06:54] - {'loss': -0.9448, 'grad_norm': 6.448704242706299, 'learning_rate': 0.001, 'epoch': 2.0, 'step': 2}
[2025/08/07 10:06:54] - {'eval_loss': -3.153934955596924, 'eval_runtime': 0.2328, 'eval_samples_per_second': 17.181, 'eval_steps_per_second': 4.295, 'epoch': 2.0, 'step': 2}
[2025/08/07 10:06:54] - {'loss': -3.1311, 'grad_norm': 6.185075283050537, 'learning_rate': 0.001, 'epoch': 3.0, 'step': 3}
[2025/08/07 10:06:54] - {'eval_loss': -5.522071838378906, 'eval_runtime': 0.1154, 'eval_samples_per_second': 34.66, 'eval_steps_per_second': 8.665, 'epoch': 3.0, 'step': 3}
[2025/08/07 10:06:54] - {'loss': -5.4379, 'grad_norm': 7.118670463562012, 'learning_rate': 0.001, 'epoch': 4.0, 'step': 4}
[2025/08/07 10:06:54] - {'eval_loss': -7.963085174560547, 'eval_runtime': 0.1179, 'eval_samples_per_second': 33.926, 'eval_steps_per_second': 8.482, 'epoch': 4.0, 'step': 4}
[2025/08/07 10:06:54] - {'loss': -7.6915, 'grad_norm': 13.380782127380371, 'learning_rate': 0.001, 'epoch': 5.0, 'step': 5}
[2025/08/07 10:06:54] - {'eval_loss': -9.882798194885254, 'eval_runtime': 0.1155, 'eval_samples_per_second': 34.646, 'eval_steps_per_second': 8.661, 'epoch': 5.0, 'step': 5}
[2025/08/07 10:06:54] - {'loss': -9.0628, 'grad_norm': 30.099512100219727, 'learning_rate': 0.001, 'epoch': 6.0, 'step': 6}
[2025/08/07 10:06:54] - {'eval_loss': -13.567526817321777, 'eval_runtime': 0.1815, 'eval_samples_per_second': 22.035, 'eval_steps_per_second': 5.509, 'epoch': 6.0, 'step': 6}
[2025/08/07 10:06:54] - {'loss': -11.8302, 'grad_norm': 44.37008285522461, 'learning_rate': 0.001, 'epoch': 7.0, 'step': 7}
[2025/08/07 10:06:54] - {'eval_loss': -26.847946166992188, 'eval_runtime': 0.1153, 'eval_samples_per_second': 34.697, 'eval_steps_per_second': 8.674, 'epoch': 7.0, 'step': 7}
[2025/08/07 10:06:54] - {'loss': -20.6734, 'grad_norm': 160.05320739746094, 'learning_rate': 0.001, 'epoch': 8.0, 'step': 8}
[2025/08/07 10:06:54] - {'eval_loss': -29.68282127380371, 'eval_runtime': 0.2856, 'eval_samples_per_second': 14.008, 'eval_steps_per_second': 3.502, 'epoch': 8.0, 'step': 8}
[2025/08/07 10:06:54] - {'loss': -24.2172, 'grad_norm': 26.75472640991211, 'learning_rate': 0.001, 'epoch': 9.0, 'step': 9}
[2025/08/07 10:06:54] - {'eval_loss': -36.092491149902344, 'eval_runtime': 0.1156, 'eval_samples_per_second': 34.611, 'eval_steps_per_second': 8.653, 'epoch': 9.0, 'step': 9}
[2025/08/07 10:06:54] - {'loss': -29.7242, 'grad_norm': 20.797473907470703, 'learning_rate': 0.001, 'epoch': 10.0, 'step': 10}
[2025/08/07 10:06:54] - {'eval_loss': -41.05712127685547, 'eval_runtime': 0.2673, 'eval_samples_per_second': 14.965, 'eval_steps_per_second': 3.741, 'epoch': 10.0, 'step': 10}
[2025/08/07 10:06:54] - {'loss': -35.0283, 'grad_norm': 48.83305358886719, 'learning_rate': 0.001, 'epoch': 11.0, 'step': 11}
[2025/08/07 10:06:54] - {'eval_loss': -40.84587478637695, 'eval_runtime': 0.1154, 'eval_samples_per_second': 34.657, 'eval_steps_per_second': 8.664, 'epoch': 11.0, 'step': 11}
[2025/08/07 10:06:54] - {'loss': -35.9706, 'grad_norm': 45.41233825683594, 'learning_rate': 0.001, 'epoch': 12.0, 'step': 12}
[2025/08/07 10:06:54] - {'eval_loss': -39.78496170043945, 'eval_runtime': 0.1167, 'eval_samples_per_second': 34.288, 'eval_steps_per_second': 8.572, 'epoch': 12.0, 'step': 12}
[2025/08/07 10:06:54] - {'loss': -35.859, 'grad_norm': 62.044769287109375, 'learning_rate': 0.001, 'epoch': 13.0, 'step': 13}
[2025/08/07 10:06:54] - {'eval_loss': -45.50766372680664, 'eval_runtime': 0.1155, 'eval_samples_per_second': 34.635, 'eval_steps_per_second': 8.659, 'epoch': 13.0, 'step': 13}
[2025/08/07 10:06:54] - {'loss': -41.2951, 'grad_norm': 43.783233642578125, 'learning_rate': 0.001, 'epoch': 14.0, 'step': 14}
[2025/08/07 10:06:54] - {'eval_loss': -49.634376525878906, 'eval_runtime': 0.1165, 'eval_samples_per_second': 34.327, 'eval_steps_per_second': 8.582, 'epoch': 14.0, 'step': 14}
[2025/08/07 10:06:54] - {'loss': -47.0643, 'grad_norm': 21.92501449584961, 'learning_rate': 0.001, 'epoch': 15.0, 'step': 15}
[2025/08/07 10:06:54] - {'eval_loss': -51.92021942138672, 'eval_runtime': 0.1157, 'eval_samples_per_second': 34.583, 'eval_steps_per_second': 8.646, 'epoch': 15.0, 'step': 15}
[2025/08/07 10:06:54] - {'loss': -50.0348, 'grad_norm': 32.83930206298828, 'learning_rate': 0.001, 'epoch': 16.0, 'step': 16}
[2025/08/07 10:06:54] - {'eval_loss': -51.72585678100586, 'eval_runtime': 0.1168, 'eval_samples_per_second': 34.236, 'eval_steps_per_second': 8.559, 'epoch': 16.0, 'step': 16}
[2025/08/07 10:06:54] - {'loss': -50.2899, 'grad_norm': 41.1043586730957, 'learning_rate': 0.001, 'epoch': 17.0, 'step': 17}
[2025/08/07 10:06:54] - {'eval_loss': -54.76670455932617, 'eval_runtime': 0.1153, 'eval_samples_per_second': 34.7, 'eval_steps_per_second': 8.675, 'epoch': 17.0, 'step': 17}
[2025/08/07 10:06:54] - {'loss': -51.553, 'grad_norm': 25.042125701904297, 'learning_rate': 0.001, 'epoch': 18.0, 'step': 18}
[2025/08/07 10:06:54] - {'eval_loss': -56.26742172241211, 'eval_runtime': 0.1278, 'eval_samples_per_second': 31.287, 'eval_steps_per_second': 7.822, 'epoch': 18.0, 'step': 18}
[2025/08/07 10:06:54] - {'loss': -54.4254, 'grad_norm': 16.363201141357422, 'learning_rate': 0.001, 'epoch': 19.0, 'step': 19}
[2025/08/07 10:06:54] - {'eval_loss': -57.80616760253906, 'eval_runtime': 0.1157, 'eval_samples_per_second': 34.587, 'eval_steps_per_second': 8.647, 'epoch': 19.0, 'step': 19}
[2025/08/07 10:06:54] - {'loss': -57.1067, 'grad_norm': 18.32918357849121, 'learning_rate': 0.001, 'epoch': 20.0, 'step': 20}
[2025/08/07 10:06:54] - {'eval_loss': -58.765968322753906, 'eval_runtime': 0.1839, 'eval_samples_per_second': 21.754, 'eval_steps_per_second': 5.439, 'epoch': 20.0, 'step': 20}
[2025/08/07 10:06:54] - {'loss': -58.3589, 'grad_norm': 16.713592529296875, 'learning_rate': 0.001, 'epoch': 21.0, 'step': 21}
[2025/08/07 10:06:54] - {'eval_loss': -60.27622604370117, 'eval_runtime': 0.1155, 'eval_samples_per_second': 34.621, 'eval_steps_per_second': 8.655, 'epoch': 21.0, 'step': 21}
[2025/08/07 10:06:54] - {'loss': -59.3368, 'grad_norm': 22.085744857788086, 'learning_rate': 0.001, 'epoch': 22.0, 'step': 22}
[2025/08/07 10:06:54] - {'eval_loss': -61.83400344848633, 'eval_runtime': 0.1731, 'eval_samples_per_second': 23.106, 'eval_steps_per_second': 5.776, 'epoch': 22.0, 'step': 22}
[2025/08/07 10:06:54] - {'loss': -61.5387, 'grad_norm': 13.456067085266113, 'learning_rate': 0.001, 'epoch': 23.0, 'step': 23}
[2025/08/07 10:06:54] - {'eval_loss': -62.16702651977539, 'eval_runtime': 0.1464, 'eval_samples_per_second': 27.321, 'eval_steps_per_second': 6.83, 'epoch': 23.0, 'step': 23}
[2025/08/07 10:06:54] - {'loss': -62.0064, 'grad_norm': 41.03364944458008, 'learning_rate': 0.001, 'epoch': 24.0, 'step': 24}
[2025/08/07 10:06:54] - {'eval_loss': -63.6707763671875, 'eval_runtime': 0.3362, 'eval_samples_per_second': 11.899, 'eval_steps_per_second': 2.975, 'epoch': 24.0, 'step': 24}
[2025/08/07 10:06:54] - {'loss': -63.3824, 'grad_norm': 19.113842010498047, 'learning_rate': 0.001, 'epoch': 25.0, 'step': 25}
[2025/08/07 10:06:54] - {'eval_loss': -65.1916275024414, 'eval_runtime': 0.1152, 'eval_samples_per_second': 34.71, 'eval_steps_per_second': 8.678, 'epoch': 25.0, 'step': 25}
[2025/08/07 10:06:54] - {'train_runtime': 52.3167, 'train_samples_per_second': 1.911, 'train_steps_per_second': 0.478, 'total_flos': 0.0, 'train_loss': -35.0386183418706, 'epoch': 25.0, 'step': 25}
