[2025/08/08 17:14:33] - Detected kernel version 4.18.0, which is below the recommended minimum of 5.5.0; this can cause the process to hang. It is recommended to upgrade the kernel to the minimum version or higher.
[2025/08/08 17:14:33] - Using 4 GPUs
[2025/08/08 17:14:33] - Starting new HTTPS connection (1): huggingface.co:443
[2025/08/08 17:14:33] - Using 4 GPUs
[2025/08/08 17:14:33] - Starting new HTTPS connection (1): huggingface.co:443
[2025/08/08 17:14:33] - Using 4 GPUs
[2025/08/08 17:14:33] - Starting new HTTPS connection (1): huggingface.co:443
[2025/08/08 17:14:33] - Using 4 GPUs
[2025/08/08 17:14:33] - Starting new HTTPS connection (1): huggingface.co:443
[2025/08/08 17:15:13] - Starting new HTTPS connection (2): huggingface.co:443
[2025/08/08 17:15:13] - Starting new HTTPS connection (2): huggingface.co:443
[2025/08/08 17:15:13] - Starting new HTTPS connection (2): huggingface.co:443
[2025/08/08 17:15:13] - Starting new HTTPS connection (2): huggingface.co:443
[2025/08/08 17:16:38] - Starting new HTTPS connection (3): huggingface.co:443
[2025/08/08 17:16:39] - Starting new HTTPS connection (3): huggingface.co:443
[2025/08/08 17:16:39] - Starting new HTTPS connection (3): huggingface.co:443
[2025/08/08 17:16:39] - Starting new HTTPS connection (3): huggingface.co:443
[2025/08/08 17:17:19] - Loading bitsandbytes native library from: /home/hsc/ENV-3.10/lib/python3.10/site-packages/bitsandbytes/libbitsandbytes_cuda122.so
[2025/08/08 17:17:19] - Loading bitsandbytes native library from: /home/hsc/ENV-3.10/lib/python3.10/site-packages/bitsandbytes/libbitsandbytes_cuda122.so
[2025/08/08 17:17:19] - Loading bitsandbytes native library from: /home/hsc/ENV-3.10/lib/python3.10/site-packages/bitsandbytes/libbitsandbytes_cuda122.so
[2025/08/08 17:17:19] - Loading bitsandbytes native library from: /home/hsc/ENV-3.10/lib/python3.10/site-packages/bitsandbytes/libbitsandbytes_cuda122.so
[2025/08/08 17:17:31] - Detected kernel version 4.18.0, which is below the recommended minimum of 5.5.0; this can cause the process to hang. It is recommended to upgrade the kernel to the minimum version or higher.
[2025/08/08 17:18:06] - {'loss': -0.0024, 'grad_norm': 0.05103195086121559, 'learning_rate': 0.001, 'epoch': 1.0, 'step': 1}
[2025/08/08 17:18:06] - {'loss': -0.0024, 'grad_norm': 0.05103195086121559, 'learning_rate': 0.001, 'epoch': 1.0, 'step': 1}
[2025/08/08 17:18:06] - {'loss': -0.0024, 'grad_norm': 0.05103195086121559, 'learning_rate': 0.001, 'epoch': 1.0, 'step': 1}
[2025/08/08 17:18:06] - {'eval_loss': -0.9439336061477661, 'eval_runtime': 0.1117, 'eval_samples_per_second': 35.822, 'eval_steps_per_second': 8.955, 'epoch': 1.0, 'step': 1}
[2025/08/08 17:18:06] - {'eval_loss': -0.9439336061477661, 'eval_runtime': 0.1117, 'eval_samples_per_second': 35.818, 'eval_steps_per_second': 8.954, 'epoch': 1.0, 'step': 1}
[2025/08/08 17:18:06] - {'eval_loss': -0.9439336061477661, 'eval_runtime': 0.1117, 'eval_samples_per_second': 35.82, 'eval_steps_per_second': 8.955, 'epoch': 1.0, 'step': 1}
[2025/08/08 17:18:06] - {'loss': -0.9536, 'grad_norm': 2.8260276317596436, 'learning_rate': 0.001, 'epoch': 2.0, 'step': 2}
[2025/08/08 17:18:06] - {'loss': -0.9536, 'grad_norm': 2.8260276317596436, 'learning_rate': 0.001, 'epoch': 2.0, 'step': 2}
[2025/08/08 17:18:06] - {'loss': -0.9536, 'grad_norm': 2.8260276317596436, 'learning_rate': 0.001, 'epoch': 2.0, 'step': 2}
[2025/08/08 17:18:06] - {'eval_loss': -3.2412335872650146, 'eval_runtime': 0.1031, 'eval_samples_per_second': 38.801, 'eval_steps_per_second': 9.7, 'epoch': 2.0, 'step': 2}
[2025/08/08 17:18:06] - {'eval_loss': -3.2412335872650146, 'eval_runtime': 0.1032, 'eval_samples_per_second': 38.764, 'eval_steps_per_second': 9.691, 'epoch': 2.0, 'step': 2}
[2025/08/08 17:18:06] - {'eval_loss': -3.2412335872650146, 'eval_runtime': 0.2789, 'eval_samples_per_second': 14.344, 'eval_steps_per_second': 3.586, 'epoch': 2.0, 'step': 2}
[2025/08/08 17:18:06] - {'loss': -3.2479, 'grad_norm': 6.6358208656311035, 'learning_rate': 0.001, 'epoch': 3.0, 'step': 3}
[2025/08/08 17:18:06] - {'loss': -3.2479, 'grad_norm': 6.6358208656311035, 'learning_rate': 0.001, 'epoch': 3.0, 'step': 3}
[2025/08/08 17:18:06] - {'loss': -3.2479, 'grad_norm': 6.6358208656311035, 'learning_rate': 0.001, 'epoch': 3.0, 'step': 3}
[2025/08/08 17:18:06] - {'eval_loss': -5.475409984588623, 'eval_runtime': 0.1027, 'eval_samples_per_second': 38.931, 'eval_steps_per_second': 9.733, 'epoch': 3.0, 'step': 3}
[2025/08/08 17:18:06] - {'eval_loss': -5.475409984588623, 'eval_runtime': 0.1027, 'eval_samples_per_second': 38.959, 'eval_steps_per_second': 9.74, 'epoch': 3.0, 'step': 3}
[2025/08/08 17:18:06] - {'eval_loss': -5.475409984588623, 'eval_runtime': 0.1028, 'eval_samples_per_second': 38.925, 'eval_steps_per_second': 9.731, 'epoch': 3.0, 'step': 3}
[2025/08/08 17:18:06] - {'loss': -5.4789, 'grad_norm': 9.526908874511719, 'learning_rate': 0.001, 'epoch': 4.0, 'step': 4}
[2025/08/08 17:18:06] - {'loss': -5.4789, 'grad_norm': 9.526908874511719, 'learning_rate': 0.001, 'epoch': 4.0, 'step': 4}
[2025/08/08 17:18:06] - {'loss': -5.4789, 'grad_norm': 9.526908874511719, 'learning_rate': 0.001, 'epoch': 4.0, 'step': 4}
[2025/08/08 17:18:06] - {'eval_loss': -8.098641395568848, 'eval_runtime': 0.1031, 'eval_samples_per_second': 38.79, 'eval_steps_per_second': 9.698, 'epoch': 4.0, 'step': 4}
[2025/08/08 17:18:06] - {'eval_loss': -8.098641395568848, 'eval_runtime': 0.1032, 'eval_samples_per_second': 38.744, 'eval_steps_per_second': 9.686, 'epoch': 4.0, 'step': 4}
[2025/08/08 17:18:06] - {'eval_loss': -8.098641395568848, 'eval_runtime': 0.1032, 'eval_samples_per_second': 38.744, 'eval_steps_per_second': 9.686, 'epoch': 4.0, 'step': 4}
[2025/08/08 17:18:06] - {'loss': -8.1046, 'grad_norm': 10.919535636901855, 'learning_rate': 0.001, 'epoch': 5.0, 'step': 5}
[2025/08/08 17:18:06] - {'loss': -8.1046, 'grad_norm': 10.919535636901855, 'learning_rate': 0.001, 'epoch': 5.0, 'step': 5}
[2025/08/08 17:18:06] - {'loss': -8.1046, 'grad_norm': 10.919535636901855, 'learning_rate': 0.001, 'epoch': 5.0, 'step': 5}
[2025/08/08 17:18:06] - {'eval_loss': -10.193933486938477, 'eval_runtime': 0.1028, 'eval_samples_per_second': 38.898, 'eval_steps_per_second': 9.725, 'epoch': 5.0, 'step': 5}
[2025/08/08 17:18:06] - {'eval_loss': -10.193933486938477, 'eval_runtime': 0.1028, 'eval_samples_per_second': 38.896, 'eval_steps_per_second': 9.724, 'epoch': 5.0, 'step': 5}
[2025/08/08 17:18:06] - {'eval_loss': -10.193933486938477, 'eval_runtime': 0.1028, 'eval_samples_per_second': 38.896, 'eval_steps_per_second': 9.724, 'epoch': 5.0, 'step': 5}
[2025/08/08 17:18:06] - {'loss': -10.1719, 'grad_norm': 29.0452823638916, 'learning_rate': 0.001, 'epoch': 6.0, 'step': 6}
[2025/08/08 17:18:06] - {'loss': -10.1719, 'grad_norm': 29.0452823638916, 'learning_rate': 0.001, 'epoch': 6.0, 'step': 6}
[2025/08/08 17:18:06] - {'loss': -10.1719, 'grad_norm': 29.0452823638916, 'learning_rate': 0.001, 'epoch': 6.0, 'step': 6}
[2025/08/08 17:18:06] - {'eval_loss': -19.27057456970215, 'eval_runtime': 0.1029, 'eval_samples_per_second': 38.874, 'eval_steps_per_second': 9.719, 'epoch': 6.0, 'step': 6}
[2025/08/08 17:18:06] - {'eval_loss': -19.27057456970215, 'eval_runtime': 0.1036, 'eval_samples_per_second': 38.617, 'eval_steps_per_second': 9.654, 'epoch': 6.0, 'step': 6}
[2025/08/08 17:18:06] - {'eval_loss': -19.27057456970215, 'eval_runtime': 0.1035, 'eval_samples_per_second': 38.654, 'eval_steps_per_second': 9.664, 'epoch': 6.0, 'step': 6}
[2025/08/08 17:18:06] - {'loss': -19.2151, 'grad_norm': 152.66236877441406, 'learning_rate': 0.001, 'epoch': 7.0, 'step': 7}
[2025/08/08 17:18:06] - {'loss': -19.2151, 'grad_norm': 152.66236877441406, 'learning_rate': 0.001, 'epoch': 7.0, 'step': 7}
[2025/08/08 17:18:06] - {'loss': -19.2151, 'grad_norm': 152.66236877441406, 'learning_rate': 0.001, 'epoch': 7.0, 'step': 7}
[2025/08/08 17:18:06] - {'eval_loss': -25.21018409729004, 'eval_runtime': 0.1274, 'eval_samples_per_second': 31.386, 'eval_steps_per_second': 7.846, 'epoch': 7.0, 'step': 7}
[2025/08/08 17:18:06] - {'eval_loss': -25.21018409729004, 'eval_runtime': 0.1274, 'eval_samples_per_second': 31.393, 'eval_steps_per_second': 7.848, 'epoch': 7.0, 'step': 7}
[2025/08/08 17:18:06] - {'eval_loss': -25.21018409729004, 'eval_runtime': 0.1274, 'eval_samples_per_second': 31.387, 'eval_steps_per_second': 7.847, 'epoch': 7.0, 'step': 7}
[2025/08/08 17:18:06] - {'loss': -25.3399, 'grad_norm': 201.2698516845703, 'learning_rate': 0.001, 'epoch': 8.0, 'step': 8}
[2025/08/08 17:18:06] - {'loss': -25.3399, 'grad_norm': 201.2698516845703, 'learning_rate': 0.001, 'epoch': 8.0, 'step': 8}
[2025/08/08 17:18:06] - {'loss': -25.3399, 'grad_norm': 201.2698516845703, 'learning_rate': 0.001, 'epoch': 8.0, 'step': 8}
[2025/08/08 17:18:06] - {'eval_loss': -13.237665176391602, 'eval_runtime': 0.1035, 'eval_samples_per_second': 38.661, 'eval_steps_per_second': 9.665, 'epoch': 8.0, 'step': 8}
[2025/08/08 17:18:06] - {'eval_loss': -13.237665176391602, 'eval_runtime': 0.1029, 'eval_samples_per_second': 38.864, 'eval_steps_per_second': 9.716, 'epoch': 8.0, 'step': 8}
[2025/08/08 17:18:06] - {'eval_loss': -13.237665176391602, 'eval_runtime': 0.4387, 'eval_samples_per_second': 9.117, 'eval_steps_per_second': 2.279, 'epoch': 8.0, 'step': 8}
[2025/08/08 17:18:06] - {'loss': -15.4042, 'grad_norm': 3876.52001953125, 'learning_rate': 0.001, 'epoch': 9.0, 'step': 9}
[2025/08/08 17:18:06] - {'loss': -15.4042, 'grad_norm': 3876.52001953125, 'learning_rate': 0.001, 'epoch': 9.0, 'step': 9}
[2025/08/08 17:18:06] - {'loss': -15.4042, 'grad_norm': 3876.52001953125, 'learning_rate': 0.001, 'epoch': 9.0, 'step': 9}
[2025/08/08 17:18:06] - {'eval_loss': -30.847938537597656, 'eval_runtime': 0.1024, 'eval_samples_per_second': 39.06, 'eval_steps_per_second': 9.765, 'epoch': 9.0, 'step': 9}
[2025/08/08 17:18:06] - {'eval_loss': -30.847938537597656, 'eval_runtime': 0.1025, 'eval_samples_per_second': 39.023, 'eval_steps_per_second': 9.756, 'epoch': 9.0, 'step': 9}
[2025/08/08 17:18:06] - {'eval_loss': -30.847938537597656, 'eval_runtime': 0.1025, 'eval_samples_per_second': 39.026, 'eval_steps_per_second': 9.757, 'epoch': 9.0, 'step': 9}
[2025/08/08 17:18:06] - {'loss': -30.8851, 'grad_norm': 65.22708892822266, 'learning_rate': 0.001, 'epoch': 10.0, 'step': 10}
[2025/08/08 17:18:06] - {'loss': -30.8851, 'grad_norm': 65.22708892822266, 'learning_rate': 0.001, 'epoch': 10.0, 'step': 10}
[2025/08/08 17:18:06] - {'loss': -30.8851, 'grad_norm': 65.22708892822266, 'learning_rate': 0.001, 'epoch': 10.0, 'step': 10}
[2025/08/08 17:18:06] - {'eval_loss': -33.481414794921875, 'eval_runtime': 0.1033, 'eval_samples_per_second': 38.725, 'eval_steps_per_second': 9.681, 'epoch': 10.0, 'step': 10}
[2025/08/08 17:18:06] - {'eval_loss': -33.481414794921875, 'eval_runtime': 0.103, 'eval_samples_per_second': 38.825, 'eval_steps_per_second': 9.706, 'epoch': 10.0, 'step': 10}
[2025/08/08 17:18:06] - {'eval_loss': -33.481414794921875, 'eval_runtime': 0.2801, 'eval_samples_per_second': 14.28, 'eval_steps_per_second': 3.57, 'epoch': 10.0, 'step': 10}
[2025/08/08 17:18:06] - {'loss': -33.4939, 'grad_norm': 16.151561737060547, 'learning_rate': 0.001, 'epoch': 11.0, 'step': 11}
[2025/08/08 17:18:06] - {'loss': -33.4939, 'grad_norm': 16.151561737060547, 'learning_rate': 0.001, 'epoch': 11.0, 'step': 11}
[2025/08/08 17:18:06] - {'loss': -33.4939, 'grad_norm': 16.151561737060547, 'learning_rate': 0.001, 'epoch': 11.0, 'step': 11}
[2025/08/08 17:18:06] - {'eval_loss': -37.182960510253906, 'eval_runtime': 0.1026, 'eval_samples_per_second': 38.983, 'eval_steps_per_second': 9.746, 'epoch': 11.0, 'step': 11}
[2025/08/08 17:18:06] - {'eval_loss': -37.182960510253906, 'eval_runtime': 0.1027, 'eval_samples_per_second': 38.967, 'eval_steps_per_second': 9.742, 'epoch': 11.0, 'step': 11}
[2025/08/08 17:18:06] - {'eval_loss': -37.182960510253906, 'eval_runtime': 0.1026, 'eval_samples_per_second': 38.98, 'eval_steps_per_second': 9.745, 'epoch': 11.0, 'step': 11}
[2025/08/08 17:18:06] - {'loss': -37.1589, 'grad_norm': 13.627019882202148, 'learning_rate': 0.001, 'epoch': 12.0, 'step': 12}
[2025/08/08 17:18:06] - {'loss': -37.1589, 'grad_norm': 13.627019882202148, 'learning_rate': 0.001, 'epoch': 12.0, 'step': 12}
[2025/08/08 17:18:06] - {'loss': -37.1589, 'grad_norm': 13.627019882202148, 'learning_rate': 0.001, 'epoch': 12.0, 'step': 12}
[2025/08/08 17:18:06] - {'eval_loss': -40.8972282409668, 'eval_runtime': 0.3541, 'eval_samples_per_second': 11.298, 'eval_steps_per_second': 2.824, 'epoch': 12.0, 'step': 12}
[2025/08/08 17:18:06] - {'eval_loss': -40.8972282409668, 'eval_runtime': 0.1275, 'eval_samples_per_second': 31.367, 'eval_steps_per_second': 7.842, 'epoch': 12.0, 'step': 12}
[2025/08/08 17:18:06] - {'eval_loss': -40.8972282409668, 'eval_runtime': 0.1278, 'eval_samples_per_second': 31.301, 'eval_steps_per_second': 7.825, 'epoch': 12.0, 'step': 12}
[2025/08/08 17:18:06] - {'loss': -40.8875, 'grad_norm': 12.626921653747559, 'learning_rate': 0.001, 'epoch': 13.0, 'step': 13}
[2025/08/08 17:18:06] - {'loss': -40.8875, 'grad_norm': 12.626921653747559, 'learning_rate': 0.001, 'epoch': 13.0, 'step': 13}
[2025/08/08 17:18:06] - {'loss': -40.8875, 'grad_norm': 12.626921653747559, 'learning_rate': 0.001, 'epoch': 13.0, 'step': 13}
[2025/08/08 17:18:06] - {'eval_loss': -44.39162826538086, 'eval_runtime': 0.1025, 'eval_samples_per_second': 39.015, 'eval_steps_per_second': 9.754, 'epoch': 13.0, 'step': 13}
[2025/08/08 17:18:06] - {'eval_loss': -44.39162826538086, 'eval_runtime': 0.1026, 'eval_samples_per_second': 38.97, 'eval_steps_per_second': 9.742, 'epoch': 13.0, 'step': 13}
[2025/08/08 17:18:06] - {'eval_loss': -44.39162826538086, 'eval_runtime': 0.1026, 'eval_samples_per_second': 38.988, 'eval_steps_per_second': 9.747, 'epoch': 13.0, 'step': 13}
[2025/08/08 17:18:06] - {'loss': -44.3873, 'grad_norm': 14.224650382995605, 'learning_rate': 0.001, 'epoch': 14.0, 'step': 14}
[2025/08/08 17:18:06] - {'loss': -44.3873, 'grad_norm': 14.224650382995605, 'learning_rate': 0.001, 'epoch': 14.0, 'step': 14}
[2025/08/08 17:18:06] - {'loss': -44.3873, 'grad_norm': 14.224650382995605, 'learning_rate': 0.001, 'epoch': 14.0, 'step': 14}
[2025/08/08 17:18:06] - {'eval_loss': -47.52634048461914, 'eval_runtime': 0.1029, 'eval_samples_per_second': 38.854, 'eval_steps_per_second': 9.713, 'epoch': 14.0, 'step': 14}
[2025/08/08 17:18:06] - {'eval_loss': -47.52634048461914, 'eval_runtime': 0.1032, 'eval_samples_per_second': 38.766, 'eval_steps_per_second': 9.691, 'epoch': 14.0, 'step': 14}
[2025/08/08 17:18:06] - {'eval_loss': -47.52634048461914, 'eval_runtime': 0.356, 'eval_samples_per_second': 11.237, 'eval_steps_per_second': 2.809, 'epoch': 14.0, 'step': 14}
[2025/08/08 17:18:06] - {'loss': -47.5221, 'grad_norm': 18.349409103393555, 'learning_rate': 0.001, 'epoch': 15.0, 'step': 15}
[2025/08/08 17:18:06] - {'loss': -47.5221, 'grad_norm': 18.349409103393555, 'learning_rate': 0.001, 'epoch': 15.0, 'step': 15}
[2025/08/08 17:18:06] - {'loss': -47.5221, 'grad_norm': 18.349409103393555, 'learning_rate': 0.001, 'epoch': 15.0, 'step': 15}
[2025/08/08 17:18:06] - {'eval_loss': -40.942466735839844, 'eval_runtime': 0.1027, 'eval_samples_per_second': 38.938, 'eval_steps_per_second': 9.734, 'epoch': 15.0, 'step': 15}
[2025/08/08 17:18:06] - {'eval_loss': -40.942466735839844, 'eval_runtime': 0.1028, 'eval_samples_per_second': 38.928, 'eval_steps_per_second': 9.732, 'epoch': 15.0, 'step': 15}
[2025/08/08 17:18:06] - {'eval_loss': -40.942466735839844, 'eval_runtime': 0.1028, 'eval_samples_per_second': 38.929, 'eval_steps_per_second': 9.732, 'epoch': 15.0, 'step': 15}
[2025/08/08 17:18:06] - {'loss': -40.8825, 'grad_norm': 175.18020629882812, 'learning_rate': 0.001, 'epoch': 16.0, 'step': 16}
[2025/08/08 17:18:06] - {'loss': -40.8825, 'grad_norm': 175.18020629882812, 'learning_rate': 0.001, 'epoch': 16.0, 'step': 16}
[2025/08/08 17:18:06] - {'loss': -40.8825, 'grad_norm': 175.18020629882812, 'learning_rate': 0.001, 'epoch': 16.0, 'step': 16}
[2025/08/08 17:18:06] - {'eval_loss': -47.09012222290039, 'eval_runtime': 0.103, 'eval_samples_per_second': 38.841, 'eval_steps_per_second': 9.71, 'epoch': 16.0, 'step': 16}
[2025/08/08 17:18:06] - {'eval_loss': -47.09012222290039, 'eval_runtime': 0.1032, 'eval_samples_per_second': 38.777, 'eval_steps_per_second': 9.694, 'epoch': 16.0, 'step': 16}
[2025/08/08 17:18:06] - {'eval_loss': -47.09012222290039, 'eval_runtime': 0.1032, 'eval_samples_per_second': 38.777, 'eval_steps_per_second': 9.694, 'epoch': 16.0, 'step': 16}
[2025/08/08 17:18:06] - {'loss': -47.0363, 'grad_norm': 53.666221618652344, 'learning_rate': 0.001, 'epoch': 17.0, 'step': 17}
[2025/08/08 17:18:06] - {'loss': -47.0363, 'grad_norm': 53.666221618652344, 'learning_rate': 0.001, 'epoch': 17.0, 'step': 17}
[2025/08/08 17:18:06] - {'loss': -47.0363, 'grad_norm': 53.666221618652344, 'learning_rate': 0.001, 'epoch': 17.0, 'step': 17}
[2025/08/08 17:18:06] - {'eval_loss': -49.683319091796875, 'eval_runtime': 0.1027, 'eval_samples_per_second': 38.948, 'eval_steps_per_second': 9.737, 'epoch': 17.0, 'step': 17}
[2025/08/08 17:18:06] - {'eval_loss': -49.683319091796875, 'eval_runtime': 0.1027, 'eval_samples_per_second': 38.958, 'eval_steps_per_second': 9.739, 'epoch': 17.0, 'step': 17}
[2025/08/08 17:18:06] - {'eval_loss': -49.683319091796875, 'eval_runtime': 0.1027, 'eval_samples_per_second': 38.955, 'eval_steps_per_second': 9.739, 'epoch': 17.0, 'step': 17}
[2025/08/08 17:18:06] - {'loss': -49.6821, 'grad_norm': 36.7868766784668, 'learning_rate': 0.001, 'epoch': 18.0, 'step': 18}
[2025/08/08 17:18:06] - {'loss': -49.6821, 'grad_norm': 36.7868766784668, 'learning_rate': 0.001, 'epoch': 18.0, 'step': 18}
[2025/08/08 17:18:06] - {'loss': -49.6821, 'grad_norm': 36.7868766784668, 'learning_rate': 0.001, 'epoch': 18.0, 'step': 18}
[2025/08/08 17:18:06] - {'eval_loss': -50.60866928100586, 'eval_runtime': 0.1029, 'eval_samples_per_second': 38.861, 'eval_steps_per_second': 9.715, 'epoch': 18.0, 'step': 18}
[2025/08/08 17:18:06] - {'eval_loss': -50.60866928100586, 'eval_runtime': 0.1035, 'eval_samples_per_second': 38.632, 'eval_steps_per_second': 9.658, 'epoch': 18.0, 'step': 18}
[2025/08/08 17:18:06] - {'eval_loss': -50.60866928100586, 'eval_runtime': 0.1815, 'eval_samples_per_second': 22.033, 'eval_steps_per_second': 5.508, 'epoch': 18.0, 'step': 18}
[2025/08/08 17:18:06] - {'loss': -50.6124, 'grad_norm': 37.608863830566406, 'learning_rate': 0.001, 'epoch': 19.0, 'step': 19}
[2025/08/08 17:18:06] - {'loss': -50.6124, 'grad_norm': 37.608863830566406, 'learning_rate': 0.001, 'epoch': 19.0, 'step': 19}
[2025/08/08 17:18:06] - {'loss': -50.6124, 'grad_norm': 37.608863830566406, 'learning_rate': 0.001, 'epoch': 19.0, 'step': 19}
[2025/08/08 17:18:06] - {'eval_loss': -51.350502014160156, 'eval_runtime': 0.1079, 'eval_samples_per_second': 37.059, 'eval_steps_per_second': 9.265, 'epoch': 19.0, 'step': 19}
[2025/08/08 17:18:06] - {'eval_loss': -51.350502014160156, 'eval_runtime': 0.1207, 'eval_samples_per_second': 33.145, 'eval_steps_per_second': 8.286, 'epoch': 19.0, 'step': 19}
[2025/08/08 17:18:06] - {'eval_loss': -51.350502014160156, 'eval_runtime': 0.1206, 'eval_samples_per_second': 33.172, 'eval_steps_per_second': 8.293, 'epoch': 19.0, 'step': 19}
[2025/08/08 17:18:06] - {'loss': -51.3459, 'grad_norm': 31.352327346801758, 'learning_rate': 0.001, 'epoch': 20.0, 'step': 20}
[2025/08/08 17:18:06] - {'loss': -51.3459, 'grad_norm': 31.352327346801758, 'learning_rate': 0.001, 'epoch': 20.0, 'step': 20}
[2025/08/08 17:18:06] - {'loss': -51.3459, 'grad_norm': 31.352327346801758, 'learning_rate': 0.001, 'epoch': 20.0, 'step': 20}
[2025/08/08 17:18:06] - {'eval_loss': -53.173255920410156, 'eval_runtime': 0.1957, 'eval_samples_per_second': 20.436, 'eval_steps_per_second': 5.109, 'epoch': 20.0, 'step': 20}
[2025/08/08 17:18:06] - {'eval_loss': -53.173255920410156, 'eval_runtime': 0.1039, 'eval_samples_per_second': 38.494, 'eval_steps_per_second': 9.624, 'epoch': 20.0, 'step': 20}
[2025/08/08 17:18:06] - {'eval_loss': -53.173255920410156, 'eval_runtime': 0.1037, 'eval_samples_per_second': 38.562, 'eval_steps_per_second': 9.641, 'epoch': 20.0, 'step': 20}
[2025/08/08 17:18:06] - {'loss': -53.1627, 'grad_norm': 15.517045021057129, 'learning_rate': 0.001, 'epoch': 21.0, 'step': 21}
[2025/08/08 17:18:06] - {'loss': -53.1627, 'grad_norm': 15.517045021057129, 'learning_rate': 0.001, 'epoch': 21.0, 'step': 21}
[2025/08/08 17:18:06] - {'loss': -53.1627, 'grad_norm': 15.517045021057129, 'learning_rate': 0.001, 'epoch': 21.0, 'step': 21}
[2025/08/08 17:18:06] - {'eval_loss': -54.5261344909668, 'eval_runtime': 0.1214, 'eval_samples_per_second': 32.936, 'eval_steps_per_second': 8.234, 'epoch': 21.0, 'step': 21}
[2025/08/08 17:18:06] - {'eval_loss': -54.5261344909668, 'eval_runtime': 0.1214, 'eval_samples_per_second': 32.936, 'eval_steps_per_second': 8.234, 'epoch': 21.0, 'step': 21}
[2025/08/08 17:18:06] - {'eval_loss': -54.5261344909668, 'eval_runtime': 0.1213, 'eval_samples_per_second': 32.967, 'eval_steps_per_second': 8.242, 'epoch': 21.0, 'step': 21}
[2025/08/08 17:18:06] - {'loss': -54.5053, 'grad_norm': 19.263479232788086, 'learning_rate': 0.001, 'epoch': 22.0, 'step': 22}
[2025/08/08 17:18:06] - {'loss': -54.5053, 'grad_norm': 19.263479232788086, 'learning_rate': 0.001, 'epoch': 22.0, 'step': 22}
[2025/08/08 17:18:06] - {'loss': -54.5053, 'grad_norm': 19.263479232788086, 'learning_rate': 0.001, 'epoch': 22.0, 'step': 22}
[2025/08/08 17:18:06] - {'eval_loss': -54.71056365966797, 'eval_runtime': 0.1047, 'eval_samples_per_second': 38.216, 'eval_steps_per_second': 9.554, 'epoch': 22.0, 'step': 22}
[2025/08/08 17:18:06] - {'eval_loss': -54.71056365966797, 'eval_runtime': 0.103, 'eval_samples_per_second': 38.816, 'eval_steps_per_second': 9.704, 'epoch': 22.0, 'step': 22}
[2025/08/08 17:18:06] - {'eval_loss': -54.71056365966797, 'eval_runtime': 0.1039, 'eval_samples_per_second': 38.506, 'eval_steps_per_second': 9.627, 'epoch': 22.0, 'step': 22}
[2025/08/08 17:18:06] - {'loss': -54.6936, 'grad_norm': 49.408935546875, 'learning_rate': 0.001, 'epoch': 23.0, 'step': 23}
[2025/08/08 17:18:06] - {'loss': -54.6936, 'grad_norm': 49.408935546875, 'learning_rate': 0.001, 'epoch': 23.0, 'step': 23}
[2025/08/08 17:18:06] - {'loss': -54.6936, 'grad_norm': 49.408935546875, 'learning_rate': 0.001, 'epoch': 23.0, 'step': 23}
[2025/08/08 17:18:06] - {'eval_loss': -56.44895935058594, 'eval_runtime': 0.1027, 'eval_samples_per_second': 38.942, 'eval_steps_per_second': 9.735, 'epoch': 23.0, 'step': 23}
[2025/08/08 17:18:06] - {'eval_loss': -56.44895935058594, 'eval_runtime': 0.1028, 'eval_samples_per_second': 38.928, 'eval_steps_per_second': 9.732, 'epoch': 23.0, 'step': 23}
[2025/08/08 17:18:06] - {'eval_loss': -56.44895935058594, 'eval_runtime': 0.1027, 'eval_samples_per_second': 38.941, 'eval_steps_per_second': 9.735, 'epoch': 23.0, 'step': 23}
[2025/08/08 17:18:06] - {'loss': -56.4253, 'grad_norm': 19.213359832763672, 'learning_rate': 0.001, 'epoch': 24.0, 'step': 24}
[2025/08/08 17:18:06] - {'loss': -56.4253, 'grad_norm': 19.213359832763672, 'learning_rate': 0.001, 'epoch': 24.0, 'step': 24}
[2025/08/08 17:18:06] - {'loss': -56.4253, 'grad_norm': 19.213359832763672, 'learning_rate': 0.001, 'epoch': 24.0, 'step': 24}
[2025/08/08 17:18:06] - {'eval_loss': -56.93999099731445, 'eval_runtime': 0.1033, 'eval_samples_per_second': 38.724, 'eval_steps_per_second': 9.681, 'epoch': 24.0, 'step': 24}
[2025/08/08 17:18:06] - {'eval_loss': -56.93999099731445, 'eval_runtime': 0.1033, 'eval_samples_per_second': 38.724, 'eval_steps_per_second': 9.681, 'epoch': 24.0, 'step': 24}
[2025/08/08 17:18:06] - {'eval_loss': -56.93999099731445, 'eval_runtime': 0.103, 'eval_samples_per_second': 38.822, 'eval_steps_per_second': 9.706, 'epoch': 24.0, 'step': 24}
[2025/08/08 17:18:06] - {'loss': -56.9507, 'grad_norm': 22.990755081176758, 'learning_rate': 0.001, 'epoch': 25.0, 'step': 25}
[2025/08/08 17:18:06] - {'loss': -56.9507, 'grad_norm': 22.990755081176758, 'learning_rate': 0.001, 'epoch': 25.0, 'step': 25}
[2025/08/08 17:18:06] - {'loss': -56.9507, 'grad_norm': 22.990755081176758, 'learning_rate': 0.001, 'epoch': 25.0, 'step': 25}
[2025/08/08 17:18:06] - {'eval_loss': -58.91123580932617, 'eval_runtime': 0.1027, 'eval_samples_per_second': 38.942, 'eval_steps_per_second': 9.735, 'epoch': 25.0, 'step': 25}
[2025/08/08 17:18:06] - {'eval_loss': -58.91123580932617, 'eval_runtime': 0.1029, 'eval_samples_per_second': 38.888, 'eval_steps_per_second': 9.722, 'epoch': 25.0, 'step': 25}
[2025/08/08 17:18:06] - {'eval_loss': -58.91123580932617, 'eval_runtime': 0.1028, 'eval_samples_per_second': 38.9, 'eval_steps_per_second': 9.725, 'epoch': 25.0, 'step': 25}
[2025/08/08 17:18:06] - {'train_runtime': 29.1158, 'train_samples_per_second': 3.435, 'train_steps_per_second': 0.859, 'total_flos': 0.0, 'train_loss': -33.50200907129794, 'epoch': 25.0, 'step': 25}
[2025/08/08 17:18:06] - {'train_runtime': 29.1393, 'train_samples_per_second': 3.432, 'train_steps_per_second': 0.858, 'total_flos': 0.0, 'train_loss': -33.50200907129794, 'epoch': 25.0, 'step': 25}
[2025/08/08 17:18:06] - {'train_runtime': 29.138, 'train_samples_per_second': 3.432, 'train_steps_per_second': 0.858, 'total_flos': 0.0, 'train_loss': -33.50200907129794, 'epoch': 25.0, 'step': 25}
[2025/08/08 17:18:06] - {'loss': -0.0024, 'grad_norm': 0.05103195086121559, 'learning_rate': 0.001, 'epoch': 1.0, 'step': 1}
[2025/08/08 17:18:06] - {'eval_loss': -0.9439336061477661, 'eval_runtime': 0.1115, 'eval_samples_per_second': 35.876, 'eval_steps_per_second': 8.969, 'epoch': 1.0, 'step': 1}
[2025/08/08 17:18:06] - {'loss': -0.9536, 'grad_norm': 2.8260276317596436, 'learning_rate': 0.001, 'epoch': 2.0, 'step': 2}
[2025/08/08 17:18:06] - {'eval_loss': -3.2412335872650146, 'eval_runtime': 0.1032, 'eval_samples_per_second': 38.764, 'eval_steps_per_second': 9.691, 'epoch': 2.0, 'step': 2}
[2025/08/08 17:18:06] - {'loss': -3.2479, 'grad_norm': 6.6358208656311035, 'learning_rate': 0.001, 'epoch': 3.0, 'step': 3}
[2025/08/08 17:18:06] - {'eval_loss': -5.475409984588623, 'eval_runtime': 0.1025, 'eval_samples_per_second': 39.029, 'eval_steps_per_second': 9.757, 'epoch': 3.0, 'step': 3}
[2025/08/08 17:18:06] - {'loss': -5.4789, 'grad_norm': 9.526908874511719, 'learning_rate': 0.001, 'epoch': 4.0, 'step': 4}
[2025/08/08 17:18:06] - {'eval_loss': -8.098641395568848, 'eval_runtime': 0.1032, 'eval_samples_per_second': 38.747, 'eval_steps_per_second': 9.687, 'epoch': 4.0, 'step': 4}
[2025/08/08 17:18:06] - {'loss': -8.1046, 'grad_norm': 10.919535636901855, 'learning_rate': 0.001, 'epoch': 5.0, 'step': 5}
[2025/08/08 17:18:06] - {'eval_loss': -10.193933486938477, 'eval_runtime': 0.1025, 'eval_samples_per_second': 39.033, 'eval_steps_per_second': 9.758, 'epoch': 5.0, 'step': 5}
[2025/08/08 17:18:06] - {'loss': -10.1719, 'grad_norm': 29.0452823638916, 'learning_rate': 0.001, 'epoch': 6.0, 'step': 6}
[2025/08/08 17:18:06] - {'eval_loss': -19.27057456970215, 'eval_runtime': 0.1037, 'eval_samples_per_second': 38.577, 'eval_steps_per_second': 9.644, 'epoch': 6.0, 'step': 6}
[2025/08/08 17:18:06] - {'loss': -19.2151, 'grad_norm': 152.66236877441406, 'learning_rate': 0.001, 'epoch': 7.0, 'step': 7}
[2025/08/08 17:18:06] - {'eval_loss': -25.21018409729004, 'eval_runtime': 0.1271, 'eval_samples_per_second': 31.461, 'eval_steps_per_second': 7.865, 'epoch': 7.0, 'step': 7}
[2025/08/08 17:18:06] - {'loss': -25.3399, 'grad_norm': 201.2698516845703, 'learning_rate': 0.001, 'epoch': 8.0, 'step': 8}
[2025/08/08 17:18:06] - {'eval_loss': -13.237665176391602, 'eval_runtime': 0.1039, 'eval_samples_per_second': 38.504, 'eval_steps_per_second': 9.626, 'epoch': 8.0, 'step': 8}
[2025/08/08 17:18:06] - {'loss': -15.4042, 'grad_norm': 3876.52001953125, 'learning_rate': 0.001, 'epoch': 9.0, 'step': 9}
[2025/08/08 17:18:06] - {'eval_loss': -30.847938537597656, 'eval_runtime': 0.1023, 'eval_samples_per_second': 39.107, 'eval_steps_per_second': 9.777, 'epoch': 9.0, 'step': 9}
[2025/08/08 17:18:06] - {'loss': -30.8851, 'grad_norm': 65.22708892822266, 'learning_rate': 0.001, 'epoch': 10.0, 'step': 10}
[2025/08/08 17:18:06] - {'eval_loss': -33.481414794921875, 'eval_runtime': 0.1033, 'eval_samples_per_second': 38.736, 'eval_steps_per_second': 9.684, 'epoch': 10.0, 'step': 10}
[2025/08/08 17:18:06] - {'loss': -33.4939, 'grad_norm': 16.151561737060547, 'learning_rate': 0.001, 'epoch': 11.0, 'step': 11}
[2025/08/08 17:18:06] - {'eval_loss': -37.182960510253906, 'eval_runtime': 0.1023, 'eval_samples_per_second': 39.083, 'eval_steps_per_second': 9.771, 'epoch': 11.0, 'step': 11}
[2025/08/08 17:18:06] - {'loss': -37.1589, 'grad_norm': 13.627019882202148, 'learning_rate': 0.001, 'epoch': 12.0, 'step': 12}
[2025/08/08 17:18:06] - {'eval_loss': -40.8972282409668, 'eval_runtime': 0.1278, 'eval_samples_per_second': 31.31, 'eval_steps_per_second': 7.828, 'epoch': 12.0, 'step': 12}
[2025/08/08 17:18:06] - {'loss': -40.8875, 'grad_norm': 12.626921653747559, 'learning_rate': 0.001, 'epoch': 13.0, 'step': 13}
[2025/08/08 17:18:06] - {'eval_loss': -44.39162826538086, 'eval_runtime': 0.1024, 'eval_samples_per_second': 39.052, 'eval_steps_per_second': 9.763, 'epoch': 13.0, 'step': 13}
[2025/08/08 17:18:06] - {'loss': -44.3873, 'grad_norm': 14.224650382995605, 'learning_rate': 0.001, 'epoch': 14.0, 'step': 14}
[2025/08/08 17:18:06] - {'eval_loss': -47.52634048461914, 'eval_runtime': 0.1032, 'eval_samples_per_second': 38.77, 'eval_steps_per_second': 9.693, 'epoch': 14.0, 'step': 14}
[2025/08/08 17:18:06] - {'loss': -47.5221, 'grad_norm': 18.349409103393555, 'learning_rate': 0.001, 'epoch': 15.0, 'step': 15}
[2025/08/08 17:18:06] - {'eval_loss': -40.942466735839844, 'eval_runtime': 0.1024, 'eval_samples_per_second': 39.061, 'eval_steps_per_second': 9.765, 'epoch': 15.0, 'step': 15}
[2025/08/08 17:18:06] - {'loss': -40.8825, 'grad_norm': 175.18020629882812, 'learning_rate': 0.001, 'epoch': 16.0, 'step': 16}
[2025/08/08 17:18:06] - {'eval_loss': -47.09012222290039, 'eval_runtime': 0.1882, 'eval_samples_per_second': 21.256, 'eval_steps_per_second': 5.314, 'epoch': 16.0, 'step': 16}
[2025/08/08 17:18:06] - {'loss': -47.0363, 'grad_norm': 53.666221618652344, 'learning_rate': 0.001, 'epoch': 17.0, 'step': 17}
[2025/08/08 17:18:06] - {'eval_loss': -49.683319091796875, 'eval_runtime': 0.1024, 'eval_samples_per_second': 39.075, 'eval_steps_per_second': 9.769, 'epoch': 17.0, 'step': 17}
[2025/08/08 17:18:06] - {'loss': -49.6821, 'grad_norm': 36.7868766784668, 'learning_rate': 0.001, 'epoch': 18.0, 'step': 18}
[2025/08/08 17:18:06] - {'eval_loss': -50.60866928100586, 'eval_runtime': 0.1037, 'eval_samples_per_second': 38.577, 'eval_steps_per_second': 9.644, 'epoch': 18.0, 'step': 18}
[2025/08/08 17:18:06] - {'loss': -50.6124, 'grad_norm': 37.608863830566406, 'learning_rate': 0.001, 'epoch': 19.0, 'step': 19}
[2025/08/08 17:18:06] - {'eval_loss': -51.350502014160156, 'eval_runtime': 0.1205, 'eval_samples_per_second': 33.207, 'eval_steps_per_second': 8.302, 'epoch': 19.0, 'step': 19}
[2025/08/08 17:18:06] - {'loss': -51.3459, 'grad_norm': 31.352327346801758, 'learning_rate': 0.001, 'epoch': 20.0, 'step': 20}
[2025/08/08 17:18:06] - {'eval_loss': -53.173255920410156, 'eval_runtime': 0.1029, 'eval_samples_per_second': 38.89, 'eval_steps_per_second': 9.723, 'epoch': 20.0, 'step': 20}
[2025/08/08 17:18:06] - {'loss': -53.1627, 'grad_norm': 15.517045021057129, 'learning_rate': 0.001, 'epoch': 21.0, 'step': 21}
[2025/08/08 17:18:06] - {'eval_loss': -54.5261344909668, 'eval_runtime': 0.1085, 'eval_samples_per_second': 36.882, 'eval_steps_per_second': 9.22, 'epoch': 21.0, 'step': 21}
[2025/08/08 17:18:06] - {'loss': -54.5053, 'grad_norm': 19.263479232788086, 'learning_rate': 0.001, 'epoch': 22.0, 'step': 22}
[2025/08/08 17:18:06] - {'eval_loss': -54.71056365966797, 'eval_runtime': 0.2288, 'eval_samples_per_second': 17.485, 'eval_steps_per_second': 4.371, 'epoch': 22.0, 'step': 22}
[2025/08/08 17:18:06] - {'loss': -54.6936, 'grad_norm': 49.408935546875, 'learning_rate': 0.001, 'epoch': 23.0, 'step': 23}
[2025/08/08 17:18:06] - {'eval_loss': -56.44895935058594, 'eval_runtime': 0.1024, 'eval_samples_per_second': 39.075, 'eval_steps_per_second': 9.769, 'epoch': 23.0, 'step': 23}
[2025/08/08 17:18:06] - {'loss': -56.4253, 'grad_norm': 19.213359832763672, 'learning_rate': 0.001, 'epoch': 24.0, 'step': 24}
[2025/08/08 17:18:06] - {'eval_loss': -56.93999099731445, 'eval_runtime': 0.1733, 'eval_samples_per_second': 23.085, 'eval_steps_per_second': 5.771, 'epoch': 24.0, 'step': 24}
[2025/08/08 17:18:06] - {'loss': -56.9507, 'grad_norm': 22.990755081176758, 'learning_rate': 0.001, 'epoch': 25.0, 'step': 25}
[2025/08/08 17:18:06] - {'eval_loss': -58.91123580932617, 'eval_runtime': 0.1025, 'eval_samples_per_second': 39.01, 'eval_steps_per_second': 9.752, 'epoch': 25.0, 'step': 25}
[2025/08/08 17:18:06] - {'train_runtime': 29.6399, 'train_samples_per_second': 3.374, 'train_steps_per_second': 0.843, 'total_flos': 0.0, 'train_loss': -33.50200907129794, 'epoch': 25.0, 'step': 25}
