[2025/08/19 03:07:49] - Detected kernel version 4.18.0, which is below the recommended minimum of 5.5.0; this can cause the process to hang. It is recommended to upgrade the kernel to the minimum version or higher.
[2025/08/19 03:07:49] - Using 4 GPUs
[2025/08/19 03:07:49] - Starting new HTTPS connection (1): huggingface.co:443
[2025/08/19 03:07:49] - Using 4 GPUs
[2025/08/19 03:07:49] - Starting new HTTPS connection (1): huggingface.co:443
[2025/08/19 03:07:49] - Using 4 GPUs
[2025/08/19 03:07:49] - Starting new HTTPS connection (1): huggingface.co:443
[2025/08/19 03:07:49] - Using 4 GPUs
[2025/08/19 03:07:49] - Starting new HTTPS connection (1): huggingface.co:443
[2025/08/19 03:08:29] - Starting new HTTPS connection (2): huggingface.co:443
[2025/08/19 03:08:30] - Starting new HTTPS connection (2): huggingface.co:443
[2025/08/19 03:08:30] - Starting new HTTPS connection (2): huggingface.co:443
[2025/08/19 03:08:30] - Starting new HTTPS connection (2): huggingface.co:443
[2025/08/19 03:10:02] - Starting new HTTPS connection (3): huggingface.co:443
[2025/08/19 03:10:02] - Starting new HTTPS connection (3): huggingface.co:443
[2025/08/19 03:10:02] - Starting new HTTPS connection (3): huggingface.co:443
[2025/08/19 03:10:02] - Starting new HTTPS connection (3): huggingface.co:443
[2025/08/19 03:10:42] - Loading bitsandbytes native library from: /home/hsc/ENV-3.10/lib/python3.10/site-packages/bitsandbytes/libbitsandbytes_cuda122.so
[2025/08/19 03:10:42] - Loading bitsandbytes native library from: /home/hsc/ENV-3.10/lib/python3.10/site-packages/bitsandbytes/libbitsandbytes_cuda122.so
[2025/08/19 03:10:42] - Loading bitsandbytes native library from: /home/hsc/ENV-3.10/lib/python3.10/site-packages/bitsandbytes/libbitsandbytes_cuda122.so
[2025/08/19 03:10:42] - Loading bitsandbytes native library from: /home/hsc/ENV-3.10/lib/python3.10/site-packages/bitsandbytes/libbitsandbytes_cuda122.so
[2025/08/19 03:10:52] - Detected kernel version 4.18.0, which is below the recommended minimum of 5.5.0; this can cause the process to hang. It is recommended to upgrade the kernel to the minimum version or higher.
[2025/08/19 03:11:33] - {'loss': 6.4971, 'grad_norm': 6.0684685707092285, 'learning_rate': 0.001, 'epoch': 1.0, 'step': 1}
[2025/08/19 03:11:33] - {'loss': 6.4971, 'grad_norm': 6.0684685707092285, 'learning_rate': 0.001, 'epoch': 1.0, 'step': 1}
[2025/08/19 03:11:33] - {'loss': 6.4971, 'grad_norm': 6.0684685707092285, 'learning_rate': 0.001, 'epoch': 1.0, 'step': 1}
[2025/08/19 03:11:33] - {'eval_loss': -0.0027457221876829863, 'eval_runtime': 0.1276, 'eval_samples_per_second': 31.347, 'eval_steps_per_second': 7.837, 'epoch': 1.0, 'step': 1}
[2025/08/19 03:11:33] - {'eval_loss': -0.0027457221876829863, 'eval_runtime': 0.1276, 'eval_samples_per_second': 31.347, 'eval_steps_per_second': 7.837, 'epoch': 1.0, 'step': 1}
[2025/08/19 03:11:33] - {'eval_loss': -0.0027457221876829863, 'eval_runtime': 0.1276, 'eval_samples_per_second': 31.348, 'eval_steps_per_second': 7.837, 'epoch': 1.0, 'step': 1}
[2025/08/19 03:11:33] - {'loss': 3.3598, 'grad_norm': 2.6579463481903076, 'learning_rate': 0.001, 'epoch': 2.0, 'step': 2}
[2025/08/19 03:11:33] - {'loss': 3.3598, 'grad_norm': 2.6579463481903076, 'learning_rate': 0.001, 'epoch': 2.0, 'step': 2}
[2025/08/19 03:11:33] - {'loss': 3.3598, 'grad_norm': 2.6579463481903076, 'learning_rate': 0.001, 'epoch': 2.0, 'step': 2}
[2025/08/19 03:11:33] - {'eval_loss': -0.6020869016647339, 'eval_runtime': 0.1199, 'eval_samples_per_second': 33.375, 'eval_steps_per_second': 8.344, 'epoch': 2.0, 'step': 2}
[2025/08/19 03:11:33] - {'eval_loss': -0.6020869016647339, 'eval_runtime': 0.1195, 'eval_samples_per_second': 33.486, 'eval_steps_per_second': 8.372, 'epoch': 2.0, 'step': 2}
[2025/08/19 03:11:33] - {'eval_loss': -0.6020869016647339, 'eval_runtime': 0.1198, 'eval_samples_per_second': 33.376, 'eval_steps_per_second': 8.344, 'epoch': 2.0, 'step': 2}
[2025/08/19 03:11:33] - {'loss': 2.0049, 'grad_norm': 2.3150463104248047, 'learning_rate': 0.001, 'epoch': 3.0, 'step': 3}
[2025/08/19 03:11:33] - {'loss': 2.0049, 'grad_norm': 2.3150463104248047, 'learning_rate': 0.001, 'epoch': 3.0, 'step': 3}
[2025/08/19 03:11:33] - {'loss': 2.0049, 'grad_norm': 2.3150463104248047, 'learning_rate': 0.001, 'epoch': 3.0, 'step': 3}
[2025/08/19 03:11:33] - {'eval_loss': -0.7705408930778503, 'eval_runtime': 0.1195, 'eval_samples_per_second': 33.476, 'eval_steps_per_second': 8.369, 'epoch': 3.0, 'step': 3}
[2025/08/19 03:11:33] - {'eval_loss': -0.7705408930778503, 'eval_runtime': 0.1194, 'eval_samples_per_second': 33.489, 'eval_steps_per_second': 8.372, 'epoch': 3.0, 'step': 3}
[2025/08/19 03:11:33] - {'eval_loss': -0.7705408930778503, 'eval_runtime': 0.1194, 'eval_samples_per_second': 33.501, 'eval_steps_per_second': 8.375, 'epoch': 3.0, 'step': 3}
[2025/08/19 03:11:33] - {'loss': 1.6424, 'grad_norm': 1.934328317642212, 'learning_rate': 0.001, 'epoch': 4.0, 'step': 4}
[2025/08/19 03:11:33] - {'loss': 1.6424, 'grad_norm': 1.934328317642212, 'learning_rate': 0.001, 'epoch': 4.0, 'step': 4}
[2025/08/19 03:11:33] - {'loss': 1.6424, 'grad_norm': 1.934328317642212, 'learning_rate': 0.001, 'epoch': 4.0, 'step': 4}
[2025/08/19 03:11:33] - {'eval_loss': -0.6195329427719116, 'eval_runtime': 0.1199, 'eval_samples_per_second': 33.372, 'eval_steps_per_second': 8.343, 'epoch': 4.0, 'step': 4}
[2025/08/19 03:11:33] - {'eval_loss': -0.6195329427719116, 'eval_runtime': 0.1197, 'eval_samples_per_second': 33.413, 'eval_steps_per_second': 8.353, 'epoch': 4.0, 'step': 4}
[2025/08/19 03:11:33] - {'eval_loss': -0.6195329427719116, 'eval_runtime': 0.1199, 'eval_samples_per_second': 33.369, 'eval_steps_per_second': 8.342, 'epoch': 4.0, 'step': 4}
[2025/08/19 03:11:33] - {'loss': 1.8255, 'grad_norm': 1.3834152221679688, 'learning_rate': 0.001, 'epoch': 5.0, 'step': 5}
[2025/08/19 03:11:33] - {'loss': 1.8255, 'grad_norm': 1.3834152221679688, 'learning_rate': 0.001, 'epoch': 5.0, 'step': 5}
[2025/08/19 03:11:33] - {'loss': 1.8255, 'grad_norm': 1.3834152221679688, 'learning_rate': 0.001, 'epoch': 5.0, 'step': 5}
[2025/08/19 03:11:33] - {'eval_loss': -0.7153591513633728, 'eval_runtime': 0.119, 'eval_samples_per_second': 33.612, 'eval_steps_per_second': 8.403, 'epoch': 5.0, 'step': 5}
[2025/08/19 03:11:33] - {'eval_loss': -0.7153591513633728, 'eval_runtime': 0.119, 'eval_samples_per_second': 33.617, 'eval_steps_per_second': 8.404, 'epoch': 5.0, 'step': 5}
[2025/08/19 03:11:33] - {'eval_loss': -0.7153591513633728, 'eval_runtime': 0.1189, 'eval_samples_per_second': 33.641, 'eval_steps_per_second': 8.41, 'epoch': 5.0, 'step': 5}
[2025/08/19 03:11:33] - {'loss': 0.933, 'grad_norm': 1.0528712272644043, 'learning_rate': 0.001, 'epoch': 6.0, 'step': 6}
[2025/08/19 03:11:33] - {'loss': 0.933, 'grad_norm': 1.0528712272644043, 'learning_rate': 0.001, 'epoch': 6.0, 'step': 6}
[2025/08/19 03:11:33] - {'loss': 0.933, 'grad_norm': 1.0528712272644043, 'learning_rate': 0.001, 'epoch': 6.0, 'step': 6}
[2025/08/19 03:11:33] - {'eval_loss': -0.9591705203056335, 'eval_runtime': 0.1447, 'eval_samples_per_second': 27.642, 'eval_steps_per_second': 6.91, 'epoch': 6.0, 'step': 6}
[2025/08/19 03:11:33] - {'eval_loss': -0.9591705203056335, 'eval_runtime': 0.1447, 'eval_samples_per_second': 27.639, 'eval_steps_per_second': 6.91, 'epoch': 6.0, 'step': 6}
[2025/08/19 03:11:33] - {'eval_loss': -0.9591705203056335, 'eval_runtime': 0.1445, 'eval_samples_per_second': 27.69, 'eval_steps_per_second': 6.922, 'epoch': 6.0, 'step': 6}
[2025/08/19 03:11:33] - {'loss': 0.9652, 'grad_norm': 1.3094013929367065, 'learning_rate': 0.001, 'epoch': 7.0, 'step': 7}
[2025/08/19 03:11:33] - {'loss': 0.9652, 'grad_norm': 1.3094013929367065, 'learning_rate': 0.001, 'epoch': 7.0, 'step': 7}
[2025/08/19 03:11:33] - {'loss': 0.9652, 'grad_norm': 1.3094013929367065, 'learning_rate': 0.001, 'epoch': 7.0, 'step': 7}
[2025/08/19 03:11:33] - {'eval_loss': -1.3906066417694092, 'eval_runtime': 0.1191, 'eval_samples_per_second': 33.594, 'eval_steps_per_second': 8.399, 'epoch': 7.0, 'step': 7}
[2025/08/19 03:11:33] - {'eval_loss': -1.3906066417694092, 'eval_runtime': 0.1192, 'eval_samples_per_second': 33.567, 'eval_steps_per_second': 8.392, 'epoch': 7.0, 'step': 7}
[2025/08/19 03:11:33] - {'eval_loss': -1.3906066417694092, 'eval_runtime': 0.1192, 'eval_samples_per_second': 33.57, 'eval_steps_per_second': 8.392, 'epoch': 7.0, 'step': 7}
[2025/08/19 03:11:33] - {'loss': 1.5285, 'grad_norm': 8.565788269042969, 'learning_rate': 0.001, 'epoch': 8.0, 'step': 8}
[2025/08/19 03:11:33] - {'loss': 1.5285, 'grad_norm': 8.565788269042969, 'learning_rate': 0.001, 'epoch': 8.0, 'step': 8}
[2025/08/19 03:11:33] - {'loss': 1.5285, 'grad_norm': 8.565788269042969, 'learning_rate': 0.001, 'epoch': 8.0, 'step': 8}
[2025/08/19 03:11:33] - {'eval_loss': -1.3911317586898804, 'eval_runtime': 1.146, 'eval_samples_per_second': 3.49, 'eval_steps_per_second': 0.873, 'epoch': 8.0, 'step': 8}
[2025/08/19 03:11:33] - {'eval_loss': -1.3911317586898804, 'eval_runtime': 0.1439, 'eval_samples_per_second': 27.788, 'eval_steps_per_second': 6.947, 'epoch': 8.0, 'step': 8}
[2025/08/19 03:11:33] - {'eval_loss': -1.3911317586898804, 'eval_runtime': 0.143, 'eval_samples_per_second': 27.972, 'eval_steps_per_second': 6.993, 'epoch': 8.0, 'step': 8}
[2025/08/19 03:11:33] - {'loss': 0.5372, 'grad_norm': 1.725978970527649, 'learning_rate': 0.001, 'epoch': 9.0, 'step': 9}
[2025/08/19 03:11:33] - {'loss': 0.5372, 'grad_norm': 1.725978970527649, 'learning_rate': 0.001, 'epoch': 9.0, 'step': 9}
[2025/08/19 03:11:33] - {'loss': 0.5372, 'grad_norm': 1.725978970527649, 'learning_rate': 0.001, 'epoch': 9.0, 'step': 9}
[2025/08/19 03:11:33] - {'eval_loss': -1.3070915937423706, 'eval_runtime': 0.1193, 'eval_samples_per_second': 33.538, 'eval_steps_per_second': 8.384, 'epoch': 9.0, 'step': 9}
[2025/08/19 03:11:33] - {'eval_loss': -1.3070915937423706, 'eval_runtime': 0.1193, 'eval_samples_per_second': 33.526, 'eval_steps_per_second': 8.381, 'epoch': 9.0, 'step': 9}
[2025/08/19 03:11:33] - {'eval_loss': -1.3070915937423706, 'eval_runtime': 0.1193, 'eval_samples_per_second': 33.529, 'eval_steps_per_second': 8.382, 'epoch': 9.0, 'step': 9}
[2025/08/19 03:11:33] - {'loss': 0.5415, 'grad_norm': 1.204297423362732, 'learning_rate': 0.001, 'epoch': 10.0, 'step': 10}
[2025/08/19 03:11:33] - {'loss': 0.5415, 'grad_norm': 1.204297423362732, 'learning_rate': 0.001, 'epoch': 10.0, 'step': 10}
[2025/08/19 03:11:33] - {'loss': 0.5415, 'grad_norm': 1.204297423362732, 'learning_rate': 0.001, 'epoch': 10.0, 'step': 10}
[2025/08/19 03:11:33] - {'eval_loss': -0.897733211517334, 'eval_runtime': 0.1947, 'eval_samples_per_second': 20.539, 'eval_steps_per_second': 5.135, 'epoch': 10.0, 'step': 10}
[2025/08/19 03:11:33] - {'eval_loss': -0.897733211517334, 'eval_runtime': 0.1195, 'eval_samples_per_second': 33.486, 'eval_steps_per_second': 8.371, 'epoch': 10.0, 'step': 10}
[2025/08/19 03:11:33] - {'eval_loss': -0.897733211517334, 'eval_runtime': 0.1196, 'eval_samples_per_second': 33.435, 'eval_steps_per_second': 8.359, 'epoch': 10.0, 'step': 10}
[2025/08/19 03:11:33] - {'loss': 0.3422, 'grad_norm': 1.1094675064086914, 'learning_rate': 0.001, 'epoch': 11.0, 'step': 11}
[2025/08/19 03:11:33] - {'loss': 0.3422, 'grad_norm': 1.1094675064086914, 'learning_rate': 0.001, 'epoch': 11.0, 'step': 11}
[2025/08/19 03:11:33] - {'loss': 0.3422, 'grad_norm': 1.1094675064086914, 'learning_rate': 0.001, 'epoch': 11.0, 'step': 11}
[2025/08/19 03:11:33] - {'eval_loss': -0.853980302810669, 'eval_runtime': 0.1191, 'eval_samples_per_second': 33.578, 'eval_steps_per_second': 8.395, 'epoch': 11.0, 'step': 11}
[2025/08/19 03:11:33] - {'eval_loss': -0.853980302810669, 'eval_runtime': 0.1194, 'eval_samples_per_second': 33.506, 'eval_steps_per_second': 8.377, 'epoch': 11.0, 'step': 11}
[2025/08/19 03:11:33] - {'eval_loss': -0.853980302810669, 'eval_runtime': 0.1192, 'eval_samples_per_second': 33.555, 'eval_steps_per_second': 8.389, 'epoch': 11.0, 'step': 11}
[2025/08/19 03:11:33] - {'loss': 0.578, 'grad_norm': 1.2513725757598877, 'learning_rate': 0.001, 'epoch': 12.0, 'step': 12}
[2025/08/19 03:11:33] - {'loss': 0.578, 'grad_norm': 1.2513725757598877, 'learning_rate': 0.001, 'epoch': 12.0, 'step': 12}
[2025/08/19 03:11:33] - {'loss': 0.578, 'grad_norm': 1.2513725757598877, 'learning_rate': 0.001, 'epoch': 12.0, 'step': 12}
[2025/08/19 03:11:33] - {'eval_loss': -0.8953163027763367, 'eval_runtime': 0.2746, 'eval_samples_per_second': 14.564, 'eval_steps_per_second': 3.641, 'epoch': 12.0, 'step': 12}
[2025/08/19 03:11:33] - {'eval_loss': -0.8953163027763367, 'eval_runtime': 0.1196, 'eval_samples_per_second': 33.453, 'eval_steps_per_second': 8.363, 'epoch': 12.0, 'step': 12}
[2025/08/19 03:11:33] - {'eval_loss': -0.8953163027763367, 'eval_runtime': 0.1198, 'eval_samples_per_second': 33.402, 'eval_steps_per_second': 8.351, 'epoch': 12.0, 'step': 12}
[2025/08/19 03:11:33] - {'loss': 0.655, 'grad_norm': 1.7753268480300903, 'learning_rate': 0.001, 'epoch': 13.0, 'step': 13}
[2025/08/19 03:11:33] - {'loss': 0.655, 'grad_norm': 1.7753268480300903, 'learning_rate': 0.001, 'epoch': 13.0, 'step': 13}
[2025/08/19 03:11:33] - {'loss': 0.655, 'grad_norm': 1.7753268480300903, 'learning_rate': 0.001, 'epoch': 13.0, 'step': 13}
[2025/08/19 03:11:33] - {'eval_loss': -1.1417646408081055, 'eval_runtime': 0.1191, 'eval_samples_per_second': 33.586, 'eval_steps_per_second': 8.396, 'epoch': 13.0, 'step': 13}
[2025/08/19 03:11:33] - {'eval_loss': -1.1417646408081055, 'eval_runtime': 0.1191, 'eval_samples_per_second': 33.587, 'eval_steps_per_second': 8.397, 'epoch': 13.0, 'step': 13}
[2025/08/19 03:11:33] - {'eval_loss': -1.1417646408081055, 'eval_runtime': 0.1189, 'eval_samples_per_second': 33.639, 'eval_steps_per_second': 8.41, 'epoch': 13.0, 'step': 13}
[2025/08/19 03:11:33] - {'loss': 0.409, 'grad_norm': 1.0262898206710815, 'learning_rate': 0.001, 'epoch': 14.0, 'step': 14}
[2025/08/19 03:11:33] - {'loss': 0.409, 'grad_norm': 1.0262898206710815, 'learning_rate': 0.001, 'epoch': 14.0, 'step': 14}
[2025/08/19 03:11:33] - {'loss': 0.409, 'grad_norm': 1.0262898206710815, 'learning_rate': 0.001, 'epoch': 14.0, 'step': 14}
[2025/08/19 03:11:33] - {'eval_loss': -1.2922818660736084, 'eval_runtime': 0.1199, 'eval_samples_per_second': 33.36, 'eval_steps_per_second': 8.34, 'epoch': 14.0, 'step': 14}
[2025/08/19 03:11:33] - {'eval_loss': -1.2922818660736084, 'eval_runtime': 0.1199, 'eval_samples_per_second': 33.354, 'eval_steps_per_second': 8.339, 'epoch': 14.0, 'step': 14}
[2025/08/19 03:11:33] - {'eval_loss': -1.2922818660736084, 'eval_runtime': 0.1199, 'eval_samples_per_second': 33.366, 'eval_steps_per_second': 8.341, 'epoch': 14.0, 'step': 14}
[2025/08/19 03:11:33] - {'loss': 0.6101, 'grad_norm': 3.1208343505859375, 'learning_rate': 0.001, 'epoch': 15.0, 'step': 15}
[2025/08/19 03:11:33] - {'loss': 0.6101, 'grad_norm': 3.1208343505859375, 'learning_rate': 0.001, 'epoch': 15.0, 'step': 15}
[2025/08/19 03:11:33] - {'loss': 0.6101, 'grad_norm': 3.1208343505859375, 'learning_rate': 0.001, 'epoch': 15.0, 'step': 15}
[2025/08/19 03:11:33] - {'eval_loss': -1.4558662176132202, 'eval_runtime': 0.1191, 'eval_samples_per_second': 33.575, 'eval_steps_per_second': 8.394, 'epoch': 15.0, 'step': 15}
[2025/08/19 03:11:33] - {'eval_loss': -1.4558662176132202, 'eval_runtime': 0.119, 'eval_samples_per_second': 33.614, 'eval_steps_per_second': 8.404, 'epoch': 15.0, 'step': 15}
[2025/08/19 03:11:33] - {'eval_loss': -1.4558662176132202, 'eval_runtime': 0.1191, 'eval_samples_per_second': 33.573, 'eval_steps_per_second': 8.393, 'epoch': 15.0, 'step': 15}
[2025/08/19 03:11:33] - {'loss': 0.3717, 'grad_norm': 1.16181480884552, 'learning_rate': 0.001, 'epoch': 16.0, 'step': 16}
[2025/08/19 03:11:33] - {'loss': 0.3717, 'grad_norm': 1.16181480884552, 'learning_rate': 0.001, 'epoch': 16.0, 'step': 16}
[2025/08/19 03:11:33] - {'loss': 0.3717, 'grad_norm': 1.16181480884552, 'learning_rate': 0.001, 'epoch': 16.0, 'step': 16}
[2025/08/19 03:11:33] - {'eval_loss': -1.583233118057251, 'eval_runtime': 0.1244, 'eval_samples_per_second': 32.152, 'eval_steps_per_second': 8.038, 'epoch': 16.0, 'step': 16}
[2025/08/19 03:11:33] - {'eval_loss': -1.583233118057251, 'eval_runtime': 0.125, 'eval_samples_per_second': 31.996, 'eval_steps_per_second': 7.999, 'epoch': 16.0, 'step': 16}
[2025/08/19 03:11:33] - {'eval_loss': -1.583233118057251, 'eval_runtime': 0.1243, 'eval_samples_per_second': 32.187, 'eval_steps_per_second': 8.047, 'epoch': 16.0, 'step': 16}
[2025/08/19 03:11:33] - {'loss': 0.2369, 'grad_norm': 0.6259119510650635, 'learning_rate': 0.001, 'epoch': 17.0, 'step': 17}
[2025/08/19 03:11:33] - {'loss': 0.2369, 'grad_norm': 0.6259119510650635, 'learning_rate': 0.001, 'epoch': 17.0, 'step': 17}
[2025/08/19 03:11:33] - {'loss': 0.2369, 'grad_norm': 0.6259119510650635, 'learning_rate': 0.001, 'epoch': 17.0, 'step': 17}
[2025/08/19 03:11:33] - {'eval_loss': -1.6646567583084106, 'eval_runtime': 0.1195, 'eval_samples_per_second': 33.483, 'eval_steps_per_second': 8.371, 'epoch': 17.0, 'step': 17}
[2025/08/19 03:11:33] - {'eval_loss': -1.6646567583084106, 'eval_runtime': 0.1195, 'eval_samples_per_second': 33.476, 'eval_steps_per_second': 8.369, 'epoch': 17.0, 'step': 17}
[2025/08/19 03:11:33] - {'eval_loss': -1.6646567583084106, 'eval_runtime': 0.1194, 'eval_samples_per_second': 33.51, 'eval_steps_per_second': 8.378, 'epoch': 17.0, 'step': 17}
[2025/08/19 03:11:33] - {'loss': 0.2184, 'grad_norm': 0.8204061985015869, 'learning_rate': 0.001, 'epoch': 18.0, 'step': 18}
[2025/08/19 03:11:33] - {'loss': 0.2184, 'grad_norm': 0.8204061985015869, 'learning_rate': 0.001, 'epoch': 18.0, 'step': 18}
[2025/08/19 03:11:33] - {'loss': 0.2184, 'grad_norm': 0.8204061985015869, 'learning_rate': 0.001, 'epoch': 18.0, 'step': 18}
[2025/08/19 03:11:33] - {'eval_loss': -1.7266457080841064, 'eval_runtime': 0.1443, 'eval_samples_per_second': 27.724, 'eval_steps_per_second': 6.931, 'epoch': 18.0, 'step': 18}
[2025/08/19 03:11:33] - {'eval_loss': -1.7266457080841064, 'eval_runtime': 0.335, 'eval_samples_per_second': 11.941, 'eval_steps_per_second': 2.985, 'epoch': 18.0, 'step': 18}
[2025/08/19 03:11:33] - {'eval_loss': -1.7266457080841064, 'eval_runtime': 0.1442, 'eval_samples_per_second': 27.739, 'eval_steps_per_second': 6.935, 'epoch': 18.0, 'step': 18}
[2025/08/19 03:11:33] - {'loss': 0.4606, 'grad_norm': 1.5679643154144287, 'learning_rate': 0.001, 'epoch': 19.0, 'step': 19}
[2025/08/19 03:11:33] - {'loss': 0.4606, 'grad_norm': 1.5679643154144287, 'learning_rate': 0.001, 'epoch': 19.0, 'step': 19}
[2025/08/19 03:11:33] - {'loss': 0.4606, 'grad_norm': 1.5679643154144287, 'learning_rate': 0.001, 'epoch': 19.0, 'step': 19}
[2025/08/19 03:11:33] - {'eval_loss': -1.7454452514648438, 'eval_runtime': 0.1188, 'eval_samples_per_second': 33.665, 'eval_steps_per_second': 8.416, 'epoch': 19.0, 'step': 19}
[2025/08/19 03:11:33] - {'eval_loss': -1.7454452514648438, 'eval_runtime': 0.1189, 'eval_samples_per_second': 33.651, 'eval_steps_per_second': 8.413, 'epoch': 19.0, 'step': 19}
[2025/08/19 03:11:33] - {'eval_loss': -1.7454452514648438, 'eval_runtime': 0.1189, 'eval_samples_per_second': 33.635, 'eval_steps_per_second': 8.409, 'epoch': 19.0, 'step': 19}
[2025/08/19 03:11:33] - {'loss': 0.3106, 'grad_norm': 0.9218178987503052, 'learning_rate': 0.001, 'epoch': 20.0, 'step': 20}
[2025/08/19 03:11:33] - {'loss': 0.3106, 'grad_norm': 0.9218178987503052, 'learning_rate': 0.001, 'epoch': 20.0, 'step': 20}
[2025/08/19 03:11:33] - {'loss': 0.3106, 'grad_norm': 0.9218178987503052, 'learning_rate': 0.001, 'epoch': 20.0, 'step': 20}
[2025/08/19 03:11:33] - {'eval_loss': -1.74824857711792, 'eval_runtime': 0.1199, 'eval_samples_per_second': 33.361, 'eval_steps_per_second': 8.34, 'epoch': 20.0, 'step': 20}
[2025/08/19 03:11:33] - {'eval_loss': -1.74824857711792, 'eval_runtime': 0.1199, 'eval_samples_per_second': 33.361, 'eval_steps_per_second': 8.34, 'epoch': 20.0, 'step': 20}
[2025/08/19 03:11:33] - {'eval_loss': -1.74824857711792, 'eval_runtime': 0.1196, 'eval_samples_per_second': 33.453, 'eval_steps_per_second': 8.363, 'epoch': 20.0, 'step': 20}
[2025/08/19 03:11:33] - {'loss': 0.2506, 'grad_norm': 0.6594411134719849, 'learning_rate': 0.001, 'epoch': 21.0, 'step': 21}
[2025/08/19 03:11:33] - {'loss': 0.2506, 'grad_norm': 0.6594411134719849, 'learning_rate': 0.001, 'epoch': 21.0, 'step': 21}
[2025/08/19 03:11:33] - {'loss': 0.2506, 'grad_norm': 0.6594411134719849, 'learning_rate': 0.001, 'epoch': 21.0, 'step': 21}
[2025/08/19 03:11:33] - {'eval_loss': -1.766198992729187, 'eval_runtime': 0.1193, 'eval_samples_per_second': 33.539, 'eval_steps_per_second': 8.385, 'epoch': 21.0, 'step': 21}
[2025/08/19 03:11:33] - {'eval_loss': -1.766198992729187, 'eval_runtime': 0.1193, 'eval_samples_per_second': 33.538, 'eval_steps_per_second': 8.385, 'epoch': 21.0, 'step': 21}
[2025/08/19 03:11:33] - {'eval_loss': -1.766198992729187, 'eval_runtime': 0.1191, 'eval_samples_per_second': 33.574, 'eval_steps_per_second': 8.393, 'epoch': 21.0, 'step': 21}
[2025/08/19 03:11:33] - {'loss': 0.4651, 'grad_norm': 1.5899819135665894, 'learning_rate': 0.001, 'epoch': 22.0, 'step': 22}
[2025/08/19 03:11:33] - {'loss': 0.4651, 'grad_norm': 1.5899819135665894, 'learning_rate': 0.001, 'epoch': 22.0, 'step': 22}
[2025/08/19 03:11:33] - {'loss': 0.4651, 'grad_norm': 1.5899819135665894, 'learning_rate': 0.001, 'epoch': 22.0, 'step': 22}
[2025/08/19 03:11:33] - {'eval_loss': -1.8351207971572876, 'eval_runtime': 0.1198, 'eval_samples_per_second': 33.401, 'eval_steps_per_second': 8.35, 'epoch': 22.0, 'step': 22}
[2025/08/19 03:11:33] - {'eval_loss': -1.8351207971572876, 'eval_runtime': 0.1201, 'eval_samples_per_second': 33.313, 'eval_steps_per_second': 8.328, 'epoch': 22.0, 'step': 22}
[2025/08/19 03:11:33] - {'eval_loss': -1.8351207971572876, 'eval_runtime': 0.1201, 'eval_samples_per_second': 33.313, 'eval_steps_per_second': 8.328, 'epoch': 22.0, 'step': 22}
[2025/08/19 03:11:33] - {'loss': 0.4693, 'grad_norm': 14.315807342529297, 'learning_rate': 0.001, 'epoch': 23.0, 'step': 23}
[2025/08/19 03:11:33] - {'loss': 0.4693, 'grad_norm': 14.315807342529297, 'learning_rate': 0.001, 'epoch': 23.0, 'step': 23}
[2025/08/19 03:11:33] - {'loss': 0.4693, 'grad_norm': 14.315807342529297, 'learning_rate': 0.001, 'epoch': 23.0, 'step': 23}
[2025/08/19 03:11:33] - {'eval_loss': -1.6865601539611816, 'eval_runtime': 0.1191, 'eval_samples_per_second': 33.599, 'eval_steps_per_second': 8.4, 'epoch': 23.0, 'step': 23}
[2025/08/19 03:11:33] - {'eval_loss': -1.6865601539611816, 'eval_runtime': 0.1191, 'eval_samples_per_second': 33.598, 'eval_steps_per_second': 8.4, 'epoch': 23.0, 'step': 23}
[2025/08/19 03:11:33] - {'eval_loss': -1.6865601539611816, 'eval_runtime': 0.1189, 'eval_samples_per_second': 33.631, 'eval_steps_per_second': 8.408, 'epoch': 23.0, 'step': 23}
[2025/08/19 03:11:33] - {'loss': 0.3072, 'grad_norm': 1.2605940103530884, 'learning_rate': 0.001, 'epoch': 24.0, 'step': 24}
[2025/08/19 03:11:33] - {'loss': 0.3072, 'grad_norm': 1.2605940103530884, 'learning_rate': 0.001, 'epoch': 24.0, 'step': 24}
[2025/08/19 03:11:33] - {'loss': 0.3072, 'grad_norm': 1.2605940103530884, 'learning_rate': 0.001, 'epoch': 24.0, 'step': 24}
[2025/08/19 03:11:33] - {'eval_loss': -1.5378327369689941, 'eval_runtime': 0.1194, 'eval_samples_per_second': 33.498, 'eval_steps_per_second': 8.375, 'epoch': 24.0, 'step': 24}
[2025/08/19 03:11:33] - {'eval_loss': -1.5378327369689941, 'eval_runtime': 0.2161, 'eval_samples_per_second': 18.509, 'eval_steps_per_second': 4.627, 'epoch': 24.0, 'step': 24}
[2025/08/19 03:11:33] - {'eval_loss': -1.5378327369689941, 'eval_runtime': 0.1195, 'eval_samples_per_second': 33.48, 'eval_steps_per_second': 8.37, 'epoch': 24.0, 'step': 24}
[2025/08/19 03:11:33] - {'loss': 0.3248, 'grad_norm': 3.4402995109558105, 'learning_rate': 0.001, 'epoch': 25.0, 'step': 25}
[2025/08/19 03:11:33] - {'loss': 0.3248, 'grad_norm': 3.4402995109558105, 'learning_rate': 0.001, 'epoch': 25.0, 'step': 25}
[2025/08/19 03:11:33] - {'loss': 0.3248, 'grad_norm': 3.4402995109558105, 'learning_rate': 0.001, 'epoch': 25.0, 'step': 25}
[2025/08/19 03:11:33] - {'eval_loss': -1.5304105281829834, 'eval_runtime': 0.1579, 'eval_samples_per_second': 25.332, 'eval_steps_per_second': 6.333, 'epoch': 25.0, 'step': 25}
[2025/08/19 03:11:33] - {'eval_loss': -1.5304105281829834, 'eval_runtime': 0.1579, 'eval_samples_per_second': 25.332, 'eval_steps_per_second': 6.333, 'epoch': 25.0, 'step': 25}
[2025/08/19 03:11:33] - {'eval_loss': -1.5304105281829834, 'eval_runtime': 0.1579, 'eval_samples_per_second': 25.332, 'eval_steps_per_second': 6.333, 'epoch': 25.0, 'step': 25}
[2025/08/19 03:11:33] - {'train_runtime': 36.3119, 'train_samples_per_second': 2.754, 'train_steps_per_second': 0.688, 'total_flos': 0.0, 'train_loss': 1.0337805342674256, 'epoch': 25.0, 'step': 25}
[2025/08/19 03:11:33] - {'train_runtime': 36.3119, 'train_samples_per_second': 2.754, 'train_steps_per_second': 0.688, 'total_flos': 0.0, 'train_loss': 1.0337805342674256, 'epoch': 25.0, 'step': 25}
[2025/08/19 03:11:33] - {'train_runtime': 36.3119, 'train_samples_per_second': 2.754, 'train_steps_per_second': 0.688, 'total_flos': 0.0, 'train_loss': 1.0337805342674256, 'epoch': 25.0, 'step': 25}
[2025/08/19 03:11:33] - {'loss': 6.4971, 'grad_norm': 6.0684685707092285, 'learning_rate': 0.001, 'epoch': 1.0, 'step': 1}
[2025/08/19 03:11:33] - {'eval_loss': -0.0027457221876829863, 'eval_runtime': 0.1275, 'eval_samples_per_second': 31.379, 'eval_steps_per_second': 7.845, 'epoch': 1.0, 'step': 1}
[2025/08/19 03:11:33] - {'loss': 3.3598, 'grad_norm': 2.6579463481903076, 'learning_rate': 0.001, 'epoch': 2.0, 'step': 2}
[2025/08/19 03:11:33] - {'eval_loss': -0.6020869016647339, 'eval_runtime': 0.1199, 'eval_samples_per_second': 33.374, 'eval_steps_per_second': 8.343, 'epoch': 2.0, 'step': 2}
[2025/08/19 03:11:33] - {'loss': 2.0049, 'grad_norm': 2.3150463104248047, 'learning_rate': 0.001, 'epoch': 3.0, 'step': 3}
[2025/08/19 03:11:33] - {'eval_loss': -0.7705408930778503, 'eval_runtime': 0.1192, 'eval_samples_per_second': 33.557, 'eval_steps_per_second': 8.389, 'epoch': 3.0, 'step': 3}
[2025/08/19 03:11:33] - {'loss': 1.6424, 'grad_norm': 1.934328317642212, 'learning_rate': 0.001, 'epoch': 4.0, 'step': 4}
[2025/08/19 03:11:33] - {'eval_loss': -0.6195329427719116, 'eval_runtime': 0.1198, 'eval_samples_per_second': 33.388, 'eval_steps_per_second': 8.347, 'epoch': 4.0, 'step': 4}
[2025/08/19 03:11:33] - {'loss': 1.8255, 'grad_norm': 1.3834152221679688, 'learning_rate': 0.001, 'epoch': 5.0, 'step': 5}
[2025/08/19 03:11:33] - {'eval_loss': -0.7153591513633728, 'eval_runtime': 0.1187, 'eval_samples_per_second': 33.698, 'eval_steps_per_second': 8.424, 'epoch': 5.0, 'step': 5}
[2025/08/19 03:11:33] - {'loss': 0.933, 'grad_norm': 1.0528712272644043, 'learning_rate': 0.001, 'epoch': 6.0, 'step': 6}
[2025/08/19 03:11:33] - {'eval_loss': -0.9591705203056335, 'eval_runtime': 0.1447, 'eval_samples_per_second': 27.64, 'eval_steps_per_second': 6.91, 'epoch': 6.0, 'step': 6}
[2025/08/19 03:11:33] - {'loss': 0.9652, 'grad_norm': 1.3094013929367065, 'learning_rate': 0.001, 'epoch': 7.0, 'step': 7}
[2025/08/19 03:11:33] - {'eval_loss': -1.3906066417694092, 'eval_runtime': 0.1188, 'eval_samples_per_second': 33.661, 'eval_steps_per_second': 8.415, 'epoch': 7.0, 'step': 7}
[2025/08/19 03:11:33] - {'loss': 1.5285, 'grad_norm': 8.565788269042969, 'learning_rate': 0.001, 'epoch': 8.0, 'step': 8}
[2025/08/19 03:11:33] - {'eval_loss': -1.3911317586898804, 'eval_runtime': 0.1432, 'eval_samples_per_second': 27.935, 'eval_steps_per_second': 6.984, 'epoch': 8.0, 'step': 8}
[2025/08/19 03:11:33] - {'loss': 0.5372, 'grad_norm': 1.725978970527649, 'learning_rate': 0.001, 'epoch': 9.0, 'step': 9}
[2025/08/19 03:11:33] - {'eval_loss': -1.3070915937423706, 'eval_runtime': 0.1191, 'eval_samples_per_second': 33.589, 'eval_steps_per_second': 8.397, 'epoch': 9.0, 'step': 9}
[2025/08/19 03:11:33] - {'loss': 0.5415, 'grad_norm': 1.204297423362732, 'learning_rate': 0.001, 'epoch': 10.0, 'step': 10}
[2025/08/19 03:11:33] - {'eval_loss': -0.897733211517334, 'eval_runtime': 0.1201, 'eval_samples_per_second': 33.294, 'eval_steps_per_second': 8.323, 'epoch': 10.0, 'step': 10}
[2025/08/19 03:11:33] - {'loss': 0.3422, 'grad_norm': 1.1094675064086914, 'learning_rate': 0.001, 'epoch': 11.0, 'step': 11}
[2025/08/19 03:11:33] - {'eval_loss': -0.853980302810669, 'eval_runtime': 0.119, 'eval_samples_per_second': 33.609, 'eval_steps_per_second': 8.402, 'epoch': 11.0, 'step': 11}
[2025/08/19 03:11:33] - {'loss': 0.578, 'grad_norm': 1.2513725757598877, 'learning_rate': 0.001, 'epoch': 12.0, 'step': 12}
[2025/08/19 03:11:33] - {'eval_loss': -0.8953163027763367, 'eval_runtime': 0.1195, 'eval_samples_per_second': 33.473, 'eval_steps_per_second': 8.368, 'epoch': 12.0, 'step': 12}
[2025/08/19 03:11:33] - {'loss': 0.655, 'grad_norm': 1.7753268480300903, 'learning_rate': 0.001, 'epoch': 13.0, 'step': 13}
[2025/08/19 03:11:33] - {'eval_loss': -1.1417646408081055, 'eval_runtime': 0.1189, 'eval_samples_per_second': 33.649, 'eval_steps_per_second': 8.412, 'epoch': 13.0, 'step': 13}
[2025/08/19 03:11:33] - {'loss': 0.409, 'grad_norm': 1.0262898206710815, 'learning_rate': 0.001, 'epoch': 14.0, 'step': 14}
[2025/08/19 03:11:33] - {'eval_loss': -1.2922818660736084, 'eval_runtime': 0.1196, 'eval_samples_per_second': 33.442, 'eval_steps_per_second': 8.36, 'epoch': 14.0, 'step': 14}
[2025/08/19 03:11:33] - {'loss': 0.6101, 'grad_norm': 3.1208343505859375, 'learning_rate': 0.001, 'epoch': 15.0, 'step': 15}
[2025/08/19 03:11:33] - {'eval_loss': -1.4558662176132202, 'eval_runtime': 0.1189, 'eval_samples_per_second': 33.635, 'eval_steps_per_second': 8.409, 'epoch': 15.0, 'step': 15}
[2025/08/19 03:11:33] - {'loss': 0.3717, 'grad_norm': 1.16181480884552, 'learning_rate': 0.001, 'epoch': 16.0, 'step': 16}
[2025/08/19 03:11:33] - {'eval_loss': -1.583233118057251, 'eval_runtime': 0.1244, 'eval_samples_per_second': 32.148, 'eval_steps_per_second': 8.037, 'epoch': 16.0, 'step': 16}
[2025/08/19 03:11:33] - {'loss': 0.2369, 'grad_norm': 0.6259119510650635, 'learning_rate': 0.001, 'epoch': 17.0, 'step': 17}
[2025/08/19 03:11:33] - {'eval_loss': -1.6646567583084106, 'eval_runtime': 0.1193, 'eval_samples_per_second': 33.542, 'eval_steps_per_second': 8.385, 'epoch': 17.0, 'step': 17}
[2025/08/19 03:11:33] - {'loss': 0.2184, 'grad_norm': 0.8204061985015869, 'learning_rate': 0.001, 'epoch': 18.0, 'step': 18}
[2025/08/19 03:11:33] - {'eval_loss': -1.7266457080841064, 'eval_runtime': 0.1443, 'eval_samples_per_second': 27.72, 'eval_steps_per_second': 6.93, 'epoch': 18.0, 'step': 18}
[2025/08/19 03:11:33] - {'loss': 0.4606, 'grad_norm': 1.5679643154144287, 'learning_rate': 0.001, 'epoch': 19.0, 'step': 19}
[2025/08/19 03:11:33] - {'eval_loss': -1.7454452514648438, 'eval_runtime': 0.1187, 'eval_samples_per_second': 33.701, 'eval_steps_per_second': 8.425, 'epoch': 19.0, 'step': 19}
[2025/08/19 03:11:33] - {'loss': 0.3106, 'grad_norm': 0.9218178987503052, 'learning_rate': 0.001, 'epoch': 20.0, 'step': 20}
[2025/08/19 03:11:33] - {'eval_loss': -1.74824857711792, 'eval_runtime': 0.1199, 'eval_samples_per_second': 33.363, 'eval_steps_per_second': 8.341, 'epoch': 20.0, 'step': 20}
[2025/08/19 03:11:33] - {'loss': 0.2506, 'grad_norm': 0.6594411134719849, 'learning_rate': 0.001, 'epoch': 21.0, 'step': 21}
[2025/08/19 03:11:33] - {'eval_loss': -1.766198992729187, 'eval_runtime': 0.1189, 'eval_samples_per_second': 33.63, 'eval_steps_per_second': 8.408, 'epoch': 21.0, 'step': 21}
[2025/08/19 03:11:33] - {'loss': 0.4651, 'grad_norm': 1.5899819135665894, 'learning_rate': 0.001, 'epoch': 22.0, 'step': 22}
[2025/08/19 03:11:33] - {'eval_loss': -1.8351207971572876, 'eval_runtime': 0.9491, 'eval_samples_per_second': 4.214, 'eval_steps_per_second': 1.054, 'epoch': 22.0, 'step': 22}
[2025/08/19 03:11:33] - {'loss': 0.4693, 'grad_norm': 14.315807342529297, 'learning_rate': 0.001, 'epoch': 23.0, 'step': 23}
[2025/08/19 03:11:33] - {'eval_loss': -1.6865601539611816, 'eval_runtime': 0.1188, 'eval_samples_per_second': 33.681, 'eval_steps_per_second': 8.42, 'epoch': 23.0, 'step': 23}
[2025/08/19 03:11:33] - {'loss': 0.3072, 'grad_norm': 1.2605940103530884, 'learning_rate': 0.001, 'epoch': 24.0, 'step': 24}
[2025/08/19 03:11:33] - {'eval_loss': -1.5378327369689941, 'eval_runtime': 0.1195, 'eval_samples_per_second': 33.48, 'eval_steps_per_second': 8.37, 'epoch': 24.0, 'step': 24}
[2025/08/19 03:11:33] - {'loss': 0.3248, 'grad_norm': 3.4402995109558105, 'learning_rate': 0.001, 'epoch': 25.0, 'step': 25}
[2025/08/19 03:11:33] - {'eval_loss': -1.5304105281829834, 'eval_runtime': 0.1575, 'eval_samples_per_second': 25.398, 'eval_steps_per_second': 6.349, 'epoch': 25.0, 'step': 25}
[2025/08/19 03:11:33] - {'train_runtime': 36.3124, 'train_samples_per_second': 2.754, 'train_steps_per_second': 0.688, 'total_flos': 0.0, 'train_loss': 1.0337805342674256, 'epoch': 25.0, 'step': 25}
