[2025/08/19 03:04:17] - Detected kernel version 4.18.0, which is below the recommended minimum of 5.5.0; this can cause the process to hang. It is recommended to upgrade the kernel to the minimum version or higher.
[2025/08/19 03:04:17] - Using 4 GPUs
[2025/08/19 03:04:17] - Starting new HTTPS connection (1): huggingface.co:443
[2025/08/19 03:04:17] - Using 4 GPUs
[2025/08/19 03:04:17] - Using 4 GPUs
[2025/08/19 03:04:17] - Using 4 GPUs
[2025/08/19 03:04:17] - Starting new HTTPS connection (1): huggingface.co:443
[2025/08/19 03:04:17] - Starting new HTTPS connection (1): huggingface.co:443
[2025/08/19 03:04:17] - Starting new HTTPS connection (1): huggingface.co:443
[2025/08/19 03:04:58] - Starting new HTTPS connection (2): huggingface.co:443
[2025/08/19 03:04:58] - Starting new HTTPS connection (2): huggingface.co:443
[2025/08/19 03:04:58] - Starting new HTTPS connection (2): huggingface.co:443
[2025/08/19 03:04:58] - Starting new HTTPS connection (2): huggingface.co:443
[2025/08/19 03:06:37] - Starting new HTTPS connection (3): huggingface.co:443
[2025/08/19 03:06:37] - Starting new HTTPS connection (3): huggingface.co:443
[2025/08/19 03:06:37] - Starting new HTTPS connection (3): huggingface.co:443
[2025/08/19 03:06:37] - Starting new HTTPS connection (3): huggingface.co:443
[2025/08/19 03:07:17] - Loading bitsandbytes native library from: /home/hsc/ENV-3.10/lib/python3.10/site-packages/bitsandbytes/libbitsandbytes_cuda122.so
[2025/08/19 03:07:17] - Loading bitsandbytes native library from: /home/hsc/ENV-3.10/lib/python3.10/site-packages/bitsandbytes/libbitsandbytes_cuda122.so
[2025/08/19 03:07:17] - Loading bitsandbytes native library from: /home/hsc/ENV-3.10/lib/python3.10/site-packages/bitsandbytes/libbitsandbytes_cuda122.so
[2025/08/19 03:07:17] - Loading bitsandbytes native library from: /home/hsc/ENV-3.10/lib/python3.10/site-packages/bitsandbytes/libbitsandbytes_cuda122.so
[2025/08/19 03:07:30] - Detected kernel version 4.18.0, which is below the recommended minimum of 5.5.0; this can cause the process to hang. It is recommended to upgrade the kernel to the minimum version or higher.
[2025/08/19 03:08:15] - {'loss': 5.1046, 'grad_norm': 4.145059108734131, 'learning_rate': 0.001, 'epoch': 1.0, 'step': 1}
[2025/08/19 03:08:15] - {'loss': 5.1046, 'grad_norm': 4.145059108734131, 'learning_rate': 0.001, 'epoch': 1.0, 'step': 1}
[2025/08/19 03:08:15] - {'loss': 5.1046, 'grad_norm': 4.145059108734131, 'learning_rate': 0.001, 'epoch': 1.0, 'step': 1}
[2025/08/19 03:08:15] - {'eval_loss': -0.0009069545776583254, 'eval_runtime': 0.4347, 'eval_samples_per_second': 9.203, 'eval_steps_per_second': 2.301, 'epoch': 1.0, 'step': 1}
[2025/08/19 03:08:15] - {'eval_loss': -0.0009069545776583254, 'eval_runtime': 0.4347, 'eval_samples_per_second': 9.203, 'eval_steps_per_second': 2.301, 'epoch': 1.0, 'step': 1}
[2025/08/19 03:08:15] - {'loss': 3.1681, 'grad_norm': 3.4188144207000732, 'learning_rate': 0.001, 'epoch': 2.0, 'step': 2}
[2025/08/19 03:08:15] - {'eval_loss': -0.0009069545776583254, 'eval_runtime': 0.4347, 'eval_samples_per_second': 9.203, 'eval_steps_per_second': 2.301, 'epoch': 1.0, 'step': 1}
[2025/08/19 03:08:15] - {'loss': 3.1681, 'grad_norm': 3.4188144207000732, 'learning_rate': 0.001, 'epoch': 2.0, 'step': 2}
[2025/08/19 03:08:15] - {'eval_loss': -0.3592604398727417, 'eval_runtime': 0.4125, 'eval_samples_per_second': 9.697, 'eval_steps_per_second': 2.424, 'epoch': 2.0, 'step': 2}
[2025/08/19 03:08:15] - {'loss': 3.1681, 'grad_norm': 3.4188144207000732, 'learning_rate': 0.001, 'epoch': 2.0, 'step': 2}
[2025/08/19 03:08:15] - {'eval_loss': -0.3592604398727417, 'eval_runtime': 0.4124, 'eval_samples_per_second': 9.699, 'eval_steps_per_second': 2.425, 'epoch': 2.0, 'step': 2}
[2025/08/19 03:08:15] - {'loss': 1.8377, 'grad_norm': 1.8996535539627075, 'learning_rate': 0.001, 'epoch': 3.0, 'step': 3}
[2025/08/19 03:08:15] - {'eval_loss': -0.3592604398727417, 'eval_runtime': 0.4125, 'eval_samples_per_second': 9.697, 'eval_steps_per_second': 2.424, 'epoch': 2.0, 'step': 2}
[2025/08/19 03:08:15] - {'loss': 1.8377, 'grad_norm': 1.8996535539627075, 'learning_rate': 0.001, 'epoch': 3.0, 'step': 3}
[2025/08/19 03:08:15] - {'eval_loss': -0.7185087203979492, 'eval_runtime': 0.4173, 'eval_samples_per_second': 9.586, 'eval_steps_per_second': 2.396, 'epoch': 3.0, 'step': 3}
[2025/08/19 03:08:15] - {'loss': 1.8377, 'grad_norm': 1.8996535539627075, 'learning_rate': 0.001, 'epoch': 3.0, 'step': 3}
[2025/08/19 03:08:15] - {'eval_loss': -0.7185087203979492, 'eval_runtime': 0.4173, 'eval_samples_per_second': 9.586, 'eval_steps_per_second': 2.397, 'epoch': 3.0, 'step': 3}
[2025/08/19 03:08:15] - {'loss': 1.7081, 'grad_norm': 2.0170063972473145, 'learning_rate': 0.001, 'epoch': 4.0, 'step': 4}
[2025/08/19 03:08:15] - {'eval_loss': -0.7185087203979492, 'eval_runtime': 0.4173, 'eval_samples_per_second': 9.585, 'eval_steps_per_second': 2.396, 'epoch': 3.0, 'step': 3}
[2025/08/19 03:08:15] - {'loss': 1.7081, 'grad_norm': 2.0170063972473145, 'learning_rate': 0.001, 'epoch': 4.0, 'step': 4}
[2025/08/19 03:08:15] - {'eval_loss': -0.6530046463012695, 'eval_runtime': 0.4408, 'eval_samples_per_second': 9.075, 'eval_steps_per_second': 2.269, 'epoch': 4.0, 'step': 4}
[2025/08/19 03:08:15] - {'loss': 1.7081, 'grad_norm': 2.0170063972473145, 'learning_rate': 0.001, 'epoch': 4.0, 'step': 4}
[2025/08/19 03:08:15] - {'eval_loss': -0.6530046463012695, 'eval_runtime': 0.4409, 'eval_samples_per_second': 9.072, 'eval_steps_per_second': 2.268, 'epoch': 4.0, 'step': 4}
[2025/08/19 03:08:15] - {'loss': 1.8305, 'grad_norm': 1.7363406419754028, 'learning_rate': 0.001, 'epoch': 5.0, 'step': 5}
[2025/08/19 03:08:15] - {'eval_loss': -0.6530046463012695, 'eval_runtime': 0.4409, 'eval_samples_per_second': 9.072, 'eval_steps_per_second': 2.268, 'epoch': 4.0, 'step': 4}
[2025/08/19 03:08:15] - {'loss': 1.8305, 'grad_norm': 1.7363406419754028, 'learning_rate': 0.001, 'epoch': 5.0, 'step': 5}
[2025/08/19 03:08:15] - {'eval_loss': -0.6648964881896973, 'eval_runtime': 0.4383, 'eval_samples_per_second': 9.126, 'eval_steps_per_second': 2.281, 'epoch': 5.0, 'step': 5}
[2025/08/19 03:08:15] - {'loss': 1.8305, 'grad_norm': 1.7363406419754028, 'learning_rate': 0.001, 'epoch': 5.0, 'step': 5}
[2025/08/19 03:08:15] - {'eval_loss': -0.6648964881896973, 'eval_runtime': 0.4384, 'eval_samples_per_second': 9.123, 'eval_steps_per_second': 2.281, 'epoch': 5.0, 'step': 5}
[2025/08/19 03:08:15] - {'loss': 1.4929, 'grad_norm': 2.375868082046509, 'learning_rate': 0.001, 'epoch': 6.0, 'step': 6}
[2025/08/19 03:08:15] - {'eval_loss': -0.6648964881896973, 'eval_runtime': 0.4267, 'eval_samples_per_second': 9.375, 'eval_steps_per_second': 2.344, 'epoch': 5.0, 'step': 5}
[2025/08/19 03:08:15] - {'loss': 1.4929, 'grad_norm': 2.375868082046509, 'learning_rate': 0.001, 'epoch': 6.0, 'step': 6}
[2025/08/19 03:08:15] - {'eval_loss': -0.5224326848983765, 'eval_runtime': 0.4163, 'eval_samples_per_second': 9.608, 'eval_steps_per_second': 2.402, 'epoch': 6.0, 'step': 6}
[2025/08/19 03:08:15] - {'loss': 1.4929, 'grad_norm': 2.375868082046509, 'learning_rate': 0.001, 'epoch': 6.0, 'step': 6}
[2025/08/19 03:08:15] - {'eval_loss': -0.5224326848983765, 'eval_runtime': 0.4159, 'eval_samples_per_second': 9.617, 'eval_steps_per_second': 2.404, 'epoch': 6.0, 'step': 6}
[2025/08/19 03:08:15] - {'loss': 0.9936, 'grad_norm': 1.3230786323547363, 'learning_rate': 0.001, 'epoch': 7.0, 'step': 7}
[2025/08/19 03:08:15] - {'eval_loss': -0.5224326848983765, 'eval_runtime': 0.4159, 'eval_samples_per_second': 9.617, 'eval_steps_per_second': 2.404, 'epoch': 6.0, 'step': 6}
[2025/08/19 03:08:15] - {'loss': 0.9936, 'grad_norm': 1.3230786323547363, 'learning_rate': 0.001, 'epoch': 7.0, 'step': 7}
[2025/08/19 03:08:15] - {'eval_loss': -0.4508399963378906, 'eval_runtime': 0.4175, 'eval_samples_per_second': 9.58, 'eval_steps_per_second': 2.395, 'epoch': 7.0, 'step': 7}
[2025/08/19 03:08:15] - {'loss': 0.9936, 'grad_norm': 1.3230786323547363, 'learning_rate': 0.001, 'epoch': 7.0, 'step': 7}
[2025/08/19 03:08:15] - {'eval_loss': -0.4508399963378906, 'eval_runtime': 0.4177, 'eval_samples_per_second': 9.576, 'eval_steps_per_second': 2.394, 'epoch': 7.0, 'step': 7}
[2025/08/19 03:08:15] - {'loss': 0.9375, 'grad_norm': 1.1055915355682373, 'learning_rate': 0.001, 'epoch': 8.0, 'step': 8}
[2025/08/19 03:08:15] - {'eval_loss': -0.4508399963378906, 'eval_runtime': 0.4177, 'eval_samples_per_second': 9.575, 'eval_steps_per_second': 2.394, 'epoch': 7.0, 'step': 7}
[2025/08/19 03:08:15] - {'loss': 0.9375, 'grad_norm': 1.1055915355682373, 'learning_rate': 0.001, 'epoch': 8.0, 'step': 8}
[2025/08/19 03:08:15] - {'eval_loss': -0.41699838638305664, 'eval_runtime': 0.4147, 'eval_samples_per_second': 9.645, 'eval_steps_per_second': 2.411, 'epoch': 8.0, 'step': 8}
[2025/08/19 03:08:15] - {'loss': 0.9375, 'grad_norm': 1.1055915355682373, 'learning_rate': 0.001, 'epoch': 8.0, 'step': 8}
[2025/08/19 03:08:15] - {'eval_loss': -0.41699838638305664, 'eval_runtime': 0.4146, 'eval_samples_per_second': 9.647, 'eval_steps_per_second': 2.412, 'epoch': 8.0, 'step': 8}
[2025/08/19 03:08:15] - {'loss': 0.6516, 'grad_norm': 2.760566473007202, 'learning_rate': 0.001, 'epoch': 9.0, 'step': 9}
[2025/08/19 03:08:15] - {'eval_loss': -0.41699838638305664, 'eval_runtime': 0.4147, 'eval_samples_per_second': 9.646, 'eval_steps_per_second': 2.412, 'epoch': 8.0, 'step': 8}
[2025/08/19 03:08:15] - {'loss': 0.6516, 'grad_norm': 2.760566473007202, 'learning_rate': 0.001, 'epoch': 9.0, 'step': 9}
[2025/08/19 03:08:15] - {'eval_loss': -0.385468989610672, 'eval_runtime': 0.418, 'eval_samples_per_second': 9.569, 'eval_steps_per_second': 2.392, 'epoch': 9.0, 'step': 9}
[2025/08/19 03:08:15] - {'loss': 0.6516, 'grad_norm': 2.760566473007202, 'learning_rate': 0.001, 'epoch': 9.0, 'step': 9}
[2025/08/19 03:08:15] - {'eval_loss': -0.385468989610672, 'eval_runtime': 0.4181, 'eval_samples_per_second': 9.568, 'eval_steps_per_second': 2.392, 'epoch': 9.0, 'step': 9}
[2025/08/19 03:08:15] - {'loss': 0.761, 'grad_norm': 1.1849632263183594, 'learning_rate': 0.001, 'epoch': 10.0, 'step': 10}
[2025/08/19 03:08:15] - {'eval_loss': -0.385468989610672, 'eval_runtime': 0.418, 'eval_samples_per_second': 9.57, 'eval_steps_per_second': 2.392, 'epoch': 9.0, 'step': 9}
[2025/08/19 03:08:15] - {'loss': 0.761, 'grad_norm': 1.1849632263183594, 'learning_rate': 0.001, 'epoch': 10.0, 'step': 10}
[2025/08/19 03:08:15] - {'eval_loss': -0.35606566071510315, 'eval_runtime': 0.4135, 'eval_samples_per_second': 9.674, 'eval_steps_per_second': 2.418, 'epoch': 10.0, 'step': 10}
[2025/08/19 03:08:15] - {'loss': 0.761, 'grad_norm': 1.1849632263183594, 'learning_rate': 0.001, 'epoch': 10.0, 'step': 10}
[2025/08/19 03:08:15] - {'eval_loss': -0.35606566071510315, 'eval_runtime': 0.4133, 'eval_samples_per_second': 9.678, 'eval_steps_per_second': 2.42, 'epoch': 10.0, 'step': 10}
[2025/08/19 03:08:15] - {'loss': 0.7362, 'grad_norm': 1.6616672277450562, 'learning_rate': 0.001, 'epoch': 11.0, 'step': 11}
[2025/08/19 03:08:15] - {'eval_loss': -0.35606566071510315, 'eval_runtime': 0.4134, 'eval_samples_per_second': 9.675, 'eval_steps_per_second': 2.419, 'epoch': 10.0, 'step': 10}
[2025/08/19 03:08:15] - {'loss': 0.7362, 'grad_norm': 1.6616672277450562, 'learning_rate': 0.001, 'epoch': 11.0, 'step': 11}
[2025/08/19 03:08:15] - {'eval_loss': -0.31457123160362244, 'eval_runtime': 0.4159, 'eval_samples_per_second': 9.618, 'eval_steps_per_second': 2.405, 'epoch': 11.0, 'step': 11}
[2025/08/19 03:08:15] - {'loss': 0.7362, 'grad_norm': 1.6616672277450562, 'learning_rate': 0.001, 'epoch': 11.0, 'step': 11}
[2025/08/19 03:08:15] - {'eval_loss': -0.31457123160362244, 'eval_runtime': 0.4159, 'eval_samples_per_second': 9.618, 'eval_steps_per_second': 2.404, 'epoch': 11.0, 'step': 11}
[2025/08/19 03:08:15] - {'loss': 0.4553, 'grad_norm': 1.2375389337539673, 'learning_rate': 0.001, 'epoch': 12.0, 'step': 12}
[2025/08/19 03:08:15] - {'eval_loss': -0.31457123160362244, 'eval_runtime': 0.4159, 'eval_samples_per_second': 9.617, 'eval_steps_per_second': 2.404, 'epoch': 11.0, 'step': 11}
[2025/08/19 03:08:15] - {'loss': 0.4553, 'grad_norm': 1.2375389337539673, 'learning_rate': 0.001, 'epoch': 12.0, 'step': 12}
[2025/08/19 03:08:15] - {'eval_loss': -0.27103719115257263, 'eval_runtime': 0.4155, 'eval_samples_per_second': 9.626, 'eval_steps_per_second': 2.406, 'epoch': 12.0, 'step': 12}
[2025/08/19 03:08:15] - {'loss': 0.4553, 'grad_norm': 1.2375389337539673, 'learning_rate': 0.001, 'epoch': 12.0, 'step': 12}
[2025/08/19 03:08:15] - {'eval_loss': -0.27103719115257263, 'eval_runtime': 0.4155, 'eval_samples_per_second': 9.626, 'eval_steps_per_second': 2.406, 'epoch': 12.0, 'step': 12}
[2025/08/19 03:08:15] - {'loss': 0.9931, 'grad_norm': 2.016719102859497, 'learning_rate': 0.001, 'epoch': 13.0, 'step': 13}
[2025/08/19 03:08:15] - {'eval_loss': -0.27103719115257263, 'eval_runtime': 0.4154, 'eval_samples_per_second': 9.63, 'eval_steps_per_second': 2.407, 'epoch': 12.0, 'step': 12}
[2025/08/19 03:08:15] - {'loss': 0.9931, 'grad_norm': 2.016719102859497, 'learning_rate': 0.001, 'epoch': 13.0, 'step': 13}
[2025/08/19 03:08:15] - {'eval_loss': -0.25046566128730774, 'eval_runtime': 0.4157, 'eval_samples_per_second': 9.622, 'eval_steps_per_second': 2.405, 'epoch': 13.0, 'step': 13}
[2025/08/19 03:08:15] - {'loss': 0.9931, 'grad_norm': 2.016719102859497, 'learning_rate': 0.001, 'epoch': 13.0, 'step': 13}
[2025/08/19 03:08:15] - {'eval_loss': -0.25046566128730774, 'eval_runtime': 0.4158, 'eval_samples_per_second': 9.619, 'eval_steps_per_second': 2.405, 'epoch': 13.0, 'step': 13}
[2025/08/19 03:08:15] - {'loss': 0.7183, 'grad_norm': 1.6320632696151733, 'learning_rate': 0.001, 'epoch': 14.0, 'step': 14}
[2025/08/19 03:08:15] - {'eval_loss': -0.25046566128730774, 'eval_runtime': 0.4158, 'eval_samples_per_second': 9.619, 'eval_steps_per_second': 2.405, 'epoch': 13.0, 'step': 13}
[2025/08/19 03:08:15] - {'loss': 0.7183, 'grad_norm': 1.6320632696151733, 'learning_rate': 0.001, 'epoch': 14.0, 'step': 14}
[2025/08/19 03:08:15] - {'eval_loss': -0.23683124780654907, 'eval_runtime': 0.4151, 'eval_samples_per_second': 9.635, 'eval_steps_per_second': 2.409, 'epoch': 14.0, 'step': 14}
[2025/08/19 03:08:15] - {'loss': 0.7183, 'grad_norm': 1.6320632696151733, 'learning_rate': 0.001, 'epoch': 14.0, 'step': 14}
[2025/08/19 03:08:15] - {'eval_loss': -0.23683124780654907, 'eval_runtime': 0.4148, 'eval_samples_per_second': 9.642, 'eval_steps_per_second': 2.411, 'epoch': 14.0, 'step': 14}
[2025/08/19 03:08:15] - {'loss': 0.4961, 'grad_norm': 1.1048532724380493, 'learning_rate': 0.0001, 'epoch': 15.0, 'step': 15}
[2025/08/19 03:08:15] - {'eval_loss': -0.23683124780654907, 'eval_runtime': 0.4151, 'eval_samples_per_second': 9.637, 'eval_steps_per_second': 2.409, 'epoch': 14.0, 'step': 14}
[2025/08/19 03:08:15] - {'loss': 0.4961, 'grad_norm': 1.1048532724380493, 'learning_rate': 0.0001, 'epoch': 15.0, 'step': 15}
[2025/08/19 03:08:15] - {'eval_loss': -0.2378142774105072, 'eval_runtime': 0.4147, 'eval_samples_per_second': 9.645, 'eval_steps_per_second': 2.411, 'epoch': 15.0, 'step': 15}
[2025/08/19 03:08:15] - {'loss': 0.4961, 'grad_norm': 1.1048532724380493, 'learning_rate': 0.0001, 'epoch': 15.0, 'step': 15}
[2025/08/19 03:08:15] - {'eval_loss': -0.2378142774105072, 'eval_runtime': 0.4149, 'eval_samples_per_second': 9.642, 'eval_steps_per_second': 2.411, 'epoch': 15.0, 'step': 15}
[2025/08/19 03:08:15] - {'loss': 0.4267, 'grad_norm': 2.659916877746582, 'learning_rate': 0.0001, 'epoch': 16.0, 'step': 16}
[2025/08/19 03:08:15] - {'eval_loss': -0.2378142774105072, 'eval_runtime': 0.4148, 'eval_samples_per_second': 9.643, 'eval_steps_per_second': 2.411, 'epoch': 15.0, 'step': 15}
[2025/08/19 03:08:15] - {'loss': 0.4267, 'grad_norm': 2.659916877746582, 'learning_rate': 0.0001, 'epoch': 16.0, 'step': 16}
[2025/08/19 03:08:15] - {'eval_loss': -0.2372557669878006, 'eval_runtime': 0.4245, 'eval_samples_per_second': 9.422, 'eval_steps_per_second': 2.356, 'epoch': 16.0, 'step': 16}
[2025/08/19 03:08:15] - {'loss': 0.4267, 'grad_norm': 2.659916877746582, 'learning_rate': 0.0001, 'epoch': 16.0, 'step': 16}
[2025/08/19 03:08:15] - {'eval_loss': -0.2372557669878006, 'eval_runtime': 0.4248, 'eval_samples_per_second': 9.416, 'eval_steps_per_second': 2.354, 'epoch': 16.0, 'step': 16}
[2025/08/19 03:08:15] - {'loss': 0.3778, 'grad_norm': 1.2614362239837646, 'learning_rate': 0.0001, 'epoch': 17.0, 'step': 17}
[2025/08/19 03:08:15] - {'eval_loss': -0.2372557669878006, 'eval_runtime': 0.4243, 'eval_samples_per_second': 9.427, 'eval_steps_per_second': 2.357, 'epoch': 16.0, 'step': 16}
[2025/08/19 03:08:15] - {'loss': 0.3778, 'grad_norm': 1.2614362239837646, 'learning_rate': 0.0001, 'epoch': 17.0, 'step': 17}
[2025/08/19 03:08:15] - {'eval_loss': -0.2401406168937683, 'eval_runtime': 0.4136, 'eval_samples_per_second': 9.672, 'eval_steps_per_second': 2.418, 'epoch': 17.0, 'step': 17}
[2025/08/19 03:08:15] - {'loss': 0.3778, 'grad_norm': 1.2614362239837646, 'learning_rate': 0.0001, 'epoch': 17.0, 'step': 17}
[2025/08/19 03:08:15] - {'eval_loss': -0.2401406168937683, 'eval_runtime': 0.4136, 'eval_samples_per_second': 9.671, 'eval_steps_per_second': 2.418, 'epoch': 17.0, 'step': 17}
[2025/08/19 03:08:15] - {'loss': 0.4559, 'grad_norm': 1.0411242246627808, 'learning_rate': 0.0001, 'epoch': 18.0, 'step': 18}
[2025/08/19 03:08:15] - {'eval_loss': -0.2401406168937683, 'eval_runtime': 0.4136, 'eval_samples_per_second': 9.671, 'eval_steps_per_second': 2.418, 'epoch': 17.0, 'step': 17}
[2025/08/19 03:08:15] - {'loss': 0.4559, 'grad_norm': 1.0411242246627808, 'learning_rate': 0.0001, 'epoch': 18.0, 'step': 18}
[2025/08/19 03:08:15] - {'eval_loss': -0.24467135965824127, 'eval_runtime': 0.4395, 'eval_samples_per_second': 9.102, 'eval_steps_per_second': 2.275, 'epoch': 18.0, 'step': 18}
[2025/08/19 03:08:15] - {'loss': 0.4559, 'grad_norm': 1.0411242246627808, 'learning_rate': 0.0001, 'epoch': 18.0, 'step': 18}
[2025/08/19 03:08:15] - {'eval_loss': -0.24467135965824127, 'eval_runtime': 0.4393, 'eval_samples_per_second': 9.105, 'eval_steps_per_second': 2.276, 'epoch': 18.0, 'step': 18}
[2025/08/19 03:08:15] - {'loss': 0.4525, 'grad_norm': 1.1772946119308472, 'learning_rate': 0.0001, 'epoch': 19.0, 'step': 19}
[2025/08/19 03:08:15] - {'eval_loss': -0.24467135965824127, 'eval_runtime': 0.4395, 'eval_samples_per_second': 9.102, 'eval_steps_per_second': 2.275, 'epoch': 18.0, 'step': 18}
[2025/08/19 03:08:15] - {'loss': 0.4525, 'grad_norm': 1.1772946119308472, 'learning_rate': 0.0001, 'epoch': 19.0, 'step': 19}
[2025/08/19 03:08:15] - {'eval_loss': -0.24525322020053864, 'eval_runtime': 0.4185, 'eval_samples_per_second': 9.557, 'eval_steps_per_second': 2.389, 'epoch': 19.0, 'step': 19}
[2025/08/19 03:08:15] - {'loss': 0.4525, 'grad_norm': 1.1772946119308472, 'learning_rate': 0.0001, 'epoch': 19.0, 'step': 19}
[2025/08/19 03:08:15] - {'eval_loss': -0.24525322020053864, 'eval_runtime': 0.4186, 'eval_samples_per_second': 9.555, 'eval_steps_per_second': 2.389, 'epoch': 19.0, 'step': 19}
[2025/08/19 03:08:15] - {'loss': 0.6793, 'grad_norm': 2.072084665298462, 'learning_rate': 0.0001, 'epoch': 20.0, 'step': 20}
[2025/08/19 03:08:15] - {'eval_loss': -0.24525322020053864, 'eval_runtime': 0.4186, 'eval_samples_per_second': 9.555, 'eval_steps_per_second': 2.389, 'epoch': 19.0, 'step': 19}
[2025/08/19 03:08:15] - {'loss': 0.6793, 'grad_norm': 2.072084665298462, 'learning_rate': 0.0001, 'epoch': 20.0, 'step': 20}
[2025/08/19 03:08:15] - {'eval_loss': -0.24415022134780884, 'eval_runtime': 0.4403, 'eval_samples_per_second': 9.086, 'eval_steps_per_second': 2.271, 'epoch': 20.0, 'step': 20}
[2025/08/19 03:08:15] - {'loss': 0.6793, 'grad_norm': 2.072084665298462, 'learning_rate': 0.0001, 'epoch': 20.0, 'step': 20}
[2025/08/19 03:08:15] - {'eval_loss': -0.24415022134780884, 'eval_runtime': 0.4402, 'eval_samples_per_second': 9.087, 'eval_steps_per_second': 2.272, 'epoch': 20.0, 'step': 20}
[2025/08/19 03:08:15] - {'loss': 0.3804, 'grad_norm': 1.1410883665084839, 'learning_rate': 0.0001, 'epoch': 21.0, 'step': 21}
[2025/08/19 03:08:15] - {'eval_loss': -0.24415022134780884, 'eval_runtime': 0.4404, 'eval_samples_per_second': 9.083, 'eval_steps_per_second': 2.271, 'epoch': 20.0, 'step': 20}
[2025/08/19 03:08:15] - {'loss': 0.3804, 'grad_norm': 1.1410883665084839, 'learning_rate': 0.0001, 'epoch': 21.0, 'step': 21}
[2025/08/19 03:08:15] - {'eval_loss': -0.24562197923660278, 'eval_runtime': 0.4134, 'eval_samples_per_second': 9.676, 'eval_steps_per_second': 2.419, 'epoch': 21.0, 'step': 21}
[2025/08/19 03:08:15] - {'loss': 0.3804, 'grad_norm': 1.1410883665084839, 'learning_rate': 0.0001, 'epoch': 21.0, 'step': 21}
[2025/08/19 03:08:15] - {'eval_loss': -0.24562197923660278, 'eval_runtime': 0.4134, 'eval_samples_per_second': 9.675, 'eval_steps_per_second': 2.419, 'epoch': 21.0, 'step': 21}
[2025/08/19 03:08:15] - {'loss': 0.3831, 'grad_norm': 1.2147274017333984, 'learning_rate': 0.0001, 'epoch': 22.0, 'step': 22}
[2025/08/19 03:08:15] - {'eval_loss': -0.24562197923660278, 'eval_runtime': 0.4134, 'eval_samples_per_second': 9.675, 'eval_steps_per_second': 2.419, 'epoch': 21.0, 'step': 21}
[2025/08/19 03:08:15] - {'loss': 0.3831, 'grad_norm': 1.2147274017333984, 'learning_rate': 0.0001, 'epoch': 22.0, 'step': 22}
[2025/08/19 03:08:15] - {'eval_loss': -0.25056642293930054, 'eval_runtime': 0.4136, 'eval_samples_per_second': 9.672, 'eval_steps_per_second': 2.418, 'epoch': 22.0, 'step': 22}
[2025/08/19 03:08:15] - {'loss': 0.3831, 'grad_norm': 1.2147274017333984, 'learning_rate': 0.0001, 'epoch': 22.0, 'step': 22}
[2025/08/19 03:08:15] - {'eval_loss': -0.25056642293930054, 'eval_runtime': 0.4136, 'eval_samples_per_second': 9.672, 'eval_steps_per_second': 2.418, 'epoch': 22.0, 'step': 22}
[2025/08/19 03:08:15] - {'loss': 0.4855, 'grad_norm': 1.4181318283081055, 'learning_rate': 0.0001, 'epoch': 23.0, 'step': 23}
[2025/08/19 03:08:15] - {'eval_loss': -0.25056642293930054, 'eval_runtime': 0.4135, 'eval_samples_per_second': 9.674, 'eval_steps_per_second': 2.418, 'epoch': 22.0, 'step': 22}
[2025/08/19 03:08:15] - {'loss': 0.4855, 'grad_norm': 1.4181318283081055, 'learning_rate': 0.0001, 'epoch': 23.0, 'step': 23}
[2025/08/19 03:08:15] - {'eval_loss': -0.26101619005203247, 'eval_runtime': 0.4196, 'eval_samples_per_second': 9.534, 'eval_steps_per_second': 2.383, 'epoch': 23.0, 'step': 23}
[2025/08/19 03:08:15] - {'loss': 0.4855, 'grad_norm': 1.4181318283081055, 'learning_rate': 0.0001, 'epoch': 23.0, 'step': 23}
[2025/08/19 03:08:15] - {'eval_loss': -0.26101619005203247, 'eval_runtime': 0.4194, 'eval_samples_per_second': 9.536, 'eval_steps_per_second': 2.384, 'epoch': 23.0, 'step': 23}
[2025/08/19 03:08:15] - {'loss': 0.3341, 'grad_norm': 0.9129595756530762, 'learning_rate': 0.0001, 'epoch': 24.0, 'step': 24}
[2025/08/19 03:08:15] - {'eval_loss': -0.26101619005203247, 'eval_runtime': 0.4195, 'eval_samples_per_second': 9.534, 'eval_steps_per_second': 2.384, 'epoch': 23.0, 'step': 23}
[2025/08/19 03:08:15] - {'loss': 0.3341, 'grad_norm': 0.9129595756530762, 'learning_rate': 0.0001, 'epoch': 24.0, 'step': 24}
[2025/08/19 03:08:15] - {'eval_loss': -0.270012766122818, 'eval_runtime': 0.4142, 'eval_samples_per_second': 9.656, 'eval_steps_per_second': 2.414, 'epoch': 24.0, 'step': 24}
[2025/08/19 03:08:15] - {'loss': 0.3341, 'grad_norm': 0.9129595756530762, 'learning_rate': 0.0001, 'epoch': 24.0, 'step': 24}
[2025/08/19 03:08:15] - {'eval_loss': -0.270012766122818, 'eval_runtime': 0.4141, 'eval_samples_per_second': 9.66, 'eval_steps_per_second': 2.415, 'epoch': 24.0, 'step': 24}
[2025/08/19 03:08:15] - {'loss': 0.4099, 'grad_norm': 1.3101236820220947, 'learning_rate': 0.0001, 'epoch': 25.0, 'step': 25}
[2025/08/19 03:08:15] - {'eval_loss': -0.270012766122818, 'eval_runtime': 0.4141, 'eval_samples_per_second': 9.659, 'eval_steps_per_second': 2.415, 'epoch': 24.0, 'step': 24}
[2025/08/19 03:08:15] - {'loss': 0.4099, 'grad_norm': 1.3101236820220947, 'learning_rate': 0.0001, 'epoch': 25.0, 'step': 25}
[2025/08/19 03:08:15] - {'eval_loss': -0.2752891778945923, 'eval_runtime': 0.4194, 'eval_samples_per_second': 9.537, 'eval_steps_per_second': 2.384, 'epoch': 25.0, 'step': 25}
[2025/08/19 03:08:15] - {'loss': 0.4099, 'grad_norm': 1.3101236820220947, 'learning_rate': 0.0001, 'epoch': 25.0, 'step': 25}
[2025/08/19 03:08:15] - {'eval_loss': -0.2752891778945923, 'eval_runtime': 0.4196, 'eval_samples_per_second': 9.532, 'eval_steps_per_second': 2.383, 'epoch': 25.0, 'step': 25}
[2025/08/19 03:08:15] - {'train_runtime': 40.3266, 'train_samples_per_second': 2.48, 'train_steps_per_second': 0.62, 'total_flos': 0.0, 'train_loss': 1.050789453983307, 'epoch': 25.0, 'step': 25}
[2025/08/19 03:08:15] - {'eval_loss': -0.2752891778945923, 'eval_runtime': 0.4198, 'eval_samples_per_second': 9.529, 'eval_steps_per_second': 2.382, 'epoch': 25.0, 'step': 25}
[2025/08/19 03:08:15] - {'train_runtime': 40.3266, 'train_samples_per_second': 2.48, 'train_steps_per_second': 0.62, 'total_flos': 0.0, 'train_loss': 1.050789453983307, 'epoch': 25.0, 'step': 25}
[2025/08/19 03:08:15] - {'train_runtime': 40.3269, 'train_samples_per_second': 2.48, 'train_steps_per_second': 0.62, 'total_flos': 0.0, 'train_loss': 1.050789453983307, 'epoch': 25.0, 'step': 25}
[2025/08/19 03:08:16] - {'loss': 5.1046, 'grad_norm': 4.145059108734131, 'learning_rate': 0.001, 'epoch': 1.0, 'step': 1}
[2025/08/19 03:08:16] - {'eval_loss': -0.0009069545776583254, 'eval_runtime': 0.4345, 'eval_samples_per_second': 9.206, 'eval_steps_per_second': 2.302, 'epoch': 1.0, 'step': 1}
[2025/08/19 03:08:16] - {'loss': 3.1681, 'grad_norm': 3.4188144207000732, 'learning_rate': 0.001, 'epoch': 2.0, 'step': 2}
[2025/08/19 03:08:16] - {'eval_loss': -0.3592604398727417, 'eval_runtime': 0.5677, 'eval_samples_per_second': 7.047, 'eval_steps_per_second': 1.762, 'epoch': 2.0, 'step': 2}
[2025/08/19 03:08:16] - {'loss': 1.8377, 'grad_norm': 1.8996535539627075, 'learning_rate': 0.001, 'epoch': 3.0, 'step': 3}
[2025/08/19 03:08:16] - {'eval_loss': -0.7185087203979492, 'eval_runtime': 0.4171, 'eval_samples_per_second': 9.59, 'eval_steps_per_second': 2.397, 'epoch': 3.0, 'step': 3}
[2025/08/19 03:08:16] - {'loss': 1.7081, 'grad_norm': 2.0170063972473145, 'learning_rate': 0.001, 'epoch': 4.0, 'step': 4}
[2025/08/19 03:08:16] - {'eval_loss': -0.6530046463012695, 'eval_runtime': 0.5688, 'eval_samples_per_second': 7.032, 'eval_steps_per_second': 1.758, 'epoch': 4.0, 'step': 4}
[2025/08/19 03:08:16] - {'loss': 1.8305, 'grad_norm': 1.7363406419754028, 'learning_rate': 0.001, 'epoch': 5.0, 'step': 5}
[2025/08/19 03:08:16] - {'eval_loss': -0.6648964881896973, 'eval_runtime': 0.4382, 'eval_samples_per_second': 9.128, 'eval_steps_per_second': 2.282, 'epoch': 5.0, 'step': 5}
[2025/08/19 03:08:16] - {'loss': 1.4929, 'grad_norm': 2.375868082046509, 'learning_rate': 0.001, 'epoch': 6.0, 'step': 6}
[2025/08/19 03:08:16] - {'eval_loss': -0.5224326848983765, 'eval_runtime': 0.4162, 'eval_samples_per_second': 9.612, 'eval_steps_per_second': 2.403, 'epoch': 6.0, 'step': 6}
[2025/08/19 03:08:16] - {'loss': 0.9936, 'grad_norm': 1.3230786323547363, 'learning_rate': 0.001, 'epoch': 7.0, 'step': 7}
[2025/08/19 03:08:16] - {'eval_loss': -0.4508399963378906, 'eval_runtime': 0.4175, 'eval_samples_per_second': 9.582, 'eval_steps_per_second': 2.395, 'epoch': 7.0, 'step': 7}
[2025/08/19 03:08:16] - {'loss': 0.9375, 'grad_norm': 1.1055915355682373, 'learning_rate': 0.001, 'epoch': 8.0, 'step': 8}
[2025/08/19 03:08:16] - {'eval_loss': -0.41699838638305664, 'eval_runtime': 0.4147, 'eval_samples_per_second': 9.645, 'eval_steps_per_second': 2.411, 'epoch': 8.0, 'step': 8}
[2025/08/19 03:08:16] - {'loss': 0.6516, 'grad_norm': 2.760566473007202, 'learning_rate': 0.001, 'epoch': 9.0, 'step': 9}
[2025/08/19 03:08:16] - {'eval_loss': -0.385468989610672, 'eval_runtime': 0.4178, 'eval_samples_per_second': 9.575, 'eval_steps_per_second': 2.394, 'epoch': 9.0, 'step': 9}
[2025/08/19 03:08:16] - {'loss': 0.761, 'grad_norm': 1.1849632263183594, 'learning_rate': 0.001, 'epoch': 10.0, 'step': 10}
[2025/08/19 03:08:16] - {'eval_loss': -0.35606566071510315, 'eval_runtime': 0.4135, 'eval_samples_per_second': 9.673, 'eval_steps_per_second': 2.418, 'epoch': 10.0, 'step': 10}
[2025/08/19 03:08:16] - {'loss': 0.7362, 'grad_norm': 1.6616672277450562, 'learning_rate': 0.001, 'epoch': 11.0, 'step': 11}
[2025/08/19 03:08:16] - {'eval_loss': -0.31457123160362244, 'eval_runtime': 0.4156, 'eval_samples_per_second': 9.624, 'eval_steps_per_second': 2.406, 'epoch': 11.0, 'step': 11}
[2025/08/19 03:08:16] - {'loss': 0.4553, 'grad_norm': 1.2375389337539673, 'learning_rate': 0.001, 'epoch': 12.0, 'step': 12}
[2025/08/19 03:08:16] - {'eval_loss': -0.27103719115257263, 'eval_runtime': 0.5467, 'eval_samples_per_second': 7.316, 'eval_steps_per_second': 1.829, 'epoch': 12.0, 'step': 12}
[2025/08/19 03:08:16] - {'loss': 0.9931, 'grad_norm': 2.016719102859497, 'learning_rate': 0.001, 'epoch': 13.0, 'step': 13}
[2025/08/19 03:08:16] - {'eval_loss': -0.25046566128730774, 'eval_runtime': 0.4156, 'eval_samples_per_second': 9.624, 'eval_steps_per_second': 2.406, 'epoch': 13.0, 'step': 13}
[2025/08/19 03:08:16] - {'loss': 0.7183, 'grad_norm': 1.6320632696151733, 'learning_rate': 0.001, 'epoch': 14.0, 'step': 14}
[2025/08/19 03:08:16] - {'eval_loss': -0.23683124780654907, 'eval_runtime': 0.75, 'eval_samples_per_second': 5.333, 'eval_steps_per_second': 1.333, 'epoch': 14.0, 'step': 14}
[2025/08/19 03:08:16] - {'loss': 0.4961, 'grad_norm': 1.1048532724380493, 'learning_rate': 0.0001, 'epoch': 15.0, 'step': 15}
[2025/08/19 03:08:16] - {'eval_loss': -0.2378142774105072, 'eval_runtime': 0.4146, 'eval_samples_per_second': 9.648, 'eval_steps_per_second': 2.412, 'epoch': 15.0, 'step': 15}
[2025/08/19 03:08:16] - {'loss': 0.4267, 'grad_norm': 2.659916877746582, 'learning_rate': 0.0001, 'epoch': 16.0, 'step': 16}
[2025/08/19 03:08:16] - {'eval_loss': -0.2372557669878006, 'eval_runtime': 0.4245, 'eval_samples_per_second': 9.423, 'eval_steps_per_second': 2.356, 'epoch': 16.0, 'step': 16}
[2025/08/19 03:08:16] - {'loss': 0.3778, 'grad_norm': 1.2614362239837646, 'learning_rate': 0.0001, 'epoch': 17.0, 'step': 17}
[2025/08/19 03:08:16] - {'eval_loss': -0.2401406168937683, 'eval_runtime': 0.4134, 'eval_samples_per_second': 9.676, 'eval_steps_per_second': 2.419, 'epoch': 17.0, 'step': 17}
[2025/08/19 03:08:16] - {'loss': 0.4559, 'grad_norm': 1.0411242246627808, 'learning_rate': 0.0001, 'epoch': 18.0, 'step': 18}
[2025/08/19 03:08:16] - {'eval_loss': -0.24467135965824127, 'eval_runtime': 0.7176, 'eval_samples_per_second': 5.574, 'eval_steps_per_second': 1.393, 'epoch': 18.0, 'step': 18}
[2025/08/19 03:08:16] - {'loss': 0.4525, 'grad_norm': 1.1772946119308472, 'learning_rate': 0.0001, 'epoch': 19.0, 'step': 19}
[2025/08/19 03:08:16] - {'eval_loss': -0.24525322020053864, 'eval_runtime': 0.4184, 'eval_samples_per_second': 9.56, 'eval_steps_per_second': 2.39, 'epoch': 19.0, 'step': 19}
[2025/08/19 03:08:16] - {'loss': 0.6793, 'grad_norm': 2.072084665298462, 'learning_rate': 0.0001, 'epoch': 20.0, 'step': 20}
[2025/08/19 03:08:16] - {'eval_loss': -0.24415022134780884, 'eval_runtime': 0.4398, 'eval_samples_per_second': 9.096, 'eval_steps_per_second': 2.274, 'epoch': 20.0, 'step': 20}
[2025/08/19 03:08:16] - {'loss': 0.3804, 'grad_norm': 1.1410883665084839, 'learning_rate': 0.0001, 'epoch': 21.0, 'step': 21}
[2025/08/19 03:08:16] - {'eval_loss': -0.24562197923660278, 'eval_runtime': 0.4132, 'eval_samples_per_second': 9.681, 'eval_steps_per_second': 2.42, 'epoch': 21.0, 'step': 21}
[2025/08/19 03:08:16] - {'loss': 0.3831, 'grad_norm': 1.2147274017333984, 'learning_rate': 0.0001, 'epoch': 22.0, 'step': 22}
[2025/08/19 03:08:16] - {'eval_loss': -0.25056642293930054, 'eval_runtime': 0.5733, 'eval_samples_per_second': 6.977, 'eval_steps_per_second': 1.744, 'epoch': 22.0, 'step': 22}
[2025/08/19 03:08:16] - {'loss': 0.4855, 'grad_norm': 1.4181318283081055, 'learning_rate': 0.0001, 'epoch': 23.0, 'step': 23}
[2025/08/19 03:08:16] - {'eval_loss': -0.26101619005203247, 'eval_runtime': 0.4193, 'eval_samples_per_second': 9.539, 'eval_steps_per_second': 2.385, 'epoch': 23.0, 'step': 23}
[2025/08/19 03:08:16] - {'loss': 0.3341, 'grad_norm': 0.9129595756530762, 'learning_rate': 0.0001, 'epoch': 24.0, 'step': 24}
[2025/08/19 03:08:16] - {'eval_loss': -0.270012766122818, 'eval_runtime': 0.414, 'eval_samples_per_second': 9.661, 'eval_steps_per_second': 2.415, 'epoch': 24.0, 'step': 24}
[2025/08/19 03:08:16] - {'loss': 0.4099, 'grad_norm': 1.3101236820220947, 'learning_rate': 0.0001, 'epoch': 25.0, 'step': 25}
[2025/08/19 03:08:16] - {'eval_loss': -0.2752891778945923, 'eval_runtime': 0.4194, 'eval_samples_per_second': 9.537, 'eval_steps_per_second': 2.384, 'epoch': 25.0, 'step': 25}
[2025/08/19 03:08:16] - {'train_runtime': 40.327, 'train_samples_per_second': 2.48, 'train_steps_per_second': 0.62, 'total_flos': 0.0, 'train_loss': 1.050789453983307, 'epoch': 25.0, 'step': 25}
