[2025/08/12 12:17:51] - Detected kernel version 4.18.0, which is below the recommended minimum of 5.5.0; this can cause the process to hang. It is recommended to upgrade the kernel to the minimum version or higher.
[2025/08/12 12:17:51] - Using 4 GPUs
[2025/08/12 12:17:51] - Starting new HTTPS connection (1): huggingface.co:443
[2025/08/12 12:17:52] - Using 4 GPUs
[2025/08/12 12:17:52] - Starting new HTTPS connection (1): huggingface.co:443
[2025/08/12 12:17:52] - Using 4 GPUs
[2025/08/12 12:17:52] - Using 4 GPUs
[2025/08/12 12:17:52] - Starting new HTTPS connection (1): huggingface.co:443
[2025/08/12 12:17:52] - Starting new HTTPS connection (1): huggingface.co:443
[2025/08/12 12:18:32] - Starting new HTTPS connection (2): huggingface.co:443
[2025/08/12 12:18:32] - Starting new HTTPS connection (2): huggingface.co:443
[2025/08/12 12:18:32] - Starting new HTTPS connection (2): huggingface.co:443
[2025/08/12 12:18:32] - Starting new HTTPS connection (2): huggingface.co:443
[2025/08/12 12:19:26] - Starting new HTTPS connection (3): huggingface.co:443
[2025/08/12 12:19:27] - Starting new HTTPS connection (3): huggingface.co:443
[2025/08/12 12:19:27] - Starting new HTTPS connection (3): huggingface.co:443
[2025/08/12 12:19:27] - Starting new HTTPS connection (3): huggingface.co:443
[2025/08/12 12:20:06] - Loading bitsandbytes native library from: /home/hsc/ENV-3.10/lib/python3.10/site-packages/bitsandbytes/libbitsandbytes_cuda122.so
[2025/08/12 12:20:07] - Loading bitsandbytes native library from: /home/hsc/ENV-3.10/lib/python3.10/site-packages/bitsandbytes/libbitsandbytes_cuda122.so
[2025/08/12 12:20:07] - Loading bitsandbytes native library from: /home/hsc/ENV-3.10/lib/python3.10/site-packages/bitsandbytes/libbitsandbytes_cuda122.so
[2025/08/12 12:20:07] - Loading bitsandbytes native library from: /home/hsc/ENV-3.10/lib/python3.10/site-packages/bitsandbytes/libbitsandbytes_cuda122.so
[2025/08/12 12:20:15] - Detected kernel version 4.18.0, which is below the recommended minimum of 5.5.0; this can cause the process to hang. It is recommended to upgrade the kernel to the minimum version or higher.
[2025/08/12 12:20:52] - {'loss': -0.0006, 'grad_norm': 0.008067632094025612, 'learning_rate': 0.001, 'epoch': 1.0, 'step': 1}
[2025/08/12 12:20:52] - {'loss': -0.0006, 'grad_norm': 0.008067632094025612, 'learning_rate': 0.001, 'epoch': 1.0, 'step': 1}
[2025/08/12 12:20:52] - {'loss': -0.0006, 'grad_norm': 0.008067632094025612, 'learning_rate': 0.001, 'epoch': 1.0, 'step': 1}
[2025/08/12 12:20:52] - {'eval_loss': -0.7735452055931091, 'eval_runtime': 0.1117, 'eval_samples_per_second': 35.822, 'eval_steps_per_second': 8.955, 'epoch': 1.0, 'step': 1}
[2025/08/12 12:20:52] - {'eval_loss': -0.7735452055931091, 'eval_runtime': 0.1116, 'eval_samples_per_second': 35.842, 'eval_steps_per_second': 8.96, 'epoch': 1.0, 'step': 1}
[2025/08/12 12:20:52] - {'eval_loss': -0.7735452055931091, 'eval_runtime': 0.1116, 'eval_samples_per_second': 35.84, 'eval_steps_per_second': 8.96, 'epoch': 1.0, 'step': 1}
[2025/08/12 12:20:52] - {'loss': -0.776, 'grad_norm': 1.9801714420318604, 'learning_rate': 0.001, 'epoch': 2.0, 'step': 2}
[2025/08/12 12:20:52] - {'loss': -0.776, 'grad_norm': 1.9801714420318604, 'learning_rate': 0.001, 'epoch': 2.0, 'step': 2}
[2025/08/12 12:20:52] - {'loss': -0.776, 'grad_norm': 1.9801714420318604, 'learning_rate': 0.001, 'epoch': 2.0, 'step': 2}
[2025/08/12 12:20:52] - {'eval_loss': -2.804860830307007, 'eval_runtime': 0.1031, 'eval_samples_per_second': 38.812, 'eval_steps_per_second': 9.703, 'epoch': 2.0, 'step': 2}
[2025/08/12 12:20:52] - {'eval_loss': -2.804860830307007, 'eval_runtime': 0.1032, 'eval_samples_per_second': 38.747, 'eval_steps_per_second': 9.687, 'epoch': 2.0, 'step': 2}
[2025/08/12 12:20:52] - {'eval_loss': -2.804860830307007, 'eval_runtime': 0.1032, 'eval_samples_per_second': 38.751, 'eval_steps_per_second': 9.688, 'epoch': 2.0, 'step': 2}
[2025/08/12 12:20:52] - {'loss': -2.7926, 'grad_norm': 6.690328598022461, 'learning_rate': 0.001, 'epoch': 3.0, 'step': 3}
[2025/08/12 12:20:52] - {'loss': -2.7926, 'grad_norm': 6.690328598022461, 'learning_rate': 0.001, 'epoch': 3.0, 'step': 3}
[2025/08/12 12:20:52] - {'loss': -2.7926, 'grad_norm': 6.690328598022461, 'learning_rate': 0.001, 'epoch': 3.0, 'step': 3}
[2025/08/12 12:20:52] - {'eval_loss': -6.021913528442383, 'eval_runtime': 0.1028, 'eval_samples_per_second': 38.902, 'eval_steps_per_second': 9.725, 'epoch': 3.0, 'step': 3}
[2025/08/12 12:20:52] - {'eval_loss': -6.021913528442383, 'eval_runtime': 0.1028, 'eval_samples_per_second': 38.901, 'eval_steps_per_second': 9.725, 'epoch': 3.0, 'step': 3}
[2025/08/12 12:20:52] - {'eval_loss': -6.021913528442383, 'eval_runtime': 0.1027, 'eval_samples_per_second': 38.945, 'eval_steps_per_second': 9.736, 'epoch': 3.0, 'step': 3}
[2025/08/12 12:20:52] - {'loss': -6.0241, 'grad_norm': 14.61792278289795, 'learning_rate': 0.001, 'epoch': 4.0, 'step': 4}
[2025/08/12 12:20:52] - {'loss': -6.0241, 'grad_norm': 14.61792278289795, 'learning_rate': 0.001, 'epoch': 4.0, 'step': 4}
[2025/08/12 12:20:52] - {'loss': -6.0241, 'grad_norm': 14.61792278289795, 'learning_rate': 0.001, 'epoch': 4.0, 'step': 4}
[2025/08/12 12:20:52] - {'eval_loss': -11.118514060974121, 'eval_runtime': 0.3696, 'eval_samples_per_second': 10.822, 'eval_steps_per_second': 2.706, 'epoch': 4.0, 'step': 4}
[2025/08/12 12:20:52] - {'eval_loss': -11.118514060974121, 'eval_runtime': 0.1029, 'eval_samples_per_second': 38.882, 'eval_steps_per_second': 9.72, 'epoch': 4.0, 'step': 4}
[2025/08/12 12:20:52] - {'eval_loss': -11.118514060974121, 'eval_runtime': 0.7131, 'eval_samples_per_second': 5.61, 'eval_steps_per_second': 1.402, 'epoch': 4.0, 'step': 4}
[2025/08/12 12:20:52] - {'loss': -11.0938, 'grad_norm': 32.6768798828125, 'learning_rate': 0.001, 'epoch': 5.0, 'step': 5}
[2025/08/12 12:20:52] - {'loss': -11.0938, 'grad_norm': 32.6768798828125, 'learning_rate': 0.001, 'epoch': 5.0, 'step': 5}
[2025/08/12 12:20:52] - {'loss': -11.0938, 'grad_norm': 32.6768798828125, 'learning_rate': 0.001, 'epoch': 5.0, 'step': 5}
[2025/08/12 12:20:52] - {'eval_loss': -21.068828582763672, 'eval_runtime': 0.1026, 'eval_samples_per_second': 38.969, 'eval_steps_per_second': 9.742, 'epoch': 5.0, 'step': 5}
[2025/08/12 12:20:52] - {'eval_loss': -21.068828582763672, 'eval_runtime': 0.1027, 'eval_samples_per_second': 38.933, 'eval_steps_per_second': 9.733, 'epoch': 5.0, 'step': 5}
[2025/08/12 12:20:52] - {'eval_loss': -21.068828582763672, 'eval_runtime': 0.1027, 'eval_samples_per_second': 38.933, 'eval_steps_per_second': 9.733, 'epoch': 5.0, 'step': 5}
[2025/08/12 12:20:52] - {'loss': -21.0236, 'grad_norm': 74.00171661376953, 'learning_rate': 0.001, 'epoch': 6.0, 'step': 6}
[2025/08/12 12:20:52] - {'loss': -21.0236, 'grad_norm': 74.00171661376953, 'learning_rate': 0.001, 'epoch': 6.0, 'step': 6}
[2025/08/12 12:20:52] - {'loss': -21.0236, 'grad_norm': 74.00171661376953, 'learning_rate': 0.001, 'epoch': 6.0, 'step': 6}
[2025/08/12 12:20:52] - {'eval_loss': -29.889352798461914, 'eval_runtime': 0.1281, 'eval_samples_per_second': 31.227, 'eval_steps_per_second': 7.807, 'epoch': 6.0, 'step': 6}
[2025/08/12 12:20:52] - {'eval_loss': -29.889352798461914, 'eval_runtime': 0.1276, 'eval_samples_per_second': 31.349, 'eval_steps_per_second': 7.837, 'epoch': 6.0, 'step': 6}
[2025/08/12 12:20:52] - {'eval_loss': -29.889352798461914, 'eval_runtime': 0.128, 'eval_samples_per_second': 31.26, 'eval_steps_per_second': 7.815, 'epoch': 6.0, 'step': 6}
[2025/08/12 12:20:52] - {'loss': -29.8909, 'grad_norm': 94.3535385131836, 'learning_rate': 0.001, 'epoch': 7.0, 'step': 7}
[2025/08/12 12:20:52] - {'loss': -29.8909, 'grad_norm': 94.3535385131836, 'learning_rate': 0.001, 'epoch': 7.0, 'step': 7}
[2025/08/12 12:20:52] - {'loss': -29.8909, 'grad_norm': 94.3535385131836, 'learning_rate': 0.001, 'epoch': 7.0, 'step': 7}
[2025/08/12 12:20:52] - {'eval_loss': -31.517162322998047, 'eval_runtime': 0.1027, 'eval_samples_per_second': 38.942, 'eval_steps_per_second': 9.735, 'epoch': 7.0, 'step': 7}
[2025/08/12 12:20:52] - {'eval_loss': -31.517162322998047, 'eval_runtime': 0.1028, 'eval_samples_per_second': 38.898, 'eval_steps_per_second': 9.724, 'epoch': 7.0, 'step': 7}
[2025/08/12 12:20:52] - {'eval_loss': -31.517162322998047, 'eval_runtime': 0.1028, 'eval_samples_per_second': 38.912, 'eval_steps_per_second': 9.728, 'epoch': 7.0, 'step': 7}
[2025/08/12 12:20:52] - {'loss': -31.8833, 'grad_norm': 207.62696838378906, 'learning_rate': 0.001, 'epoch': 8.0, 'step': 8}
[2025/08/12 12:20:52] - {'loss': -31.8833, 'grad_norm': 207.62696838378906, 'learning_rate': 0.001, 'epoch': 8.0, 'step': 8}
[2025/08/12 12:20:52] - {'loss': -31.8833, 'grad_norm': 207.62696838378906, 'learning_rate': 0.001, 'epoch': 8.0, 'step': 8}
[2025/08/12 12:20:52] - {'eval_loss': -40.57560729980469, 'eval_runtime': 0.1031, 'eval_samples_per_second': 38.788, 'eval_steps_per_second': 9.697, 'epoch': 8.0, 'step': 8}
[2025/08/12 12:20:52] - {'eval_loss': -40.57560729980469, 'eval_runtime': 0.1032, 'eval_samples_per_second': 38.751, 'eval_steps_per_second': 9.688, 'epoch': 8.0, 'step': 8}
[2025/08/12 12:20:52] - {'eval_loss': -40.57560729980469, 'eval_runtime': 0.1032, 'eval_samples_per_second': 38.754, 'eval_steps_per_second': 9.688, 'epoch': 8.0, 'step': 8}
[2025/08/12 12:20:52] - {'loss': -40.5697, 'grad_norm': 30.890663146972656, 'learning_rate': 0.001, 'epoch': 9.0, 'step': 9}
[2025/08/12 12:20:52] - {'loss': -40.5697, 'grad_norm': 30.890663146972656, 'learning_rate': 0.001, 'epoch': 9.0, 'step': 9}
[2025/08/12 12:20:52] - {'loss': -40.5697, 'grad_norm': 30.890663146972656, 'learning_rate': 0.001, 'epoch': 9.0, 'step': 9}
[2025/08/12 12:20:52] - {'eval_loss': -44.40108871459961, 'eval_runtime': 0.1031, 'eval_samples_per_second': 38.79, 'eval_steps_per_second': 9.697, 'epoch': 9.0, 'step': 9}
[2025/08/12 12:20:52] - {'eval_loss': -44.40108871459961, 'eval_runtime': 0.1032, 'eval_samples_per_second': 38.778, 'eval_steps_per_second': 9.695, 'epoch': 9.0, 'step': 9}
[2025/08/12 12:20:52] - {'eval_loss': -44.40108871459961, 'eval_runtime': 0.1029, 'eval_samples_per_second': 38.855, 'eval_steps_per_second': 9.714, 'epoch': 9.0, 'step': 9}
[2025/08/12 12:20:52] - {'loss': -44.4045, 'grad_norm': 23.713518142700195, 'learning_rate': 0.001, 'epoch': 10.0, 'step': 10}
[2025/08/12 12:20:52] - {'loss': -44.4045, 'grad_norm': 23.713518142700195, 'learning_rate': 0.001, 'epoch': 10.0, 'step': 10}
[2025/08/12 12:20:52] - {'loss': -44.4045, 'grad_norm': 23.713518142700195, 'learning_rate': 0.001, 'epoch': 10.0, 'step': 10}
[2025/08/12 12:20:52] - {'eval_loss': -48.67217254638672, 'eval_runtime': 0.105, 'eval_samples_per_second': 38.111, 'eval_steps_per_second': 9.528, 'epoch': 10.0, 'step': 10}
[2025/08/12 12:20:52] - {'eval_loss': -48.67217254638672, 'eval_runtime': 0.105, 'eval_samples_per_second': 38.1, 'eval_steps_per_second': 9.525, 'epoch': 10.0, 'step': 10}
[2025/08/12 12:20:52] - {'eval_loss': -48.67217254638672, 'eval_runtime': 0.105, 'eval_samples_per_second': 38.091, 'eval_steps_per_second': 9.523, 'epoch': 10.0, 'step': 10}
[2025/08/12 12:20:52] - {'loss': -48.6701, 'grad_norm': 15.883942604064941, 'learning_rate': 0.001, 'epoch': 11.0, 'step': 11}
[2025/08/12 12:20:52] - {'loss': -48.6701, 'grad_norm': 15.883942604064941, 'learning_rate': 0.001, 'epoch': 11.0, 'step': 11}
[2025/08/12 12:20:52] - {'loss': -48.6701, 'grad_norm': 15.883942604064941, 'learning_rate': 0.001, 'epoch': 11.0, 'step': 11}
[2025/08/12 12:20:52] - {'eval_loss': -51.6545295715332, 'eval_runtime': 0.1099, 'eval_samples_per_second': 36.384, 'eval_steps_per_second': 9.096, 'epoch': 11.0, 'step': 11}
[2025/08/12 12:20:52] - {'eval_loss': -51.6545295715332, 'eval_runtime': 0.1024, 'eval_samples_per_second': 39.07, 'eval_steps_per_second': 9.768, 'epoch': 11.0, 'step': 11}
[2025/08/12 12:20:52] - {'eval_loss': -51.6545295715332, 'eval_runtime': 0.11, 'eval_samples_per_second': 36.349, 'eval_steps_per_second': 9.087, 'epoch': 11.0, 'step': 11}
[2025/08/12 12:20:52] - {'loss': -51.658, 'grad_norm': 14.895023345947266, 'learning_rate': 0.001, 'epoch': 12.0, 'step': 12}
[2025/08/12 12:20:52] - {'loss': -51.658, 'grad_norm': 14.895023345947266, 'learning_rate': 0.001, 'epoch': 12.0, 'step': 12}
[2025/08/12 12:20:52] - {'loss': -51.658, 'grad_norm': 14.895023345947266, 'learning_rate': 0.001, 'epoch': 12.0, 'step': 12}
[2025/08/12 12:20:52] - {'eval_loss': -51.134822845458984, 'eval_runtime': 0.1036, 'eval_samples_per_second': 38.603, 'eval_steps_per_second': 9.651, 'epoch': 12.0, 'step': 12}
[2025/08/12 12:20:52] - {'eval_loss': -51.134822845458984, 'eval_runtime': 0.1033, 'eval_samples_per_second': 38.723, 'eval_steps_per_second': 9.681, 'epoch': 12.0, 'step': 12}
[2025/08/12 12:20:52] - {'eval_loss': -51.134822845458984, 'eval_runtime': 0.1036, 'eval_samples_per_second': 38.602, 'eval_steps_per_second': 9.651, 'epoch': 12.0, 'step': 12}
[2025/08/12 12:20:52] - {'loss': -51.2131, 'grad_norm': 73.29442596435547, 'learning_rate': 0.001, 'epoch': 13.0, 'step': 13}
[2025/08/12 12:20:52] - {'loss': -51.2131, 'grad_norm': 73.29442596435547, 'learning_rate': 0.001, 'epoch': 13.0, 'step': 13}
[2025/08/12 12:20:52] - {'loss': -51.2131, 'grad_norm': 73.29442596435547, 'learning_rate': 0.001, 'epoch': 13.0, 'step': 13}
[2025/08/12 12:20:52] - {'eval_loss': -49.91569900512695, 'eval_runtime': 0.1029, 'eval_samples_per_second': 38.889, 'eval_steps_per_second': 9.722, 'epoch': 13.0, 'step': 13}
[2025/08/12 12:20:52] - {'eval_loss': -49.91569900512695, 'eval_runtime': 0.1028, 'eval_samples_per_second': 38.893, 'eval_steps_per_second': 9.723, 'epoch': 13.0, 'step': 13}
[2025/08/12 12:20:52] - {'eval_loss': -49.91569900512695, 'eval_runtime': 0.1029, 'eval_samples_per_second': 38.888, 'eval_steps_per_second': 9.722, 'epoch': 13.0, 'step': 13}
[2025/08/12 12:20:52] - {'loss': -49.8689, 'grad_norm': 87.4146728515625, 'learning_rate': 0.001, 'epoch': 14.0, 'step': 14}
[2025/08/12 12:20:52] - {'loss': -49.8689, 'grad_norm': 87.4146728515625, 'learning_rate': 0.001, 'epoch': 14.0, 'step': 14}
[2025/08/12 12:20:52] - {'loss': -49.8689, 'grad_norm': 87.4146728515625, 'learning_rate': 0.001, 'epoch': 14.0, 'step': 14}
[2025/08/12 12:20:52] - {'eval_loss': -53.0857048034668, 'eval_runtime': 0.1039, 'eval_samples_per_second': 38.499, 'eval_steps_per_second': 9.625, 'epoch': 14.0, 'step': 14}
[2025/08/12 12:20:52] - {'eval_loss': -53.0857048034668, 'eval_runtime': 0.1037, 'eval_samples_per_second': 38.559, 'eval_steps_per_second': 9.64, 'epoch': 14.0, 'step': 14}
[2025/08/12 12:20:52] - {'eval_loss': -53.0857048034668, 'eval_runtime': 0.1038, 'eval_samples_per_second': 38.55, 'eval_steps_per_second': 9.637, 'epoch': 14.0, 'step': 14}
[2025/08/12 12:20:52] - {'loss': -53.0992, 'grad_norm': 25.88730239868164, 'learning_rate': 0.001, 'epoch': 15.0, 'step': 15}
[2025/08/12 12:20:52] - {'loss': -53.0992, 'grad_norm': 25.88730239868164, 'learning_rate': 0.001, 'epoch': 15.0, 'step': 15}
[2025/08/12 12:20:52] - {'loss': -53.0992, 'grad_norm': 25.88730239868164, 'learning_rate': 0.001, 'epoch': 15.0, 'step': 15}
[2025/08/12 12:20:52] - {'eval_loss': -54.915061950683594, 'eval_runtime': 0.103, 'eval_samples_per_second': 38.83, 'eval_steps_per_second': 9.708, 'epoch': 15.0, 'step': 15}
[2025/08/12 12:20:52] - {'eval_loss': -54.915061950683594, 'eval_runtime': 0.1031, 'eval_samples_per_second': 38.784, 'eval_steps_per_second': 9.696, 'epoch': 15.0, 'step': 15}
[2025/08/12 12:20:52] - {'eval_loss': -54.915061950683594, 'eval_runtime': 0.1031, 'eval_samples_per_second': 38.781, 'eval_steps_per_second': 9.695, 'epoch': 15.0, 'step': 15}
[2025/08/12 12:20:52] - {'loss': -54.9204, 'grad_norm': 16.626544952392578, 'learning_rate': 0.001, 'epoch': 16.0, 'step': 16}
[2025/08/12 12:20:52] - {'loss': -54.9204, 'grad_norm': 16.626544952392578, 'learning_rate': 0.001, 'epoch': 16.0, 'step': 16}
[2025/08/12 12:20:52] - {'loss': -54.9204, 'grad_norm': 16.626544952392578, 'learning_rate': 0.001, 'epoch': 16.0, 'step': 16}
[2025/08/12 12:20:52] - {'eval_loss': -55.996028900146484, 'eval_runtime': 0.1031, 'eval_samples_per_second': 38.78, 'eval_steps_per_second': 9.695, 'epoch': 16.0, 'step': 16}
[2025/08/12 12:20:52] - {'eval_loss': -55.996028900146484, 'eval_runtime': 0.1041, 'eval_samples_per_second': 38.44, 'eval_steps_per_second': 9.61, 'epoch': 16.0, 'step': 16}
[2025/08/12 12:20:52] - {'eval_loss': -55.996028900146484, 'eval_runtime': 0.104, 'eval_samples_per_second': 38.456, 'eval_steps_per_second': 9.614, 'epoch': 16.0, 'step': 16}
[2025/08/12 12:20:52] - {'loss': -55.996, 'grad_norm': 16.017555236816406, 'learning_rate': 0.001, 'epoch': 17.0, 'step': 17}
[2025/08/12 12:20:52] - {'loss': -55.996, 'grad_norm': 16.017555236816406, 'learning_rate': 0.001, 'epoch': 17.0, 'step': 17}
[2025/08/12 12:20:52] - {'loss': -55.996, 'grad_norm': 16.017555236816406, 'learning_rate': 0.001, 'epoch': 17.0, 'step': 17}
[2025/08/12 12:20:52] - {'eval_loss': -56.18456268310547, 'eval_runtime': 0.1234, 'eval_samples_per_second': 32.406, 'eval_steps_per_second': 8.102, 'epoch': 17.0, 'step': 17}
[2025/08/12 12:20:52] - {'eval_loss': -56.18456268310547, 'eval_runtime': 0.1208, 'eval_samples_per_second': 33.119, 'eval_steps_per_second': 8.28, 'epoch': 17.0, 'step': 17}
[2025/08/12 12:20:52] - {'eval_loss': -56.18456268310547, 'eval_runtime': 0.108, 'eval_samples_per_second': 37.022, 'eval_steps_per_second': 9.256, 'epoch': 17.0, 'step': 17}
[2025/08/12 12:20:52] - {'loss': -56.2051, 'grad_norm': 18.23570442199707, 'learning_rate': 0.001, 'epoch': 18.0, 'step': 18}
[2025/08/12 12:20:52] - {'loss': -56.2051, 'grad_norm': 18.23570442199707, 'learning_rate': 0.001, 'epoch': 18.0, 'step': 18}
[2025/08/12 12:20:52] - {'loss': -56.2051, 'grad_norm': 18.23570442199707, 'learning_rate': 0.001, 'epoch': 18.0, 'step': 18}
[2025/08/12 12:20:52] - {'eval_loss': -57.45379638671875, 'eval_runtime': 0.1032, 'eval_samples_per_second': 38.752, 'eval_steps_per_second': 9.688, 'epoch': 18.0, 'step': 18}
[2025/08/12 12:20:52] - {'eval_loss': -57.45379638671875, 'eval_runtime': 0.1031, 'eval_samples_per_second': 38.803, 'eval_steps_per_second': 9.701, 'epoch': 18.0, 'step': 18}
[2025/08/12 12:20:52] - {'eval_loss': -57.45379638671875, 'eval_runtime': 0.1032, 'eval_samples_per_second': 38.754, 'eval_steps_per_second': 9.688, 'epoch': 18.0, 'step': 18}
[2025/08/12 12:20:52] - {'loss': -57.4516, 'grad_norm': 9.073046684265137, 'learning_rate': 0.001, 'epoch': 19.0, 'step': 19}
[2025/08/12 12:20:52] - {'loss': -57.4516, 'grad_norm': 9.073046684265137, 'learning_rate': 0.001, 'epoch': 19.0, 'step': 19}
[2025/08/12 12:20:52] - {'loss': -57.4516, 'grad_norm': 9.073046684265137, 'learning_rate': 0.001, 'epoch': 19.0, 'step': 19}
[2025/08/12 12:20:52] - {'eval_loss': -58.460811614990234, 'eval_runtime': 0.1029, 'eval_samples_per_second': 38.883, 'eval_steps_per_second': 9.721, 'epoch': 19.0, 'step': 19}
[2025/08/12 12:20:52] - {'eval_loss': -58.460811614990234, 'eval_runtime': 0.1029, 'eval_samples_per_second': 38.885, 'eval_steps_per_second': 9.721, 'epoch': 19.0, 'step': 19}
[2025/08/12 12:20:52] - {'eval_loss': -58.460811614990234, 'eval_runtime': 0.1028, 'eval_samples_per_second': 38.922, 'eval_steps_per_second': 9.73, 'epoch': 19.0, 'step': 19}
[2025/08/12 12:20:52] - {'loss': -58.4643, 'grad_norm': 8.035513877868652, 'learning_rate': 0.001, 'epoch': 20.0, 'step': 20}
[2025/08/12 12:20:52] - {'loss': -58.4643, 'grad_norm': 8.035513877868652, 'learning_rate': 0.001, 'epoch': 20.0, 'step': 20}
[2025/08/12 12:20:52] - {'loss': -58.4643, 'grad_norm': 8.035513877868652, 'learning_rate': 0.001, 'epoch': 20.0, 'step': 20}
[2025/08/12 12:20:52] - {'eval_loss': -59.423091888427734, 'eval_runtime': 0.1033, 'eval_samples_per_second': 38.727, 'eval_steps_per_second': 9.682, 'epoch': 20.0, 'step': 20}
[2025/08/12 12:20:52] - {'eval_loss': -59.423091888427734, 'eval_runtime': 0.1033, 'eval_samples_per_second': 38.726, 'eval_steps_per_second': 9.681, 'epoch': 20.0, 'step': 20}
[2025/08/12 12:20:52] - {'eval_loss': -59.423091888427734, 'eval_runtime': 0.1031, 'eval_samples_per_second': 38.78, 'eval_steps_per_second': 9.695, 'epoch': 20.0, 'step': 20}
[2025/08/12 12:20:52] - {'loss': -59.4104, 'grad_norm': 7.091488361358643, 'learning_rate': 0.001, 'epoch': 21.0, 'step': 21}
[2025/08/12 12:20:52] - {'loss': -59.4104, 'grad_norm': 7.091488361358643, 'learning_rate': 0.001, 'epoch': 21.0, 'step': 21}
[2025/08/12 12:20:52] - {'loss': -59.4104, 'grad_norm': 7.091488361358643, 'learning_rate': 0.001, 'epoch': 21.0, 'step': 21}
[2025/08/12 12:20:52] - {'eval_loss': -60.060638427734375, 'eval_runtime': 0.1029, 'eval_samples_per_second': 38.879, 'eval_steps_per_second': 9.72, 'epoch': 21.0, 'step': 21}
[2025/08/12 12:20:52] - {'eval_loss': -60.060638427734375, 'eval_runtime': 0.1029, 'eval_samples_per_second': 38.867, 'eval_steps_per_second': 9.717, 'epoch': 21.0, 'step': 21}
[2025/08/12 12:20:52] - {'eval_loss': -60.060638427734375, 'eval_runtime': 0.103, 'eval_samples_per_second': 38.852, 'eval_steps_per_second': 9.713, 'epoch': 21.0, 'step': 21}
[2025/08/12 12:20:52] - {'loss': -60.0762, 'grad_norm': 6.656494140625, 'learning_rate': 0.001, 'epoch': 22.0, 'step': 22}
[2025/08/12 12:20:52] - {'loss': -60.0762, 'grad_norm': 6.656494140625, 'learning_rate': 0.001, 'epoch': 22.0, 'step': 22}
[2025/08/12 12:20:52] - {'loss': -60.0762, 'grad_norm': 6.656494140625, 'learning_rate': 0.001, 'epoch': 22.0, 'step': 22}
[2025/08/12 12:20:52] - {'eval_loss': -60.79590606689453, 'eval_runtime': 0.1035, 'eval_samples_per_second': 38.629, 'eval_steps_per_second': 9.657, 'epoch': 22.0, 'step': 22}
[2025/08/12 12:20:52] - {'eval_loss': -60.79590606689453, 'eval_runtime': 0.1036, 'eval_samples_per_second': 38.612, 'eval_steps_per_second': 9.653, 'epoch': 22.0, 'step': 22}
[2025/08/12 12:20:52] - {'eval_loss': -60.79590606689453, 'eval_runtime': 0.1036, 'eval_samples_per_second': 38.614, 'eval_steps_per_second': 9.654, 'epoch': 22.0, 'step': 22}
[2025/08/12 12:20:52] - {'loss': -60.7952, 'grad_norm': 8.104195594787598, 'learning_rate': 0.001, 'epoch': 23.0, 'step': 23}
[2025/08/12 12:20:52] - {'loss': -60.7952, 'grad_norm': 8.104195594787598, 'learning_rate': 0.001, 'epoch': 23.0, 'step': 23}
[2025/08/12 12:20:52] - {'loss': -60.7952, 'grad_norm': 8.104195594787598, 'learning_rate': 0.001, 'epoch': 23.0, 'step': 23}
[2025/08/12 12:20:52] - {'eval_loss': -61.51063919067383, 'eval_runtime': 0.1026, 'eval_samples_per_second': 38.969, 'eval_steps_per_second': 9.742, 'epoch': 23.0, 'step': 23}
[2025/08/12 12:20:52] - {'eval_loss': -61.51063919067383, 'eval_runtime': 0.1028, 'eval_samples_per_second': 38.923, 'eval_steps_per_second': 9.731, 'epoch': 23.0, 'step': 23}
[2025/08/12 12:20:52] - {'eval_loss': -61.51063919067383, 'eval_runtime': 0.1028, 'eval_samples_per_second': 38.922, 'eval_steps_per_second': 9.73, 'epoch': 23.0, 'step': 23}
[2025/08/12 12:20:52] - {'loss': -61.495, 'grad_norm': 10.762446403503418, 'learning_rate': 0.001, 'epoch': 24.0, 'step': 24}
[2025/08/12 12:20:52] - {'loss': -61.495, 'grad_norm': 10.762446403503418, 'learning_rate': 0.001, 'epoch': 24.0, 'step': 24}
[2025/08/12 12:20:52] - {'loss': -61.495, 'grad_norm': 10.762446403503418, 'learning_rate': 0.001, 'epoch': 24.0, 'step': 24}
[2025/08/12 12:20:52] - {'eval_loss': -62.24858474731445, 'eval_runtime': 0.1042, 'eval_samples_per_second': 38.379, 'eval_steps_per_second': 9.595, 'epoch': 24.0, 'step': 24}
[2025/08/12 12:20:52] - {'eval_loss': -62.24858474731445, 'eval_runtime': 0.103, 'eval_samples_per_second': 38.844, 'eval_steps_per_second': 9.711, 'epoch': 24.0, 'step': 24}
[2025/08/12 12:20:52] - {'eval_loss': -62.24858474731445, 'eval_runtime': 0.1202, 'eval_samples_per_second': 33.279, 'eval_steps_per_second': 8.32, 'epoch': 24.0, 'step': 24}
[2025/08/12 12:20:52] - {'loss': -62.2599, 'grad_norm': 6.00420618057251, 'learning_rate': 0.001, 'epoch': 25.0, 'step': 25}
[2025/08/12 12:20:52] - {'loss': -62.2599, 'grad_norm': 6.00420618057251, 'learning_rate': 0.001, 'epoch': 25.0, 'step': 25}
[2025/08/12 12:20:52] - {'loss': -62.2599, 'grad_norm': 6.00420618057251, 'learning_rate': 0.001, 'epoch': 25.0, 'step': 25}
[2025/08/12 12:20:52] - {'eval_loss': -63.03958511352539, 'eval_runtime': 0.1029, 'eval_samples_per_second': 38.876, 'eval_steps_per_second': 9.719, 'epoch': 25.0, 'step': 25}
[2025/08/12 12:20:52] - {'eval_loss': -63.03958511352539, 'eval_runtime': 0.103, 'eval_samples_per_second': 38.844, 'eval_steps_per_second': 9.711, 'epoch': 25.0, 'step': 25}
[2025/08/12 12:20:52] - {'eval_loss': -63.03958511352539, 'eval_runtime': 0.1029, 'eval_samples_per_second': 38.871, 'eval_steps_per_second': 9.718, 'epoch': 25.0, 'step': 25}
[2025/08/12 12:20:52] - {'train_runtime': 31.142, 'train_samples_per_second': 3.211, 'train_steps_per_second': 0.803, 'total_flos': 0.0, 'train_loss': -41.2016897743009, 'epoch': 25.0, 'step': 25}
[2025/08/12 12:20:52] - {'train_runtime': 31.3891, 'train_samples_per_second': 3.186, 'train_steps_per_second': 0.796, 'total_flos': 0.0, 'train_loss': -41.2016897743009, 'epoch': 25.0, 'step': 25}
[2025/08/12 12:20:52] - {'train_runtime': 31.1601, 'train_samples_per_second': 3.209, 'train_steps_per_second': 0.802, 'total_flos': 0.0, 'train_loss': -41.2016897743009, 'epoch': 25.0, 'step': 25}
[2025/08/12 12:20:52] - {'loss': -0.0006, 'grad_norm': 0.008067632094025612, 'learning_rate': 0.001, 'epoch': 1.0, 'step': 1}
[2025/08/12 12:20:52] - {'eval_loss': -0.7735452055931091, 'eval_runtime': 0.1115, 'eval_samples_per_second': 35.878, 'eval_steps_per_second': 8.97, 'epoch': 1.0, 'step': 1}
[2025/08/12 12:20:52] - {'loss': -0.776, 'grad_norm': 1.9801714420318604, 'learning_rate': 0.001, 'epoch': 2.0, 'step': 2}
[2025/08/12 12:20:52] - {'eval_loss': -2.804860830307007, 'eval_runtime': 0.399, 'eval_samples_per_second': 10.025, 'eval_steps_per_second': 2.506, 'epoch': 2.0, 'step': 2}
[2025/08/12 12:20:52] - {'loss': -2.7926, 'grad_norm': 6.690328598022461, 'learning_rate': 0.001, 'epoch': 3.0, 'step': 3}
[2025/08/12 12:20:52] - {'eval_loss': -6.021913528442383, 'eval_runtime': 0.1026, 'eval_samples_per_second': 38.985, 'eval_steps_per_second': 9.746, 'epoch': 3.0, 'step': 3}
[2025/08/12 12:20:52] - {'loss': -6.0241, 'grad_norm': 14.61792278289795, 'learning_rate': 0.001, 'epoch': 4.0, 'step': 4}
[2025/08/12 12:20:52] - {'eval_loss': -11.118514060974121, 'eval_runtime': 0.8474, 'eval_samples_per_second': 4.72, 'eval_steps_per_second': 1.18, 'epoch': 4.0, 'step': 4}
[2025/08/12 12:20:52] - {'loss': -11.0938, 'grad_norm': 32.6768798828125, 'learning_rate': 0.001, 'epoch': 5.0, 'step': 5}
[2025/08/12 12:20:52] - {'eval_loss': -21.068828582763672, 'eval_runtime': 0.1025, 'eval_samples_per_second': 39.016, 'eval_steps_per_second': 9.754, 'epoch': 5.0, 'step': 5}
[2025/08/12 12:20:52] - {'loss': -21.0236, 'grad_norm': 74.00171661376953, 'learning_rate': 0.001, 'epoch': 6.0, 'step': 6}
[2025/08/12 12:20:52] - {'eval_loss': -29.889352798461914, 'eval_runtime': 0.1283, 'eval_samples_per_second': 31.168, 'eval_steps_per_second': 7.792, 'epoch': 6.0, 'step': 6}
[2025/08/12 12:20:52] - {'loss': -29.8909, 'grad_norm': 94.3535385131836, 'learning_rate': 0.001, 'epoch': 7.0, 'step': 7}
[2025/08/12 12:20:52] - {'eval_loss': -31.517162322998047, 'eval_runtime': 0.1026, 'eval_samples_per_second': 38.975, 'eval_steps_per_second': 9.744, 'epoch': 7.0, 'step': 7}
[2025/08/12 12:20:52] - {'loss': -31.8833, 'grad_norm': 207.62696838378906, 'learning_rate': 0.001, 'epoch': 8.0, 'step': 8}
[2025/08/12 12:20:52] - {'eval_loss': -40.57560729980469, 'eval_runtime': 0.34, 'eval_samples_per_second': 11.765, 'eval_steps_per_second': 2.941, 'epoch': 8.0, 'step': 8}
[2025/08/12 12:20:52] - {'loss': -40.5697, 'grad_norm': 30.890663146972656, 'learning_rate': 0.001, 'epoch': 9.0, 'step': 9}
[2025/08/12 12:20:52] - {'eval_loss': -44.40108871459961, 'eval_runtime': 0.1029, 'eval_samples_per_second': 38.89, 'eval_steps_per_second': 9.722, 'epoch': 9.0, 'step': 9}
[2025/08/12 12:20:52] - {'loss': -44.4045, 'grad_norm': 23.713518142700195, 'learning_rate': 0.001, 'epoch': 10.0, 'step': 10}
[2025/08/12 12:20:52] - {'eval_loss': -48.67217254638672, 'eval_runtime': 0.1045, 'eval_samples_per_second': 38.294, 'eval_steps_per_second': 9.573, 'epoch': 10.0, 'step': 10}
[2025/08/12 12:20:52] - {'loss': -48.6701, 'grad_norm': 15.883942604064941, 'learning_rate': 0.001, 'epoch': 11.0, 'step': 11}
[2025/08/12 12:20:52] - {'eval_loss': -51.6545295715332, 'eval_runtime': 0.1098, 'eval_samples_per_second': 36.433, 'eval_steps_per_second': 9.108, 'epoch': 11.0, 'step': 11}
[2025/08/12 12:20:52] - {'loss': -51.658, 'grad_norm': 14.895023345947266, 'learning_rate': 0.001, 'epoch': 12.0, 'step': 12}
[2025/08/12 12:20:52] - {'eval_loss': -51.134822845458984, 'eval_runtime': 0.406, 'eval_samples_per_second': 9.851, 'eval_steps_per_second': 2.463, 'epoch': 12.0, 'step': 12}
[2025/08/12 12:20:52] - {'loss': -51.2131, 'grad_norm': 73.29442596435547, 'learning_rate': 0.001, 'epoch': 13.0, 'step': 13}
[2025/08/12 12:20:52] - {'eval_loss': -49.91569900512695, 'eval_runtime': 0.1027, 'eval_samples_per_second': 38.941, 'eval_steps_per_second': 9.735, 'epoch': 13.0, 'step': 13}
[2025/08/12 12:20:52] - {'loss': -49.8689, 'grad_norm': 87.4146728515625, 'learning_rate': 0.001, 'epoch': 14.0, 'step': 14}
[2025/08/12 12:20:52] - {'eval_loss': -53.0857048034668, 'eval_runtime': 0.1032, 'eval_samples_per_second': 38.778, 'eval_steps_per_second': 9.694, 'epoch': 14.0, 'step': 14}
[2025/08/12 12:20:52] - {'loss': -53.0992, 'grad_norm': 25.88730239868164, 'learning_rate': 0.001, 'epoch': 15.0, 'step': 15}
[2025/08/12 12:20:52] - {'eval_loss': -54.915061950683594, 'eval_runtime': 0.1029, 'eval_samples_per_second': 38.885, 'eval_steps_per_second': 9.721, 'epoch': 15.0, 'step': 15}
[2025/08/12 12:20:52] - {'loss': -54.9204, 'grad_norm': 16.626544952392578, 'learning_rate': 0.001, 'epoch': 16.0, 'step': 16}
[2025/08/12 12:20:52] - {'eval_loss': -55.996028900146484, 'eval_runtime': 0.2014, 'eval_samples_per_second': 19.857, 'eval_steps_per_second': 4.964, 'epoch': 16.0, 'step': 16}
[2025/08/12 12:20:52] - {'loss': -55.996, 'grad_norm': 16.017555236816406, 'learning_rate': 0.001, 'epoch': 17.0, 'step': 17}
[2025/08/12 12:20:52] - {'eval_loss': -56.18456268310547, 'eval_runtime': 0.1205, 'eval_samples_per_second': 33.195, 'eval_steps_per_second': 8.299, 'epoch': 17.0, 'step': 17}
[2025/08/12 12:20:52] - {'loss': -56.2051, 'grad_norm': 18.23570442199707, 'learning_rate': 0.001, 'epoch': 18.0, 'step': 18}
[2025/08/12 12:20:52] - {'eval_loss': -57.45379638671875, 'eval_runtime': 0.3778, 'eval_samples_per_second': 10.586, 'eval_steps_per_second': 2.647, 'epoch': 18.0, 'step': 18}
[2025/08/12 12:20:52] - {'loss': -57.4516, 'grad_norm': 9.073046684265137, 'learning_rate': 0.001, 'epoch': 19.0, 'step': 19}
[2025/08/12 12:20:52] - {'eval_loss': -58.460811614990234, 'eval_runtime': 0.1027, 'eval_samples_per_second': 38.959, 'eval_steps_per_second': 9.74, 'epoch': 19.0, 'step': 19}
[2025/08/12 12:20:52] - {'loss': -58.4643, 'grad_norm': 8.035513877868652, 'learning_rate': 0.001, 'epoch': 20.0, 'step': 20}
[2025/08/12 12:20:52] - {'eval_loss': -59.423091888427734, 'eval_runtime': 0.1042, 'eval_samples_per_second': 38.403, 'eval_steps_per_second': 9.601, 'epoch': 20.0, 'step': 20}
[2025/08/12 12:20:52] - {'loss': -59.4104, 'grad_norm': 7.091488361358643, 'learning_rate': 0.001, 'epoch': 21.0, 'step': 21}
[2025/08/12 12:20:52] - {'eval_loss': -60.060638427734375, 'eval_runtime': 0.1026, 'eval_samples_per_second': 38.977, 'eval_steps_per_second': 9.744, 'epoch': 21.0, 'step': 21}
[2025/08/12 12:20:52] - {'loss': -60.0762, 'grad_norm': 6.656494140625, 'learning_rate': 0.001, 'epoch': 22.0, 'step': 22}
[2025/08/12 12:20:52] - {'eval_loss': -60.79590606689453, 'eval_runtime': 0.1036, 'eval_samples_per_second': 38.612, 'eval_steps_per_second': 9.653, 'epoch': 22.0, 'step': 22}
[2025/08/12 12:20:52] - {'loss': -60.7952, 'grad_norm': 8.104195594787598, 'learning_rate': 0.001, 'epoch': 23.0, 'step': 23}
[2025/08/12 12:20:52] - {'eval_loss': -61.51063919067383, 'eval_runtime': 0.1025, 'eval_samples_per_second': 39.006, 'eval_steps_per_second': 9.752, 'epoch': 23.0, 'step': 23}
[2025/08/12 12:20:52] - {'loss': -61.495, 'grad_norm': 10.762446403503418, 'learning_rate': 0.001, 'epoch': 24.0, 'step': 24}
[2025/08/12 12:20:52] - {'eval_loss': -62.24858474731445, 'eval_runtime': 0.1044, 'eval_samples_per_second': 38.301, 'eval_steps_per_second': 9.575, 'epoch': 24.0, 'step': 24}
[2025/08/12 12:20:52] - {'loss': -62.2599, 'grad_norm': 6.00420618057251, 'learning_rate': 0.001, 'epoch': 25.0, 'step': 25}
[2025/08/12 12:20:52] - {'eval_loss': -63.03958511352539, 'eval_runtime': 0.1027, 'eval_samples_per_second': 38.962, 'eval_steps_per_second': 9.741, 'epoch': 25.0, 'step': 25}
[2025/08/12 12:20:52] - {'train_runtime': 31.6303, 'train_samples_per_second': 3.162, 'train_steps_per_second': 0.79, 'total_flos': 0.0, 'train_loss': -41.2016897743009, 'epoch': 25.0, 'step': 25}
