[2025/08/07 09:58:24] - Detected kernel version 4.18.0, which is below the recommended minimum of 5.5.0; this can cause the process to hang. It is recommended to upgrade the kernel to the minimum version or higher.
[2025/08/07 09:58:24] - Using 4 GPUs
[2025/08/07 09:58:24] - Starting new HTTPS connection (1): huggingface.co:443
[2025/08/07 09:58:24] - Using 4 GPUs
[2025/08/07 09:58:24] - Starting new HTTPS connection (1): huggingface.co:443
[2025/08/07 09:58:24] - Using 4 GPUs
[2025/08/07 09:58:24] - Using 4 GPUs
[2025/08/07 09:58:24] - Starting new HTTPS connection (1): huggingface.co:443
[2025/08/07 09:58:24] - Starting new HTTPS connection (1): huggingface.co:443
[2025/08/07 09:59:04] - Starting new HTTPS connection (2): huggingface.co:443
[2025/08/07 09:59:04] - Starting new HTTPS connection (2): huggingface.co:443
[2025/08/07 09:59:04] - Starting new HTTPS connection (2): huggingface.co:443
[2025/08/07 09:59:04] - Starting new HTTPS connection (2): huggingface.co:443
[2025/08/07 10:00:48] - Starting new HTTPS connection (3): huggingface.co:443
[2025/08/07 10:00:48] - Starting new HTTPS connection (3): huggingface.co:443
[2025/08/07 10:00:48] - Starting new HTTPS connection (3): huggingface.co:443
[2025/08/07 10:00:48] - Starting new HTTPS connection (3): huggingface.co:443
[2025/08/07 10:01:28] - Loading bitsandbytes native library from: /home/hsc/ENV-3.10/lib/python3.10/site-packages/bitsandbytes/libbitsandbytes_cuda122.so
[2025/08/07 10:01:28] - Loading bitsandbytes native library from: /home/hsc/ENV-3.10/lib/python3.10/site-packages/bitsandbytes/libbitsandbytes_cuda122.so
[2025/08/07 10:01:28] - Loading bitsandbytes native library from: /home/hsc/ENV-3.10/lib/python3.10/site-packages/bitsandbytes/libbitsandbytes_cuda122.so
[2025/08/07 10:01:28] - Loading bitsandbytes native library from: /home/hsc/ENV-3.10/lib/python3.10/site-packages/bitsandbytes/libbitsandbytes_cuda122.so
[2025/08/07 10:01:43] - Detected kernel version 4.18.0, which is below the recommended minimum of 5.5.0; this can cause the process to hang. It is recommended to upgrade the kernel to the minimum version or higher.
[2025/08/07 10:02:21] - {'loss': -0.0022, 'grad_norm': 0.051291245967149734, 'learning_rate': 0.001, 'epoch': 1.0, 'step': 1}
[2025/08/07 10:02:21] - {'loss': -0.0022, 'grad_norm': 0.051291245967149734, 'learning_rate': 0.001, 'epoch': 1.0, 'step': 1}
[2025/08/07 10:02:21] - {'loss': -0.0022, 'grad_norm': 0.051291245967149734, 'learning_rate': 0.001, 'epoch': 1.0, 'step': 1}
[2025/08/07 10:02:21] - {'eval_loss': -0.9542255401611328, 'eval_runtime': 0.1243, 'eval_samples_per_second': 32.177, 'eval_steps_per_second': 8.044, 'epoch': 1.0, 'step': 1}
[2025/08/07 10:02:21] - {'eval_loss': -0.9542255401611328, 'eval_runtime': 0.1243, 'eval_samples_per_second': 32.181, 'eval_steps_per_second': 8.045, 'epoch': 1.0, 'step': 1}
[2025/08/07 10:02:21] - {'eval_loss': -0.9542255401611328, 'eval_runtime': 0.1243, 'eval_samples_per_second': 32.178, 'eval_steps_per_second': 8.045, 'epoch': 1.0, 'step': 1}
[2025/08/07 10:02:21] - {'loss': -0.9536, 'grad_norm': 2.9207656383514404, 'learning_rate': 0.001, 'epoch': 2.0, 'step': 2}
[2025/08/07 10:02:21] - {'loss': -0.9536, 'grad_norm': 2.9207656383514404, 'learning_rate': 0.001, 'epoch': 2.0, 'step': 2}
[2025/08/07 10:02:21] - {'loss': -0.9536, 'grad_norm': 2.9207656383514404, 'learning_rate': 0.001, 'epoch': 2.0, 'step': 2}
[2025/08/07 10:02:21] - {'eval_loss': -3.25985050201416, 'eval_runtime': 0.1157, 'eval_samples_per_second': 34.581, 'eval_steps_per_second': 8.645, 'epoch': 2.0, 'step': 2}
[2025/08/07 10:02:21] - {'eval_loss': -3.25985050201416, 'eval_runtime': 0.1904, 'eval_samples_per_second': 21.011, 'eval_steps_per_second': 5.253, 'epoch': 2.0, 'step': 2}
[2025/08/07 10:02:21] - {'eval_loss': -3.25985050201416, 'eval_runtime': 0.1174, 'eval_samples_per_second': 34.084, 'eval_steps_per_second': 8.521, 'epoch': 2.0, 'step': 2}
[2025/08/07 10:02:21] - {'loss': -3.2551, 'grad_norm': 6.421545028686523, 'learning_rate': 0.001, 'epoch': 3.0, 'step': 3}
[2025/08/07 10:02:21] - {'loss': -3.2551, 'grad_norm': 6.421545028686523, 'learning_rate': 0.001, 'epoch': 3.0, 'step': 3}
[2025/08/07 10:02:21] - {'loss': -3.2551, 'grad_norm': 6.421545028686523, 'learning_rate': 0.001, 'epoch': 3.0, 'step': 3}
[2025/08/07 10:02:21] - {'eval_loss': -5.528157711029053, 'eval_runtime': 0.1232, 'eval_samples_per_second': 32.464, 'eval_steps_per_second': 8.116, 'epoch': 3.0, 'step': 3}
[2025/08/07 10:02:21] - {'eval_loss': -5.528157711029053, 'eval_runtime': 0.1232, 'eval_samples_per_second': 32.466, 'eval_steps_per_second': 8.117, 'epoch': 3.0, 'step': 3}
[2025/08/07 10:02:21] - {'eval_loss': -5.528157711029053, 'eval_runtime': 0.1231, 'eval_samples_per_second': 32.498, 'eval_steps_per_second': 8.124, 'epoch': 3.0, 'step': 3}
[2025/08/07 10:02:21] - {'loss': -4.5113, 'grad_norm': 18.54639434814453, 'learning_rate': 0.001, 'epoch': 4.0, 'step': 4}
[2025/08/07 10:02:21] - {'loss': -4.5113, 'grad_norm': 18.54639434814453, 'learning_rate': 0.001, 'epoch': 4.0, 'step': 4}
[2025/08/07 10:02:21] - {'loss': -4.5113, 'grad_norm': 18.54639434814453, 'learning_rate': 0.001, 'epoch': 4.0, 'step': 4}
[2025/08/07 10:02:21] - {'eval_loss': -7.472859859466553, 'eval_runtime': 0.1156, 'eval_samples_per_second': 34.596, 'eval_steps_per_second': 8.649, 'epoch': 4.0, 'step': 4}
[2025/08/07 10:02:21] - {'eval_loss': -7.472859859466553, 'eval_runtime': 0.1888, 'eval_samples_per_second': 21.183, 'eval_steps_per_second': 5.296, 'epoch': 4.0, 'step': 4}
[2025/08/07 10:02:21] - {'eval_loss': -7.472859859466553, 'eval_runtime': 0.1165, 'eval_samples_per_second': 34.337, 'eval_steps_per_second': 8.584, 'epoch': 4.0, 'step': 4}
[2025/08/07 10:02:21] - {'loss': -5.6413, 'grad_norm': 14.140929222106934, 'learning_rate': 0.001, 'epoch': 5.0, 'step': 5}
[2025/08/07 10:02:21] - {'loss': -5.6413, 'grad_norm': 14.140929222106934, 'learning_rate': 0.001, 'epoch': 5.0, 'step': 5}
[2025/08/07 10:02:21] - {'loss': -5.6413, 'grad_norm': 14.140929222106934, 'learning_rate': 0.001, 'epoch': 5.0, 'step': 5}
[2025/08/07 10:02:21] - {'eval_loss': -10.347311019897461, 'eval_runtime': 0.116, 'eval_samples_per_second': 34.497, 'eval_steps_per_second': 8.624, 'epoch': 5.0, 'step': 5}
[2025/08/07 10:02:21] - {'eval_loss': -10.347311019897461, 'eval_runtime': 0.1158, 'eval_samples_per_second': 34.533, 'eval_steps_per_second': 8.633, 'epoch': 5.0, 'step': 5}
[2025/08/07 10:02:21] - {'eval_loss': -10.347311019897461, 'eval_runtime': 0.1159, 'eval_samples_per_second': 34.498, 'eval_steps_per_second': 8.624, 'epoch': 5.0, 'step': 5}
[2025/08/07 10:02:21] - {'loss': -9.1977, 'grad_norm': 28.163305282592773, 'learning_rate': 0.001, 'epoch': 6.0, 'step': 6}
[2025/08/07 10:02:21] - {'loss': -9.1977, 'grad_norm': 28.163305282592773, 'learning_rate': 0.001, 'epoch': 6.0, 'step': 6}
[2025/08/07 10:02:21] - {'loss': -9.1977, 'grad_norm': 28.163305282592773, 'learning_rate': 0.001, 'epoch': 6.0, 'step': 6}
[2025/08/07 10:02:21] - {'eval_loss': -12.182595252990723, 'eval_runtime': 0.1156, 'eval_samples_per_second': 34.616, 'eval_steps_per_second': 8.654, 'epoch': 6.0, 'step': 6}
[2025/08/07 10:02:21] - {'eval_loss': -12.182595252990723, 'eval_runtime': 0.1164, 'eval_samples_per_second': 34.377, 'eval_steps_per_second': 8.594, 'epoch': 6.0, 'step': 6}
[2025/08/07 10:02:21] - {'eval_loss': -12.182595252990723, 'eval_runtime': 0.1163, 'eval_samples_per_second': 34.385, 'eval_steps_per_second': 8.596, 'epoch': 6.0, 'step': 6}
[2025/08/07 10:02:21] - {'loss': -12.1693, 'grad_norm': 6.448111534118652, 'learning_rate': 0.001, 'epoch': 7.0, 'step': 7}
[2025/08/07 10:02:21] - {'loss': -12.1693, 'grad_norm': 6.448111534118652, 'learning_rate': 0.001, 'epoch': 7.0, 'step': 7}
[2025/08/07 10:02:21] - {'loss': -12.1693, 'grad_norm': 6.448111534118652, 'learning_rate': 0.001, 'epoch': 7.0, 'step': 7}
[2025/08/07 10:02:21] - {'eval_loss': -13.456160545349121, 'eval_runtime': 0.1158, 'eval_samples_per_second': 34.543, 'eval_steps_per_second': 8.636, 'epoch': 7.0, 'step': 7}
[2025/08/07 10:02:21] - {'eval_loss': -13.456160545349121, 'eval_runtime': 0.1157, 'eval_samples_per_second': 34.569, 'eval_steps_per_second': 8.642, 'epoch': 7.0, 'step': 7}
[2025/08/07 10:02:21] - {'eval_loss': -13.456160545349121, 'eval_runtime': 0.1158, 'eval_samples_per_second': 34.542, 'eval_steps_per_second': 8.635, 'epoch': 7.0, 'step': 7}
[2025/08/07 10:02:21] - {'loss': -13.2752, 'grad_norm': 17.25809097290039, 'learning_rate': 0.001, 'epoch': 8.0, 'step': 8}
[2025/08/07 10:02:21] - {'loss': -13.2752, 'grad_norm': 17.25809097290039, 'learning_rate': 0.001, 'epoch': 8.0, 'step': 8}
[2025/08/07 10:02:21] - {'loss': -13.2752, 'grad_norm': 17.25809097290039, 'learning_rate': 0.001, 'epoch': 8.0, 'step': 8}
[2025/08/07 10:02:21] - {'eval_loss': -15.805317878723145, 'eval_runtime': 0.1158, 'eval_samples_per_second': 34.543, 'eval_steps_per_second': 8.636, 'epoch': 8.0, 'step': 8}
[2025/08/07 10:02:21] - {'eval_loss': -15.805317878723145, 'eval_runtime': 0.1164, 'eval_samples_per_second': 34.354, 'eval_steps_per_second': 8.588, 'epoch': 8.0, 'step': 8}
[2025/08/07 10:02:21] - {'eval_loss': -15.805317878723145, 'eval_runtime': 0.1915, 'eval_samples_per_second': 20.883, 'eval_steps_per_second': 5.221, 'epoch': 8.0, 'step': 8}
[2025/08/07 10:02:21] - {'loss': -15.7837, 'grad_norm': 8.334165573120117, 'learning_rate': 0.001, 'epoch': 9.0, 'step': 9}
[2025/08/07 10:02:21] - {'loss': -15.7837, 'grad_norm': 8.334165573120117, 'learning_rate': 0.001, 'epoch': 9.0, 'step': 9}
[2025/08/07 10:02:21] - {'loss': -15.7837, 'grad_norm': 8.334165573120117, 'learning_rate': 0.001, 'epoch': 9.0, 'step': 9}
[2025/08/07 10:02:21] - {'eval_loss': -18.344968795776367, 'eval_runtime': 0.1156, 'eval_samples_per_second': 34.597, 'eval_steps_per_second': 8.649, 'epoch': 9.0, 'step': 9}
[2025/08/07 10:02:21] - {'eval_loss': -18.344968795776367, 'eval_runtime': 0.1156, 'eval_samples_per_second': 34.612, 'eval_steps_per_second': 8.653, 'epoch': 9.0, 'step': 9}
[2025/08/07 10:02:21] - {'eval_loss': -18.344968795776367, 'eval_runtime': 0.1155, 'eval_samples_per_second': 34.619, 'eval_steps_per_second': 8.655, 'epoch': 9.0, 'step': 9}
[2025/08/07 10:02:21] - {'loss': -18.3401, 'grad_norm': 11.774260520935059, 'learning_rate': 0.001, 'epoch': 10.0, 'step': 10}
[2025/08/07 10:02:21] - {'loss': -18.3401, 'grad_norm': 11.774260520935059, 'learning_rate': 0.001, 'epoch': 10.0, 'step': 10}
[2025/08/07 10:02:21] - {'loss': -18.3401, 'grad_norm': 11.774260520935059, 'learning_rate': 0.001, 'epoch': 10.0, 'step': 10}
[2025/08/07 10:02:21] - {'eval_loss': -19.882474899291992, 'eval_runtime': 0.1171, 'eval_samples_per_second': 34.146, 'eval_steps_per_second': 8.537, 'epoch': 10.0, 'step': 10}
[2025/08/07 10:02:21] - {'eval_loss': -19.882474899291992, 'eval_runtime': 0.1158, 'eval_samples_per_second': 34.544, 'eval_steps_per_second': 8.636, 'epoch': 10.0, 'step': 10}
[2025/08/07 10:02:21] - {'eval_loss': -19.882474899291992, 'eval_runtime': 0.1926, 'eval_samples_per_second': 20.765, 'eval_steps_per_second': 5.191, 'epoch': 10.0, 'step': 10}
[2025/08/07 10:02:21] - {'loss': -19.8763, 'grad_norm': 25.248376846313477, 'learning_rate': 0.001, 'epoch': 11.0, 'step': 11}
[2025/08/07 10:02:21] - {'loss': -19.8763, 'grad_norm': 25.248376846313477, 'learning_rate': 0.001, 'epoch': 11.0, 'step': 11}
[2025/08/07 10:02:21] - {'loss': -19.8763, 'grad_norm': 25.248376846313477, 'learning_rate': 0.001, 'epoch': 11.0, 'step': 11}
[2025/08/07 10:02:21] - {'eval_loss': -21.972042083740234, 'eval_runtime': 0.1155, 'eval_samples_per_second': 34.625, 'eval_steps_per_second': 8.656, 'epoch': 11.0, 'step': 11}
[2025/08/07 10:02:21] - {'eval_loss': -21.972042083740234, 'eval_runtime': 0.1157, 'eval_samples_per_second': 34.561, 'eval_steps_per_second': 8.64, 'epoch': 11.0, 'step': 11}
[2025/08/07 10:02:21] - {'eval_loss': -21.972042083740234, 'eval_runtime': 0.1154, 'eval_samples_per_second': 34.663, 'eval_steps_per_second': 8.666, 'epoch': 11.0, 'step': 11}
[2025/08/07 10:02:21] - {'loss': -21.9542, 'grad_norm': 22.93707275390625, 'learning_rate': 0.001, 'epoch': 12.0, 'step': 12}
[2025/08/07 10:02:21] - {'loss': -21.9542, 'grad_norm': 22.93707275390625, 'learning_rate': 0.001, 'epoch': 12.0, 'step': 12}
[2025/08/07 10:02:21] - {'loss': -21.9542, 'grad_norm': 22.93707275390625, 'learning_rate': 0.001, 'epoch': 12.0, 'step': 12}
[2025/08/07 10:02:21] - {'eval_loss': -29.160104751586914, 'eval_runtime': 0.1165, 'eval_samples_per_second': 34.335, 'eval_steps_per_second': 8.584, 'epoch': 12.0, 'step': 12}
[2025/08/07 10:02:21] - {'eval_loss': -29.160104751586914, 'eval_runtime': 0.1166, 'eval_samples_per_second': 34.319, 'eval_steps_per_second': 8.58, 'epoch': 12.0, 'step': 12}
[2025/08/07 10:02:21] - {'eval_loss': -29.160104751586914, 'eval_runtime': 0.118, 'eval_samples_per_second': 33.907, 'eval_steps_per_second': 8.477, 'epoch': 12.0, 'step': 12}
[2025/08/07 10:02:21] - {'loss': -28.88, 'grad_norm': 58.392032623291016, 'learning_rate': 0.001, 'epoch': 13.0, 'step': 13}
[2025/08/07 10:02:21] - {'loss': -28.88, 'grad_norm': 58.392032623291016, 'learning_rate': 0.001, 'epoch': 13.0, 'step': 13}
[2025/08/07 10:02:21] - {'loss': -28.88, 'grad_norm': 58.392032623291016, 'learning_rate': 0.001, 'epoch': 13.0, 'step': 13}
[2025/08/07 10:02:21] - {'eval_loss': -34.21961975097656, 'eval_runtime': 0.1152, 'eval_samples_per_second': 34.715, 'eval_steps_per_second': 8.679, 'epoch': 13.0, 'step': 13}
[2025/08/07 10:02:21] - {'eval_loss': -34.21961975097656, 'eval_runtime': 0.1153, 'eval_samples_per_second': 34.684, 'eval_steps_per_second': 8.671, 'epoch': 13.0, 'step': 13}
[2025/08/07 10:02:21] - {'eval_loss': -34.21961975097656, 'eval_runtime': 0.1153, 'eval_samples_per_second': 34.686, 'eval_steps_per_second': 8.671, 'epoch': 13.0, 'step': 13}
[2025/08/07 10:02:21] - {'loss': -32.7818, 'grad_norm': 62.995765686035156, 'learning_rate': 0.001, 'epoch': 14.0, 'step': 14}
[2025/08/07 10:02:21] - {'loss': -32.7818, 'grad_norm': 62.995765686035156, 'learning_rate': 0.001, 'epoch': 14.0, 'step': 14}
[2025/08/07 10:02:21] - {'loss': -32.7818, 'grad_norm': 62.995765686035156, 'learning_rate': 0.001, 'epoch': 14.0, 'step': 14}
[2025/08/07 10:02:21] - {'eval_loss': -42.336856842041016, 'eval_runtime': 0.1905, 'eval_samples_per_second': 21.003, 'eval_steps_per_second': 5.251, 'epoch': 14.0, 'step': 14}
[2025/08/07 10:02:21] - {'eval_loss': -42.336856842041016, 'eval_runtime': 0.1171, 'eval_samples_per_second': 34.155, 'eval_steps_per_second': 8.539, 'epoch': 14.0, 'step': 14}
[2025/08/07 10:02:21] - {'eval_loss': -42.336856842041016, 'eval_runtime': 0.116, 'eval_samples_per_second': 34.488, 'eval_steps_per_second': 8.622, 'epoch': 14.0, 'step': 14}
[2025/08/07 10:02:21] - {'loss': -41.6089, 'grad_norm': 53.49298858642578, 'learning_rate': 0.001, 'epoch': 15.0, 'step': 15}
[2025/08/07 10:02:21] - {'loss': -41.6089, 'grad_norm': 53.49298858642578, 'learning_rate': 0.001, 'epoch': 15.0, 'step': 15}
[2025/08/07 10:02:21] - {'loss': -41.6089, 'grad_norm': 53.49298858642578, 'learning_rate': 0.001, 'epoch': 15.0, 'step': 15}
[2025/08/07 10:02:21] - {'eval_loss': -47.61307144165039, 'eval_runtime': 0.1156, 'eval_samples_per_second': 34.605, 'eval_steps_per_second': 8.651, 'epoch': 15.0, 'step': 15}
[2025/08/07 10:02:21] - {'eval_loss': -47.61307144165039, 'eval_runtime': 0.1155, 'eval_samples_per_second': 34.639, 'eval_steps_per_second': 8.66, 'epoch': 15.0, 'step': 15}
[2025/08/07 10:02:21] - {'eval_loss': -47.61307144165039, 'eval_runtime': 0.1156, 'eval_samples_per_second': 34.607, 'eval_steps_per_second': 8.652, 'epoch': 15.0, 'step': 15}
[2025/08/07 10:02:21] - {'loss': -47.5102, 'grad_norm': 36.17203140258789, 'learning_rate': 0.001, 'epoch': 16.0, 'step': 16}
[2025/08/07 10:02:21] - {'loss': -47.5102, 'grad_norm': 36.17203140258789, 'learning_rate': 0.001, 'epoch': 16.0, 'step': 16}
[2025/08/07 10:02:21] - {'loss': -47.5102, 'grad_norm': 36.17203140258789, 'learning_rate': 0.001, 'epoch': 16.0, 'step': 16}
[2025/08/07 10:02:21] - {'eval_loss': -51.75569152832031, 'eval_runtime': 0.1164, 'eval_samples_per_second': 34.355, 'eval_steps_per_second': 8.589, 'epoch': 16.0, 'step': 16}
[2025/08/07 10:02:21] - {'eval_loss': -51.75569152832031, 'eval_runtime': 0.1158, 'eval_samples_per_second': 34.542, 'eval_steps_per_second': 8.635, 'epoch': 16.0, 'step': 16}
[2025/08/07 10:02:21] - {'eval_loss': -51.75569152832031, 'eval_runtime': 0.1166, 'eval_samples_per_second': 34.312, 'eval_steps_per_second': 8.578, 'epoch': 16.0, 'step': 16}
[2025/08/07 10:02:21] - {'loss': -51.6397, 'grad_norm': 33.96174240112305, 'learning_rate': 0.001, 'epoch': 17.0, 'step': 17}
[2025/08/07 10:02:21] - {'loss': -51.6397, 'grad_norm': 33.96174240112305, 'learning_rate': 0.001, 'epoch': 17.0, 'step': 17}
[2025/08/07 10:02:21] - {'loss': -51.6397, 'grad_norm': 33.96174240112305, 'learning_rate': 0.001, 'epoch': 17.0, 'step': 17}
[2025/08/07 10:02:21] - {'eval_loss': -55.434757232666016, 'eval_runtime': 0.119, 'eval_samples_per_second': 33.603, 'eval_steps_per_second': 8.401, 'epoch': 17.0, 'step': 17}
[2025/08/07 10:02:21] - {'eval_loss': -55.434757232666016, 'eval_runtime': 0.119, 'eval_samples_per_second': 33.624, 'eval_steps_per_second': 8.406, 'epoch': 17.0, 'step': 17}
[2025/08/07 10:02:21] - {'eval_loss': -55.434757232666016, 'eval_runtime': 0.1189, 'eval_samples_per_second': 33.633, 'eval_steps_per_second': 8.408, 'epoch': 17.0, 'step': 17}
[2025/08/07 10:02:21] - {'loss': -53.6691, 'grad_norm': 48.345157623291016, 'learning_rate': 0.001, 'epoch': 18.0, 'step': 18}
[2025/08/07 10:02:21] - {'loss': -53.6691, 'grad_norm': 48.345157623291016, 'learning_rate': 0.001, 'epoch': 18.0, 'step': 18}
[2025/08/07 10:02:21] - {'loss': -53.6691, 'grad_norm': 48.345157623291016, 'learning_rate': 0.001, 'epoch': 18.0, 'step': 18}
[2025/08/07 10:02:21] - {'eval_loss': -57.443504333496094, 'eval_runtime': 0.1156, 'eval_samples_per_second': 34.588, 'eval_steps_per_second': 8.647, 'epoch': 18.0, 'step': 18}
[2025/08/07 10:02:21] - {'eval_loss': -57.443504333496094, 'eval_runtime': 0.1164, 'eval_samples_per_second': 34.352, 'eval_steps_per_second': 8.588, 'epoch': 18.0, 'step': 18}
[2025/08/07 10:02:21] - {'eval_loss': -57.443504333496094, 'eval_runtime': 0.1949, 'eval_samples_per_second': 20.528, 'eval_steps_per_second': 5.132, 'epoch': 18.0, 'step': 18}
[2025/08/07 10:02:21] - {'loss': -56.2152, 'grad_norm': 25.19040870666504, 'learning_rate': 0.001, 'epoch': 19.0, 'step': 19}
[2025/08/07 10:02:21] - {'loss': -56.2152, 'grad_norm': 25.19040870666504, 'learning_rate': 0.001, 'epoch': 19.0, 'step': 19}
[2025/08/07 10:02:21] - {'loss': -56.2152, 'grad_norm': 25.19040870666504, 'learning_rate': 0.001, 'epoch': 19.0, 'step': 19}
[2025/08/07 10:02:21] - {'eval_loss': -59.06108474731445, 'eval_runtime': 0.1156, 'eval_samples_per_second': 34.603, 'eval_steps_per_second': 8.651, 'epoch': 19.0, 'step': 19}
[2025/08/07 10:02:21] - {'eval_loss': -59.06108474731445, 'eval_runtime': 0.1156, 'eval_samples_per_second': 34.594, 'eval_steps_per_second': 8.648, 'epoch': 19.0, 'step': 19}
[2025/08/07 10:02:21] - {'eval_loss': -59.06108474731445, 'eval_runtime': 0.1156, 'eval_samples_per_second': 34.588, 'eval_steps_per_second': 8.647, 'epoch': 19.0, 'step': 19}
[2025/08/07 10:02:21] - {'loss': -58.9658, 'grad_norm': 31.823936462402344, 'learning_rate': 0.001, 'epoch': 20.0, 'step': 20}
[2025/08/07 10:02:21] - {'loss': -58.9658, 'grad_norm': 31.823936462402344, 'learning_rate': 0.001, 'epoch': 20.0, 'step': 20}
[2025/08/07 10:02:21] - {'loss': -58.9658, 'grad_norm': 31.823936462402344, 'learning_rate': 0.001, 'epoch': 20.0, 'step': 20}
[2025/08/07 10:02:21] - {'eval_loss': -55.40416717529297, 'eval_runtime': 0.1161, 'eval_samples_per_second': 34.461, 'eval_steps_per_second': 8.615, 'epoch': 20.0, 'step': 20}
[2025/08/07 10:02:21] - {'eval_loss': -55.40416717529297, 'eval_runtime': 0.117, 'eval_samples_per_second': 34.192, 'eval_steps_per_second': 8.548, 'epoch': 20.0, 'step': 20}
[2025/08/07 10:02:21] - {'eval_loss': -55.40416717529297, 'eval_runtime': 0.117, 'eval_samples_per_second': 34.199, 'eval_steps_per_second': 8.55, 'epoch': 20.0, 'step': 20}
[2025/08/07 10:02:21] - {'loss': -55.3868, 'grad_norm': 122.38877868652344, 'learning_rate': 0.001, 'epoch': 21.0, 'step': 21}
[2025/08/07 10:02:21] - {'loss': -55.3868, 'grad_norm': 122.38877868652344, 'learning_rate': 0.001, 'epoch': 21.0, 'step': 21}
[2025/08/07 10:02:21] - {'loss': -55.3868, 'grad_norm': 122.38877868652344, 'learning_rate': 0.001, 'epoch': 21.0, 'step': 21}
[2025/08/07 10:02:21] - {'eval_loss': -56.672176361083984, 'eval_runtime': 0.1154, 'eval_samples_per_second': 34.663, 'eval_steps_per_second': 8.666, 'epoch': 21.0, 'step': 21}
[2025/08/07 10:02:21] - {'eval_loss': -56.672176361083984, 'eval_runtime': 0.1154, 'eval_samples_per_second': 34.668, 'eval_steps_per_second': 8.667, 'epoch': 21.0, 'step': 21}
[2025/08/07 10:02:21] - {'eval_loss': -56.672176361083984, 'eval_runtime': 0.1154, 'eval_samples_per_second': 34.668, 'eval_steps_per_second': 8.667, 'epoch': 21.0, 'step': 21}
[2025/08/07 10:02:21] - {'loss': -57.6576, 'grad_norm': 224.32432556152344, 'learning_rate': 0.001, 'epoch': 22.0, 'step': 22}
[2025/08/07 10:02:21] - {'loss': -57.6576, 'grad_norm': 224.32432556152344, 'learning_rate': 0.001, 'epoch': 22.0, 'step': 22}
[2025/08/07 10:02:21] - {'loss': -57.6576, 'grad_norm': 224.32432556152344, 'learning_rate': 0.001, 'epoch': 22.0, 'step': 22}
[2025/08/07 10:02:21] - {'eval_loss': -61.51607131958008, 'eval_runtime': 0.1165, 'eval_samples_per_second': 34.322, 'eval_steps_per_second': 8.58, 'epoch': 22.0, 'step': 22}
[2025/08/07 10:02:21] - {'eval_loss': -61.51607131958008, 'eval_runtime': 0.1159, 'eval_samples_per_second': 34.516, 'eval_steps_per_second': 8.629, 'epoch': 22.0, 'step': 22}
[2025/08/07 10:02:21] - {'eval_loss': -61.51607131958008, 'eval_runtime': 0.1172, 'eval_samples_per_second': 34.141, 'eval_steps_per_second': 8.535, 'epoch': 22.0, 'step': 22}
[2025/08/07 10:02:21] - {'loss': -61.1594, 'grad_norm': 31.748029708862305, 'learning_rate': 0.001, 'epoch': 23.0, 'step': 23}
[2025/08/07 10:02:21] - {'loss': -61.1594, 'grad_norm': 31.748029708862305, 'learning_rate': 0.001, 'epoch': 23.0, 'step': 23}
[2025/08/07 10:02:21] - {'loss': -61.1594, 'grad_norm': 31.748029708862305, 'learning_rate': 0.001, 'epoch': 23.0, 'step': 23}
[2025/08/07 10:02:21] - {'eval_loss': -62.651241302490234, 'eval_runtime': 0.1154, 'eval_samples_per_second': 34.648, 'eval_steps_per_second': 8.662, 'epoch': 23.0, 'step': 23}
[2025/08/07 10:02:21] - {'eval_loss': -62.651241302490234, 'eval_runtime': 0.1157, 'eval_samples_per_second': 34.587, 'eval_steps_per_second': 8.647, 'epoch': 23.0, 'step': 23}
[2025/08/07 10:02:21] - {'eval_loss': -62.651241302490234, 'eval_runtime': 0.1158, 'eval_samples_per_second': 34.535, 'eval_steps_per_second': 8.634, 'epoch': 23.0, 'step': 23}
[2025/08/07 10:02:21] - {'loss': -62.6764, 'grad_norm': 27.239952087402344, 'learning_rate': 0.001, 'epoch': 24.0, 'step': 24}
[2025/08/07 10:02:21] - {'loss': -62.6764, 'grad_norm': 27.239952087402344, 'learning_rate': 0.001, 'epoch': 24.0, 'step': 24}
[2025/08/07 10:02:21] - {'loss': -62.6764, 'grad_norm': 27.239952087402344, 'learning_rate': 0.001, 'epoch': 24.0, 'step': 24}
[2025/08/07 10:02:21] - {'eval_loss': -62.784542083740234, 'eval_runtime': 0.1403, 'eval_samples_per_second': 28.514, 'eval_steps_per_second': 7.128, 'epoch': 24.0, 'step': 24}
[2025/08/07 10:02:21] - {'eval_loss': -62.784542083740234, 'eval_runtime': 0.1409, 'eval_samples_per_second': 28.388, 'eval_steps_per_second': 7.097, 'epoch': 24.0, 'step': 24}
[2025/08/07 10:02:21] - {'eval_loss': -62.784542083740234, 'eval_runtime': 0.2212, 'eval_samples_per_second': 18.082, 'eval_steps_per_second': 4.521, 'epoch': 24.0, 'step': 24}
[2025/08/07 10:02:21] - {'loss': -62.7824, 'grad_norm': 22.193180084228516, 'learning_rate': 0.001, 'epoch': 25.0, 'step': 25}
[2025/08/07 10:02:21] - {'loss': -62.7824, 'grad_norm': 22.193180084228516, 'learning_rate': 0.001, 'epoch': 25.0, 'step': 25}
[2025/08/07 10:02:21] - {'loss': -62.7824, 'grad_norm': 22.193180084228516, 'learning_rate': 0.001, 'epoch': 25.0, 'step': 25}
[2025/08/07 10:02:21] - {'eval_loss': -64.87702941894531, 'eval_runtime': 0.1155, 'eval_samples_per_second': 34.64, 'eval_steps_per_second': 8.66, 'epoch': 25.0, 'step': 25}
[2025/08/07 10:02:21] - {'eval_loss': -64.87702941894531, 'eval_runtime': 0.1155, 'eval_samples_per_second': 34.637, 'eval_steps_per_second': 8.659, 'epoch': 25.0, 'step': 25}
[2025/08/07 10:02:21] - {'eval_loss': -64.87702941894531, 'eval_runtime': 0.1154, 'eval_samples_per_second': 34.662, 'eval_steps_per_second': 8.666, 'epoch': 25.0, 'step': 25}
[2025/08/07 10:02:21] - {'train_runtime': 32.1218, 'train_samples_per_second': 3.113, 'train_steps_per_second': 0.778, 'total_flos': 0.0, 'train_loss': -31.835736316638066, 'epoch': 25.0, 'step': 25}
[2025/08/07 10:02:21] - {'train_runtime': 32.1966, 'train_samples_per_second': 3.106, 'train_steps_per_second': 0.776, 'total_flos': 0.0, 'train_loss': -31.835736316638066, 'epoch': 25.0, 'step': 25}
[2025/08/07 10:02:21] - {'train_runtime': 32.0591, 'train_samples_per_second': 3.119, 'train_steps_per_second': 0.78, 'total_flos': 0.0, 'train_loss': -31.835736316638066, 'epoch': 25.0, 'step': 25}
[2025/08/07 10:02:21] - {'loss': -0.0022, 'grad_norm': 0.051291245967149734, 'learning_rate': 0.001, 'epoch': 1.0, 'step': 1}
[2025/08/07 10:02:21] - {'eval_loss': -0.9542255401611328, 'eval_runtime': 0.1242, 'eval_samples_per_second': 32.213, 'eval_steps_per_second': 8.053, 'epoch': 1.0, 'step': 1}
[2025/08/07 10:02:21] - {'loss': -0.9536, 'grad_norm': 2.9207656383514404, 'learning_rate': 0.001, 'epoch': 2.0, 'step': 2}
[2025/08/07 10:02:21] - {'eval_loss': -3.25985050201416, 'eval_runtime': 0.1168, 'eval_samples_per_second': 34.252, 'eval_steps_per_second': 8.563, 'epoch': 2.0, 'step': 2}
[2025/08/07 10:02:21] - {'loss': -3.2551, 'grad_norm': 6.421545028686523, 'learning_rate': 0.001, 'epoch': 3.0, 'step': 3}
[2025/08/07 10:02:21] - {'eval_loss': -5.528157711029053, 'eval_runtime': 0.1229, 'eval_samples_per_second': 32.55, 'eval_steps_per_second': 8.137, 'epoch': 3.0, 'step': 3}
[2025/08/07 10:02:21] - {'loss': -4.5113, 'grad_norm': 18.54639434814453, 'learning_rate': 0.001, 'epoch': 4.0, 'step': 4}
[2025/08/07 10:02:21] - {'eval_loss': -7.472859859466553, 'eval_runtime': 0.1165, 'eval_samples_per_second': 34.338, 'eval_steps_per_second': 8.584, 'epoch': 4.0, 'step': 4}
[2025/08/07 10:02:21] - {'loss': -5.6413, 'grad_norm': 14.140929222106934, 'learning_rate': 0.001, 'epoch': 5.0, 'step': 5}
[2025/08/07 10:02:21] - {'eval_loss': -10.347311019897461, 'eval_runtime': 0.1157, 'eval_samples_per_second': 34.564, 'eval_steps_per_second': 8.641, 'epoch': 5.0, 'step': 5}
[2025/08/07 10:02:21] - {'loss': -9.1977, 'grad_norm': 28.163305282592773, 'learning_rate': 0.001, 'epoch': 6.0, 'step': 6}
[2025/08/07 10:02:21] - {'eval_loss': -12.182595252990723, 'eval_runtime': 0.1896, 'eval_samples_per_second': 21.095, 'eval_steps_per_second': 5.274, 'epoch': 6.0, 'step': 6}
[2025/08/07 10:02:21] - {'loss': -12.1693, 'grad_norm': 6.448111534118652, 'learning_rate': 0.001, 'epoch': 7.0, 'step': 7}
[2025/08/07 10:02:21] - {'eval_loss': -13.456160545349121, 'eval_runtime': 0.1156, 'eval_samples_per_second': 34.608, 'eval_steps_per_second': 8.652, 'epoch': 7.0, 'step': 7}
[2025/08/07 10:02:21] - {'loss': -13.2752, 'grad_norm': 17.25809097290039, 'learning_rate': 0.001, 'epoch': 8.0, 'step': 8}
[2025/08/07 10:02:21] - {'eval_loss': -15.805317878723145, 'eval_runtime': 0.1165, 'eval_samples_per_second': 34.329, 'eval_steps_per_second': 8.582, 'epoch': 8.0, 'step': 8}
[2025/08/07 10:02:21] - {'loss': -15.7837, 'grad_norm': 8.334165573120117, 'learning_rate': 0.001, 'epoch': 9.0, 'step': 9}
[2025/08/07 10:02:21] - {'eval_loss': -18.344968795776367, 'eval_runtime': 0.1152, 'eval_samples_per_second': 34.713, 'eval_steps_per_second': 8.678, 'epoch': 9.0, 'step': 9}
[2025/08/07 10:02:21] - {'loss': -18.3401, 'grad_norm': 11.774260520935059, 'learning_rate': 0.001, 'epoch': 10.0, 'step': 10}
[2025/08/07 10:02:21] - {'eval_loss': -19.882474899291992, 'eval_runtime': 0.1167, 'eval_samples_per_second': 34.287, 'eval_steps_per_second': 8.572, 'epoch': 10.0, 'step': 10}
[2025/08/07 10:02:21] - {'loss': -19.8763, 'grad_norm': 25.248376846313477, 'learning_rate': 0.001, 'epoch': 11.0, 'step': 11}
[2025/08/07 10:02:21] - {'eval_loss': -21.972042083740234, 'eval_runtime': 0.1154, 'eval_samples_per_second': 34.665, 'eval_steps_per_second': 8.666, 'epoch': 11.0, 'step': 11}
[2025/08/07 10:02:21] - {'loss': -21.9542, 'grad_norm': 22.93707275390625, 'learning_rate': 0.001, 'epoch': 12.0, 'step': 12}
[2025/08/07 10:02:21] - {'eval_loss': -29.160104751586914, 'eval_runtime': 0.1904, 'eval_samples_per_second': 21.012, 'eval_steps_per_second': 5.253, 'epoch': 12.0, 'step': 12}
[2025/08/07 10:02:21] - {'loss': -28.88, 'grad_norm': 58.392032623291016, 'learning_rate': 0.001, 'epoch': 13.0, 'step': 13}
[2025/08/07 10:02:21] - {'eval_loss': -34.21961975097656, 'eval_runtime': 0.1151, 'eval_samples_per_second': 34.752, 'eval_steps_per_second': 8.688, 'epoch': 13.0, 'step': 13}
[2025/08/07 10:02:21] - {'loss': -32.7818, 'grad_norm': 62.995765686035156, 'learning_rate': 0.001, 'epoch': 14.0, 'step': 14}
[2025/08/07 10:02:21] - {'eval_loss': -42.336856842041016, 'eval_runtime': 0.1169, 'eval_samples_per_second': 34.209, 'eval_steps_per_second': 8.552, 'epoch': 14.0, 'step': 14}
[2025/08/07 10:02:21] - {'loss': -41.6089, 'grad_norm': 53.49298858642578, 'learning_rate': 0.001, 'epoch': 15.0, 'step': 15}
[2025/08/07 10:02:21] - {'eval_loss': -47.61307144165039, 'eval_runtime': 0.1153, 'eval_samples_per_second': 34.695, 'eval_steps_per_second': 8.674, 'epoch': 15.0, 'step': 15}
[2025/08/07 10:02:21] - {'loss': -47.5102, 'grad_norm': 36.17203140258789, 'learning_rate': 0.001, 'epoch': 16.0, 'step': 16}
[2025/08/07 10:02:21] - {'eval_loss': -51.75569152832031, 'eval_runtime': 0.1744, 'eval_samples_per_second': 22.937, 'eval_steps_per_second': 5.734, 'epoch': 16.0, 'step': 16}
[2025/08/07 10:02:21] - {'loss': -51.6397, 'grad_norm': 33.96174240112305, 'learning_rate': 0.001, 'epoch': 17.0, 'step': 17}
[2025/08/07 10:02:21] - {'eval_loss': -55.434757232666016, 'eval_runtime': 0.1188, 'eval_samples_per_second': 33.677, 'eval_steps_per_second': 8.419, 'epoch': 17.0, 'step': 17}
[2025/08/07 10:02:21] - {'loss': -53.6691, 'grad_norm': 48.345157623291016, 'learning_rate': 0.001, 'epoch': 18.0, 'step': 18}
[2025/08/07 10:02:21] - {'eval_loss': -57.443504333496094, 'eval_runtime': 0.1171, 'eval_samples_per_second': 34.15, 'eval_steps_per_second': 8.538, 'epoch': 18.0, 'step': 18}
[2025/08/07 10:02:21] - {'loss': -56.2152, 'grad_norm': 25.19040870666504, 'learning_rate': 0.001, 'epoch': 19.0, 'step': 19}
[2025/08/07 10:02:21] - {'eval_loss': -59.06108474731445, 'eval_runtime': 0.1154, 'eval_samples_per_second': 34.676, 'eval_steps_per_second': 8.669, 'epoch': 19.0, 'step': 19}
[2025/08/07 10:02:21] - {'loss': -58.9658, 'grad_norm': 31.823936462402344, 'learning_rate': 0.001, 'epoch': 20.0, 'step': 20}
[2025/08/07 10:02:21] - {'eval_loss': -55.40416717529297, 'eval_runtime': 0.1862, 'eval_samples_per_second': 21.481, 'eval_steps_per_second': 5.37, 'epoch': 20.0, 'step': 20}
[2025/08/07 10:02:21] - {'loss': -55.3868, 'grad_norm': 122.38877868652344, 'learning_rate': 0.001, 'epoch': 21.0, 'step': 21}
[2025/08/07 10:02:21] - {'eval_loss': -56.672176361083984, 'eval_runtime': 0.1152, 'eval_samples_per_second': 34.731, 'eval_steps_per_second': 8.683, 'epoch': 21.0, 'step': 21}
[2025/08/07 10:02:21] - {'loss': -57.6576, 'grad_norm': 224.32432556152344, 'learning_rate': 0.001, 'epoch': 22.0, 'step': 22}
[2025/08/07 10:02:21] - {'eval_loss': -61.51607131958008, 'eval_runtime': 0.1944, 'eval_samples_per_second': 20.579, 'eval_steps_per_second': 5.145, 'epoch': 22.0, 'step': 22}
[2025/08/07 10:02:21] - {'loss': -61.1594, 'grad_norm': 31.748029708862305, 'learning_rate': 0.001, 'epoch': 23.0, 'step': 23}
[2025/08/07 10:02:21] - {'eval_loss': -62.651241302490234, 'eval_runtime': 0.1154, 'eval_samples_per_second': 34.66, 'eval_steps_per_second': 8.665, 'epoch': 23.0, 'step': 23}
[2025/08/07 10:02:21] - {'loss': -62.6764, 'grad_norm': 27.239952087402344, 'learning_rate': 0.001, 'epoch': 24.0, 'step': 24}
[2025/08/07 10:02:21] - {'eval_loss': -62.784542083740234, 'eval_runtime': 0.1417, 'eval_samples_per_second': 28.236, 'eval_steps_per_second': 7.059, 'epoch': 24.0, 'step': 24}
[2025/08/07 10:02:21] - {'loss': -62.7824, 'grad_norm': 22.193180084228516, 'learning_rate': 0.001, 'epoch': 25.0, 'step': 25}
[2025/08/07 10:02:21] - {'eval_loss': -64.87702941894531, 'eval_runtime': 0.1152, 'eval_samples_per_second': 34.723, 'eval_steps_per_second': 8.681, 'epoch': 25.0, 'step': 25}
[2025/08/07 10:02:21] - {'train_runtime': 32.4335, 'train_samples_per_second': 3.083, 'train_steps_per_second': 0.771, 'total_flos': 0.0, 'train_loss': -31.835736316638066, 'epoch': 25.0, 'step': 25}
