[2025/08/07 10:07:12] - Detected kernel version 4.18.0, which is below the recommended minimum of 5.5.0; this can cause the process to hang. It is recommended to upgrade the kernel to the minimum version or higher.
[2025/08/07 10:07:12] - Using 4 GPUs
[2025/08/07 10:07:12] - Starting new HTTPS connection (1): huggingface.co:443
[2025/08/07 10:07:12] - Using 4 GPUs
[2025/08/07 10:07:12] - Starting new HTTPS connection (1): huggingface.co:443
[2025/08/07 10:07:12] - Using 4 GPUs
[2025/08/07 10:07:12] - Starting new HTTPS connection (1): huggingface.co:443
[2025/08/07 10:07:12] - Using 4 GPUs
[2025/08/07 10:07:12] - Starting new HTTPS connection (1): huggingface.co:443
[2025/08/07 10:07:52] - Starting new HTTPS connection (2): huggingface.co:443
[2025/08/07 10:07:53] - Starting new HTTPS connection (2): huggingface.co:443
[2025/08/07 10:07:53] - Starting new HTTPS connection (2): huggingface.co:443
[2025/08/07 10:07:53] - Starting new HTTPS connection (2): huggingface.co:443
[2025/08/07 10:09:24] - Starting new HTTPS connection (3): huggingface.co:443
[2025/08/07 10:09:24] - Starting new HTTPS connection (3): huggingface.co:443
[2025/08/07 10:09:24] - Starting new HTTPS connection (3): huggingface.co:443
[2025/08/07 10:09:24] - Starting new HTTPS connection (3): huggingface.co:443
[2025/08/07 10:10:04] - Loading bitsandbytes native library from: /home/hsc/ENV-3.10/lib/python3.10/site-packages/bitsandbytes/libbitsandbytes_cuda122.so
[2025/08/07 10:10:04] - Loading bitsandbytes native library from: /home/hsc/ENV-3.10/lib/python3.10/site-packages/bitsandbytes/libbitsandbytes_cuda122.so
[2025/08/07 10:10:04] - Loading bitsandbytes native library from: /home/hsc/ENV-3.10/lib/python3.10/site-packages/bitsandbytes/libbitsandbytes_cuda122.so
[2025/08/07 10:10:04] - Loading bitsandbytes native library from: /home/hsc/ENV-3.10/lib/python3.10/site-packages/bitsandbytes/libbitsandbytes_cuda122.so
[2025/08/07 10:10:19] - Detected kernel version 4.18.0, which is below the recommended minimum of 5.5.0; this can cause the process to hang. It is recommended to upgrade the kernel to the minimum version or higher.
[2025/08/07 10:11:23] - {'loss': 13.8631, 'grad_norm': 1.0948143005371094, 'learning_rate': 0.001, 'epoch': 1.0, 'step': 1}
[2025/08/07 10:11:23] - {'loss': 13.8631, 'grad_norm': 1.0948143005371094, 'learning_rate': 0.001, 'epoch': 1.0, 'step': 1}
[2025/08/07 10:11:23] - {'loss': 13.8631, 'grad_norm': 1.0948143005371094, 'learning_rate': 0.001, 'epoch': 1.0, 'step': 1}
[2025/08/07 10:11:23] - {'eval_loss': -0.959893524646759, 'eval_runtime': 0.1231, 'eval_samples_per_second': 32.483, 'eval_steps_per_second': 8.121, 'epoch': 1.0, 'step': 1}
[2025/08/07 10:11:23] - {'eval_loss': -0.959893524646759, 'eval_runtime': 0.1231, 'eval_samples_per_second': 32.482, 'eval_steps_per_second': 8.12, 'epoch': 1.0, 'step': 1}
[2025/08/07 10:11:23] - {'eval_loss': -0.959893524646759, 'eval_runtime': 0.1232, 'eval_samples_per_second': 32.48, 'eval_steps_per_second': 8.12, 'epoch': 1.0, 'step': 1}
[2025/08/07 10:11:23] - {'loss': 2.5207, 'grad_norm': 14.236557006835938, 'learning_rate': 0.001, 'epoch': 2.0, 'step': 2}
[2025/08/07 10:11:23] - {'loss': 2.5207, 'grad_norm': 14.236557006835938, 'learning_rate': 0.001, 'epoch': 2.0, 'step': 2}
[2025/08/07 10:11:23] - {'loss': 2.5207, 'grad_norm': 14.236557006835938, 'learning_rate': 0.001, 'epoch': 2.0, 'step': 2}
[2025/08/07 10:11:23] - {'eval_loss': -3.2635953426361084, 'eval_runtime': 0.116, 'eval_samples_per_second': 34.48, 'eval_steps_per_second': 8.62, 'epoch': 2.0, 'step': 2}
[2025/08/07 10:11:23] - {'eval_loss': -3.2635953426361084, 'eval_runtime': 0.1163, 'eval_samples_per_second': 34.407, 'eval_steps_per_second': 8.602, 'epoch': 2.0, 'step': 2}
[2025/08/07 10:11:23] - {'eval_loss': -3.2635953426361084, 'eval_runtime': 0.2236, 'eval_samples_per_second': 17.886, 'eval_steps_per_second': 4.471, 'epoch': 2.0, 'step': 2}
[2025/08/07 10:11:23] - {'loss': 0.0226, 'grad_norm': 0.3297152519226074, 'learning_rate': 0.001, 'epoch': 3.0, 'step': 3}
[2025/08/07 10:11:23] - {'loss': 0.0226, 'grad_norm': 0.3297152519226074, 'learning_rate': 0.001, 'epoch': 3.0, 'step': 3}
[2025/08/07 10:11:23] - {'loss': 0.0226, 'grad_norm': 0.3297152519226074, 'learning_rate': 0.001, 'epoch': 3.0, 'step': 3}
[2025/08/07 10:11:23] - {'eval_loss': -5.188584327697754, 'eval_runtime': 0.1155, 'eval_samples_per_second': 34.63, 'eval_steps_per_second': 8.658, 'epoch': 3.0, 'step': 3}
[2025/08/07 10:11:23] - {'eval_loss': -5.188584327697754, 'eval_runtime': 0.1154, 'eval_samples_per_second': 34.648, 'eval_steps_per_second': 8.662, 'epoch': 3.0, 'step': 3}
[2025/08/07 10:11:23] - {'eval_loss': -5.188584327697754, 'eval_runtime': 0.1155, 'eval_samples_per_second': 34.645, 'eval_steps_per_second': 8.661, 'epoch': 3.0, 'step': 3}
[2025/08/07 10:11:23] - {'loss': 0.8981, 'grad_norm': 13.185515403747559, 'learning_rate': 0.001, 'epoch': 4.0, 'step': 4}
[2025/08/07 10:11:23] - {'loss': 0.8981, 'grad_norm': 13.185515403747559, 'learning_rate': 0.001, 'epoch': 4.0, 'step': 4}
[2025/08/07 10:11:23] - {'loss': 0.8981, 'grad_norm': 13.185515403747559, 'learning_rate': 0.001, 'epoch': 4.0, 'step': 4}
[2025/08/07 10:11:23] - {'eval_loss': -5.540655612945557, 'eval_runtime': 0.1412, 'eval_samples_per_second': 28.324, 'eval_steps_per_second': 7.081, 'epoch': 4.0, 'step': 4}
[2025/08/07 10:11:23] - {'eval_loss': -5.540655612945557, 'eval_runtime': 0.1408, 'eval_samples_per_second': 28.399, 'eval_steps_per_second': 7.1, 'epoch': 4.0, 'step': 4}
[2025/08/07 10:11:23] - {'eval_loss': -5.540655612945557, 'eval_runtime': 0.1413, 'eval_samples_per_second': 28.318, 'eval_steps_per_second': 7.08, 'epoch': 4.0, 'step': 4}
[2025/08/07 10:11:23] - {'loss': 1.1703, 'grad_norm': 10.48289680480957, 'learning_rate': 0.001, 'epoch': 5.0, 'step': 5}
[2025/08/07 10:11:23] - {'loss': 1.1703, 'grad_norm': 10.48289680480957, 'learning_rate': 0.001, 'epoch': 5.0, 'step': 5}
[2025/08/07 10:11:23] - {'loss': 1.1703, 'grad_norm': 10.48289680480957, 'learning_rate': 0.001, 'epoch': 5.0, 'step': 5}
[2025/08/07 10:11:23] - {'eval_loss': -5.802789211273193, 'eval_runtime': 0.1155, 'eval_samples_per_second': 34.628, 'eval_steps_per_second': 8.657, 'epoch': 5.0, 'step': 5}
[2025/08/07 10:11:23] - {'eval_loss': -5.802789211273193, 'eval_runtime': 0.1155, 'eval_samples_per_second': 34.635, 'eval_steps_per_second': 8.659, 'epoch': 5.0, 'step': 5}
[2025/08/07 10:11:23] - {'eval_loss': -5.802789211273193, 'eval_runtime': 0.1154, 'eval_samples_per_second': 34.665, 'eval_steps_per_second': 8.666, 'epoch': 5.0, 'step': 5}
[2025/08/07 10:11:23] - {'loss': 0.032, 'grad_norm': 1.739755392074585, 'learning_rate': 0.001, 'epoch': 6.0, 'step': 6}
[2025/08/07 10:11:23] - {'loss': 0.032, 'grad_norm': 1.739755392074585, 'learning_rate': 0.001, 'epoch': 6.0, 'step': 6}
[2025/08/07 10:11:23] - {'loss': 0.032, 'grad_norm': 1.739755392074585, 'learning_rate': 0.001, 'epoch': 6.0, 'step': 6}
[2025/08/07 10:11:23] - {'eval_loss': -4.993933200836182, 'eval_runtime': 0.1407, 'eval_samples_per_second': 28.431, 'eval_steps_per_second': 7.108, 'epoch': 6.0, 'step': 6}
[2025/08/07 10:11:23] - {'eval_loss': -4.993933200836182, 'eval_runtime': 0.1405, 'eval_samples_per_second': 28.462, 'eval_steps_per_second': 7.116, 'epoch': 6.0, 'step': 6}
[2025/08/07 10:11:23] - {'eval_loss': -4.993933200836182, 'eval_runtime': 0.1407, 'eval_samples_per_second': 28.432, 'eval_steps_per_second': 7.108, 'epoch': 6.0, 'step': 6}
[2025/08/07 10:11:23] - {'loss': 0.0018, 'grad_norm': 0.04337001219391823, 'learning_rate': 0.001, 'epoch': 7.0, 'step': 7}
[2025/08/07 10:11:23] - {'loss': 0.0018, 'grad_norm': 0.04337001219391823, 'learning_rate': 0.001, 'epoch': 7.0, 'step': 7}
[2025/08/07 10:11:23] - {'loss': 0.0018, 'grad_norm': 0.04337001219391823, 'learning_rate': 0.001, 'epoch': 7.0, 'step': 7}
[2025/08/07 10:11:23] - {'eval_loss': -4.507605075836182, 'eval_runtime': 0.1154, 'eval_samples_per_second': 34.663, 'eval_steps_per_second': 8.666, 'epoch': 7.0, 'step': 7}
[2025/08/07 10:11:23] - {'eval_loss': -4.507605075836182, 'eval_runtime': 0.1153, 'eval_samples_per_second': 34.695, 'eval_steps_per_second': 8.674, 'epoch': 7.0, 'step': 7}
[2025/08/07 10:11:23] - {'eval_loss': -4.507605075836182, 'eval_runtime': 0.1154, 'eval_samples_per_second': 34.662, 'eval_steps_per_second': 8.666, 'epoch': 7.0, 'step': 7}
[2025/08/07 10:11:23] - {'loss': 0.0018, 'grad_norm': 0.040557194501161575, 'learning_rate': 0.001, 'epoch': 8.0, 'step': 8}
[2025/08/07 10:11:23] - {'loss': 0.0018, 'grad_norm': 0.040557194501161575, 'learning_rate': 0.001, 'epoch': 8.0, 'step': 8}
[2025/08/07 10:11:23] - {'loss': 0.0018, 'grad_norm': 0.040557194501161575, 'learning_rate': 0.001, 'epoch': 8.0, 'step': 8}
[2025/08/07 10:11:23] - {'eval_loss': -4.738073825836182, 'eval_runtime': 0.1161, 'eval_samples_per_second': 34.445, 'eval_steps_per_second': 8.611, 'epoch': 8.0, 'step': 8}
[2025/08/07 10:11:23] - {'eval_loss': -4.738073825836182, 'eval_runtime': 0.116, 'eval_samples_per_second': 34.497, 'eval_steps_per_second': 8.624, 'epoch': 8.0, 'step': 8}
[2025/08/07 10:11:23] - {'eval_loss': -4.738073825836182, 'eval_runtime': 0.1161, 'eval_samples_per_second': 34.445, 'eval_steps_per_second': 8.611, 'epoch': 8.0, 'step': 8}
[2025/08/07 10:11:23] - {'loss': 0.0011, 'grad_norm': 0.021715674549341202, 'learning_rate': 0.001, 'epoch': 9.0, 'step': 9}
[2025/08/07 10:11:23] - {'loss': 0.0011, 'grad_norm': 0.021715674549341202, 'learning_rate': 0.001, 'epoch': 9.0, 'step': 9}
[2025/08/07 10:11:23] - {'loss': 0.0011, 'grad_norm': 0.021715674549341202, 'learning_rate': 0.001, 'epoch': 9.0, 'step': 9}
[2025/08/07 10:11:23] - {'eval_loss': -4.924513816833496, 'eval_runtime': 0.1153, 'eval_samples_per_second': 34.693, 'eval_steps_per_second': 8.673, 'epoch': 9.0, 'step': 9}
[2025/08/07 10:11:23] - {'eval_loss': -4.924513816833496, 'eval_runtime': 0.1153, 'eval_samples_per_second': 34.69, 'eval_steps_per_second': 8.672, 'epoch': 9.0, 'step': 9}
[2025/08/07 10:11:23] - {'eval_loss': -4.924513816833496, 'eval_runtime': 0.1153, 'eval_samples_per_second': 34.702, 'eval_steps_per_second': 8.676, 'epoch': 9.0, 'step': 9}
[2025/08/07 10:11:23] - {'loss': 0.0007, 'grad_norm': 0.015960177406668663, 'learning_rate': 0.001, 'epoch': 10.0, 'step': 10}
[2025/08/07 10:11:23] - {'loss': 0.0007, 'grad_norm': 0.015960177406668663, 'learning_rate': 0.001, 'epoch': 10.0, 'step': 10}
[2025/08/07 10:11:23] - {'loss': 0.0007, 'grad_norm': 0.015960177406668663, 'learning_rate': 0.001, 'epoch': 10.0, 'step': 10}
[2025/08/07 10:11:23] - {'eval_loss': -5.34522819519043, 'eval_runtime': 0.1168, 'eval_samples_per_second': 34.257, 'eval_steps_per_second': 8.564, 'epoch': 10.0, 'step': 10}
[2025/08/07 10:11:23] - {'eval_loss': -5.34522819519043, 'eval_runtime': 0.1165, 'eval_samples_per_second': 34.341, 'eval_steps_per_second': 8.585, 'epoch': 10.0, 'step': 10}
[2025/08/07 10:11:23] - {'eval_loss': -5.34522819519043, 'eval_runtime': 0.1164, 'eval_samples_per_second': 34.363, 'eval_steps_per_second': 8.591, 'epoch': 10.0, 'step': 10}
[2025/08/07 10:11:23] - {'loss': 0.0004, 'grad_norm': 0.009378970600664616, 'learning_rate': 0.001, 'epoch': 11.0, 'step': 11}
[2025/08/07 10:11:23] - {'loss': 0.0004, 'grad_norm': 0.009378970600664616, 'learning_rate': 0.001, 'epoch': 11.0, 'step': 11}
[2025/08/07 10:11:23] - {'loss': 0.0004, 'grad_norm': 0.009378970600664616, 'learning_rate': 0.001, 'epoch': 11.0, 'step': 11}
[2025/08/07 10:11:23] - {'eval_loss': -5.836460590362549, 'eval_runtime': 0.1162, 'eval_samples_per_second': 34.432, 'eval_steps_per_second': 8.608, 'epoch': 11.0, 'step': 11}
[2025/08/07 10:11:23] - {'eval_loss': -5.836460590362549, 'eval_runtime': 0.1165, 'eval_samples_per_second': 34.33, 'eval_steps_per_second': 8.583, 'epoch': 11.0, 'step': 11}
[2025/08/07 10:11:23] - {'eval_loss': -5.836460590362549, 'eval_runtime': 0.1167, 'eval_samples_per_second': 34.276, 'eval_steps_per_second': 8.569, 'epoch': 11.0, 'step': 11}
[2025/08/07 10:11:23] - {'loss': 0.0002, 'grad_norm': 0.0033408186864107847, 'learning_rate': 0.001, 'epoch': 12.0, 'step': 12}
[2025/08/07 10:11:23] - {'loss': 0.0002, 'grad_norm': 0.0033408186864107847, 'learning_rate': 0.001, 'epoch': 12.0, 'step': 12}
[2025/08/07 10:11:23] - {'loss': 0.0002, 'grad_norm': 0.0033408186864107847, 'learning_rate': 0.001, 'epoch': 12.0, 'step': 12}
[2025/08/07 10:11:23] - {'eval_loss': -6.181463241577148, 'eval_runtime': 0.1415, 'eval_samples_per_second': 28.264, 'eval_steps_per_second': 7.066, 'epoch': 12.0, 'step': 12}
[2025/08/07 10:11:23] - {'eval_loss': -6.181463241577148, 'eval_runtime': 0.1415, 'eval_samples_per_second': 28.259, 'eval_steps_per_second': 7.065, 'epoch': 12.0, 'step': 12}
[2025/08/07 10:11:23] - {'eval_loss': -6.181463241577148, 'eval_runtime': 0.1414, 'eval_samples_per_second': 28.296, 'eval_steps_per_second': 7.074, 'epoch': 12.0, 'step': 12}
[2025/08/07 10:11:23] - {'loss': 0.8728, 'grad_norm': 10.39737606048584, 'learning_rate': 0.001, 'epoch': 13.0, 'step': 13}
[2025/08/07 10:11:23] - {'loss': 0.8728, 'grad_norm': 10.39737606048584, 'learning_rate': 0.001, 'epoch': 13.0, 'step': 13}
[2025/08/07 10:11:23] - {'loss': 0.8728, 'grad_norm': 10.39737606048584, 'learning_rate': 0.001, 'epoch': 13.0, 'step': 13}
[2025/08/07 10:11:23] - {'eval_loss': -6.326642036437988, 'eval_runtime': 0.1155, 'eval_samples_per_second': 34.633, 'eval_steps_per_second': 8.658, 'epoch': 13.0, 'step': 13}
[2025/08/07 10:11:23] - {'eval_loss': -6.326642036437988, 'eval_runtime': 0.1155, 'eval_samples_per_second': 34.638, 'eval_steps_per_second': 8.66, 'epoch': 13.0, 'step': 13}
[2025/08/07 10:11:23] - {'eval_loss': -6.326642036437988, 'eval_runtime': 0.1155, 'eval_samples_per_second': 34.639, 'eval_steps_per_second': 8.66, 'epoch': 13.0, 'step': 13}
[2025/08/07 10:11:23] - {'loss': 0.027, 'grad_norm': 2.097994089126587, 'learning_rate': 0.001, 'epoch': 14.0, 'step': 14}
[2025/08/07 10:11:23] - {'loss': 0.027, 'grad_norm': 2.097994089126587, 'learning_rate': 0.001, 'epoch': 14.0, 'step': 14}
[2025/08/07 10:11:23] - {'loss': 0.027, 'grad_norm': 2.097994089126587, 'learning_rate': 0.001, 'epoch': 14.0, 'step': 14}
[2025/08/07 10:11:23] - {'eval_loss': -6.412662029266357, 'eval_runtime': 0.1162, 'eval_samples_per_second': 34.433, 'eval_steps_per_second': 8.608, 'epoch': 14.0, 'step': 14}
[2025/08/07 10:11:23] - {'eval_loss': -6.412662029266357, 'eval_runtime': 0.1162, 'eval_samples_per_second': 34.433, 'eval_steps_per_second': 8.608, 'epoch': 14.0, 'step': 14}
[2025/08/07 10:11:23] - {'eval_loss': -6.412662029266357, 'eval_runtime': 0.1162, 'eval_samples_per_second': 34.43, 'eval_steps_per_second': 8.607, 'epoch': 14.0, 'step': 14}
[2025/08/07 10:11:23] - {'loss': 0.0002, 'grad_norm': 0.004617976024746895, 'learning_rate': 0.001, 'epoch': 15.0, 'step': 15}
[2025/08/07 10:11:23] - {'loss': 0.0002, 'grad_norm': 0.004617976024746895, 'learning_rate': 0.001, 'epoch': 15.0, 'step': 15}
[2025/08/07 10:11:23] - {'loss': 0.0002, 'grad_norm': 0.004617976024746895, 'learning_rate': 0.001, 'epoch': 15.0, 'step': 15}
[2025/08/07 10:11:23] - {'eval_loss': -6.672365188598633, 'eval_runtime': 0.1154, 'eval_samples_per_second': 34.666, 'eval_steps_per_second': 8.667, 'epoch': 15.0, 'step': 15}
[2025/08/07 10:11:23] - {'eval_loss': -6.672365188598633, 'eval_runtime': 0.1153, 'eval_samples_per_second': 34.702, 'eval_steps_per_second': 8.676, 'epoch': 15.0, 'step': 15}
[2025/08/07 10:11:23] - {'eval_loss': -6.672365188598633, 'eval_runtime': 0.1154, 'eval_samples_per_second': 34.664, 'eval_steps_per_second': 8.666, 'epoch': 15.0, 'step': 15}
[2025/08/07 10:11:23] - {'loss': 0.0003, 'grad_norm': 0.0060797701589763165, 'learning_rate': 0.001, 'epoch': 16.0, 'step': 16}
[2025/08/07 10:11:23] - {'loss': 0.0003, 'grad_norm': 0.0060797701589763165, 'learning_rate': 0.001, 'epoch': 16.0, 'step': 16}
[2025/08/07 10:11:23] - {'loss': 0.0003, 'grad_norm': 0.0060797701589763165, 'learning_rate': 0.001, 'epoch': 16.0, 'step': 16}
[2025/08/07 10:11:23] - {'eval_loss': -6.982505798339844, 'eval_runtime': 2.1935, 'eval_samples_per_second': 1.824, 'eval_steps_per_second': 0.456, 'epoch': 16.0, 'step': 16}
[2025/08/07 10:11:23] - {'eval_loss': -6.982505798339844, 'eval_runtime': 0.1412, 'eval_samples_per_second': 28.332, 'eval_steps_per_second': 7.083, 'epoch': 16.0, 'step': 16}
[2025/08/07 10:11:23] - {'eval_loss': -6.982505798339844, 'eval_runtime': 0.1412, 'eval_samples_per_second': 28.331, 'eval_steps_per_second': 7.083, 'epoch': 16.0, 'step': 16}
[2025/08/07 10:11:23] - {'loss': 0.0003, 'grad_norm': 0.009242969565093517, 'learning_rate': 0.001, 'epoch': 17.0, 'step': 17}
[2025/08/07 10:11:23] - {'loss': 0.0003, 'grad_norm': 0.009242969565093517, 'learning_rate': 0.001, 'epoch': 17.0, 'step': 17}
[2025/08/07 10:11:23] - {'loss': 0.0003, 'grad_norm': 0.009242969565093517, 'learning_rate': 0.001, 'epoch': 17.0, 'step': 17}
[2025/08/07 10:11:23] - {'eval_loss': -7.018205165863037, 'eval_runtime': 0.1157, 'eval_samples_per_second': 34.573, 'eval_steps_per_second': 8.643, 'epoch': 17.0, 'step': 17}
[2025/08/07 10:11:23] - {'eval_loss': -7.018205165863037, 'eval_runtime': 0.1156, 'eval_samples_per_second': 34.589, 'eval_steps_per_second': 8.647, 'epoch': 17.0, 'step': 17}
[2025/08/07 10:11:23] - {'eval_loss': -7.018205165863037, 'eval_runtime': 0.1156, 'eval_samples_per_second': 34.608, 'eval_steps_per_second': 8.652, 'epoch': 17.0, 'step': 17}
[2025/08/07 10:11:23] - {'loss': 0.0261, 'grad_norm': 2.270850658416748, 'learning_rate': 0.001, 'epoch': 18.0, 'step': 18}
[2025/08/07 10:11:23] - {'loss': 0.0261, 'grad_norm': 2.270850658416748, 'learning_rate': 0.001, 'epoch': 18.0, 'step': 18}
[2025/08/07 10:11:23] - {'loss': 0.0261, 'grad_norm': 2.270850658416748, 'learning_rate': 0.001, 'epoch': 18.0, 'step': 18}
[2025/08/07 10:11:23] - {'eval_loss': -6.906278610229492, 'eval_runtime': 0.1159, 'eval_samples_per_second': 34.517, 'eval_steps_per_second': 8.629, 'epoch': 18.0, 'step': 18}
[2025/08/07 10:11:23] - {'eval_loss': -6.906278610229492, 'eval_runtime': 0.1778, 'eval_samples_per_second': 22.492, 'eval_steps_per_second': 5.623, 'epoch': 18.0, 'step': 18}
[2025/08/07 10:11:23] - {'eval_loss': -6.906278610229492, 'eval_runtime': 0.1161, 'eval_samples_per_second': 34.463, 'eval_steps_per_second': 8.616, 'epoch': 18.0, 'step': 18}
[2025/08/07 10:11:23] - {'loss': 0.0013, 'grad_norm': 0.05845656991004944, 'learning_rate': 0.001, 'epoch': 19.0, 'step': 19}
[2025/08/07 10:11:23] - {'loss': 0.0013, 'grad_norm': 0.05845656991004944, 'learning_rate': 0.001, 'epoch': 19.0, 'step': 19}
[2025/08/07 10:11:23] - {'loss': 0.0013, 'grad_norm': 0.05845656991004944, 'learning_rate': 0.001, 'epoch': 19.0, 'step': 19}
[2025/08/07 10:11:23] - {'eval_loss': -6.611598014831543, 'eval_runtime': 0.1154, 'eval_samples_per_second': 34.651, 'eval_steps_per_second': 8.663, 'epoch': 19.0, 'step': 19}
[2025/08/07 10:11:23] - {'eval_loss': -6.611598014831543, 'eval_runtime': 0.1155, 'eval_samples_per_second': 34.646, 'eval_steps_per_second': 8.662, 'epoch': 19.0, 'step': 19}
[2025/08/07 10:11:23] - {'eval_loss': -6.611598014831543, 'eval_runtime': 0.1155, 'eval_samples_per_second': 34.642, 'eval_steps_per_second': 8.661, 'epoch': 19.0, 'step': 19}
[2025/08/07 10:11:23] - {'loss': 0.0973, 'grad_norm': 4.31661319732666, 'learning_rate': 0.001, 'epoch': 20.0, 'step': 20}
[2025/08/07 10:11:23] - {'loss': 0.0973, 'grad_norm': 4.31661319732666, 'learning_rate': 0.001, 'epoch': 20.0, 'step': 20}
[2025/08/07 10:11:23] - {'loss': 0.0973, 'grad_norm': 4.31661319732666, 'learning_rate': 0.001, 'epoch': 20.0, 'step': 20}
[2025/08/07 10:11:23] - {'eval_loss': -7.292301654815674, 'eval_runtime': 0.1412, 'eval_samples_per_second': 28.32, 'eval_steps_per_second': 7.08, 'epoch': 20.0, 'step': 20}
[2025/08/07 10:11:23] - {'eval_loss': -7.292301654815674, 'eval_runtime': 0.1413, 'eval_samples_per_second': 28.303, 'eval_steps_per_second': 7.076, 'epoch': 20.0, 'step': 20}
[2025/08/07 10:11:23] - {'eval_loss': -7.292301654815674, 'eval_runtime': 0.2167, 'eval_samples_per_second': 18.459, 'eval_steps_per_second': 4.615, 'epoch': 20.0, 'step': 20}
[2025/08/07 10:11:23] - {'loss': 0.0005, 'grad_norm': 0.030630599707365036, 'learning_rate': 0.001, 'epoch': 21.0, 'step': 21}
[2025/08/07 10:11:23] - {'loss': 0.0005, 'grad_norm': 0.030630599707365036, 'learning_rate': 0.001, 'epoch': 21.0, 'step': 21}
[2025/08/07 10:11:23] - {'loss': 0.0005, 'grad_norm': 0.030630599707365036, 'learning_rate': 0.001, 'epoch': 21.0, 'step': 21}
[2025/08/07 10:11:23] - {'eval_loss': -7.353852272033691, 'eval_runtime': 0.116, 'eval_samples_per_second': 34.478, 'eval_steps_per_second': 8.62, 'epoch': 21.0, 'step': 21}
[2025/08/07 10:11:23] - {'eval_loss': -7.353852272033691, 'eval_runtime': 0.116, 'eval_samples_per_second': 34.497, 'eval_steps_per_second': 8.624, 'epoch': 21.0, 'step': 21}
[2025/08/07 10:11:23] - {'eval_loss': -7.353852272033691, 'eval_runtime': 0.1159, 'eval_samples_per_second': 34.508, 'eval_steps_per_second': 8.627, 'epoch': 21.0, 'step': 21}
[2025/08/07 10:11:23] - {'loss': 0.0005, 'grad_norm': 0.02364935539662838, 'learning_rate': 0.001, 'epoch': 22.0, 'step': 22}
[2025/08/07 10:11:23] - {'loss': 0.0005, 'grad_norm': 0.02364935539662838, 'learning_rate': 0.001, 'epoch': 22.0, 'step': 22}
[2025/08/07 10:11:23] - {'loss': 0.0005, 'grad_norm': 0.02364935539662838, 'learning_rate': 0.001, 'epoch': 22.0, 'step': 22}
[2025/08/07 10:11:23] - {'eval_loss': -7.262223243713379, 'eval_runtime': 0.1411, 'eval_samples_per_second': 28.355, 'eval_steps_per_second': 7.089, 'epoch': 22.0, 'step': 22}
[2025/08/07 10:11:23] - {'eval_loss': -7.262223243713379, 'eval_runtime': 0.141, 'eval_samples_per_second': 28.363, 'eval_steps_per_second': 7.091, 'epoch': 22.0, 'step': 22}
[2025/08/07 10:11:23] - {'eval_loss': -7.262223243713379, 'eval_runtime': 0.1411, 'eval_samples_per_second': 28.354, 'eval_steps_per_second': 7.089, 'epoch': 22.0, 'step': 22}
[2025/08/07 10:11:23] - {'loss': 0.1517, 'grad_norm': 8.543353080749512, 'learning_rate': 0.001, 'epoch': 23.0, 'step': 23}
[2025/08/07 10:11:23] - {'loss': 0.1517, 'grad_norm': 8.543353080749512, 'learning_rate': 0.001, 'epoch': 23.0, 'step': 23}
[2025/08/07 10:11:23] - {'loss': 0.1517, 'grad_norm': 8.543353080749512, 'learning_rate': 0.001, 'epoch': 23.0, 'step': 23}
[2025/08/07 10:11:23] - {'eval_loss': -7.002696990966797, 'eval_runtime': 0.1154, 'eval_samples_per_second': 34.652, 'eval_steps_per_second': 8.663, 'epoch': 23.0, 'step': 23}
[2025/08/07 10:11:23] - {'eval_loss': -7.002696990966797, 'eval_runtime': 0.1154, 'eval_samples_per_second': 34.657, 'eval_steps_per_second': 8.664, 'epoch': 23.0, 'step': 23}
[2025/08/07 10:11:23] - {'eval_loss': -7.002696990966797, 'eval_runtime': 0.1153, 'eval_samples_per_second': 34.693, 'eval_steps_per_second': 8.673, 'epoch': 23.0, 'step': 23}
[2025/08/07 10:11:23] - {'loss': 0.0027, 'grad_norm': 0.1900775134563446, 'learning_rate': 0.001, 'epoch': 24.0, 'step': 24}
[2025/08/07 10:11:23] - {'loss': 0.0027, 'grad_norm': 0.1900775134563446, 'learning_rate': 0.001, 'epoch': 24.0, 'step': 24}
[2025/08/07 10:11:23] - {'loss': 0.0027, 'grad_norm': 0.1900775134563446, 'learning_rate': 0.001, 'epoch': 24.0, 'step': 24}
[2025/08/07 10:11:23] - {'eval_loss': -6.758902549743652, 'eval_runtime': 0.1174, 'eval_samples_per_second': 34.074, 'eval_steps_per_second': 8.519, 'epoch': 24.0, 'step': 24}
[2025/08/07 10:11:23] - {'eval_loss': -6.758902549743652, 'eval_runtime': 0.1176, 'eval_samples_per_second': 34.009, 'eval_steps_per_second': 8.502, 'epoch': 24.0, 'step': 24}
[2025/08/07 10:11:23] - {'eval_loss': -6.758902549743652, 'eval_runtime': 0.1174, 'eval_samples_per_second': 34.072, 'eval_steps_per_second': 8.518, 'epoch': 24.0, 'step': 24}
[2025/08/07 10:11:23] - {'loss': 0.407, 'grad_norm': 23.228248596191406, 'learning_rate': 0.001, 'epoch': 25.0, 'step': 25}
[2025/08/07 10:11:23] - {'loss': 0.407, 'grad_norm': 23.228248596191406, 'learning_rate': 0.001, 'epoch': 25.0, 'step': 25}
[2025/08/07 10:11:23] - {'loss': 0.407, 'grad_norm': 23.228248596191406, 'learning_rate': 0.001, 'epoch': 25.0, 'step': 25}
[2025/08/07 10:11:23] - {'eval_loss': -6.3948845863342285, 'eval_runtime': 0.1162, 'eval_samples_per_second': 34.415, 'eval_steps_per_second': 8.604, 'epoch': 25.0, 'step': 25}
[2025/08/07 10:11:23] - {'eval_loss': -6.3948845863342285, 'eval_runtime': 0.1161, 'eval_samples_per_second': 34.461, 'eval_steps_per_second': 8.615, 'epoch': 25.0, 'step': 25}
[2025/08/07 10:11:23] - {'eval_loss': -6.3948845863342285, 'eval_runtime': 0.1162, 'eval_samples_per_second': 34.415, 'eval_steps_per_second': 8.604, 'epoch': 25.0, 'step': 25}
[2025/08/07 10:11:23] - {'train_runtime': 59.2737, 'train_samples_per_second': 1.687, 'train_steps_per_second': 0.422, 'total_flos': 0.0, 'train_loss': 0.8039993072877405, 'epoch': 25.0, 'step': 25}
[2025/08/07 10:11:23] - {'train_runtime': 59.274, 'train_samples_per_second': 1.687, 'train_steps_per_second': 0.422, 'total_flos': 0.0, 'train_loss': 0.8039993072877405, 'epoch': 25.0, 'step': 25}
[2025/08/07 10:11:23] - {'train_runtime': 59.2739, 'train_samples_per_second': 1.687, 'train_steps_per_second': 0.422, 'total_flos': 0.0, 'train_loss': 0.8039993072877405, 'epoch': 25.0, 'step': 25}
[2025/08/07 10:11:24] - {'loss': 13.8631, 'grad_norm': 1.0948143005371094, 'learning_rate': 0.001, 'epoch': 1.0, 'step': 1}
[2025/08/07 10:11:24] - {'eval_loss': -0.959893524646759, 'eval_runtime': 0.123, 'eval_samples_per_second': 32.508, 'eval_steps_per_second': 8.127, 'epoch': 1.0, 'step': 1}
[2025/08/07 10:11:24] - {'loss': 2.5207, 'grad_norm': 14.236557006835938, 'learning_rate': 0.001, 'epoch': 2.0, 'step': 2}
[2025/08/07 10:11:24] - {'eval_loss': -3.2635953426361084, 'eval_runtime': 0.1162, 'eval_samples_per_second': 34.419, 'eval_steps_per_second': 8.605, 'epoch': 2.0, 'step': 2}
[2025/08/07 10:11:24] - {'loss': 0.0226, 'grad_norm': 0.3297152519226074, 'learning_rate': 0.001, 'epoch': 3.0, 'step': 3}
[2025/08/07 10:11:24] - {'eval_loss': -5.188584327697754, 'eval_runtime': 0.1152, 'eval_samples_per_second': 34.736, 'eval_steps_per_second': 8.684, 'epoch': 3.0, 'step': 3}
[2025/08/07 10:11:24] - {'loss': 0.8981, 'grad_norm': 13.185515403747559, 'learning_rate': 0.001, 'epoch': 4.0, 'step': 4}
[2025/08/07 10:11:24] - {'eval_loss': -5.540655612945557, 'eval_runtime': 0.1412, 'eval_samples_per_second': 28.322, 'eval_steps_per_second': 7.08, 'epoch': 4.0, 'step': 4}
[2025/08/07 10:11:24] - {'loss': 1.1703, 'grad_norm': 10.48289680480957, 'learning_rate': 0.001, 'epoch': 5.0, 'step': 5}
[2025/08/07 10:11:24] - {'eval_loss': -5.802789211273193, 'eval_runtime': 0.1153, 'eval_samples_per_second': 34.698, 'eval_steps_per_second': 8.675, 'epoch': 5.0, 'step': 5}
[2025/08/07 10:11:24] - {'loss': 0.032, 'grad_norm': 1.739755392074585, 'learning_rate': 0.001, 'epoch': 6.0, 'step': 6}
[2025/08/07 10:11:24] - {'eval_loss': -4.993933200836182, 'eval_runtime': 0.3187, 'eval_samples_per_second': 12.552, 'eval_steps_per_second': 3.138, 'epoch': 6.0, 'step': 6}
[2025/08/07 10:11:24] - {'loss': 0.0018, 'grad_norm': 0.04337001219391823, 'learning_rate': 0.001, 'epoch': 7.0, 'step': 7}
[2025/08/07 10:11:24] - {'eval_loss': -4.507605075836182, 'eval_runtime': 0.1152, 'eval_samples_per_second': 34.731, 'eval_steps_per_second': 8.683, 'epoch': 7.0, 'step': 7}
[2025/08/07 10:11:24] - {'loss': 0.0018, 'grad_norm': 0.040557194501161575, 'learning_rate': 0.001, 'epoch': 8.0, 'step': 8}
[2025/08/07 10:11:24] - {'eval_loss': -4.738073825836182, 'eval_runtime': 0.1161, 'eval_samples_per_second': 34.445, 'eval_steps_per_second': 8.611, 'epoch': 8.0, 'step': 8}
[2025/08/07 10:11:24] - {'loss': 0.0011, 'grad_norm': 0.021715674549341202, 'learning_rate': 0.001, 'epoch': 9.0, 'step': 9}
[2025/08/07 10:11:24] - {'eval_loss': -4.924513816833496, 'eval_runtime': 0.115, 'eval_samples_per_second': 34.793, 'eval_steps_per_second': 8.698, 'epoch': 9.0, 'step': 9}
[2025/08/07 10:11:24] - {'loss': 0.0007, 'grad_norm': 0.015960177406668663, 'learning_rate': 0.001, 'epoch': 10.0, 'step': 10}
[2025/08/07 10:11:24] - {'eval_loss': -5.34522819519043, 'eval_runtime': 0.1164, 'eval_samples_per_second': 34.36, 'eval_steps_per_second': 8.59, 'epoch': 10.0, 'step': 10}
[2025/08/07 10:11:24] - {'loss': 0.0004, 'grad_norm': 0.009378970600664616, 'learning_rate': 0.001, 'epoch': 11.0, 'step': 11}
[2025/08/07 10:11:24] - {'eval_loss': -5.836460590362549, 'eval_runtime': 0.1161, 'eval_samples_per_second': 34.44, 'eval_steps_per_second': 8.61, 'epoch': 11.0, 'step': 11}
[2025/08/07 10:11:24] - {'loss': 0.0002, 'grad_norm': 0.0033408186864107847, 'learning_rate': 0.001, 'epoch': 12.0, 'step': 12}
[2025/08/07 10:11:24] - {'eval_loss': -6.181463241577148, 'eval_runtime': 2.6017, 'eval_samples_per_second': 1.537, 'eval_steps_per_second': 0.384, 'epoch': 12.0, 'step': 12}
[2025/08/07 10:11:24] - {'loss': 0.8728, 'grad_norm': 10.39737606048584, 'learning_rate': 0.001, 'epoch': 13.0, 'step': 13}
[2025/08/07 10:11:24] - {'eval_loss': -6.326642036437988, 'eval_runtime': 0.1151, 'eval_samples_per_second': 34.744, 'eval_steps_per_second': 8.686, 'epoch': 13.0, 'step': 13}
[2025/08/07 10:11:24] - {'loss': 0.027, 'grad_norm': 2.097994089126587, 'learning_rate': 0.001, 'epoch': 14.0, 'step': 14}
[2025/08/07 10:11:24] - {'eval_loss': -6.412662029266357, 'eval_runtime': 0.116, 'eval_samples_per_second': 34.493, 'eval_steps_per_second': 8.623, 'epoch': 14.0, 'step': 14}
[2025/08/07 10:11:24] - {'loss': 0.0002, 'grad_norm': 0.004617976024746895, 'learning_rate': 0.001, 'epoch': 15.0, 'step': 15}
[2025/08/07 10:11:24] - {'eval_loss': -6.672365188598633, 'eval_runtime': 0.1152, 'eval_samples_per_second': 34.732, 'eval_steps_per_second': 8.683, 'epoch': 15.0, 'step': 15}
[2025/08/07 10:11:24] - {'loss': 0.0003, 'grad_norm': 0.0060797701589763165, 'learning_rate': 0.001, 'epoch': 16.0, 'step': 16}
[2025/08/07 10:11:24] - {'eval_loss': -6.982505798339844, 'eval_runtime': 0.1409, 'eval_samples_per_second': 28.39, 'eval_steps_per_second': 7.097, 'epoch': 16.0, 'step': 16}
[2025/08/07 10:11:24] - {'loss': 0.0003, 'grad_norm': 0.009242969565093517, 'learning_rate': 0.001, 'epoch': 17.0, 'step': 17}
[2025/08/07 10:11:24] - {'eval_loss': -7.018205165863037, 'eval_runtime': 0.1155, 'eval_samples_per_second': 34.629, 'eval_steps_per_second': 8.657, 'epoch': 17.0, 'step': 17}
[2025/08/07 10:11:24] - {'loss': 0.0261, 'grad_norm': 2.270850658416748, 'learning_rate': 0.001, 'epoch': 18.0, 'step': 18}
[2025/08/07 10:11:24] - {'eval_loss': -6.906278610229492, 'eval_runtime': 0.1163, 'eval_samples_per_second': 34.397, 'eval_steps_per_second': 8.599, 'epoch': 18.0, 'step': 18}
[2025/08/07 10:11:24] - {'loss': 0.0013, 'grad_norm': 0.05845656991004944, 'learning_rate': 0.001, 'epoch': 19.0, 'step': 19}
[2025/08/07 10:11:24] - {'eval_loss': -6.611598014831543, 'eval_runtime': 0.1151, 'eval_samples_per_second': 34.751, 'eval_steps_per_second': 8.688, 'epoch': 19.0, 'step': 19}
[2025/08/07 10:11:24] - {'loss': 0.0973, 'grad_norm': 4.31661319732666, 'learning_rate': 0.001, 'epoch': 20.0, 'step': 20}
[2025/08/07 10:11:24] - {'eval_loss': -7.292301654815674, 'eval_runtime': 0.1405, 'eval_samples_per_second': 28.473, 'eval_steps_per_second': 7.118, 'epoch': 20.0, 'step': 20}
[2025/08/07 10:11:24] - {'loss': 0.0005, 'grad_norm': 0.030630599707365036, 'learning_rate': 0.001, 'epoch': 21.0, 'step': 21}
[2025/08/07 10:11:24] - {'eval_loss': -7.353852272033691, 'eval_runtime': 0.1157, 'eval_samples_per_second': 34.573, 'eval_steps_per_second': 8.643, 'epoch': 21.0, 'step': 21}
[2025/08/07 10:11:24] - {'loss': 0.0005, 'grad_norm': 0.02364935539662838, 'learning_rate': 0.001, 'epoch': 22.0, 'step': 22}
[2025/08/07 10:11:24] - {'eval_loss': -7.262223243713379, 'eval_runtime': 0.1408, 'eval_samples_per_second': 28.407, 'eval_steps_per_second': 7.102, 'epoch': 22.0, 'step': 22}
[2025/08/07 10:11:24] - {'loss': 0.1517, 'grad_norm': 8.543353080749512, 'learning_rate': 0.001, 'epoch': 23.0, 'step': 23}
[2025/08/07 10:11:24] - {'eval_loss': -7.002696990966797, 'eval_runtime': 0.1151, 'eval_samples_per_second': 34.75, 'eval_steps_per_second': 8.687, 'epoch': 23.0, 'step': 23}
[2025/08/07 10:11:24] - {'loss': 0.0027, 'grad_norm': 0.1900775134563446, 'learning_rate': 0.001, 'epoch': 24.0, 'step': 24}
[2025/08/07 10:11:24] - {'eval_loss': -6.758902549743652, 'eval_runtime': 0.1162, 'eval_samples_per_second': 34.422, 'eval_steps_per_second': 8.606, 'epoch': 24.0, 'step': 24}
[2025/08/07 10:11:24] - {'loss': 0.407, 'grad_norm': 23.228248596191406, 'learning_rate': 0.001, 'epoch': 25.0, 'step': 25}
[2025/08/07 10:11:24] - {'eval_loss': -6.3948845863342285, 'eval_runtime': 0.116, 'eval_samples_per_second': 34.487, 'eval_steps_per_second': 8.622, 'epoch': 25.0, 'step': 25}
[2025/08/07 10:11:24] - {'train_runtime': 59.2744, 'train_samples_per_second': 1.687, 'train_steps_per_second': 0.422, 'total_flos': 0.0, 'train_loss': 0.8039993072877405, 'epoch': 25.0, 'step': 25}
