[2025/08/08 14:38:33] - Detected kernel version 4.18.0, which is below the recommended minimum of 5.5.0; this can cause the process to hang. It is recommended to upgrade the kernel to the minimum version or higher.
[2025/08/08 14:38:33] - Using 4 GPUs
[2025/08/08 14:38:33] - Starting new HTTPS connection (1): huggingface.co:443
[2025/08/08 14:38:33] - Using 4 GPUs
[2025/08/08 14:38:33] - Using 4 GPUs
[2025/08/08 14:38:33] - Using 4 GPUs
[2025/08/08 14:38:33] - Starting new HTTPS connection (1): huggingface.co:443
[2025/08/08 14:38:33] - Starting new HTTPS connection (1): huggingface.co:443
[2025/08/08 14:38:33] - Starting new HTTPS connection (1): huggingface.co:443
[2025/08/08 14:39:13] - Starting new HTTPS connection (2): huggingface.co:443
[2025/08/08 14:39:13] - Starting new HTTPS connection (2): huggingface.co:443
[2025/08/08 14:39:13] - Starting new HTTPS connection (2): huggingface.co:443
[2025/08/08 14:39:13] - Starting new HTTPS connection (2): huggingface.co:443
[2025/08/08 14:40:59] - Starting new HTTPS connection (3): huggingface.co:443
[2025/08/08 14:40:59] - Starting new HTTPS connection (3): huggingface.co:443
[2025/08/08 14:40:59] - Starting new HTTPS connection (3): huggingface.co:443
[2025/08/08 14:40:59] - Starting new HTTPS connection (3): huggingface.co:443
[2025/08/08 14:41:39] - Loading bitsandbytes native library from: /home/hsc/ENV-3.10/lib/python3.10/site-packages/bitsandbytes/libbitsandbytes_cuda122.so
[2025/08/08 14:41:39] - Loading bitsandbytes native library from: /home/hsc/ENV-3.10/lib/python3.10/site-packages/bitsandbytes/libbitsandbytes_cuda122.so
[2025/08/08 14:41:39] - Loading bitsandbytes native library from: /home/hsc/ENV-3.10/lib/python3.10/site-packages/bitsandbytes/libbitsandbytes_cuda122.so
[2025/08/08 14:41:39] - Loading bitsandbytes native library from: /home/hsc/ENV-3.10/lib/python3.10/site-packages/bitsandbytes/libbitsandbytes_cuda122.so
[2025/08/08 14:41:53] - Detected kernel version 4.18.0, which is below the recommended minimum of 5.5.0; this can cause the process to hang. It is recommended to upgrade the kernel to the minimum version or higher.
[2025/08/08 14:42:44] - {'loss': 13.8644, 'grad_norm': 59.114906311035156, 'learning_rate': 0.001, 'epoch': 1.0, 'step': 1}
[2025/08/08 14:42:44] - {'loss': 13.8644, 'grad_norm': 59.114906311035156, 'learning_rate': 0.001, 'epoch': 1.0, 'step': 1}
[2025/08/08 14:42:44] - {'loss': 13.8644, 'grad_norm': 59.114906311035156, 'learning_rate': 0.001, 'epoch': 1.0, 'step': 1}
[2025/08/08 14:42:44] - {'eval_loss': -0.004514861851930618, 'eval_runtime': 0.1302, 'eval_samples_per_second': 30.719, 'eval_steps_per_second': 7.68, 'epoch': 1.0, 'step': 1}
[2025/08/08 14:42:44] - {'eval_loss': -0.004514861851930618, 'eval_runtime': 0.1302, 'eval_samples_per_second': 30.721, 'eval_steps_per_second': 7.68, 'epoch': 1.0, 'step': 1}
[2025/08/08 14:42:44] - {'eval_loss': -0.004514861851930618, 'eval_runtime': 0.1302, 'eval_samples_per_second': 30.721, 'eval_steps_per_second': 7.68, 'epoch': 1.0, 'step': 1}
[2025/08/08 14:42:44] - {'loss': 0.9177, 'grad_norm': 4.229922294616699, 'learning_rate': 0.001, 'epoch': 2.0, 'step': 2}
[2025/08/08 14:42:44] - {'loss': 0.9177, 'grad_norm': 4.229922294616699, 'learning_rate': 0.001, 'epoch': 2.0, 'step': 2}
[2025/08/08 14:42:44] - {'loss': 0.9177, 'grad_norm': 4.229922294616699, 'learning_rate': 0.001, 'epoch': 2.0, 'step': 2}
[2025/08/08 14:42:44] - {'eval_loss': -0.9882247447967529, 'eval_runtime': 0.4037, 'eval_samples_per_second': 9.909, 'eval_steps_per_second': 2.477, 'epoch': 2.0, 'step': 2}
[2025/08/08 14:42:44] - {'eval_loss': -0.9882247447967529, 'eval_runtime': 0.1196, 'eval_samples_per_second': 33.445, 'eval_steps_per_second': 8.361, 'epoch': 2.0, 'step': 2}
[2025/08/08 14:42:44] - {'eval_loss': -0.9882247447967529, 'eval_runtime': 0.1196, 'eval_samples_per_second': 33.441, 'eval_steps_per_second': 8.36, 'epoch': 2.0, 'step': 2}
[2025/08/08 14:42:44] - {'loss': 0.3161, 'grad_norm': 2.3532185554504395, 'learning_rate': 0.001, 'epoch': 3.0, 'step': 3}
[2025/08/08 14:42:44] - {'loss': 0.3161, 'grad_norm': 2.3532185554504395, 'learning_rate': 0.001, 'epoch': 3.0, 'step': 3}
[2025/08/08 14:42:44] - {'loss': 0.3161, 'grad_norm': 2.3532185554504395, 'learning_rate': 0.001, 'epoch': 3.0, 'step': 3}
[2025/08/08 14:42:44] - {'eval_loss': -1.3740063905715942, 'eval_runtime': 0.1192, 'eval_samples_per_second': 33.564, 'eval_steps_per_second': 8.391, 'epoch': 3.0, 'step': 3}
[2025/08/08 14:42:44] - {'eval_loss': -1.3740063905715942, 'eval_runtime': 0.1192, 'eval_samples_per_second': 33.567, 'eval_steps_per_second': 8.392, 'epoch': 3.0, 'step': 3}
[2025/08/08 14:42:44] - {'eval_loss': -1.3740063905715942, 'eval_runtime': 0.1191, 'eval_samples_per_second': 33.594, 'eval_steps_per_second': 8.399, 'epoch': 3.0, 'step': 3}
[2025/08/08 14:42:44] - {'loss': 0.2321, 'grad_norm': 1.9257689714431763, 'learning_rate': 0.001, 'epoch': 4.0, 'step': 4}
[2025/08/08 14:42:44] - {'loss': 0.2321, 'grad_norm': 1.9257689714431763, 'learning_rate': 0.001, 'epoch': 4.0, 'step': 4}
[2025/08/08 14:42:44] - {'loss': 0.2321, 'grad_norm': 1.9257689714431763, 'learning_rate': 0.001, 'epoch': 4.0, 'step': 4}
[2025/08/08 14:42:44] - {'eval_loss': -1.5508272647857666, 'eval_runtime': 0.197, 'eval_samples_per_second': 20.307, 'eval_steps_per_second': 5.077, 'epoch': 4.0, 'step': 4}
[2025/08/08 14:42:44] - {'eval_loss': -1.5508272647857666, 'eval_runtime': 0.1203, 'eval_samples_per_second': 33.251, 'eval_steps_per_second': 8.313, 'epoch': 4.0, 'step': 4}
[2025/08/08 14:42:44] - {'eval_loss': -1.5508272647857666, 'eval_runtime': 0.1199, 'eval_samples_per_second': 33.348, 'eval_steps_per_second': 8.337, 'epoch': 4.0, 'step': 4}
[2025/08/08 14:42:44] - {'loss': 0.0298, 'grad_norm': 0.21740256249904633, 'learning_rate': 0.001, 'epoch': 5.0, 'step': 5}
[2025/08/08 14:42:44] - {'loss': 0.0298, 'grad_norm': 0.21740256249904633, 'learning_rate': 0.001, 'epoch': 5.0, 'step': 5}
[2025/08/08 14:42:44] - {'loss': 0.0298, 'grad_norm': 0.21740256249904633, 'learning_rate': 0.001, 'epoch': 5.0, 'step': 5}
[2025/08/08 14:42:44] - {'eval_loss': -2.1204030513763428, 'eval_runtime': 0.1192, 'eval_samples_per_second': 33.558, 'eval_steps_per_second': 8.389, 'epoch': 5.0, 'step': 5}
[2025/08/08 14:42:44] - {'eval_loss': -2.1204030513763428, 'eval_runtime': 0.1192, 'eval_samples_per_second': 33.547, 'eval_steps_per_second': 8.387, 'epoch': 5.0, 'step': 5}
[2025/08/08 14:42:44] - {'eval_loss': -2.1204030513763428, 'eval_runtime': 0.1191, 'eval_samples_per_second': 33.585, 'eval_steps_per_second': 8.396, 'epoch': 5.0, 'step': 5}
[2025/08/08 14:42:44] - {'loss': 0.0058, 'grad_norm': 0.03430110216140747, 'learning_rate': 0.001, 'epoch': 6.0, 'step': 6}
[2025/08/08 14:42:44] - {'loss': 0.0058, 'grad_norm': 0.03430110216140747, 'learning_rate': 0.001, 'epoch': 6.0, 'step': 6}
[2025/08/08 14:42:44] - {'loss': 0.0058, 'grad_norm': 0.03430110216140747, 'learning_rate': 0.001, 'epoch': 6.0, 'step': 6}
[2025/08/08 14:42:44] - {'eval_loss': -2.7272756099700928, 'eval_runtime': 0.1193, 'eval_samples_per_second': 33.524, 'eval_steps_per_second': 8.381, 'epoch': 6.0, 'step': 6}
[2025/08/08 14:42:44] - {'eval_loss': -2.7272756099700928, 'eval_runtime': 0.2053, 'eval_samples_per_second': 19.488, 'eval_steps_per_second': 4.872, 'epoch': 6.0, 'step': 6}
[2025/08/08 14:42:44] - {'eval_loss': -2.7272756099700928, 'eval_runtime': 0.1195, 'eval_samples_per_second': 33.478, 'eval_steps_per_second': 8.37, 'epoch': 6.0, 'step': 6}
[2025/08/08 14:42:44] - {'loss': 0.0007, 'grad_norm': 0.005467296577990055, 'learning_rate': 0.001, 'epoch': 7.0, 'step': 7}
[2025/08/08 14:42:44] - {'loss': 0.0007, 'grad_norm': 0.005467296577990055, 'learning_rate': 0.001, 'epoch': 7.0, 'step': 7}
[2025/08/08 14:42:44] - {'loss': 0.0007, 'grad_norm': 0.005467296577990055, 'learning_rate': 0.001, 'epoch': 7.0, 'step': 7}
[2025/08/08 14:42:44] - {'eval_loss': -3.3667404651641846, 'eval_runtime': 0.1212, 'eval_samples_per_second': 33.014, 'eval_steps_per_second': 8.254, 'epoch': 7.0, 'step': 7}
[2025/08/08 14:42:44] - {'eval_loss': -3.3667404651641846, 'eval_runtime': 0.1212, 'eval_samples_per_second': 33.012, 'eval_steps_per_second': 8.253, 'epoch': 7.0, 'step': 7}
[2025/08/08 14:42:44] - {'eval_loss': -3.3667404651641846, 'eval_runtime': 0.1212, 'eval_samples_per_second': 33.015, 'eval_steps_per_second': 8.254, 'epoch': 7.0, 'step': 7}
[2025/08/08 14:42:44] - {'loss': 0.2168, 'grad_norm': 17.08901596069336, 'learning_rate': 0.001, 'epoch': 8.0, 'step': 8}
[2025/08/08 14:42:44] - {'loss': 0.2168, 'grad_norm': 17.08901596069336, 'learning_rate': 0.001, 'epoch': 8.0, 'step': 8}
[2025/08/08 14:42:44] - {'loss': 0.2168, 'grad_norm': 17.08901596069336, 'learning_rate': 0.001, 'epoch': 8.0, 'step': 8}
[2025/08/08 14:42:44] - {'eval_loss': -3.677866220474243, 'eval_runtime': 0.1195, 'eval_samples_per_second': 33.478, 'eval_steps_per_second': 8.37, 'epoch': 8.0, 'step': 8}
[2025/08/08 14:42:44] - {'eval_loss': -3.677866220474243, 'eval_runtime': 0.1942, 'eval_samples_per_second': 20.601, 'eval_steps_per_second': 5.15, 'epoch': 8.0, 'step': 8}
[2025/08/08 14:42:44] - {'eval_loss': -3.677866220474243, 'eval_runtime': 0.1192, 'eval_samples_per_second': 33.554, 'eval_steps_per_second': 8.388, 'epoch': 8.0, 'step': 8}
[2025/08/08 14:42:44] - {'loss': 0.0005, 'grad_norm': 0.008431907743215561, 'learning_rate': 0.001, 'epoch': 9.0, 'step': 9}
[2025/08/08 14:42:44] - {'loss': 0.0005, 'grad_norm': 0.008431907743215561, 'learning_rate': 0.001, 'epoch': 9.0, 'step': 9}
[2025/08/08 14:42:44] - {'loss': 0.0005, 'grad_norm': 0.008431907743215561, 'learning_rate': 0.001, 'epoch': 9.0, 'step': 9}
[2025/08/08 14:42:44] - {'eval_loss': -4.093994140625, 'eval_runtime': 0.1196, 'eval_samples_per_second': 33.45, 'eval_steps_per_second': 8.362, 'epoch': 9.0, 'step': 9}
[2025/08/08 14:42:44] - {'eval_loss': -4.093994140625, 'eval_runtime': 0.1195, 'eval_samples_per_second': 33.459, 'eval_steps_per_second': 8.365, 'epoch': 9.0, 'step': 9}
[2025/08/08 14:42:44] - {'eval_loss': -4.093994140625, 'eval_runtime': 0.1196, 'eval_samples_per_second': 33.457, 'eval_steps_per_second': 8.364, 'epoch': 9.0, 'step': 9}
[2025/08/08 14:42:44] - {'loss': 0.3721, 'grad_norm': 3.570211172103882, 'learning_rate': 0.001, 'epoch': 10.0, 'step': 10}
[2025/08/08 14:42:44] - {'loss': 0.3721, 'grad_norm': 3.570211172103882, 'learning_rate': 0.001, 'epoch': 10.0, 'step': 10}
[2025/08/08 14:42:44] - {'loss': 0.3721, 'grad_norm': 3.570211172103882, 'learning_rate': 0.001, 'epoch': 10.0, 'step': 10}
[2025/08/08 14:42:44] - {'eval_loss': -4.369236946105957, 'eval_runtime': 0.2055, 'eval_samples_per_second': 19.464, 'eval_steps_per_second': 4.866, 'epoch': 10.0, 'step': 10}
[2025/08/08 14:42:44] - {'eval_loss': -4.369236946105957, 'eval_runtime': 0.1194, 'eval_samples_per_second': 33.502, 'eval_steps_per_second': 8.376, 'epoch': 10.0, 'step': 10}
[2025/08/08 14:42:44] - {'eval_loss': -4.369236946105957, 'eval_runtime': 0.1204, 'eval_samples_per_second': 33.227, 'eval_steps_per_second': 8.307, 'epoch': 10.0, 'step': 10}
[2025/08/08 14:42:44] - {'loss': 0.0005, 'grad_norm': 0.011779969558119774, 'learning_rate': 0.001, 'epoch': 11.0, 'step': 11}
[2025/08/08 14:42:44] - {'loss': 0.0005, 'grad_norm': 0.011779969558119774, 'learning_rate': 0.001, 'epoch': 11.0, 'step': 11}
[2025/08/08 14:42:44] - {'loss': 0.0005, 'grad_norm': 0.011779969558119774, 'learning_rate': 0.001, 'epoch': 11.0, 'step': 11}
[2025/08/08 14:42:44] - {'eval_loss': -4.632850646972656, 'eval_runtime': 0.1191, 'eval_samples_per_second': 33.59, 'eval_steps_per_second': 8.397, 'epoch': 11.0, 'step': 11}
[2025/08/08 14:42:44] - {'eval_loss': -4.632850646972656, 'eval_runtime': 0.1191, 'eval_samples_per_second': 33.578, 'eval_steps_per_second': 8.395, 'epoch': 11.0, 'step': 11}
[2025/08/08 14:42:44] - {'eval_loss': -4.632850646972656, 'eval_runtime': 0.1191, 'eval_samples_per_second': 33.596, 'eval_steps_per_second': 8.399, 'epoch': 11.0, 'step': 11}
[2025/08/08 14:42:44] - {'loss': 0.0005, 'grad_norm': 0.013587774708867073, 'learning_rate': 0.001, 'epoch': 12.0, 'step': 12}
[2025/08/08 14:42:44] - {'loss': 0.0005, 'grad_norm': 0.013587774708867073, 'learning_rate': 0.001, 'epoch': 12.0, 'step': 12}
[2025/08/08 14:42:44] - {'loss': 0.0005, 'grad_norm': 0.013587774708867073, 'learning_rate': 0.001, 'epoch': 12.0, 'step': 12}
[2025/08/08 14:42:44] - {'eval_loss': -4.9033637046813965, 'eval_runtime': 0.1205, 'eval_samples_per_second': 33.188, 'eval_steps_per_second': 8.297, 'epoch': 12.0, 'step': 12}
[2025/08/08 14:42:44] - {'eval_loss': -4.9033637046813965, 'eval_runtime': 0.1641, 'eval_samples_per_second': 24.381, 'eval_steps_per_second': 6.095, 'epoch': 12.0, 'step': 12}
[2025/08/08 14:42:44] - {'eval_loss': -4.9033637046813965, 'eval_runtime': 0.12, 'eval_samples_per_second': 33.345, 'eval_steps_per_second': 8.336, 'epoch': 12.0, 'step': 12}
[2025/08/08 14:42:44] - {'loss': 0.001, 'grad_norm': 0.061634935438632965, 'learning_rate': 0.001, 'epoch': 13.0, 'step': 13}
[2025/08/08 14:42:44] - {'loss': 0.001, 'grad_norm': 0.061634935438632965, 'learning_rate': 0.001, 'epoch': 13.0, 'step': 13}
[2025/08/08 14:42:44] - {'loss': 0.001, 'grad_norm': 0.061634935438632965, 'learning_rate': 0.001, 'epoch': 13.0, 'step': 13}
[2025/08/08 14:42:44] - {'eval_loss': -5.265661239624023, 'eval_runtime': 0.119, 'eval_samples_per_second': 33.615, 'eval_steps_per_second': 8.404, 'epoch': 13.0, 'step': 13}
[2025/08/08 14:42:44] - {'eval_loss': -5.265661239624023, 'eval_runtime': 0.119, 'eval_samples_per_second': 33.619, 'eval_steps_per_second': 8.405, 'epoch': 13.0, 'step': 13}
[2025/08/08 14:42:44] - {'eval_loss': -5.265661239624023, 'eval_runtime': 0.1189, 'eval_samples_per_second': 33.633, 'eval_steps_per_second': 8.408, 'epoch': 13.0, 'step': 13}
[2025/08/08 14:42:44] - {'loss': 0.0003, 'grad_norm': 0.008354407735168934, 'learning_rate': 0.001, 'epoch': 14.0, 'step': 14}
[2025/08/08 14:42:44] - {'loss': 0.0003, 'grad_norm': 0.008354407735168934, 'learning_rate': 0.001, 'epoch': 14.0, 'step': 14}
[2025/08/08 14:42:44] - {'loss': 0.0003, 'grad_norm': 0.008354407735168934, 'learning_rate': 0.001, 'epoch': 14.0, 'step': 14}
[2025/08/08 14:42:44] - {'eval_loss': -5.6094865798950195, 'eval_runtime': 0.2154, 'eval_samples_per_second': 18.57, 'eval_steps_per_second': 4.642, 'epoch': 14.0, 'step': 14}
[2025/08/08 14:42:44] - {'eval_loss': -5.6094865798950195, 'eval_runtime': 0.1199, 'eval_samples_per_second': 33.366, 'eval_steps_per_second': 8.341, 'epoch': 14.0, 'step': 14}
[2025/08/08 14:42:44] - {'eval_loss': -5.6094865798950195, 'eval_runtime': 0.1192, 'eval_samples_per_second': 33.567, 'eval_steps_per_second': 8.392, 'epoch': 14.0, 'step': 14}
[2025/08/08 14:42:44] - {'loss': 0.0029, 'grad_norm': 0.17939729988574982, 'learning_rate': 0.001, 'epoch': 15.0, 'step': 15}
[2025/08/08 14:42:44] - {'loss': 0.0029, 'grad_norm': 0.17939729988574982, 'learning_rate': 0.001, 'epoch': 15.0, 'step': 15}
[2025/08/08 14:42:44] - {'loss': 0.0029, 'grad_norm': 0.17939729988574982, 'learning_rate': 0.001, 'epoch': 15.0, 'step': 15}
[2025/08/08 14:42:44] - {'eval_loss': -5.922379493713379, 'eval_runtime': 0.1193, 'eval_samples_per_second': 33.541, 'eval_steps_per_second': 8.385, 'epoch': 15.0, 'step': 15}
[2025/08/08 14:42:44] - {'eval_loss': -5.922379493713379, 'eval_runtime': 0.1193, 'eval_samples_per_second': 33.538, 'eval_steps_per_second': 8.385, 'epoch': 15.0, 'step': 15}
[2025/08/08 14:42:44] - {'eval_loss': -5.922379493713379, 'eval_runtime': 0.1192, 'eval_samples_per_second': 33.565, 'eval_steps_per_second': 8.391, 'epoch': 15.0, 'step': 15}
[2025/08/08 14:42:44] - {'loss': 0.0003, 'grad_norm': 0.014360751956701279, 'learning_rate': 0.001, 'epoch': 16.0, 'step': 16}
[2025/08/08 14:42:44] - {'loss': 0.0003, 'grad_norm': 0.014360751956701279, 'learning_rate': 0.001, 'epoch': 16.0, 'step': 16}
[2025/08/08 14:42:44] - {'loss': 0.0003, 'grad_norm': 0.014360751956701279, 'learning_rate': 0.001, 'epoch': 16.0, 'step': 16}
[2025/08/08 14:42:44] - {'eval_loss': -6.218518257141113, 'eval_runtime': 0.1201, 'eval_samples_per_second': 33.317, 'eval_steps_per_second': 8.329, 'epoch': 16.0, 'step': 16}
[2025/08/08 14:42:44] - {'eval_loss': -6.218518257141113, 'eval_runtime': 0.1193, 'eval_samples_per_second': 33.525, 'eval_steps_per_second': 8.381, 'epoch': 16.0, 'step': 16}
[2025/08/08 14:42:44] - {'eval_loss': -6.218518257141113, 'eval_runtime': 0.12, 'eval_samples_per_second': 33.321, 'eval_steps_per_second': 8.33, 'epoch': 16.0, 'step': 16}
[2025/08/08 14:42:44] - {'loss': 0.003, 'grad_norm': 0.3392384946346283, 'learning_rate': 0.001, 'epoch': 17.0, 'step': 17}
[2025/08/08 14:42:44] - {'loss': 0.003, 'grad_norm': 0.3392384946346283, 'learning_rate': 0.001, 'epoch': 17.0, 'step': 17}
[2025/08/08 14:42:44] - {'loss': 0.003, 'grad_norm': 0.3392384946346283, 'learning_rate': 0.001, 'epoch': 17.0, 'step': 17}
[2025/08/08 14:42:44] - {'eval_loss': -6.3192949295043945, 'eval_runtime': 0.1198, 'eval_samples_per_second': 33.395, 'eval_steps_per_second': 8.349, 'epoch': 17.0, 'step': 17}
[2025/08/08 14:42:44] - {'eval_loss': -6.3192949295043945, 'eval_runtime': 0.1198, 'eval_samples_per_second': 33.394, 'eval_steps_per_second': 8.348, 'epoch': 17.0, 'step': 17}
[2025/08/08 14:42:44] - {'eval_loss': -6.3192949295043945, 'eval_runtime': 0.1197, 'eval_samples_per_second': 33.423, 'eval_steps_per_second': 8.356, 'epoch': 17.0, 'step': 17}
[2025/08/08 14:42:44] - {'loss': 0.0001, 'grad_norm': 0.0014652153477072716, 'learning_rate': 0.001, 'epoch': 18.0, 'step': 18}
[2025/08/08 14:42:44] - {'loss': 0.0001, 'grad_norm': 0.0014652153477072716, 'learning_rate': 0.001, 'epoch': 18.0, 'step': 18}
[2025/08/08 14:42:44] - {'loss': 0.0001, 'grad_norm': 0.0014652153477072716, 'learning_rate': 0.001, 'epoch': 18.0, 'step': 18}
[2025/08/08 14:42:44] - {'eval_loss': -6.557001113891602, 'eval_runtime': 0.1194, 'eval_samples_per_second': 33.506, 'eval_steps_per_second': 8.376, 'epoch': 18.0, 'step': 18}
[2025/08/08 14:42:44] - {'eval_loss': -6.557001113891602, 'eval_runtime': 0.1192, 'eval_samples_per_second': 33.556, 'eval_steps_per_second': 8.389, 'epoch': 18.0, 'step': 18}
[2025/08/08 14:42:44] - {'eval_loss': -6.557001113891602, 'eval_runtime': 0.1193, 'eval_samples_per_second': 33.516, 'eval_steps_per_second': 8.379, 'epoch': 18.0, 'step': 18}
[2025/08/08 14:42:44] - {'loss': 0.0004, 'grad_norm': 0.008109815418720245, 'learning_rate': 0.001, 'epoch': 19.0, 'step': 19}
[2025/08/08 14:42:44] - {'loss': 0.0004, 'grad_norm': 0.008109815418720245, 'learning_rate': 0.001, 'epoch': 19.0, 'step': 19}
[2025/08/08 14:42:44] - {'loss': 0.0004, 'grad_norm': 0.008109815418720245, 'learning_rate': 0.001, 'epoch': 19.0, 'step': 19}
[2025/08/08 14:42:44] - {'eval_loss': -6.758503437042236, 'eval_runtime': 0.1193, 'eval_samples_per_second': 33.528, 'eval_steps_per_second': 8.382, 'epoch': 19.0, 'step': 19}
[2025/08/08 14:42:44] - {'eval_loss': -6.758503437042236, 'eval_runtime': 0.1191, 'eval_samples_per_second': 33.585, 'eval_steps_per_second': 8.396, 'epoch': 19.0, 'step': 19}
[2025/08/08 14:42:44] - {'eval_loss': -6.758503437042236, 'eval_runtime': 0.119, 'eval_samples_per_second': 33.613, 'eval_steps_per_second': 8.403, 'epoch': 19.0, 'step': 19}
[2025/08/08 14:42:44] - {'loss': 0.0002, 'grad_norm': 0.004561020992696285, 'learning_rate': 0.001, 'epoch': 20.0, 'step': 20}
[2025/08/08 14:42:44] - {'loss': 0.0002, 'grad_norm': 0.004561020992696285, 'learning_rate': 0.001, 'epoch': 20.0, 'step': 20}
[2025/08/08 14:42:44] - {'loss': 0.0002, 'grad_norm': 0.004561020992696285, 'learning_rate': 0.001, 'epoch': 20.0, 'step': 20}
[2025/08/08 14:42:44] - {'eval_loss': -6.943748474121094, 'eval_runtime': 0.1193, 'eval_samples_per_second': 33.537, 'eval_steps_per_second': 8.384, 'epoch': 20.0, 'step': 20}
[2025/08/08 14:42:44] - {'eval_loss': -6.943748474121094, 'eval_runtime': 0.1202, 'eval_samples_per_second': 33.288, 'eval_steps_per_second': 8.322, 'epoch': 20.0, 'step': 20}
[2025/08/08 14:42:44] - {'eval_loss': -6.943748474121094, 'eval_runtime': 0.1207, 'eval_samples_per_second': 33.146, 'eval_steps_per_second': 8.287, 'epoch': 20.0, 'step': 20}
[2025/08/08 14:42:44] - {'loss': 0.0002, 'grad_norm': 0.006701401434838772, 'learning_rate': 0.001, 'epoch': 21.0, 'step': 21}
[2025/08/08 14:42:44] - {'loss': 0.0002, 'grad_norm': 0.006701401434838772, 'learning_rate': 0.001, 'epoch': 21.0, 'step': 21}
[2025/08/08 14:42:44] - {'loss': 0.0002, 'grad_norm': 0.006701401434838772, 'learning_rate': 0.001, 'epoch': 21.0, 'step': 21}
[2025/08/08 14:42:44] - {'eval_loss': -7.127535343170166, 'eval_runtime': 0.1195, 'eval_samples_per_second': 33.477, 'eval_steps_per_second': 8.369, 'epoch': 21.0, 'step': 21}
[2025/08/08 14:42:44] - {'eval_loss': -7.127535343170166, 'eval_runtime': 0.1195, 'eval_samples_per_second': 33.474, 'eval_steps_per_second': 8.368, 'epoch': 21.0, 'step': 21}
[2025/08/08 14:42:44] - {'eval_loss': -7.127535343170166, 'eval_runtime': 0.1194, 'eval_samples_per_second': 33.507, 'eval_steps_per_second': 8.377, 'epoch': 21.0, 'step': 21}
[2025/08/08 14:42:44] - {'loss': 0.0001, 'grad_norm': 0.003084556432440877, 'learning_rate': 0.001, 'epoch': 22.0, 'step': 22}
[2025/08/08 14:42:44] - {'loss': 0.0001, 'grad_norm': 0.003084556432440877, 'learning_rate': 0.001, 'epoch': 22.0, 'step': 22}
[2025/08/08 14:42:44] - {'loss': 0.0001, 'grad_norm': 0.003084556432440877, 'learning_rate': 0.001, 'epoch': 22.0, 'step': 22}
[2025/08/08 14:42:44] - {'eval_loss': -7.2563300132751465, 'eval_runtime': 0.1195, 'eval_samples_per_second': 33.461, 'eval_steps_per_second': 8.365, 'epoch': 22.0, 'step': 22}
[2025/08/08 14:42:44] - {'eval_loss': -7.2563300132751465, 'eval_runtime': 0.1201, 'eval_samples_per_second': 33.31, 'eval_steps_per_second': 8.327, 'epoch': 22.0, 'step': 22}
[2025/08/08 14:42:44] - {'eval_loss': -7.2563300132751465, 'eval_runtime': 0.1203, 'eval_samples_per_second': 33.258, 'eval_steps_per_second': 8.315, 'epoch': 22.0, 'step': 22}
[2025/08/08 14:42:44] - {'loss': 0.0067, 'grad_norm': 0.26442229747772217, 'learning_rate': 0.001, 'epoch': 23.0, 'step': 23}
[2025/08/08 14:42:44] - {'loss': 0.0067, 'grad_norm': 0.26442229747772217, 'learning_rate': 0.001, 'epoch': 23.0, 'step': 23}
[2025/08/08 14:42:44] - {'loss': 0.0067, 'grad_norm': 0.26442229747772217, 'learning_rate': 0.001, 'epoch': 23.0, 'step': 23}
[2025/08/08 14:42:44] - {'eval_loss': -7.3876776695251465, 'eval_runtime': 0.1193, 'eval_samples_per_second': 33.54, 'eval_steps_per_second': 8.385, 'epoch': 23.0, 'step': 23}
[2025/08/08 14:42:44] - {'eval_loss': -7.3876776695251465, 'eval_runtime': 0.1192, 'eval_samples_per_second': 33.554, 'eval_steps_per_second': 8.389, 'epoch': 23.0, 'step': 23}
[2025/08/08 14:42:44] - {'eval_loss': -7.3876776695251465, 'eval_runtime': 0.1192, 'eval_samples_per_second': 33.546, 'eval_steps_per_second': 8.387, 'epoch': 23.0, 'step': 23}
[2025/08/08 14:42:44] - {'loss': 0.0004, 'grad_norm': 0.018208859488368034, 'learning_rate': 0.001, 'epoch': 24.0, 'step': 24}
[2025/08/08 14:42:44] - {'loss': 0.0004, 'grad_norm': 0.018208859488368034, 'learning_rate': 0.001, 'epoch': 24.0, 'step': 24}
[2025/08/08 14:42:44] - {'loss': 0.0004, 'grad_norm': 0.018208859488368034, 'learning_rate': 0.001, 'epoch': 24.0, 'step': 24}
[2025/08/08 14:42:44] - {'eval_loss': -7.5040998458862305, 'eval_runtime': 0.2673, 'eval_samples_per_second': 14.964, 'eval_steps_per_second': 3.741, 'epoch': 24.0, 'step': 24}
[2025/08/08 14:42:44] - {'eval_loss': -7.5040998458862305, 'eval_runtime': 0.1193, 'eval_samples_per_second': 33.52, 'eval_steps_per_second': 8.38, 'epoch': 24.0, 'step': 24}
[2025/08/08 14:42:44] - {'eval_loss': -7.5040998458862305, 'eval_runtime': 0.1193, 'eval_samples_per_second': 33.524, 'eval_steps_per_second': 8.381, 'epoch': 24.0, 'step': 24}
[2025/08/08 14:42:44] - {'loss': 0.0002, 'grad_norm': 0.007661843206733465, 'learning_rate': 0.001, 'epoch': 25.0, 'step': 25}
[2025/08/08 14:42:44] - {'loss': 0.0002, 'grad_norm': 0.007661843206733465, 'learning_rate': 0.001, 'epoch': 25.0, 'step': 25}
[2025/08/08 14:42:44] - {'loss': 0.0002, 'grad_norm': 0.007661843206733465, 'learning_rate': 0.001, 'epoch': 25.0, 'step': 25}
[2025/08/08 14:42:44] - {'eval_loss': -7.59262752532959, 'eval_runtime': 0.1194, 'eval_samples_per_second': 33.492, 'eval_steps_per_second': 8.373, 'epoch': 25.0, 'step': 25}
[2025/08/08 14:42:44] - {'eval_loss': -7.59262752532959, 'eval_runtime': 0.1195, 'eval_samples_per_second': 33.466, 'eval_steps_per_second': 8.366, 'epoch': 25.0, 'step': 25}
[2025/08/08 14:42:44] - {'eval_loss': -7.59262752532959, 'eval_runtime': 0.1195, 'eval_samples_per_second': 33.471, 'eval_steps_per_second': 8.368, 'epoch': 25.0, 'step': 25}
[2025/08/08 14:42:44] - {'train_runtime': 44.9764, 'train_samples_per_second': 2.223, 'train_steps_per_second': 0.556, 'total_flos': 0.0, 'train_loss': 0.6389103026041993, 'epoch': 25.0, 'step': 25}
[2025/08/08 14:42:44] - {'train_runtime': 44.9644, 'train_samples_per_second': 2.224, 'train_steps_per_second': 0.556, 'total_flos': 0.0, 'train_loss': 0.6389103026041993, 'epoch': 25.0, 'step': 25}
[2025/08/08 14:42:44] - {'train_runtime': 44.9194, 'train_samples_per_second': 2.226, 'train_steps_per_second': 0.557, 'total_flos': 0.0, 'train_loss': 0.6389103026041993, 'epoch': 25.0, 'step': 25}
[2025/08/08 14:42:44] - {'loss': 13.8644, 'grad_norm': 59.114906311035156, 'learning_rate': 0.001, 'epoch': 1.0, 'step': 1}
[2025/08/08 14:42:44] - {'eval_loss': -0.004514861851930618, 'eval_runtime': 0.13, 'eval_samples_per_second': 30.757, 'eval_steps_per_second': 7.689, 'epoch': 1.0, 'step': 1}
[2025/08/08 14:42:44] - {'loss': 0.9177, 'grad_norm': 4.229922294616699, 'learning_rate': 0.001, 'epoch': 2.0, 'step': 2}
[2025/08/08 14:42:44] - {'eval_loss': -0.9882247447967529, 'eval_runtime': 0.1195, 'eval_samples_per_second': 33.475, 'eval_steps_per_second': 8.369, 'epoch': 2.0, 'step': 2}
[2025/08/08 14:42:44] - {'loss': 0.3161, 'grad_norm': 2.3532185554504395, 'learning_rate': 0.001, 'epoch': 3.0, 'step': 3}
[2025/08/08 14:42:44] - {'eval_loss': -1.3740063905715942, 'eval_runtime': 0.1189, 'eval_samples_per_second': 33.643, 'eval_steps_per_second': 8.411, 'epoch': 3.0, 'step': 3}
[2025/08/08 14:42:44] - {'loss': 0.2321, 'grad_norm': 1.9257689714431763, 'learning_rate': 0.001, 'epoch': 4.0, 'step': 4}
[2025/08/08 14:42:44] - {'eval_loss': -1.5508272647857666, 'eval_runtime': 0.119, 'eval_samples_per_second': 33.626, 'eval_steps_per_second': 8.407, 'epoch': 4.0, 'step': 4}
[2025/08/08 14:42:44] - {'loss': 0.0298, 'grad_norm': 0.21740256249904633, 'learning_rate': 0.001, 'epoch': 5.0, 'step': 5}
[2025/08/08 14:42:44] - {'eval_loss': -2.1204030513763428, 'eval_runtime': 0.1189, 'eval_samples_per_second': 33.628, 'eval_steps_per_second': 8.407, 'epoch': 5.0, 'step': 5}
[2025/08/08 14:42:44] - {'loss': 0.0058, 'grad_norm': 0.03430110216140747, 'learning_rate': 0.001, 'epoch': 6.0, 'step': 6}
[2025/08/08 14:42:44] - {'eval_loss': -2.7272756099700928, 'eval_runtime': 0.1195, 'eval_samples_per_second': 33.471, 'eval_steps_per_second': 8.368, 'epoch': 6.0, 'step': 6}
[2025/08/08 14:42:44] - {'loss': 0.0007, 'grad_norm': 0.005467296577990055, 'learning_rate': 0.001, 'epoch': 7.0, 'step': 7}
[2025/08/08 14:42:44] - {'eval_loss': -3.3667404651641846, 'eval_runtime': 0.1209, 'eval_samples_per_second': 33.089, 'eval_steps_per_second': 8.272, 'epoch': 7.0, 'step': 7}
[2025/08/08 14:42:44] - {'loss': 0.2168, 'grad_norm': 17.08901596069336, 'learning_rate': 0.001, 'epoch': 8.0, 'step': 8}
[2025/08/08 14:42:44] - {'eval_loss': -3.677866220474243, 'eval_runtime': 0.1195, 'eval_samples_per_second': 33.482, 'eval_steps_per_second': 8.37, 'epoch': 8.0, 'step': 8}
[2025/08/08 14:42:44] - {'loss': 0.0005, 'grad_norm': 0.008431907743215561, 'learning_rate': 0.001, 'epoch': 9.0, 'step': 9}
[2025/08/08 14:42:44] - {'eval_loss': -4.093994140625, 'eval_runtime': 0.1194, 'eval_samples_per_second': 33.493, 'eval_steps_per_second': 8.373, 'epoch': 9.0, 'step': 9}
[2025/08/08 14:42:44] - {'loss': 0.3721, 'grad_norm': 3.570211172103882, 'learning_rate': 0.001, 'epoch': 10.0, 'step': 10}
[2025/08/08 14:42:44] - {'eval_loss': -4.369236946105957, 'eval_runtime': 0.1205, 'eval_samples_per_second': 33.207, 'eval_steps_per_second': 8.302, 'epoch': 10.0, 'step': 10}
[2025/08/08 14:42:44] - {'loss': 0.0005, 'grad_norm': 0.011779969558119774, 'learning_rate': 0.001, 'epoch': 11.0, 'step': 11}
[2025/08/08 14:42:44] - {'eval_loss': -4.632850646972656, 'eval_runtime': 0.1189, 'eval_samples_per_second': 33.642, 'eval_steps_per_second': 8.41, 'epoch': 11.0, 'step': 11}
[2025/08/08 14:42:44] - {'loss': 0.0005, 'grad_norm': 0.013587774708867073, 'learning_rate': 0.001, 'epoch': 12.0, 'step': 12}
[2025/08/08 14:42:44] - {'eval_loss': -4.9033637046813965, 'eval_runtime': 0.1191, 'eval_samples_per_second': 33.577, 'eval_steps_per_second': 8.394, 'epoch': 12.0, 'step': 12}
[2025/08/08 14:42:44] - {'loss': 0.001, 'grad_norm': 0.061634935438632965, 'learning_rate': 0.001, 'epoch': 13.0, 'step': 13}
[2025/08/08 14:42:44] - {'eval_loss': -5.265661239624023, 'eval_runtime': 0.1187, 'eval_samples_per_second': 33.696, 'eval_steps_per_second': 8.424, 'epoch': 13.0, 'step': 13}
[2025/08/08 14:42:44] - {'loss': 0.0003, 'grad_norm': 0.008354407735168934, 'learning_rate': 0.001, 'epoch': 14.0, 'step': 14}
[2025/08/08 14:42:44] - {'eval_loss': -5.6094865798950195, 'eval_runtime': 0.1195, 'eval_samples_per_second': 33.473, 'eval_steps_per_second': 8.368, 'epoch': 14.0, 'step': 14}
[2025/08/08 14:42:44] - {'loss': 0.0029, 'grad_norm': 0.17939729988574982, 'learning_rate': 0.001, 'epoch': 15.0, 'step': 15}
[2025/08/08 14:42:44] - {'eval_loss': -5.922379493713379, 'eval_runtime': 0.119, 'eval_samples_per_second': 33.624, 'eval_steps_per_second': 8.406, 'epoch': 15.0, 'step': 15}
[2025/08/08 14:42:44] - {'loss': 0.0003, 'grad_norm': 0.014360751956701279, 'learning_rate': 0.001, 'epoch': 16.0, 'step': 16}
[2025/08/08 14:42:44] - {'eval_loss': -6.218518257141113, 'eval_runtime': 0.1901, 'eval_samples_per_second': 21.04, 'eval_steps_per_second': 5.26, 'epoch': 16.0, 'step': 16}
[2025/08/08 14:42:44] - {'loss': 0.003, 'grad_norm': 0.3392384946346283, 'learning_rate': 0.001, 'epoch': 17.0, 'step': 17}
[2025/08/08 14:42:44] - {'eval_loss': -6.3192949295043945, 'eval_runtime': 0.1195, 'eval_samples_per_second': 33.467, 'eval_steps_per_second': 8.367, 'epoch': 17.0, 'step': 17}
[2025/08/08 14:42:44] - {'loss': 0.0001, 'grad_norm': 0.0014652153477072716, 'learning_rate': 0.001, 'epoch': 18.0, 'step': 18}
[2025/08/08 14:42:44] - {'eval_loss': -6.557001113891602, 'eval_runtime': 0.1838, 'eval_samples_per_second': 21.765, 'eval_steps_per_second': 5.441, 'epoch': 18.0, 'step': 18}
[2025/08/08 14:42:44] - {'loss': 0.0004, 'grad_norm': 0.008109815418720245, 'learning_rate': 0.001, 'epoch': 19.0, 'step': 19}
[2025/08/08 14:42:44] - {'eval_loss': -6.758503437042236, 'eval_runtime': 0.1188, 'eval_samples_per_second': 33.668, 'eval_steps_per_second': 8.417, 'epoch': 19.0, 'step': 19}
[2025/08/08 14:42:44] - {'loss': 0.0002, 'grad_norm': 0.004561020992696285, 'learning_rate': 0.001, 'epoch': 20.0, 'step': 20}
[2025/08/08 14:42:44] - {'eval_loss': -6.943748474121094, 'eval_runtime': 0.2053, 'eval_samples_per_second': 19.485, 'eval_steps_per_second': 4.871, 'epoch': 20.0, 'step': 20}
[2025/08/08 14:42:44] - {'loss': 0.0002, 'grad_norm': 0.006701401434838772, 'learning_rate': 0.001, 'epoch': 21.0, 'step': 21}
[2025/08/08 14:42:44] - {'eval_loss': -7.127535343170166, 'eval_runtime': 0.1192, 'eval_samples_per_second': 33.549, 'eval_steps_per_second': 8.387, 'epoch': 21.0, 'step': 21}
[2025/08/08 14:42:44] - {'loss': 0.0001, 'grad_norm': 0.003084556432440877, 'learning_rate': 0.001, 'epoch': 22.0, 'step': 22}
[2025/08/08 14:42:44] - {'eval_loss': -7.2563300132751465, 'eval_runtime': 0.1201, 'eval_samples_per_second': 33.307, 'eval_steps_per_second': 8.327, 'epoch': 22.0, 'step': 22}
[2025/08/08 14:42:44] - {'loss': 0.0067, 'grad_norm': 0.26442229747772217, 'learning_rate': 0.001, 'epoch': 23.0, 'step': 23}
[2025/08/08 14:42:44] - {'eval_loss': -7.3876776695251465, 'eval_runtime': 0.1189, 'eval_samples_per_second': 33.647, 'eval_steps_per_second': 8.412, 'epoch': 23.0, 'step': 23}
[2025/08/08 14:42:44] - {'loss': 0.0004, 'grad_norm': 0.018208859488368034, 'learning_rate': 0.001, 'epoch': 24.0, 'step': 24}
[2025/08/08 14:42:44] - {'eval_loss': -7.5040998458862305, 'eval_runtime': 0.1193, 'eval_samples_per_second': 33.52, 'eval_steps_per_second': 8.38, 'epoch': 24.0, 'step': 24}
[2025/08/08 14:42:44] - {'loss': 0.0002, 'grad_norm': 0.007661843206733465, 'learning_rate': 0.001, 'epoch': 25.0, 'step': 25}
[2025/08/08 14:42:44] - {'eval_loss': -7.59262752532959, 'eval_runtime': 0.119, 'eval_samples_per_second': 33.607, 'eval_steps_per_second': 8.402, 'epoch': 25.0, 'step': 25}
[2025/08/08 14:42:44] - {'train_runtime': 45.8133, 'train_samples_per_second': 2.183, 'train_steps_per_second': 0.546, 'total_flos': 0.0, 'train_loss': 0.6389103026041993, 'epoch': 25.0, 'step': 25}
