[2025/08/08 14:32:34] - Detected kernel version 4.18.0, which is below the recommended minimum of 5.5.0; this can cause the process to hang. It is recommended to upgrade the kernel to the minimum version or higher.
[2025/08/08 14:32:34] - Using 4 GPUs
[2025/08/08 14:32:34] - Starting new HTTPS connection (1): huggingface.co:443
[2025/08/08 14:32:34] - Using 4 GPUs
[2025/08/08 14:32:34] - Starting new HTTPS connection (1): huggingface.co:443
[2025/08/08 14:32:34] - Using 4 GPUs
[2025/08/08 14:32:34] - Starting new HTTPS connection (1): huggingface.co:443
[2025/08/08 14:32:34] - Using 4 GPUs
[2025/08/08 14:32:34] - Starting new HTTPS connection (1): huggingface.co:443
[2025/08/08 14:33:14] - Starting new HTTPS connection (2): huggingface.co:443
[2025/08/08 14:33:14] - Starting new HTTPS connection (2): huggingface.co:443
[2025/08/08 14:33:14] - Starting new HTTPS connection (2): huggingface.co:443
[2025/08/08 14:33:14] - Starting new HTTPS connection (2): huggingface.co:443
[2025/08/08 14:34:59] - Starting new HTTPS connection (3): huggingface.co:443
[2025/08/08 14:34:59] - Starting new HTTPS connection (3): huggingface.co:443
[2025/08/08 14:34:59] - Starting new HTTPS connection (3): huggingface.co:443
[2025/08/08 14:34:59] - Starting new HTTPS connection (3): huggingface.co:443
[2025/08/08 14:35:39] - Loading bitsandbytes native library from: /home/hsc/ENV-3.10/lib/python3.10/site-packages/bitsandbytes/libbitsandbytes_cuda122.so
[2025/08/08 14:35:39] - Loading bitsandbytes native library from: /home/hsc/ENV-3.10/lib/python3.10/site-packages/bitsandbytes/libbitsandbytes_cuda122.so
[2025/08/08 14:35:39] - Loading bitsandbytes native library from: /home/hsc/ENV-3.10/lib/python3.10/site-packages/bitsandbytes/libbitsandbytes_cuda122.so
[2025/08/08 14:35:39] - Loading bitsandbytes native library from: /home/hsc/ENV-3.10/lib/python3.10/site-packages/bitsandbytes/libbitsandbytes_cuda122.so
[2025/08/08 14:35:53] - Detected kernel version 4.18.0, which is below the recommended minimum of 5.5.0; this can cause the process to hang. It is recommended to upgrade the kernel to the minimum version or higher.
[2025/08/08 14:36:40] - {'loss': -0.001, 'grad_norm': 0.023562638089060783, 'learning_rate': 0.001, 'epoch': 1.0, 'step': 1}
[2025/08/08 14:36:40] - {'loss': -0.001, 'grad_norm': 0.023562638089060783, 'learning_rate': 0.001, 'epoch': 1.0, 'step': 1}
[2025/08/08 14:36:40] - {'loss': -0.001, 'grad_norm': 0.023562638089060783, 'learning_rate': 0.001, 'epoch': 1.0, 'step': 1}
[2025/08/08 14:36:40] - {'eval_loss': -0.6638355851173401, 'eval_runtime': 0.1256, 'eval_samples_per_second': 31.85, 'eval_steps_per_second': 7.962, 'epoch': 1.0, 'step': 1}
[2025/08/08 14:36:40] - {'eval_loss': -0.6638355851173401, 'eval_runtime': 0.1256, 'eval_samples_per_second': 31.851, 'eval_steps_per_second': 7.963, 'epoch': 1.0, 'step': 1}
[2025/08/08 14:36:40] - {'eval_loss': -0.6638355851173401, 'eval_runtime': 0.1256, 'eval_samples_per_second': 31.85, 'eval_steps_per_second': 7.962, 'epoch': 1.0, 'step': 1}
[2025/08/08 14:36:40] - {'loss': -0.5892, 'grad_norm': 4.042057991027832, 'learning_rate': 0.001, 'epoch': 2.0, 'step': 2}
[2025/08/08 14:36:40] - {'loss': -0.5892, 'grad_norm': 4.042057991027832, 'learning_rate': 0.001, 'epoch': 2.0, 'step': 2}
[2025/08/08 14:36:40] - {'loss': -0.5892, 'grad_norm': 4.042057991027832, 'learning_rate': 0.001, 'epoch': 2.0, 'step': 2}
[2025/08/08 14:36:40] - {'eval_loss': -3.3706612586975098, 'eval_runtime': 0.1164, 'eval_samples_per_second': 34.367, 'eval_steps_per_second': 8.592, 'epoch': 2.0, 'step': 2}
[2025/08/08 14:36:40] - {'eval_loss': -3.3706612586975098, 'eval_runtime': 0.1167, 'eval_samples_per_second': 34.287, 'eval_steps_per_second': 8.572, 'epoch': 2.0, 'step': 2}
[2025/08/08 14:36:40] - {'eval_loss': -3.3706612586975098, 'eval_runtime': 0.1158, 'eval_samples_per_second': 34.532, 'eval_steps_per_second': 8.633, 'epoch': 2.0, 'step': 2}
[2025/08/08 14:36:40] - {'loss': -3.3261, 'grad_norm': 7.250543117523193, 'learning_rate': 0.001, 'epoch': 3.0, 'step': 3}
[2025/08/08 14:36:40] - {'loss': -3.3261, 'grad_norm': 7.250543117523193, 'learning_rate': 0.001, 'epoch': 3.0, 'step': 3}
[2025/08/08 14:36:40] - {'loss': -3.3261, 'grad_norm': 7.250543117523193, 'learning_rate': 0.001, 'epoch': 3.0, 'step': 3}
[2025/08/08 14:36:40] - {'eval_loss': -6.724535942077637, 'eval_runtime': 0.1157, 'eval_samples_per_second': 34.576, 'eval_steps_per_second': 8.644, 'epoch': 3.0, 'step': 3}
[2025/08/08 14:36:40] - {'eval_loss': -6.724535942077637, 'eval_runtime': 0.1156, 'eval_samples_per_second': 34.602, 'eval_steps_per_second': 8.651, 'epoch': 3.0, 'step': 3}
[2025/08/08 14:36:40] - {'eval_loss': -6.724535942077637, 'eval_runtime': 0.1157, 'eval_samples_per_second': 34.57, 'eval_steps_per_second': 8.643, 'epoch': 3.0, 'step': 3}
[2025/08/08 14:36:40] - {'loss': -6.6805, 'grad_norm': 12.6376314163208, 'learning_rate': 0.001, 'epoch': 4.0, 'step': 4}
[2025/08/08 14:36:40] - {'loss': -6.6805, 'grad_norm': 12.6376314163208, 'learning_rate': 0.001, 'epoch': 4.0, 'step': 4}
[2025/08/08 14:36:40] - {'loss': -6.6805, 'grad_norm': 12.6376314163208, 'learning_rate': 0.001, 'epoch': 4.0, 'step': 4}
[2025/08/08 14:36:40] - {'eval_loss': -9.511825561523438, 'eval_runtime': 0.2672, 'eval_samples_per_second': 14.969, 'eval_steps_per_second': 3.742, 'epoch': 4.0, 'step': 4}
[2025/08/08 14:36:40] - {'eval_loss': -9.511825561523438, 'eval_runtime': 0.1155, 'eval_samples_per_second': 34.639, 'eval_steps_per_second': 8.66, 'epoch': 4.0, 'step': 4}
[2025/08/08 14:36:40] - {'eval_loss': -9.511825561523438, 'eval_runtime': 0.1157, 'eval_samples_per_second': 34.584, 'eval_steps_per_second': 8.646, 'epoch': 4.0, 'step': 4}
[2025/08/08 14:36:40] - {'loss': -9.2155, 'grad_norm': 14.704185485839844, 'learning_rate': 0.001, 'epoch': 5.0, 'step': 5}
[2025/08/08 14:36:40] - {'loss': -9.2155, 'grad_norm': 14.704185485839844, 'learning_rate': 0.001, 'epoch': 5.0, 'step': 5}
[2025/08/08 14:36:40] - {'loss': -9.2155, 'grad_norm': 14.704185485839844, 'learning_rate': 0.001, 'epoch': 5.0, 'step': 5}
[2025/08/08 14:36:40] - {'eval_loss': -12.926881790161133, 'eval_runtime': 0.1155, 'eval_samples_per_second': 34.621, 'eval_steps_per_second': 8.655, 'epoch': 5.0, 'step': 5}
[2025/08/08 14:36:40] - {'eval_loss': -12.926881790161133, 'eval_runtime': 0.1155, 'eval_samples_per_second': 34.642, 'eval_steps_per_second': 8.661, 'epoch': 5.0, 'step': 5}
[2025/08/08 14:36:40] - {'eval_loss': -12.926881790161133, 'eval_runtime': 0.1155, 'eval_samples_per_second': 34.62, 'eval_steps_per_second': 8.655, 'epoch': 5.0, 'step': 5}
[2025/08/08 14:36:40] - {'loss': -12.5007, 'grad_norm': 11.376180648803711, 'learning_rate': 0.001, 'epoch': 6.0, 'step': 6}
[2025/08/08 14:36:40] - {'loss': -12.5007, 'grad_norm': 11.376180648803711, 'learning_rate': 0.001, 'epoch': 6.0, 'step': 6}
[2025/08/08 14:36:40] - {'loss': -12.5007, 'grad_norm': 11.376180648803711, 'learning_rate': 0.001, 'epoch': 6.0, 'step': 6}
[2025/08/08 14:36:40] - {'eval_loss': -13.8004732131958, 'eval_runtime': 0.1159, 'eval_samples_per_second': 34.5, 'eval_steps_per_second': 8.625, 'epoch': 6.0, 'step': 6}
[2025/08/08 14:36:40] - {'eval_loss': -13.8004732131958, 'eval_runtime': 0.1159, 'eval_samples_per_second': 34.5, 'eval_steps_per_second': 8.625, 'epoch': 6.0, 'step': 6}
[2025/08/08 14:36:40] - {'eval_loss': -13.8004732131958, 'eval_runtime': 0.1158, 'eval_samples_per_second': 34.53, 'eval_steps_per_second': 8.632, 'epoch': 6.0, 'step': 6}
[2025/08/08 14:36:40] - {'loss': -12.5222, 'grad_norm': 258.20843505859375, 'learning_rate': 0.001, 'epoch': 7.0, 'step': 7}
[2025/08/08 14:36:40] - {'loss': -12.5222, 'grad_norm': 258.20843505859375, 'learning_rate': 0.001, 'epoch': 7.0, 'step': 7}
[2025/08/08 14:36:40] - {'loss': -12.5222, 'grad_norm': 258.20843505859375, 'learning_rate': 0.001, 'epoch': 7.0, 'step': 7}
[2025/08/08 14:36:40] - {'eval_loss': -15.171449661254883, 'eval_runtime': 0.1156, 'eval_samples_per_second': 34.593, 'eval_steps_per_second': 8.648, 'epoch': 7.0, 'step': 7}
[2025/08/08 14:36:40] - {'eval_loss': -15.171449661254883, 'eval_runtime': 0.1156, 'eval_samples_per_second': 34.594, 'eval_steps_per_second': 8.648, 'epoch': 7.0, 'step': 7}
[2025/08/08 14:36:40] - {'eval_loss': -15.171449661254883, 'eval_runtime': 0.1156, 'eval_samples_per_second': 34.595, 'eval_steps_per_second': 8.649, 'epoch': 7.0, 'step': 7}
[2025/08/08 14:36:40] - {'loss': -14.3034, 'grad_norm': 20.772144317626953, 'learning_rate': 0.001, 'epoch': 8.0, 'step': 8}
[2025/08/08 14:36:40] - {'loss': -14.3034, 'grad_norm': 20.772144317626953, 'learning_rate': 0.001, 'epoch': 8.0, 'step': 8}
[2025/08/08 14:36:40] - {'loss': -14.3034, 'grad_norm': 20.772144317626953, 'learning_rate': 0.001, 'epoch': 8.0, 'step': 8}
[2025/08/08 14:36:40] - {'eval_loss': -20.58251953125, 'eval_runtime': 0.1157, 'eval_samples_per_second': 34.57, 'eval_steps_per_second': 8.643, 'epoch': 8.0, 'step': 8}
[2025/08/08 14:36:40] - {'eval_loss': -20.58251953125, 'eval_runtime': 0.1165, 'eval_samples_per_second': 34.331, 'eval_steps_per_second': 8.583, 'epoch': 8.0, 'step': 8}
[2025/08/08 14:36:40] - {'eval_loss': -20.58251953125, 'eval_runtime': 0.1168, 'eval_samples_per_second': 34.26, 'eval_steps_per_second': 8.565, 'epoch': 8.0, 'step': 8}
[2025/08/08 14:36:40] - {'loss': -19.6987, 'grad_norm': 33.032039642333984, 'learning_rate': 0.001, 'epoch': 9.0, 'step': 9}
[2025/08/08 14:36:40] - {'loss': -19.6987, 'grad_norm': 33.032039642333984, 'learning_rate': 0.001, 'epoch': 9.0, 'step': 9}
[2025/08/08 14:36:40] - {'loss': -19.6987, 'grad_norm': 33.032039642333984, 'learning_rate': 0.001, 'epoch': 9.0, 'step': 9}
[2025/08/08 14:36:40] - {'eval_loss': -29.594379425048828, 'eval_runtime': 0.1155, 'eval_samples_per_second': 34.624, 'eval_steps_per_second': 8.656, 'epoch': 9.0, 'step': 9}
[2025/08/08 14:36:40] - {'eval_loss': -29.594379425048828, 'eval_runtime': 0.1154, 'eval_samples_per_second': 34.655, 'eval_steps_per_second': 8.664, 'epoch': 9.0, 'step': 9}
[2025/08/08 14:36:40] - {'eval_loss': -29.594379425048828, 'eval_runtime': 0.1155, 'eval_samples_per_second': 34.628, 'eval_steps_per_second': 8.657, 'epoch': 9.0, 'step': 9}
[2025/08/08 14:36:40] - {'loss': -28.1031, 'grad_norm': 26.687414169311523, 'learning_rate': 0.001, 'epoch': 10.0, 'step': 10}
[2025/08/08 14:36:40] - {'loss': -28.1031, 'grad_norm': 26.687414169311523, 'learning_rate': 0.001, 'epoch': 10.0, 'step': 10}
[2025/08/08 14:36:40] - {'loss': -28.1031, 'grad_norm': 26.687414169311523, 'learning_rate': 0.001, 'epoch': 10.0, 'step': 10}
[2025/08/08 14:36:40] - {'eval_loss': -36.38861846923828, 'eval_runtime': 0.1175, 'eval_samples_per_second': 34.04, 'eval_steps_per_second': 8.51, 'epoch': 10.0, 'step': 10}
[2025/08/08 14:36:40] - {'eval_loss': -36.38861846923828, 'eval_runtime': 0.1168, 'eval_samples_per_second': 34.238, 'eval_steps_per_second': 8.559, 'epoch': 10.0, 'step': 10}
[2025/08/08 14:36:40] - {'eval_loss': -36.38861846923828, 'eval_runtime': 0.1175, 'eval_samples_per_second': 34.056, 'eval_steps_per_second': 8.514, 'epoch': 10.0, 'step': 10}
[2025/08/08 14:36:40] - {'loss': -34.3219, 'grad_norm': 50.157371520996094, 'learning_rate': 0.001, 'epoch': 11.0, 'step': 11}
[2025/08/08 14:36:40] - {'loss': -34.3219, 'grad_norm': 50.157371520996094, 'learning_rate': 0.001, 'epoch': 11.0, 'step': 11}
[2025/08/08 14:36:40] - {'loss': -34.3219, 'grad_norm': 50.157371520996094, 'learning_rate': 0.001, 'epoch': 11.0, 'step': 11}
[2025/08/08 14:36:40] - {'eval_loss': -40.511932373046875, 'eval_runtime': 0.1155, 'eval_samples_per_second': 34.632, 'eval_steps_per_second': 8.658, 'epoch': 11.0, 'step': 11}
[2025/08/08 14:36:40] - {'eval_loss': -40.511932373046875, 'eval_runtime': 0.1154, 'eval_samples_per_second': 34.665, 'eval_steps_per_second': 8.666, 'epoch': 11.0, 'step': 11}
[2025/08/08 14:36:40] - {'eval_loss': -40.511932373046875, 'eval_runtime': 0.1155, 'eval_samples_per_second': 34.631, 'eval_steps_per_second': 8.658, 'epoch': 11.0, 'step': 11}
[2025/08/08 14:36:40] - {'loss': -38.1752, 'grad_norm': 40.8918342590332, 'learning_rate': 0.001, 'epoch': 12.0, 'step': 12}
[2025/08/08 14:36:40] - {'loss': -38.1752, 'grad_norm': 40.8918342590332, 'learning_rate': 0.001, 'epoch': 12.0, 'step': 12}
[2025/08/08 14:36:40] - {'loss': -38.1752, 'grad_norm': 40.8918342590332, 'learning_rate': 0.001, 'epoch': 12.0, 'step': 12}
[2025/08/08 14:36:40] - {'eval_loss': -44.62678527832031, 'eval_runtime': 0.1161, 'eval_samples_per_second': 34.465, 'eval_steps_per_second': 8.616, 'epoch': 12.0, 'step': 12}
[2025/08/08 14:36:40] - {'eval_loss': -44.62678527832031, 'eval_runtime': 0.24, 'eval_samples_per_second': 16.668, 'eval_steps_per_second': 4.167, 'epoch': 12.0, 'step': 12}
[2025/08/08 14:36:40] - {'eval_loss': -44.62678527832031, 'eval_runtime': 0.1158, 'eval_samples_per_second': 34.547, 'eval_steps_per_second': 8.637, 'epoch': 12.0, 'step': 12}
[2025/08/08 14:36:40] - {'loss': -41.1532, 'grad_norm': 32.50043487548828, 'learning_rate': 0.001, 'epoch': 13.0, 'step': 13}
[2025/08/08 14:36:40] - {'loss': -41.1532, 'grad_norm': 32.50043487548828, 'learning_rate': 0.001, 'epoch': 13.0, 'step': 13}
[2025/08/08 14:36:40] - {'loss': -41.1532, 'grad_norm': 32.50043487548828, 'learning_rate': 0.001, 'epoch': 13.0, 'step': 13}
[2025/08/08 14:36:40] - {'eval_loss': -48.241817474365234, 'eval_runtime': 0.1158, 'eval_samples_per_second': 34.551, 'eval_steps_per_second': 8.638, 'epoch': 13.0, 'step': 13}
[2025/08/08 14:36:40] - {'eval_loss': -48.241817474365234, 'eval_runtime': 0.1158, 'eval_samples_per_second': 34.554, 'eval_steps_per_second': 8.639, 'epoch': 13.0, 'step': 13}
[2025/08/08 14:36:40] - {'eval_loss': -48.241817474365234, 'eval_runtime': 0.1158, 'eval_samples_per_second': 34.547, 'eval_steps_per_second': 8.637, 'epoch': 13.0, 'step': 13}
[2025/08/08 14:36:40] - {'loss': -46.3209, 'grad_norm': 35.41603088378906, 'learning_rate': 0.001, 'epoch': 14.0, 'step': 14}
[2025/08/08 14:36:40] - {'loss': -46.3209, 'grad_norm': 35.41603088378906, 'learning_rate': 0.001, 'epoch': 14.0, 'step': 14}
[2025/08/08 14:36:40] - {'loss': -46.3209, 'grad_norm': 35.41603088378906, 'learning_rate': 0.001, 'epoch': 14.0, 'step': 14}
[2025/08/08 14:36:40] - {'eval_loss': -52.07103729248047, 'eval_runtime': 0.194, 'eval_samples_per_second': 20.616, 'eval_steps_per_second': 5.154, 'epoch': 14.0, 'step': 14}
[2025/08/08 14:36:40] - {'eval_loss': -52.07103729248047, 'eval_runtime': 0.1159, 'eval_samples_per_second': 34.518, 'eval_steps_per_second': 8.63, 'epoch': 14.0, 'step': 14}
[2025/08/08 14:36:40] - {'eval_loss': -52.07103729248047, 'eval_runtime': 0.1157, 'eval_samples_per_second': 34.572, 'eval_steps_per_second': 8.643, 'epoch': 14.0, 'step': 14}
[2025/08/08 14:36:40] - {'loss': -50.7211, 'grad_norm': 23.514755249023438, 'learning_rate': 0.001, 'epoch': 15.0, 'step': 15}
[2025/08/08 14:36:40] - {'loss': -50.7211, 'grad_norm': 23.514755249023438, 'learning_rate': 0.001, 'epoch': 15.0, 'step': 15}
[2025/08/08 14:36:40] - {'loss': -50.7211, 'grad_norm': 23.514755249023438, 'learning_rate': 0.001, 'epoch': 15.0, 'step': 15}
[2025/08/08 14:36:40] - {'eval_loss': -57.73963165283203, 'eval_runtime': 0.1159, 'eval_samples_per_second': 34.502, 'eval_steps_per_second': 8.625, 'epoch': 15.0, 'step': 15}
[2025/08/08 14:36:40] - {'eval_loss': -57.73963165283203, 'eval_runtime': 0.116, 'eval_samples_per_second': 34.474, 'eval_steps_per_second': 8.619, 'epoch': 15.0, 'step': 15}
[2025/08/08 14:36:40] - {'eval_loss': -57.73963165283203, 'eval_runtime': 0.116, 'eval_samples_per_second': 34.486, 'eval_steps_per_second': 8.621, 'epoch': 15.0, 'step': 15}
[2025/08/08 14:36:40] - {'loss': -56.5364, 'grad_norm': 26.584352493286133, 'learning_rate': 0.001, 'epoch': 16.0, 'step': 16}
[2025/08/08 14:36:40] - {'loss': -56.5364, 'grad_norm': 26.584352493286133, 'learning_rate': 0.001, 'epoch': 16.0, 'step': 16}
[2025/08/08 14:36:40] - {'loss': -56.5364, 'grad_norm': 26.584352493286133, 'learning_rate': 0.001, 'epoch': 16.0, 'step': 16}
[2025/08/08 14:36:40] - {'eval_loss': -61.59930419921875, 'eval_runtime': 0.1161, 'eval_samples_per_second': 34.464, 'eval_steps_per_second': 8.616, 'epoch': 16.0, 'step': 16}
[2025/08/08 14:36:40] - {'eval_loss': -61.59930419921875, 'eval_runtime': 0.1155, 'eval_samples_per_second': 34.647, 'eval_steps_per_second': 8.662, 'epoch': 16.0, 'step': 16}
[2025/08/08 14:36:40] - {'eval_loss': -61.59930419921875, 'eval_runtime': 0.1163, 'eval_samples_per_second': 34.38, 'eval_steps_per_second': 8.595, 'epoch': 16.0, 'step': 16}
[2025/08/08 14:36:40] - {'loss': -61.0238, 'grad_norm': 33.553977966308594, 'learning_rate': 0.001, 'epoch': 17.0, 'step': 17}
[2025/08/08 14:36:40] - {'loss': -61.0238, 'grad_norm': 33.553977966308594, 'learning_rate': 0.001, 'epoch': 17.0, 'step': 17}
[2025/08/08 14:36:40] - {'loss': -61.0238, 'grad_norm': 33.553977966308594, 'learning_rate': 0.001, 'epoch': 17.0, 'step': 17}
[2025/08/08 14:36:40] - {'eval_loss': -64.91273498535156, 'eval_runtime': 0.1155, 'eval_samples_per_second': 34.625, 'eval_steps_per_second': 8.656, 'epoch': 17.0, 'step': 17}
[2025/08/08 14:36:40] - {'eval_loss': -64.91273498535156, 'eval_runtime': 0.1156, 'eval_samples_per_second': 34.591, 'eval_steps_per_second': 8.648, 'epoch': 17.0, 'step': 17}
[2025/08/08 14:36:40] - {'eval_loss': -64.91273498535156, 'eval_runtime': 0.1156, 'eval_samples_per_second': 34.593, 'eval_steps_per_second': 8.648, 'epoch': 17.0, 'step': 17}
[2025/08/08 14:36:40] - {'loss': -63.6065, 'grad_norm': 32.94207763671875, 'learning_rate': 0.001, 'epoch': 18.0, 'step': 18}
[2025/08/08 14:36:40] - {'loss': -63.6065, 'grad_norm': 32.94207763671875, 'learning_rate': 0.001, 'epoch': 18.0, 'step': 18}
[2025/08/08 14:36:40] - {'loss': -63.6065, 'grad_norm': 32.94207763671875, 'learning_rate': 0.001, 'epoch': 18.0, 'step': 18}
[2025/08/08 14:36:40] - {'eval_loss': -70.32203674316406, 'eval_runtime': 0.1156, 'eval_samples_per_second': 34.607, 'eval_steps_per_second': 8.652, 'epoch': 18.0, 'step': 18}
[2025/08/08 14:36:40] - {'eval_loss': -70.32203674316406, 'eval_runtime': 0.1158, 'eval_samples_per_second': 34.549, 'eval_steps_per_second': 8.637, 'epoch': 18.0, 'step': 18}
[2025/08/08 14:36:40] - {'eval_loss': -70.32203674316406, 'eval_runtime': 0.1158, 'eval_samples_per_second': 34.549, 'eval_steps_per_second': 8.637, 'epoch': 18.0, 'step': 18}
[2025/08/08 14:36:40] - {'loss': -69.6649, 'grad_norm': 29.63421630859375, 'learning_rate': 0.001, 'epoch': 19.0, 'step': 19}
[2025/08/08 14:36:40] - {'loss': -69.6649, 'grad_norm': 29.63421630859375, 'learning_rate': 0.001, 'epoch': 19.0, 'step': 19}
[2025/08/08 14:36:40] - {'loss': -69.6649, 'grad_norm': 29.63421630859375, 'learning_rate': 0.001, 'epoch': 19.0, 'step': 19}
[2025/08/08 14:36:40] - {'eval_loss': -78.22525024414062, 'eval_runtime': 0.1155, 'eval_samples_per_second': 34.642, 'eval_steps_per_second': 8.661, 'epoch': 19.0, 'step': 19}
[2025/08/08 14:36:40] - {'eval_loss': -78.22525024414062, 'eval_runtime': 0.1155, 'eval_samples_per_second': 34.64, 'eval_steps_per_second': 8.66, 'epoch': 19.0, 'step': 19}
[2025/08/08 14:36:40] - {'eval_loss': -78.22525024414062, 'eval_runtime': 0.1155, 'eval_samples_per_second': 34.639, 'eval_steps_per_second': 8.66, 'epoch': 19.0, 'step': 19}
[2025/08/08 14:36:40] - {'loss': -78.1237, 'grad_norm': 69.6769790649414, 'learning_rate': 0.001, 'epoch': 20.0, 'step': 20}
[2025/08/08 14:36:40] - {'loss': -78.1237, 'grad_norm': 69.6769790649414, 'learning_rate': 0.001, 'epoch': 20.0, 'step': 20}
[2025/08/08 14:36:40] - {'loss': -78.1237, 'grad_norm': 69.6769790649414, 'learning_rate': 0.001, 'epoch': 20.0, 'step': 20}
[2025/08/08 14:36:40] - {'eval_loss': -92.6509780883789, 'eval_runtime': 0.1156, 'eval_samples_per_second': 34.603, 'eval_steps_per_second': 8.651, 'epoch': 20.0, 'step': 20}
[2025/08/08 14:36:40] - {'eval_loss': -92.6509780883789, 'eval_runtime': 0.1157, 'eval_samples_per_second': 34.569, 'eval_steps_per_second': 8.642, 'epoch': 20.0, 'step': 20}
[2025/08/08 14:36:40] - {'eval_loss': -92.6509780883789, 'eval_runtime': 0.1157, 'eval_samples_per_second': 34.558, 'eval_steps_per_second': 8.639, 'epoch': 20.0, 'step': 20}
[2025/08/08 14:36:40] - {'loss': -92.4359, 'grad_norm': 100.13311767578125, 'learning_rate': 0.001, 'epoch': 21.0, 'step': 21}
[2025/08/08 14:36:40] - {'loss': -92.4359, 'grad_norm': 100.13311767578125, 'learning_rate': 0.001, 'epoch': 21.0, 'step': 21}
[2025/08/08 14:36:40] - {'loss': -92.4359, 'grad_norm': 100.13311767578125, 'learning_rate': 0.001, 'epoch': 21.0, 'step': 21}
[2025/08/08 14:36:40] - {'eval_loss': -116.75846862792969, 'eval_runtime': 0.1158, 'eval_samples_per_second': 34.542, 'eval_steps_per_second': 8.635, 'epoch': 21.0, 'step': 21}
[2025/08/08 14:36:40] - {'eval_loss': -116.75846862792969, 'eval_runtime': 0.1158, 'eval_samples_per_second': 34.541, 'eval_steps_per_second': 8.635, 'epoch': 21.0, 'step': 21}
[2025/08/08 14:36:40] - {'eval_loss': -116.75846862792969, 'eval_runtime': 0.1156, 'eval_samples_per_second': 34.6, 'eval_steps_per_second': 8.65, 'epoch': 21.0, 'step': 21}
[2025/08/08 14:36:40] - {'loss': -116.2975, 'grad_norm': 70.4883804321289, 'learning_rate': 0.001, 'epoch': 22.0, 'step': 22}
[2025/08/08 14:36:40] - {'loss': -116.2975, 'grad_norm': 70.4883804321289, 'learning_rate': 0.001, 'epoch': 22.0, 'step': 22}
[2025/08/08 14:36:40] - {'loss': -116.2975, 'grad_norm': 70.4883804321289, 'learning_rate': 0.001, 'epoch': 22.0, 'step': 22}
[2025/08/08 14:36:40] - {'eval_loss': -130.423583984375, 'eval_runtime': 0.1198, 'eval_samples_per_second': 33.376, 'eval_steps_per_second': 8.344, 'epoch': 22.0, 'step': 22}
[2025/08/08 14:36:40] - {'eval_loss': -130.423583984375, 'eval_runtime': 0.1172, 'eval_samples_per_second': 34.129, 'eval_steps_per_second': 8.532, 'epoch': 22.0, 'step': 22}
[2025/08/08 14:36:40] - {'eval_loss': -130.423583984375, 'eval_runtime': 0.1159, 'eval_samples_per_second': 34.518, 'eval_steps_per_second': 8.629, 'epoch': 22.0, 'step': 22}
[2025/08/08 14:36:40] - {'loss': -127.6751, 'grad_norm': 67.56102752685547, 'learning_rate': 0.001, 'epoch': 23.0, 'step': 23}
[2025/08/08 14:36:40] - {'loss': -127.6751, 'grad_norm': 67.56102752685547, 'learning_rate': 0.001, 'epoch': 23.0, 'step': 23}
[2025/08/08 14:36:40] - {'loss': -127.6751, 'grad_norm': 67.56102752685547, 'learning_rate': 0.001, 'epoch': 23.0, 'step': 23}
[2025/08/08 14:36:40] - {'eval_loss': -143.3571014404297, 'eval_runtime': 0.1156, 'eval_samples_per_second': 34.612, 'eval_steps_per_second': 8.653, 'epoch': 23.0, 'step': 23}
[2025/08/08 14:36:40] - {'eval_loss': -143.3571014404297, 'eval_runtime': 0.1155, 'eval_samples_per_second': 34.631, 'eval_steps_per_second': 8.658, 'epoch': 23.0, 'step': 23}
[2025/08/08 14:36:40] - {'eval_loss': -143.3571014404297, 'eval_runtime': 0.1156, 'eval_samples_per_second': 34.61, 'eval_steps_per_second': 8.652, 'epoch': 23.0, 'step': 23}
[2025/08/08 14:36:40] - {'loss': -143.2372, 'grad_norm': 58.171173095703125, 'learning_rate': 0.001, 'epoch': 24.0, 'step': 24}
[2025/08/08 14:36:40] - {'loss': -143.2372, 'grad_norm': 58.171173095703125, 'learning_rate': 0.001, 'epoch': 24.0, 'step': 24}
[2025/08/08 14:36:40] - {'loss': -143.2372, 'grad_norm': 58.171173095703125, 'learning_rate': 0.001, 'epoch': 24.0, 'step': 24}
[2025/08/08 14:36:40] - {'eval_loss': -157.6227264404297, 'eval_runtime': 0.1163, 'eval_samples_per_second': 34.394, 'eval_steps_per_second': 8.598, 'epoch': 24.0, 'step': 24}
[2025/08/08 14:36:40] - {'eval_loss': -157.6227264404297, 'eval_runtime': 0.1165, 'eval_samples_per_second': 34.322, 'eval_steps_per_second': 8.581, 'epoch': 24.0, 'step': 24}
[2025/08/08 14:36:40] - {'eval_loss': -157.6227264404297, 'eval_runtime': 0.1166, 'eval_samples_per_second': 34.316, 'eval_steps_per_second': 8.579, 'epoch': 24.0, 'step': 24}
[2025/08/08 14:36:40] - {'loss': -157.3804, 'grad_norm': 63.43538284301758, 'learning_rate': 0.001, 'epoch': 25.0, 'step': 25}
[2025/08/08 14:36:40] - {'loss': -157.3804, 'grad_norm': 63.43538284301758, 'learning_rate': 0.001, 'epoch': 25.0, 'step': 25}
[2025/08/08 14:36:40] - {'loss': -157.3804, 'grad_norm': 63.43538284301758, 'learning_rate': 0.001, 'epoch': 25.0, 'step': 25}
[2025/08/08 14:36:40] - {'eval_loss': -171.01580810546875, 'eval_runtime': 0.1156, 'eval_samples_per_second': 34.605, 'eval_steps_per_second': 8.651, 'epoch': 25.0, 'step': 25}
[2025/08/08 14:36:40] - {'eval_loss': -171.01580810546875, 'eval_runtime': 0.1155, 'eval_samples_per_second': 34.633, 'eval_steps_per_second': 8.658, 'epoch': 25.0, 'step': 25}
[2025/08/08 14:36:40] - {'eval_loss': -171.01580810546875, 'eval_runtime': 0.1156, 'eval_samples_per_second': 34.613, 'eval_steps_per_second': 8.653, 'epoch': 25.0, 'step': 25}
[2025/08/08 14:36:40] - {'train_runtime': 40.6006, 'train_samples_per_second': 2.463, 'train_steps_per_second': 0.616, 'total_flos': 0.0, 'train_loss': -51.344573462978005, 'epoch': 25.0, 'step': 25}
[2025/08/08 14:36:40] - {'train_runtime': 40.6454, 'train_samples_per_second': 2.46, 'train_steps_per_second': 0.615, 'total_flos': 0.0, 'train_loss': -51.344573462978005, 'epoch': 25.0, 'step': 25}
[2025/08/08 14:36:40] - {'train_runtime': 40.9876, 'train_samples_per_second': 2.44, 'train_steps_per_second': 0.61, 'total_flos': 0.0, 'train_loss': -51.344573462978005, 'epoch': 25.0, 'step': 25}
[2025/08/08 14:36:41] - {'loss': -0.001, 'grad_norm': 0.023562638089060783, 'learning_rate': 0.001, 'epoch': 1.0, 'step': 1}
[2025/08/08 14:36:41] - {'eval_loss': -0.6638355851173401, 'eval_runtime': 0.1255, 'eval_samples_per_second': 31.882, 'eval_steps_per_second': 7.97, 'epoch': 1.0, 'step': 1}
[2025/08/08 14:36:41] - {'loss': -0.5892, 'grad_norm': 4.042057991027832, 'learning_rate': 0.001, 'epoch': 2.0, 'step': 2}
[2025/08/08 14:36:41] - {'eval_loss': -3.3706612586975098, 'eval_runtime': 0.1162, 'eval_samples_per_second': 34.435, 'eval_steps_per_second': 8.609, 'epoch': 2.0, 'step': 2}
[2025/08/08 14:36:41] - {'loss': -3.3261, 'grad_norm': 7.250543117523193, 'learning_rate': 0.001, 'epoch': 3.0, 'step': 3}
[2025/08/08 14:36:41] - {'eval_loss': -6.724535942077637, 'eval_runtime': 0.1154, 'eval_samples_per_second': 34.652, 'eval_steps_per_second': 8.663, 'epoch': 3.0, 'step': 3}
[2025/08/08 14:36:41] - {'loss': -6.6805, 'grad_norm': 12.6376314163208, 'learning_rate': 0.001, 'epoch': 4.0, 'step': 4}
[2025/08/08 14:36:41] - {'eval_loss': -9.511825561523438, 'eval_runtime': 0.1157, 'eval_samples_per_second': 34.583, 'eval_steps_per_second': 8.646, 'epoch': 4.0, 'step': 4}
[2025/08/08 14:36:41] - {'loss': -9.2155, 'grad_norm': 14.704185485839844, 'learning_rate': 0.001, 'epoch': 5.0, 'step': 5}
[2025/08/08 14:36:41] - {'eval_loss': -12.926881790161133, 'eval_runtime': 0.1153, 'eval_samples_per_second': 34.698, 'eval_steps_per_second': 8.674, 'epoch': 5.0, 'step': 5}
[2025/08/08 14:36:41] - {'loss': -12.5007, 'grad_norm': 11.376180648803711, 'learning_rate': 0.001, 'epoch': 6.0, 'step': 6}
[2025/08/08 14:36:41] - {'eval_loss': -13.8004732131958, 'eval_runtime': 0.6628, 'eval_samples_per_second': 6.035, 'eval_steps_per_second': 1.509, 'epoch': 6.0, 'step': 6}
[2025/08/08 14:36:41] - {'loss': -12.5222, 'grad_norm': 258.20843505859375, 'learning_rate': 0.001, 'epoch': 7.0, 'step': 7}
[2025/08/08 14:36:41] - {'eval_loss': -15.171449661254883, 'eval_runtime': 0.1153, 'eval_samples_per_second': 34.691, 'eval_steps_per_second': 8.673, 'epoch': 7.0, 'step': 7}
[2025/08/08 14:36:41] - {'loss': -14.3034, 'grad_norm': 20.772144317626953, 'learning_rate': 0.001, 'epoch': 8.0, 'step': 8}
[2025/08/08 14:36:41] - {'eval_loss': -20.58251953125, 'eval_runtime': 0.1995, 'eval_samples_per_second': 20.054, 'eval_steps_per_second': 5.013, 'epoch': 8.0, 'step': 8}
[2025/08/08 14:36:41] - {'loss': -19.6987, 'grad_norm': 33.032039642333984, 'learning_rate': 0.001, 'epoch': 9.0, 'step': 9}
[2025/08/08 14:36:41] - {'eval_loss': -29.594379425048828, 'eval_runtime': 0.1153, 'eval_samples_per_second': 34.684, 'eval_steps_per_second': 8.671, 'epoch': 9.0, 'step': 9}
[2025/08/08 14:36:41] - {'loss': -28.1031, 'grad_norm': 26.687414169311523, 'learning_rate': 0.001, 'epoch': 10.0, 'step': 10}
[2025/08/08 14:36:41] - {'eval_loss': -36.38861846923828, 'eval_runtime': 0.1175, 'eval_samples_per_second': 34.042, 'eval_steps_per_second': 8.51, 'epoch': 10.0, 'step': 10}
[2025/08/08 14:36:41] - {'loss': -34.3219, 'grad_norm': 50.157371520996094, 'learning_rate': 0.001, 'epoch': 11.0, 'step': 11}
[2025/08/08 14:36:41] - {'eval_loss': -40.511932373046875, 'eval_runtime': 0.1152, 'eval_samples_per_second': 34.715, 'eval_steps_per_second': 8.679, 'epoch': 11.0, 'step': 11}
[2025/08/08 14:36:41] - {'loss': -38.1752, 'grad_norm': 40.8918342590332, 'learning_rate': 0.001, 'epoch': 12.0, 'step': 12}
[2025/08/08 14:36:41] - {'eval_loss': -44.62678527832031, 'eval_runtime': 0.1161, 'eval_samples_per_second': 34.467, 'eval_steps_per_second': 8.617, 'epoch': 12.0, 'step': 12}
[2025/08/08 14:36:41] - {'loss': -41.1532, 'grad_norm': 32.50043487548828, 'learning_rate': 0.001, 'epoch': 13.0, 'step': 13}
[2025/08/08 14:36:41] - {'eval_loss': -48.241817474365234, 'eval_runtime': 0.1154, 'eval_samples_per_second': 34.677, 'eval_steps_per_second': 8.669, 'epoch': 13.0, 'step': 13}
[2025/08/08 14:36:41] - {'loss': -46.3209, 'grad_norm': 35.41603088378906, 'learning_rate': 0.001, 'epoch': 14.0, 'step': 14}
[2025/08/08 14:36:41] - {'eval_loss': -52.07103729248047, 'eval_runtime': 0.1159, 'eval_samples_per_second': 34.518, 'eval_steps_per_second': 8.63, 'epoch': 14.0, 'step': 14}
[2025/08/08 14:36:41] - {'loss': -50.7211, 'grad_norm': 23.514755249023438, 'learning_rate': 0.001, 'epoch': 15.0, 'step': 15}
[2025/08/08 14:36:41] - {'eval_loss': -57.73963165283203, 'eval_runtime': 0.1157, 'eval_samples_per_second': 34.571, 'eval_steps_per_second': 8.643, 'epoch': 15.0, 'step': 15}
[2025/08/08 14:36:41] - {'loss': -56.5364, 'grad_norm': 26.584352493286133, 'learning_rate': 0.001, 'epoch': 16.0, 'step': 16}
[2025/08/08 14:36:41] - {'eval_loss': -61.59930419921875, 'eval_runtime': 0.2119, 'eval_samples_per_second': 18.875, 'eval_steps_per_second': 4.719, 'epoch': 16.0, 'step': 16}
[2025/08/08 14:36:41] - {'loss': -61.0238, 'grad_norm': 33.553977966308594, 'learning_rate': 0.001, 'epoch': 17.0, 'step': 17}
[2025/08/08 14:36:41] - {'eval_loss': -64.91273498535156, 'eval_runtime': 0.1154, 'eval_samples_per_second': 34.673, 'eval_steps_per_second': 8.668, 'epoch': 17.0, 'step': 17}
[2025/08/08 14:36:41] - {'loss': -63.6065, 'grad_norm': 32.94207763671875, 'learning_rate': 0.001, 'epoch': 18.0, 'step': 18}
[2025/08/08 14:36:41] - {'eval_loss': -70.32203674316406, 'eval_runtime': 0.18, 'eval_samples_per_second': 22.226, 'eval_steps_per_second': 5.557, 'epoch': 18.0, 'step': 18}
[2025/08/08 14:36:41] - {'loss': -69.6649, 'grad_norm': 29.63421630859375, 'learning_rate': 0.001, 'epoch': 19.0, 'step': 19}
[2025/08/08 14:36:41] - {'eval_loss': -78.22525024414062, 'eval_runtime': 0.1152, 'eval_samples_per_second': 34.719, 'eval_steps_per_second': 8.68, 'epoch': 19.0, 'step': 19}
[2025/08/08 14:36:41] - {'loss': -78.1237, 'grad_norm': 69.6769790649414, 'learning_rate': 0.001, 'epoch': 20.0, 'step': 20}
[2025/08/08 14:36:41] - {'eval_loss': -92.6509780883789, 'eval_runtime': 0.1933, 'eval_samples_per_second': 20.689, 'eval_steps_per_second': 5.172, 'epoch': 20.0, 'step': 20}
[2025/08/08 14:36:41] - {'loss': -92.4359, 'grad_norm': 100.13311767578125, 'learning_rate': 0.001, 'epoch': 21.0, 'step': 21}
[2025/08/08 14:36:41] - {'eval_loss': -116.75846862792969, 'eval_runtime': 0.1155, 'eval_samples_per_second': 34.621, 'eval_steps_per_second': 8.655, 'epoch': 21.0, 'step': 21}
[2025/08/08 14:36:41] - {'loss': -116.2975, 'grad_norm': 70.4883804321289, 'learning_rate': 0.001, 'epoch': 22.0, 'step': 22}
[2025/08/08 14:36:41] - {'eval_loss': -130.423583984375, 'eval_runtime': 0.1985, 'eval_samples_per_second': 20.148, 'eval_steps_per_second': 5.037, 'epoch': 22.0, 'step': 22}
[2025/08/08 14:36:41] - {'loss': -127.6751, 'grad_norm': 67.56102752685547, 'learning_rate': 0.001, 'epoch': 23.0, 'step': 23}
[2025/08/08 14:36:41] - {'eval_loss': -143.3571014404297, 'eval_runtime': 0.1153, 'eval_samples_per_second': 34.691, 'eval_steps_per_second': 8.673, 'epoch': 23.0, 'step': 23}
[2025/08/08 14:36:41] - {'loss': -143.2372, 'grad_norm': 58.171173095703125, 'learning_rate': 0.001, 'epoch': 24.0, 'step': 24}
[2025/08/08 14:36:41] - {'eval_loss': -157.6227264404297, 'eval_runtime': 0.1165, 'eval_samples_per_second': 34.325, 'eval_steps_per_second': 8.581, 'epoch': 24.0, 'step': 24}
[2025/08/08 14:36:41] - {'loss': -157.3804, 'grad_norm': 63.43538284301758, 'learning_rate': 0.001, 'epoch': 25.0, 'step': 25}
[2025/08/08 14:36:41] - {'eval_loss': -171.01580810546875, 'eval_runtime': 0.1154, 'eval_samples_per_second': 34.672, 'eval_steps_per_second': 8.668, 'epoch': 25.0, 'step': 25}
[2025/08/08 14:36:41] - {'train_runtime': 41.9839, 'train_samples_per_second': 2.382, 'train_steps_per_second': 0.595, 'total_flos': 0.0, 'train_loss': -51.344573462978005, 'epoch': 25.0, 'step': 25}
