[2025/08/08 14:44:37] - Detected kernel version 4.18.0, which is below the recommended minimum of 5.5.0; this can cause the process to hang. It is recommended to upgrade the kernel to the minimum version or higher.
[2025/08/08 14:44:37] - Using 4 GPUs
[2025/08/08 14:44:37] - Starting new HTTPS connection (1): huggingface.co:443
[2025/08/08 14:44:37] - Using 4 GPUs
[2025/08/08 14:44:37] - Using 4 GPUs
[2025/08/08 14:44:37] - Starting new HTTPS connection (1): huggingface.co:443
[2025/08/08 14:44:37] - Starting new HTTPS connection (1): huggingface.co:443
[2025/08/08 14:44:37] - Using 4 GPUs
[2025/08/08 14:44:37] - Starting new HTTPS connection (1): huggingface.co:443
[2025/08/08 14:45:17] - Starting new HTTPS connection (2): huggingface.co:443
[2025/08/08 14:45:17] - Starting new HTTPS connection (2): huggingface.co:443
[2025/08/08 14:45:17] - Starting new HTTPS connection (2): huggingface.co:443
[2025/08/08 14:45:17] - Starting new HTTPS connection (2): huggingface.co:443
[2025/08/08 14:47:03] - Starting new HTTPS connection (3): huggingface.co:443
[2025/08/08 14:47:03] - Starting new HTTPS connection (3): huggingface.co:443
[2025/08/08 14:47:03] - Starting new HTTPS connection (3): huggingface.co:443
[2025/08/08 14:47:03] - Starting new HTTPS connection (3): huggingface.co:443
[2025/08/08 14:47:43] - Loading bitsandbytes native library from: /home/hsc/ENV-3.10/lib/python3.10/site-packages/bitsandbytes/libbitsandbytes_cuda122.so
[2025/08/08 14:47:43] - Loading bitsandbytes native library from: /home/hsc/ENV-3.10/lib/python3.10/site-packages/bitsandbytes/libbitsandbytes_cuda122.so
[2025/08/08 14:47:43] - Loading bitsandbytes native library from: /home/hsc/ENV-3.10/lib/python3.10/site-packages/bitsandbytes/libbitsandbytes_cuda122.so
[2025/08/08 14:47:43] - Loading bitsandbytes native library from: /home/hsc/ENV-3.10/lib/python3.10/site-packages/bitsandbytes/libbitsandbytes_cuda122.so
[2025/08/08 14:47:57] - Detected kernel version 4.18.0, which is below the recommended minimum of 5.5.0; this can cause the process to hang. It is recommended to upgrade the kernel to the minimum version or higher.
[2025/08/08 14:48:39] - {'loss': 13.8644, 'grad_norm': 0.5801441073417664, 'learning_rate': 0.001, 'epoch': 1.0, 'step': 1}
[2025/08/08 14:48:39] - {'loss': 13.8644, 'grad_norm': 0.5801441073417664, 'learning_rate': 0.001, 'epoch': 1.0, 'step': 1}
[2025/08/08 14:48:39] - {'loss': 13.8644, 'grad_norm': 0.5801441073417664, 'learning_rate': 0.001, 'epoch': 1.0, 'step': 1}
[2025/08/08 14:48:39] - {'eval_loss': -0.6635728478431702, 'eval_runtime': 0.1229, 'eval_samples_per_second': 32.541, 'eval_steps_per_second': 8.135, 'epoch': 1.0, 'step': 1}
[2025/08/08 14:48:39] - {'eval_loss': -0.6635728478431702, 'eval_runtime': 0.1229, 'eval_samples_per_second': 32.543, 'eval_steps_per_second': 8.136, 'epoch': 1.0, 'step': 1}
[2025/08/08 14:48:39] - {'eval_loss': -0.6635728478431702, 'eval_runtime': 0.1229, 'eval_samples_per_second': 32.542, 'eval_steps_per_second': 8.135, 'epoch': 1.0, 'step': 1}
[2025/08/08 14:48:39] - {'loss': 4.2402, 'grad_norm': 19.713382720947266, 'learning_rate': 0.001, 'epoch': 2.0, 'step': 2}
[2025/08/08 14:48:39] - {'loss': 4.2402, 'grad_norm': 19.713382720947266, 'learning_rate': 0.001, 'epoch': 2.0, 'step': 2}
[2025/08/08 14:48:39] - {'loss': 4.2402, 'grad_norm': 19.713382720947266, 'learning_rate': 0.001, 'epoch': 2.0, 'step': 2}
[2025/08/08 14:48:39] - {'eval_loss': -3.2595064640045166, 'eval_runtime': 0.1156, 'eval_samples_per_second': 34.596, 'eval_steps_per_second': 8.649, 'epoch': 2.0, 'step': 2}
[2025/08/08 14:48:39] - {'eval_loss': -3.2595064640045166, 'eval_runtime': 0.1155, 'eval_samples_per_second': 34.63, 'eval_steps_per_second': 8.657, 'epoch': 2.0, 'step': 2}
[2025/08/08 14:48:39] - {'eval_loss': -3.2595064640045166, 'eval_runtime': 0.1156, 'eval_samples_per_second': 34.597, 'eval_steps_per_second': 8.649, 'epoch': 2.0, 'step': 2}
[2025/08/08 14:48:39] - {'loss': 0.3443, 'grad_norm': 3.2366461753845215, 'learning_rate': 0.001, 'epoch': 3.0, 'step': 3}
[2025/08/08 14:48:39] - {'loss': 0.3443, 'grad_norm': 3.2366461753845215, 'learning_rate': 0.001, 'epoch': 3.0, 'step': 3}
[2025/08/08 14:48:39] - {'loss': 0.3443, 'grad_norm': 3.2366461753845215, 'learning_rate': 0.001, 'epoch': 3.0, 'step': 3}
[2025/08/08 14:48:39] - {'eval_loss': -3.404982328414917, 'eval_runtime': 0.1156, 'eval_samples_per_second': 34.591, 'eval_steps_per_second': 8.648, 'epoch': 3.0, 'step': 3}
[2025/08/08 14:48:39] - {'eval_loss': -3.404982328414917, 'eval_runtime': 0.1156, 'eval_samples_per_second': 34.598, 'eval_steps_per_second': 8.649, 'epoch': 3.0, 'step': 3}
[2025/08/08 14:48:39] - {'eval_loss': -3.404982328414917, 'eval_runtime': 0.1156, 'eval_samples_per_second': 34.598, 'eval_steps_per_second': 8.649, 'epoch': 3.0, 'step': 3}
[2025/08/08 14:48:39] - {'loss': 0.1349, 'grad_norm': 21.287492752075195, 'learning_rate': 0.001, 'epoch': 4.0, 'step': 4}
[2025/08/08 14:48:39] - {'loss': 0.1349, 'grad_norm': 21.287492752075195, 'learning_rate': 0.001, 'epoch': 4.0, 'step': 4}
[2025/08/08 14:48:39] - {'loss': 0.1349, 'grad_norm': 21.287492752075195, 'learning_rate': 0.001, 'epoch': 4.0, 'step': 4}
[2025/08/08 14:48:39] - {'eval_loss': -3.8253917694091797, 'eval_runtime': 0.1156, 'eval_samples_per_second': 34.592, 'eval_steps_per_second': 8.648, 'epoch': 4.0, 'step': 4}
[2025/08/08 14:48:39] - {'eval_loss': -3.8253917694091797, 'eval_runtime': 0.3691, 'eval_samples_per_second': 10.837, 'eval_steps_per_second': 2.709, 'epoch': 4.0, 'step': 4}
[2025/08/08 14:48:39] - {'eval_loss': -3.8253917694091797, 'eval_runtime': 0.1155, 'eval_samples_per_second': 34.619, 'eval_steps_per_second': 8.655, 'epoch': 4.0, 'step': 4}
[2025/08/08 14:48:39] - {'loss': 0.1671, 'grad_norm': 5.9938859939575195, 'learning_rate': 0.001, 'epoch': 5.0, 'step': 5}
[2025/08/08 14:48:39] - {'loss': 0.1671, 'grad_norm': 5.9938859939575195, 'learning_rate': 0.001, 'epoch': 5.0, 'step': 5}
[2025/08/08 14:48:39] - {'loss': 0.1671, 'grad_norm': 5.9938859939575195, 'learning_rate': 0.001, 'epoch': 5.0, 'step': 5}
[2025/08/08 14:48:39] - {'eval_loss': -3.9653513431549072, 'eval_runtime': 0.1153, 'eval_samples_per_second': 34.689, 'eval_steps_per_second': 8.672, 'epoch': 5.0, 'step': 5}
[2025/08/08 14:48:39] - {'eval_loss': -3.9653513431549072, 'eval_runtime': 0.1154, 'eval_samples_per_second': 34.665, 'eval_steps_per_second': 8.666, 'epoch': 5.0, 'step': 5}
[2025/08/08 14:48:39] - {'eval_loss': -3.9653513431549072, 'eval_runtime': 0.1154, 'eval_samples_per_second': 34.669, 'eval_steps_per_second': 8.667, 'epoch': 5.0, 'step': 5}
[2025/08/08 14:48:39] - {'loss': 0.0041, 'grad_norm': 0.07622439414262772, 'learning_rate': 0.001, 'epoch': 6.0, 'step': 6}
[2025/08/08 14:48:39] - {'loss': 0.0041, 'grad_norm': 0.07622439414262772, 'learning_rate': 0.001, 'epoch': 6.0, 'step': 6}
[2025/08/08 14:48:39] - {'loss': 0.0041, 'grad_norm': 0.07622439414262772, 'learning_rate': 0.001, 'epoch': 6.0, 'step': 6}
[2025/08/08 14:48:39] - {'eval_loss': -4.5592474937438965, 'eval_runtime': 0.1156, 'eval_samples_per_second': 34.61, 'eval_steps_per_second': 8.652, 'epoch': 6.0, 'step': 6}
[2025/08/08 14:48:39] - {'eval_loss': -4.5592474937438965, 'eval_runtime': 0.1157, 'eval_samples_per_second': 34.559, 'eval_steps_per_second': 8.64, 'epoch': 6.0, 'step': 6}
[2025/08/08 14:48:39] - {'eval_loss': -4.5592474937438965, 'eval_runtime': 0.1158, 'eval_samples_per_second': 34.556, 'eval_steps_per_second': 8.639, 'epoch': 6.0, 'step': 6}
[2025/08/08 14:48:39] - {'loss': 0.0011, 'grad_norm': 0.0194226261228323, 'learning_rate': 0.001, 'epoch': 7.0, 'step': 7}
[2025/08/08 14:48:39] - {'loss': 0.0011, 'grad_norm': 0.0194226261228323, 'learning_rate': 0.001, 'epoch': 7.0, 'step': 7}
[2025/08/08 14:48:39] - {'loss': 0.0011, 'grad_norm': 0.0194226261228323, 'learning_rate': 0.001, 'epoch': 7.0, 'step': 7}
[2025/08/08 14:48:39] - {'eval_loss': -4.970122814178467, 'eval_runtime': 0.1154, 'eval_samples_per_second': 34.666, 'eval_steps_per_second': 8.666, 'epoch': 7.0, 'step': 7}
[2025/08/08 14:48:39] - {'eval_loss': -4.970122814178467, 'eval_runtime': 0.1154, 'eval_samples_per_second': 34.669, 'eval_steps_per_second': 8.667, 'epoch': 7.0, 'step': 7}
[2025/08/08 14:48:39] - {'eval_loss': -4.970122814178467, 'eval_runtime': 0.1154, 'eval_samples_per_second': 34.669, 'eval_steps_per_second': 8.667, 'epoch': 7.0, 'step': 7}
[2025/08/08 14:48:39] - {'loss': 0.174, 'grad_norm': 3.980931520462036, 'learning_rate': 0.001, 'epoch': 8.0, 'step': 8}
[2025/08/08 14:48:39] - {'loss': 0.174, 'grad_norm': 3.980931520462036, 'learning_rate': 0.001, 'epoch': 8.0, 'step': 8}
[2025/08/08 14:48:39] - {'loss': 0.174, 'grad_norm': 3.980931520462036, 'learning_rate': 0.001, 'epoch': 8.0, 'step': 8}
[2025/08/08 14:48:39] - {'eval_loss': -5.150824546813965, 'eval_runtime': 0.1165, 'eval_samples_per_second': 34.335, 'eval_steps_per_second': 8.584, 'epoch': 8.0, 'step': 8}
[2025/08/08 14:48:39] - {'eval_loss': -5.150824546813965, 'eval_runtime': 0.1163, 'eval_samples_per_second': 34.398, 'eval_steps_per_second': 8.599, 'epoch': 8.0, 'step': 8}
[2025/08/08 14:48:39] - {'eval_loss': -5.150824546813965, 'eval_runtime': 0.1161, 'eval_samples_per_second': 34.459, 'eval_steps_per_second': 8.615, 'epoch': 8.0, 'step': 8}
[2025/08/08 14:48:39] - {'loss': 0.0024, 'grad_norm': 0.13889461755752563, 'learning_rate': 0.001, 'epoch': 9.0, 'step': 9}
[2025/08/08 14:48:39] - {'loss': 0.0024, 'grad_norm': 0.13889461755752563, 'learning_rate': 0.001, 'epoch': 9.0, 'step': 9}
[2025/08/08 14:48:39] - {'loss': 0.0024, 'grad_norm': 0.13889461755752563, 'learning_rate': 0.001, 'epoch': 9.0, 'step': 9}
[2025/08/08 14:48:39] - {'eval_loss': -5.185431957244873, 'eval_runtime': 0.1158, 'eval_samples_per_second': 34.556, 'eval_steps_per_second': 8.639, 'epoch': 9.0, 'step': 9}
[2025/08/08 14:48:39] - {'eval_loss': -5.185431957244873, 'eval_runtime': 0.1156, 'eval_samples_per_second': 34.616, 'eval_steps_per_second': 8.654, 'epoch': 9.0, 'step': 9}
[2025/08/08 14:48:39] - {'eval_loss': -5.185431957244873, 'eval_runtime': 0.1158, 'eval_samples_per_second': 34.554, 'eval_steps_per_second': 8.638, 'epoch': 9.0, 'step': 9}
[2025/08/08 14:48:39] - {'loss': 0.4021, 'grad_norm': 4.867828845977783, 'learning_rate': 0.001, 'epoch': 10.0, 'step': 10}
[2025/08/08 14:48:39] - {'loss': 0.4021, 'grad_norm': 4.867828845977783, 'learning_rate': 0.001, 'epoch': 10.0, 'step': 10}
[2025/08/08 14:48:39] - {'loss': 0.4021, 'grad_norm': 4.867828845977783, 'learning_rate': 0.001, 'epoch': 10.0, 'step': 10}
[2025/08/08 14:48:39] - {'eval_loss': -5.221858024597168, 'eval_runtime': 0.1164, 'eval_samples_per_second': 34.378, 'eval_steps_per_second': 8.594, 'epoch': 10.0, 'step': 10}
[2025/08/08 14:48:39] - {'eval_loss': -5.221858024597168, 'eval_runtime': 0.1164, 'eval_samples_per_second': 34.375, 'eval_steps_per_second': 8.594, 'epoch': 10.0, 'step': 10}
[2025/08/08 14:48:39] - {'eval_loss': -5.221858024597168, 'eval_runtime': 0.1162, 'eval_samples_per_second': 34.421, 'eval_steps_per_second': 8.605, 'epoch': 10.0, 'step': 10}
[2025/08/08 14:48:39] - {'loss': 0.0063, 'grad_norm': 0.45613688230514526, 'learning_rate': 0.001, 'epoch': 11.0, 'step': 11}
[2025/08/08 14:48:39] - {'loss': 0.0063, 'grad_norm': 0.45613688230514526, 'learning_rate': 0.001, 'epoch': 11.0, 'step': 11}
[2025/08/08 14:48:39] - {'loss': 0.0063, 'grad_norm': 0.45613688230514526, 'learning_rate': 0.001, 'epoch': 11.0, 'step': 11}
[2025/08/08 14:48:39] - {'eval_loss': -5.3847270011901855, 'eval_runtime': 0.1154, 'eval_samples_per_second': 34.651, 'eval_steps_per_second': 8.663, 'epoch': 11.0, 'step': 11}
[2025/08/08 14:48:39] - {'eval_loss': -5.3847270011901855, 'eval_runtime': 0.1154, 'eval_samples_per_second': 34.67, 'eval_steps_per_second': 8.668, 'epoch': 11.0, 'step': 11}
[2025/08/08 14:48:39] - {'eval_loss': -5.3847270011901855, 'eval_runtime': 0.1154, 'eval_samples_per_second': 34.649, 'eval_steps_per_second': 8.662, 'epoch': 11.0, 'step': 11}
[2025/08/08 14:48:39] - {'loss': 0.004, 'grad_norm': 0.1443561464548111, 'learning_rate': 0.001, 'epoch': 12.0, 'step': 12}
[2025/08/08 14:48:39] - {'loss': 0.004, 'grad_norm': 0.1443561464548111, 'learning_rate': 0.001, 'epoch': 12.0, 'step': 12}
[2025/08/08 14:48:39] - {'loss': 0.004, 'grad_norm': 0.1443561464548111, 'learning_rate': 0.001, 'epoch': 12.0, 'step': 12}
[2025/08/08 14:48:39] - {'eval_loss': -5.555835723876953, 'eval_runtime': 0.1158, 'eval_samples_per_second': 34.55, 'eval_steps_per_second': 8.638, 'epoch': 12.0, 'step': 12}
[2025/08/08 14:48:39] - {'eval_loss': -5.555835723876953, 'eval_runtime': 0.3344, 'eval_samples_per_second': 11.961, 'eval_steps_per_second': 2.99, 'epoch': 12.0, 'step': 12}
[2025/08/08 14:48:39] - {'eval_loss': -5.555835723876953, 'eval_runtime': 0.1159, 'eval_samples_per_second': 34.509, 'eval_steps_per_second': 8.627, 'epoch': 12.0, 'step': 12}
[2025/08/08 14:48:39] - {'loss': 0.0276, 'grad_norm': 2.334243059158325, 'learning_rate': 0.001, 'epoch': 13.0, 'step': 13}
[2025/08/08 14:48:39] - {'loss': 0.0276, 'grad_norm': 2.334243059158325, 'learning_rate': 0.001, 'epoch': 13.0, 'step': 13}
[2025/08/08 14:48:39] - {'loss': 0.0276, 'grad_norm': 2.334243059158325, 'learning_rate': 0.001, 'epoch': 13.0, 'step': 13}
[2025/08/08 14:48:39] - {'eval_loss': -5.683295726776123, 'eval_runtime': 0.1155, 'eval_samples_per_second': 34.631, 'eval_steps_per_second': 8.658, 'epoch': 13.0, 'step': 13}
[2025/08/08 14:48:39] - {'eval_loss': -5.683295726776123, 'eval_runtime': 0.1155, 'eval_samples_per_second': 34.635, 'eval_steps_per_second': 8.659, 'epoch': 13.0, 'step': 13}
[2025/08/08 14:48:39] - {'eval_loss': -5.683295726776123, 'eval_runtime': 0.1155, 'eval_samples_per_second': 34.629, 'eval_steps_per_second': 8.657, 'epoch': 13.0, 'step': 13}
[2025/08/08 14:48:39] - {'loss': 0.0088, 'grad_norm': 0.7498276233673096, 'learning_rate': 0.001, 'epoch': 14.0, 'step': 14}
[2025/08/08 14:48:39] - {'loss': 0.0088, 'grad_norm': 0.7498276233673096, 'learning_rate': 0.001, 'epoch': 14.0, 'step': 14}
[2025/08/08 14:48:39] - {'loss': 0.0088, 'grad_norm': 0.7498276233673096, 'learning_rate': 0.001, 'epoch': 14.0, 'step': 14}
[2025/08/08 14:48:39] - {'eval_loss': -5.665870666503906, 'eval_runtime': 0.1159, 'eval_samples_per_second': 34.518, 'eval_steps_per_second': 8.63, 'epoch': 14.0, 'step': 14}
[2025/08/08 14:48:39] - {'eval_loss': -5.665870666503906, 'eval_runtime': 0.1159, 'eval_samples_per_second': 34.522, 'eval_steps_per_second': 8.63, 'epoch': 14.0, 'step': 14}
[2025/08/08 14:48:39] - {'eval_loss': -5.665870666503906, 'eval_runtime': 0.1156, 'eval_samples_per_second': 34.609, 'eval_steps_per_second': 8.652, 'epoch': 14.0, 'step': 14}
[2025/08/08 14:48:39] - {'loss': 0.6949, 'grad_norm': 6.870203971862793, 'learning_rate': 0.001, 'epoch': 15.0, 'step': 15}
[2025/08/08 14:48:39] - {'loss': 0.6949, 'grad_norm': 6.870203971862793, 'learning_rate': 0.001, 'epoch': 15.0, 'step': 15}
[2025/08/08 14:48:39] - {'loss': 0.6949, 'grad_norm': 6.870203971862793, 'learning_rate': 0.001, 'epoch': 15.0, 'step': 15}
[2025/08/08 14:48:39] - {'eval_loss': -5.664442539215088, 'eval_runtime': 0.1154, 'eval_samples_per_second': 34.673, 'eval_steps_per_second': 8.668, 'epoch': 15.0, 'step': 15}
[2025/08/08 14:48:39] - {'eval_loss': -5.664442539215088, 'eval_runtime': 0.1154, 'eval_samples_per_second': 34.67, 'eval_steps_per_second': 8.667, 'epoch': 15.0, 'step': 15}
[2025/08/08 14:48:39] - {'eval_loss': -5.664442539215088, 'eval_runtime': 0.1153, 'eval_samples_per_second': 34.702, 'eval_steps_per_second': 8.675, 'epoch': 15.0, 'step': 15}
[2025/08/08 14:48:39] - {'loss': 0.0952, 'grad_norm': 4.361034870147705, 'learning_rate': 0.001, 'epoch': 16.0, 'step': 16}
[2025/08/08 14:48:39] - {'loss': 0.0952, 'grad_norm': 4.361034870147705, 'learning_rate': 0.001, 'epoch': 16.0, 'step': 16}
[2025/08/08 14:48:39] - {'loss': 0.0952, 'grad_norm': 4.361034870147705, 'learning_rate': 0.001, 'epoch': 16.0, 'step': 16}
[2025/08/08 14:48:39] - {'eval_loss': -5.329291820526123, 'eval_runtime': 0.116, 'eval_samples_per_second': 34.494, 'eval_steps_per_second': 8.624, 'epoch': 16.0, 'step': 16}
[2025/08/08 14:48:39] - {'eval_loss': -5.329291820526123, 'eval_runtime': 0.116, 'eval_samples_per_second': 34.495, 'eval_steps_per_second': 8.624, 'epoch': 16.0, 'step': 16}
[2025/08/08 14:48:39] - {'eval_loss': -5.329291820526123, 'eval_runtime': 0.1157, 'eval_samples_per_second': 34.572, 'eval_steps_per_second': 8.643, 'epoch': 16.0, 'step': 16}
[2025/08/08 14:48:39] - {'loss': 0.0033, 'grad_norm': 0.11135812848806381, 'learning_rate': 0.001, 'epoch': 17.0, 'step': 17}
[2025/08/08 14:48:39] - {'loss': 0.0033, 'grad_norm': 0.11135812848806381, 'learning_rate': 0.001, 'epoch': 17.0, 'step': 17}
[2025/08/08 14:48:39] - {'loss': 0.0033, 'grad_norm': 0.11135812848806381, 'learning_rate': 0.001, 'epoch': 17.0, 'step': 17}
[2025/08/08 14:48:39] - {'eval_loss': -5.018291473388672, 'eval_runtime': 0.1153, 'eval_samples_per_second': 34.679, 'eval_steps_per_second': 8.67, 'epoch': 17.0, 'step': 17}
[2025/08/08 14:48:39] - {'eval_loss': -5.018291473388672, 'eval_runtime': 0.1153, 'eval_samples_per_second': 34.681, 'eval_steps_per_second': 8.67, 'epoch': 17.0, 'step': 17}
[2025/08/08 14:48:39] - {'eval_loss': -5.018291473388672, 'eval_runtime': 0.1153, 'eval_samples_per_second': 34.679, 'eval_steps_per_second': 8.67, 'epoch': 17.0, 'step': 17}
[2025/08/08 14:48:39] - {'loss': 0.4962, 'grad_norm': 4.527234077453613, 'learning_rate': 0.001, 'epoch': 18.0, 'step': 18}
[2025/08/08 14:48:39] - {'loss': 0.4962, 'grad_norm': 4.527234077453613, 'learning_rate': 0.001, 'epoch': 18.0, 'step': 18}
[2025/08/08 14:48:39] - {'loss': 0.4962, 'grad_norm': 4.527234077453613, 'learning_rate': 0.001, 'epoch': 18.0, 'step': 18}
[2025/08/08 14:48:39] - {'eval_loss': -4.863321304321289, 'eval_runtime': 0.116, 'eval_samples_per_second': 34.479, 'eval_steps_per_second': 8.62, 'epoch': 18.0, 'step': 18}
[2025/08/08 14:48:39] - {'eval_loss': -4.863321304321289, 'eval_runtime': 0.116, 'eval_samples_per_second': 34.486, 'eval_steps_per_second': 8.622, 'epoch': 18.0, 'step': 18}
[2025/08/08 14:48:39] - {'eval_loss': -4.863321304321289, 'eval_runtime': 0.1158, 'eval_samples_per_second': 34.531, 'eval_steps_per_second': 8.633, 'epoch': 18.0, 'step': 18}
[2025/08/08 14:48:39] - {'loss': 0.038, 'grad_norm': 1.2603421211242676, 'learning_rate': 0.001, 'epoch': 19.0, 'step': 19}
[2025/08/08 14:48:39] - {'loss': 0.038, 'grad_norm': 1.2603421211242676, 'learning_rate': 0.001, 'epoch': 19.0, 'step': 19}
[2025/08/08 14:48:39] - {'loss': 0.038, 'grad_norm': 1.2603421211242676, 'learning_rate': 0.001, 'epoch': 19.0, 'step': 19}
[2025/08/08 14:48:39] - {'eval_loss': -5.381067276000977, 'eval_runtime': 0.1154, 'eval_samples_per_second': 34.674, 'eval_steps_per_second': 8.669, 'epoch': 19.0, 'step': 19}
[2025/08/08 14:48:39] - {'eval_loss': -5.381067276000977, 'eval_runtime': 0.1153, 'eval_samples_per_second': 34.706, 'eval_steps_per_second': 8.677, 'epoch': 19.0, 'step': 19}
[2025/08/08 14:48:39] - {'eval_loss': -5.381067276000977, 'eval_runtime': 0.1153, 'eval_samples_per_second': 34.677, 'eval_steps_per_second': 8.669, 'epoch': 19.0, 'step': 19}
[2025/08/08 14:48:39] - {'loss': 0.1295, 'grad_norm': 3.1153945922851562, 'learning_rate': 0.001, 'epoch': 20.0, 'step': 20}
[2025/08/08 14:48:39] - {'loss': 0.1295, 'grad_norm': 3.1153945922851562, 'learning_rate': 0.001, 'epoch': 20.0, 'step': 20}
[2025/08/08 14:48:39] - {'loss': 0.1295, 'grad_norm': 3.1153945922851562, 'learning_rate': 0.001, 'epoch': 20.0, 'step': 20}
[2025/08/08 14:48:39] - {'eval_loss': -6.105559825897217, 'eval_runtime': 0.4893, 'eval_samples_per_second': 8.174, 'eval_steps_per_second': 2.044, 'epoch': 20.0, 'step': 20}
[2025/08/08 14:48:39] - {'eval_loss': -6.105559825897217, 'eval_runtime': 0.1158, 'eval_samples_per_second': 34.537, 'eval_steps_per_second': 8.634, 'epoch': 20.0, 'step': 20}
[2025/08/08 14:48:39] - {'eval_loss': -6.105559825897217, 'eval_runtime': 0.1158, 'eval_samples_per_second': 34.538, 'eval_steps_per_second': 8.635, 'epoch': 20.0, 'step': 20}
[2025/08/08 14:48:39] - {'loss': 0.106, 'grad_norm': 3.5384559631347656, 'learning_rate': 0.001, 'epoch': 21.0, 'step': 21}
[2025/08/08 14:48:39] - {'loss': 0.106, 'grad_norm': 3.5384559631347656, 'learning_rate': 0.001, 'epoch': 21.0, 'step': 21}
[2025/08/08 14:48:39] - {'loss': 0.106, 'grad_norm': 3.5384559631347656, 'learning_rate': 0.001, 'epoch': 21.0, 'step': 21}
[2025/08/08 14:48:39] - {'eval_loss': -5.7483696937561035, 'eval_runtime': 0.1155, 'eval_samples_per_second': 34.618, 'eval_steps_per_second': 8.654, 'epoch': 21.0, 'step': 21}
[2025/08/08 14:48:39] - {'eval_loss': -5.7483696937561035, 'eval_runtime': 0.1157, 'eval_samples_per_second': 34.581, 'eval_steps_per_second': 8.645, 'epoch': 21.0, 'step': 21}
[2025/08/08 14:48:39] - {'eval_loss': -5.7483696937561035, 'eval_runtime': 0.1155, 'eval_samples_per_second': 34.633, 'eval_steps_per_second': 8.658, 'epoch': 21.0, 'step': 21}
[2025/08/08 14:48:39] - {'loss': 0.221, 'grad_norm': 6.527145862579346, 'learning_rate': 0.001, 'epoch': 22.0, 'step': 22}
[2025/08/08 14:48:39] - {'loss': 0.221, 'grad_norm': 6.527145862579346, 'learning_rate': 0.001, 'epoch': 22.0, 'step': 22}
[2025/08/08 14:48:39] - {'loss': 0.221, 'grad_norm': 6.527145862579346, 'learning_rate': 0.001, 'epoch': 22.0, 'step': 22}
[2025/08/08 14:48:39] - {'eval_loss': -5.334092617034912, 'eval_runtime': 0.116, 'eval_samples_per_second': 34.475, 'eval_steps_per_second': 8.619, 'epoch': 22.0, 'step': 22}
[2025/08/08 14:48:39] - {'eval_loss': -5.334092617034912, 'eval_runtime': 0.116, 'eval_samples_per_second': 34.478, 'eval_steps_per_second': 8.619, 'epoch': 22.0, 'step': 22}
[2025/08/08 14:48:39] - {'eval_loss': -5.334092617034912, 'eval_runtime': 0.1156, 'eval_samples_per_second': 34.616, 'eval_steps_per_second': 8.654, 'epoch': 22.0, 'step': 22}
[2025/08/08 14:48:39] - {'loss': 0.2375, 'grad_norm': 8.36048698425293, 'learning_rate': 0.001, 'epoch': 23.0, 'step': 23}
[2025/08/08 14:48:39] - {'loss': 0.2375, 'grad_norm': 8.36048698425293, 'learning_rate': 0.001, 'epoch': 23.0, 'step': 23}
[2025/08/08 14:48:39] - {'loss': 0.2375, 'grad_norm': 8.36048698425293, 'learning_rate': 0.001, 'epoch': 23.0, 'step': 23}
[2025/08/08 14:48:39] - {'eval_loss': -5.23074197769165, 'eval_runtime': 0.1154, 'eval_samples_per_second': 34.669, 'eval_steps_per_second': 8.667, 'epoch': 23.0, 'step': 23}
[2025/08/08 14:48:39] - {'eval_loss': -5.23074197769165, 'eval_runtime': 0.1155, 'eval_samples_per_second': 34.647, 'eval_steps_per_second': 8.662, 'epoch': 23.0, 'step': 23}
[2025/08/08 14:48:39] - {'eval_loss': -5.23074197769165, 'eval_runtime': 0.1154, 'eval_samples_per_second': 34.664, 'eval_steps_per_second': 8.666, 'epoch': 23.0, 'step': 23}
[2025/08/08 14:48:39] - {'loss': 0.1081, 'grad_norm': 2.272286891937256, 'learning_rate': 0.001, 'epoch': 24.0, 'step': 24}
[2025/08/08 14:48:39] - {'loss': 0.1081, 'grad_norm': 2.272286891937256, 'learning_rate': 0.001, 'epoch': 24.0, 'step': 24}
[2025/08/08 14:48:39] - {'loss': 0.1081, 'grad_norm': 2.272286891937256, 'learning_rate': 0.001, 'epoch': 24.0, 'step': 24}
[2025/08/08 14:48:39] - {'eval_loss': -5.306930065155029, 'eval_runtime': 0.3901, 'eval_samples_per_second': 10.253, 'eval_steps_per_second': 2.563, 'epoch': 24.0, 'step': 24}
[2025/08/08 14:48:39] - {'eval_loss': -5.306930065155029, 'eval_runtime': 0.1159, 'eval_samples_per_second': 34.511, 'eval_steps_per_second': 8.628, 'epoch': 24.0, 'step': 24}
[2025/08/08 14:48:39] - {'eval_loss': -5.306930065155029, 'eval_runtime': 0.1156, 'eval_samples_per_second': 34.592, 'eval_steps_per_second': 8.648, 'epoch': 24.0, 'step': 24}
[2025/08/08 14:48:39] - {'loss': 0.0107, 'grad_norm': 0.7803598046302795, 'learning_rate': 0.001, 'epoch': 25.0, 'step': 25}
[2025/08/08 14:48:39] - {'loss': 0.0107, 'grad_norm': 0.7803598046302795, 'learning_rate': 0.001, 'epoch': 25.0, 'step': 25}
[2025/08/08 14:48:39] - {'loss': 0.0107, 'grad_norm': 0.7803598046302795, 'learning_rate': 0.001, 'epoch': 25.0, 'step': 25}
[2025/08/08 14:48:39] - {'eval_loss': -5.437443256378174, 'eval_runtime': 0.1153, 'eval_samples_per_second': 34.681, 'eval_steps_per_second': 8.67, 'epoch': 25.0, 'step': 25}
[2025/08/08 14:48:39] - {'eval_loss': -5.437443256378174, 'eval_runtime': 0.1154, 'eval_samples_per_second': 34.676, 'eval_steps_per_second': 8.669, 'epoch': 25.0, 'step': 25}
[2025/08/08 14:48:39] - {'eval_loss': -5.437443256378174, 'eval_runtime': 0.1154, 'eval_samples_per_second': 34.648, 'eval_steps_per_second': 8.662, 'epoch': 25.0, 'step': 25}
[2025/08/08 14:48:39] - {'train_runtime': 37.3037, 'train_samples_per_second': 2.681, 'train_steps_per_second': 0.67, 'total_flos': 0.0, 'train_loss': 0.860863081892021, 'epoch': 25.0, 'step': 25}
[2025/08/08 14:48:39] - {'train_runtime': 37.3038, 'train_samples_per_second': 2.681, 'train_steps_per_second': 0.67, 'total_flos': 0.0, 'train_loss': 0.860863081892021, 'epoch': 25.0, 'step': 25}
[2025/08/08 14:48:39] - {'train_runtime': 37.3039, 'train_samples_per_second': 2.681, 'train_steps_per_second': 0.67, 'total_flos': 0.0, 'train_loss': 0.860863081892021, 'epoch': 25.0, 'step': 25}
[2025/08/08 14:48:40] - {'loss': 13.8644, 'grad_norm': 0.5801441073417664, 'learning_rate': 0.001, 'epoch': 1.0, 'step': 1}
[2025/08/08 14:48:40] - {'eval_loss': -0.6635728478431702, 'eval_runtime': 0.1228, 'eval_samples_per_second': 32.583, 'eval_steps_per_second': 8.146, 'epoch': 1.0, 'step': 1}
[2025/08/08 14:48:40] - {'loss': 4.2402, 'grad_norm': 19.713382720947266, 'learning_rate': 0.001, 'epoch': 2.0, 'step': 2}
[2025/08/08 14:48:40] - {'eval_loss': -3.2595064640045166, 'eval_runtime': 0.3401, 'eval_samples_per_second': 11.761, 'eval_steps_per_second': 2.94, 'epoch': 2.0, 'step': 2}
[2025/08/08 14:48:40] - {'loss': 0.3443, 'grad_norm': 3.2366461753845215, 'learning_rate': 0.001, 'epoch': 3.0, 'step': 3}
[2025/08/08 14:48:40] - {'eval_loss': -3.404982328414917, 'eval_runtime': 0.1152, 'eval_samples_per_second': 34.712, 'eval_steps_per_second': 8.678, 'epoch': 3.0, 'step': 3}
[2025/08/08 14:48:40] - {'loss': 0.1349, 'grad_norm': 21.287492752075195, 'learning_rate': 0.001, 'epoch': 4.0, 'step': 4}
[2025/08/08 14:48:40] - {'eval_loss': -3.8253917694091797, 'eval_runtime': 0.1156, 'eval_samples_per_second': 34.591, 'eval_steps_per_second': 8.648, 'epoch': 4.0, 'step': 4}
[2025/08/08 14:48:40] - {'loss': 0.1671, 'grad_norm': 5.9938859939575195, 'learning_rate': 0.001, 'epoch': 5.0, 'step': 5}
[2025/08/08 14:48:40] - {'eval_loss': -3.9653513431549072, 'eval_runtime': 0.1151, 'eval_samples_per_second': 34.738, 'eval_steps_per_second': 8.685, 'epoch': 5.0, 'step': 5}
[2025/08/08 14:48:40] - {'loss': 0.0041, 'grad_norm': 0.07622439414262772, 'learning_rate': 0.001, 'epoch': 6.0, 'step': 6}
[2025/08/08 14:48:40] - {'eval_loss': -4.5592474937438965, 'eval_runtime': 0.1158, 'eval_samples_per_second': 34.553, 'eval_steps_per_second': 8.638, 'epoch': 6.0, 'step': 6}
[2025/08/08 14:48:40] - {'loss': 0.0011, 'grad_norm': 0.0194226261228323, 'learning_rate': 0.001, 'epoch': 7.0, 'step': 7}
[2025/08/08 14:48:40] - {'eval_loss': -4.970122814178467, 'eval_runtime': 0.115, 'eval_samples_per_second': 34.776, 'eval_steps_per_second': 8.694, 'epoch': 7.0, 'step': 7}
[2025/08/08 14:48:40] - {'loss': 0.174, 'grad_norm': 3.980931520462036, 'learning_rate': 0.001, 'epoch': 8.0, 'step': 8}
[2025/08/08 14:48:40] - {'eval_loss': -5.150824546813965, 'eval_runtime': 0.1158, 'eval_samples_per_second': 34.554, 'eval_steps_per_second': 8.638, 'epoch': 8.0, 'step': 8}
[2025/08/08 14:48:40] - {'loss': 0.0024, 'grad_norm': 0.13889461755752563, 'learning_rate': 0.001, 'epoch': 9.0, 'step': 9}
[2025/08/08 14:48:40] - {'eval_loss': -5.185431957244873, 'eval_runtime': 0.1155, 'eval_samples_per_second': 34.631, 'eval_steps_per_second': 8.658, 'epoch': 9.0, 'step': 9}
[2025/08/08 14:48:40] - {'loss': 0.4021, 'grad_norm': 4.867828845977783, 'learning_rate': 0.001, 'epoch': 10.0, 'step': 10}
[2025/08/08 14:48:40] - {'eval_loss': -5.221858024597168, 'eval_runtime': 0.1164, 'eval_samples_per_second': 34.374, 'eval_steps_per_second': 8.594, 'epoch': 10.0, 'step': 10}
[2025/08/08 14:48:40] - {'loss': 0.0063, 'grad_norm': 0.45613688230514526, 'learning_rate': 0.001, 'epoch': 11.0, 'step': 11}
[2025/08/08 14:48:40] - {'eval_loss': -5.3847270011901855, 'eval_runtime': 0.1152, 'eval_samples_per_second': 34.723, 'eval_steps_per_second': 8.681, 'epoch': 11.0, 'step': 11}
[2025/08/08 14:48:40] - {'loss': 0.004, 'grad_norm': 0.1443561464548111, 'learning_rate': 0.001, 'epoch': 12.0, 'step': 12}
[2025/08/08 14:48:40] - {'eval_loss': -5.555835723876953, 'eval_runtime': 0.116, 'eval_samples_per_second': 34.484, 'eval_steps_per_second': 8.621, 'epoch': 12.0, 'step': 12}
[2025/08/08 14:48:40] - {'loss': 0.0276, 'grad_norm': 2.334243059158325, 'learning_rate': 0.001, 'epoch': 13.0, 'step': 13}
[2025/08/08 14:48:40] - {'eval_loss': -5.683295726776123, 'eval_runtime': 0.1151, 'eval_samples_per_second': 34.75, 'eval_steps_per_second': 8.687, 'epoch': 13.0, 'step': 13}
[2025/08/08 14:48:40] - {'loss': 0.0088, 'grad_norm': 0.7498276233673096, 'learning_rate': 0.001, 'epoch': 14.0, 'step': 14}
[2025/08/08 14:48:40] - {'eval_loss': -5.665870666503906, 'eval_runtime': 0.1159, 'eval_samples_per_second': 34.518, 'eval_steps_per_second': 8.629, 'epoch': 14.0, 'step': 14}
[2025/08/08 14:48:40] - {'loss': 0.6949, 'grad_norm': 6.870203971862793, 'learning_rate': 0.001, 'epoch': 15.0, 'step': 15}
[2025/08/08 14:48:40] - {'eval_loss': -5.664442539215088, 'eval_runtime': 0.1151, 'eval_samples_per_second': 34.755, 'eval_steps_per_second': 8.689, 'epoch': 15.0, 'step': 15}
[2025/08/08 14:48:40] - {'loss': 0.0952, 'grad_norm': 4.361034870147705, 'learning_rate': 0.001, 'epoch': 16.0, 'step': 16}
[2025/08/08 14:48:40] - {'eval_loss': -5.329291820526123, 'eval_runtime': 0.1159, 'eval_samples_per_second': 34.513, 'eval_steps_per_second': 8.628, 'epoch': 16.0, 'step': 16}
[2025/08/08 14:48:40] - {'loss': 0.0033, 'grad_norm': 0.11135812848806381, 'learning_rate': 0.001, 'epoch': 17.0, 'step': 17}
[2025/08/08 14:48:40] - {'eval_loss': -5.018291473388672, 'eval_runtime': 0.115, 'eval_samples_per_second': 34.784, 'eval_steps_per_second': 8.696, 'epoch': 17.0, 'step': 17}
[2025/08/08 14:48:40] - {'loss': 0.4962, 'grad_norm': 4.527234077453613, 'learning_rate': 0.001, 'epoch': 18.0, 'step': 18}
[2025/08/08 14:48:40] - {'eval_loss': -4.863321304321289, 'eval_runtime': 0.116, 'eval_samples_per_second': 34.477, 'eval_steps_per_second': 8.619, 'epoch': 18.0, 'step': 18}
[2025/08/08 14:48:40] - {'loss': 0.038, 'grad_norm': 1.2603421211242676, 'learning_rate': 0.001, 'epoch': 19.0, 'step': 19}
[2025/08/08 14:48:40] - {'eval_loss': -5.381067276000977, 'eval_runtime': 0.1151, 'eval_samples_per_second': 34.753, 'eval_steps_per_second': 8.688, 'epoch': 19.0, 'step': 19}
[2025/08/08 14:48:40] - {'loss': 0.1295, 'grad_norm': 3.1153945922851562, 'learning_rate': 0.001, 'epoch': 20.0, 'step': 20}
[2025/08/08 14:48:40] - {'eval_loss': -6.105559825897217, 'eval_runtime': 0.1157, 'eval_samples_per_second': 34.569, 'eval_steps_per_second': 8.642, 'epoch': 20.0, 'step': 20}
[2025/08/08 14:48:40] - {'loss': 0.106, 'grad_norm': 3.5384559631347656, 'learning_rate': 0.001, 'epoch': 21.0, 'step': 21}
[2025/08/08 14:48:40] - {'eval_loss': -5.7483696937561035, 'eval_runtime': 0.1154, 'eval_samples_per_second': 34.667, 'eval_steps_per_second': 8.667, 'epoch': 21.0, 'step': 21}
[2025/08/08 14:48:40] - {'loss': 0.221, 'grad_norm': 6.527145862579346, 'learning_rate': 0.001, 'epoch': 22.0, 'step': 22}
[2025/08/08 14:48:40] - {'eval_loss': -5.334092617034912, 'eval_runtime': 0.116, 'eval_samples_per_second': 34.48, 'eval_steps_per_second': 8.62, 'epoch': 22.0, 'step': 22}
[2025/08/08 14:48:40] - {'loss': 0.2375, 'grad_norm': 8.36048698425293, 'learning_rate': 0.001, 'epoch': 23.0, 'step': 23}
[2025/08/08 14:48:40] - {'eval_loss': -5.23074197769165, 'eval_runtime': 0.1151, 'eval_samples_per_second': 34.752, 'eval_steps_per_second': 8.688, 'epoch': 23.0, 'step': 23}
[2025/08/08 14:48:40] - {'loss': 0.1081, 'grad_norm': 2.272286891937256, 'learning_rate': 0.001, 'epoch': 24.0, 'step': 24}
[2025/08/08 14:48:40] - {'eval_loss': -5.306930065155029, 'eval_runtime': 0.1159, 'eval_samples_per_second': 34.506, 'eval_steps_per_second': 8.627, 'epoch': 24.0, 'step': 24}
[2025/08/08 14:48:40] - {'loss': 0.0107, 'grad_norm': 0.7803598046302795, 'learning_rate': 0.001, 'epoch': 25.0, 'step': 25}
[2025/08/08 14:48:40] - {'eval_loss': -5.437443256378174, 'eval_runtime': 0.1152, 'eval_samples_per_second': 34.724, 'eval_steps_per_second': 8.681, 'epoch': 25.0, 'step': 25}
[2025/08/08 14:48:40] - {'train_runtime': 37.3043, 'train_samples_per_second': 2.681, 'train_steps_per_second': 0.67, 'total_flos': 0.0, 'train_loss': 0.860863081892021, 'epoch': 25.0, 'step': 25}
