[2025/08/12 12:23:46] - Detected kernel version 4.18.0, which is below the recommended minimum of 5.5.0; this can cause the process to hang. It is recommended to upgrade the kernel to the minimum version or higher.
[2025/08/12 12:23:46] - Using 4 GPUs
[2025/08/12 12:23:46] - Starting new HTTPS connection (1): huggingface.co:443
[2025/08/12 12:23:46] - Using 4 GPUs
[2025/08/12 12:23:46] - Starting new HTTPS connection (1): huggingface.co:443
[2025/08/12 12:23:46] - Using 4 GPUs
[2025/08/12 12:23:46] - Starting new HTTPS connection (1): huggingface.co:443
[2025/08/12 12:23:46] - Using 4 GPUs
[2025/08/12 12:23:46] - Starting new HTTPS connection (1): huggingface.co:443
[2025/08/12 12:24:26] - Starting new HTTPS connection (2): huggingface.co:443
[2025/08/12 12:24:27] - Starting new HTTPS connection (2): huggingface.co:443
[2025/08/12 12:24:27] - Starting new HTTPS connection (2): huggingface.co:443
[2025/08/12 12:24:27] - Starting new HTTPS connection (2): huggingface.co:443
[2025/08/12 12:25:22] - Starting new HTTPS connection (3): huggingface.co:443
[2025/08/12 12:25:23] - Starting new HTTPS connection (3): huggingface.co:443
[2025/08/12 12:25:23] - Starting new HTTPS connection (3): huggingface.co:443
[2025/08/12 12:25:23] - Starting new HTTPS connection (3): huggingface.co:443
[2025/08/12 12:26:03] - Loading bitsandbytes native library from: /home/hsc/ENV-3.10/lib/python3.10/site-packages/bitsandbytes/libbitsandbytes_cuda122.so
[2025/08/12 12:26:03] - Loading bitsandbytes native library from: /home/hsc/ENV-3.10/lib/python3.10/site-packages/bitsandbytes/libbitsandbytes_cuda122.so
[2025/08/12 12:26:03] - Loading bitsandbytes native library from: /home/hsc/ENV-3.10/lib/python3.10/site-packages/bitsandbytes/libbitsandbytes_cuda122.so
[2025/08/12 12:26:03] - Loading bitsandbytes native library from: /home/hsc/ENV-3.10/lib/python3.10/site-packages/bitsandbytes/libbitsandbytes_cuda122.so
[2025/08/12 12:26:15] - Detected kernel version 4.18.0, which is below the recommended minimum of 5.5.0; this can cause the process to hang. It is recommended to upgrade the kernel to the minimum version or higher.
[2025/08/12 12:27:05] - {'loss': 13.8635, 'grad_norm': 54.28908157348633, 'learning_rate': 0.001, 'epoch': 1.0, 'step': 1}
[2025/08/12 12:27:05] - {'loss': 13.8635, 'grad_norm': 54.28908157348633, 'learning_rate': 0.001, 'epoch': 1.0, 'step': 1}
[2025/08/12 12:27:05] - {'loss': 13.8635, 'grad_norm': 54.28908157348633, 'learning_rate': 0.001, 'epoch': 1.0, 'step': 1}
[2025/08/12 12:27:05] - {'eval_loss': -0.001293476321734488, 'eval_runtime': 0.4064, 'eval_samples_per_second': 9.844, 'eval_steps_per_second': 2.461, 'epoch': 1.0, 'step': 1}
[2025/08/12 12:27:05] - {'eval_loss': -0.001293476321734488, 'eval_runtime': 0.4064, 'eval_samples_per_second': 9.844, 'eval_steps_per_second': 2.461, 'epoch': 1.0, 'step': 1}
[2025/08/12 12:27:05] - {'eval_loss': -0.001293476321734488, 'eval_runtime': 0.4063, 'eval_samples_per_second': 9.844, 'eval_steps_per_second': 2.461, 'epoch': 1.0, 'step': 1}
[2025/08/12 12:27:05] - {'loss': 0.7344, 'grad_norm': 3.943256139755249, 'learning_rate': 0.001, 'epoch': 2.0, 'step': 2}
[2025/08/12 12:27:05] - {'loss': 0.7344, 'grad_norm': 3.943256139755249, 'learning_rate': 0.001, 'epoch': 2.0, 'step': 2}
[2025/08/12 12:27:05] - {'loss': 0.7344, 'grad_norm': 3.943256139755249, 'learning_rate': 0.001, 'epoch': 2.0, 'step': 2}
[2025/08/12 12:27:05] - {'eval_loss': -0.52680903673172, 'eval_runtime': 0.4001, 'eval_samples_per_second': 9.997, 'eval_steps_per_second': 2.499, 'epoch': 2.0, 'step': 2}
[2025/08/12 12:27:05] - {'eval_loss': -0.52680903673172, 'eval_runtime': 0.4001, 'eval_samples_per_second': 9.997, 'eval_steps_per_second': 2.499, 'epoch': 2.0, 'step': 2}
[2025/08/12 12:27:05] - {'eval_loss': -0.52680903673172, 'eval_runtime': 0.881, 'eval_samples_per_second': 4.54, 'eval_steps_per_second': 1.135, 'epoch': 2.0, 'step': 2}
[2025/08/12 12:27:05] - {'loss': 0.2997, 'grad_norm': 2.5993239879608154, 'learning_rate': 0.001, 'epoch': 3.0, 'step': 3}
[2025/08/12 12:27:05] - {'loss': 0.2997, 'grad_norm': 2.5993239879608154, 'learning_rate': 0.001, 'epoch': 3.0, 'step': 3}
[2025/08/12 12:27:05] - {'loss': 0.2997, 'grad_norm': 2.5993239879608154, 'learning_rate': 0.001, 'epoch': 3.0, 'step': 3}
[2025/08/12 12:27:05] - {'eval_loss': -1.160501480102539, 'eval_runtime': 0.401, 'eval_samples_per_second': 9.974, 'eval_steps_per_second': 2.494, 'epoch': 3.0, 'step': 3}
[2025/08/12 12:27:05] - {'eval_loss': -1.160501480102539, 'eval_runtime': 0.4009, 'eval_samples_per_second': 9.977, 'eval_steps_per_second': 2.494, 'epoch': 3.0, 'step': 3}
[2025/08/12 12:27:05] - {'eval_loss': -1.160501480102539, 'eval_runtime': 0.401, 'eval_samples_per_second': 9.975, 'eval_steps_per_second': 2.494, 'epoch': 3.0, 'step': 3}
[2025/08/12 12:27:05] - {'loss': 0.1446, 'grad_norm': 0.8281058073043823, 'learning_rate': 0.001, 'epoch': 4.0, 'step': 4}
[2025/08/12 12:27:05] - {'loss': 0.1446, 'grad_norm': 0.8281058073043823, 'learning_rate': 0.001, 'epoch': 4.0, 'step': 4}
[2025/08/12 12:27:05] - {'loss': 0.1446, 'grad_norm': 0.8281058073043823, 'learning_rate': 0.001, 'epoch': 4.0, 'step': 4}
[2025/08/12 12:27:05] - {'eval_loss': -2.3821628093719482, 'eval_runtime': 0.4033, 'eval_samples_per_second': 9.919, 'eval_steps_per_second': 2.48, 'epoch': 4.0, 'step': 4}
[2025/08/12 12:27:05] - {'eval_loss': -2.3821628093719482, 'eval_runtime': 0.4034, 'eval_samples_per_second': 9.915, 'eval_steps_per_second': 2.479, 'epoch': 4.0, 'step': 4}
[2025/08/12 12:27:05] - {'eval_loss': -2.3821628093719482, 'eval_runtime': 0.4034, 'eval_samples_per_second': 9.915, 'eval_steps_per_second': 2.479, 'epoch': 4.0, 'step': 4}
[2025/08/12 12:27:05] - {'loss': 0.0552, 'grad_norm': 0.5910472869873047, 'learning_rate': 0.001, 'epoch': 5.0, 'step': 5}
[2025/08/12 12:27:05] - {'loss': 0.0552, 'grad_norm': 0.5910472869873047, 'learning_rate': 0.001, 'epoch': 5.0, 'step': 5}
[2025/08/12 12:27:05] - {'loss': 0.0552, 'grad_norm': 0.5910472869873047, 'learning_rate': 0.001, 'epoch': 5.0, 'step': 5}
[2025/08/12 12:27:05] - {'eval_loss': -3.202946901321411, 'eval_runtime': 0.401, 'eval_samples_per_second': 9.974, 'eval_steps_per_second': 2.493, 'epoch': 5.0, 'step': 5}
[2025/08/12 12:27:05] - {'eval_loss': -3.202946901321411, 'eval_runtime': 0.4009, 'eval_samples_per_second': 9.978, 'eval_steps_per_second': 2.494, 'epoch': 5.0, 'step': 5}
[2025/08/12 12:27:05] - {'eval_loss': -3.202946901321411, 'eval_runtime': 0.401, 'eval_samples_per_second': 9.975, 'eval_steps_per_second': 2.494, 'epoch': 5.0, 'step': 5}
[2025/08/12 12:27:05] - {'loss': 0.6381, 'grad_norm': 12.515507698059082, 'learning_rate': 0.001, 'epoch': 6.0, 'step': 6}
[2025/08/12 12:27:05] - {'loss': 0.6381, 'grad_norm': 12.515507698059082, 'learning_rate': 0.001, 'epoch': 6.0, 'step': 6}
[2025/08/12 12:27:05] - {'loss': 0.6381, 'grad_norm': 12.515507698059082, 'learning_rate': 0.001, 'epoch': 6.0, 'step': 6}
[2025/08/12 12:27:05] - {'eval_loss': -3.6037304401397705, 'eval_runtime': 0.5433, 'eval_samples_per_second': 7.363, 'eval_steps_per_second': 1.841, 'epoch': 6.0, 'step': 6}
[2025/08/12 12:27:05] - {'eval_loss': -3.6037304401397705, 'eval_runtime': 0.4001, 'eval_samples_per_second': 9.998, 'eval_steps_per_second': 2.499, 'epoch': 6.0, 'step': 6}
[2025/08/12 12:27:05] - {'eval_loss': -3.6037304401397705, 'eval_runtime': 0.4003, 'eval_samples_per_second': 9.992, 'eval_steps_per_second': 2.498, 'epoch': 6.0, 'step': 6}
[2025/08/12 12:27:05] - {'loss': 0.0235, 'grad_norm': 0.4701539874076843, 'learning_rate': 0.001, 'epoch': 7.0, 'step': 7}
[2025/08/12 12:27:05] - {'loss': 0.0235, 'grad_norm': 0.4701539874076843, 'learning_rate': 0.001, 'epoch': 7.0, 'step': 7}
[2025/08/12 12:27:05] - {'loss': 0.0235, 'grad_norm': 0.4701539874076843, 'learning_rate': 0.001, 'epoch': 7.0, 'step': 7}
[2025/08/12 12:27:05] - {'eval_loss': -3.5831546783447266, 'eval_runtime': 0.4151, 'eval_samples_per_second': 9.636, 'eval_steps_per_second': 2.409, 'epoch': 7.0, 'step': 7}
[2025/08/12 12:27:05] - {'eval_loss': -3.5831546783447266, 'eval_runtime': 0.4152, 'eval_samples_per_second': 9.635, 'eval_steps_per_second': 2.409, 'epoch': 7.0, 'step': 7}
[2025/08/12 12:27:05] - {'eval_loss': -3.5831546783447266, 'eval_runtime': 0.4153, 'eval_samples_per_second': 9.632, 'eval_steps_per_second': 2.408, 'epoch': 7.0, 'step': 7}
[2025/08/12 12:27:05] - {'loss': 0.0463, 'grad_norm': 3.227977752685547, 'learning_rate': 0.001, 'epoch': 8.0, 'step': 8}
[2025/08/12 12:27:05] - {'loss': 0.0463, 'grad_norm': 3.227977752685547, 'learning_rate': 0.001, 'epoch': 8.0, 'step': 8}
[2025/08/12 12:27:05] - {'loss': 0.0463, 'grad_norm': 3.227977752685547, 'learning_rate': 0.001, 'epoch': 8.0, 'step': 8}
[2025/08/12 12:27:05] - {'eval_loss': -3.48677659034729, 'eval_runtime': 0.4012, 'eval_samples_per_second': 9.971, 'eval_steps_per_second': 2.493, 'epoch': 8.0, 'step': 8}
[2025/08/12 12:27:05] - {'eval_loss': -3.48677659034729, 'eval_runtime': 0.4013, 'eval_samples_per_second': 9.967, 'eval_steps_per_second': 2.492, 'epoch': 8.0, 'step': 8}
[2025/08/12 12:27:05] - {'eval_loss': -3.48677659034729, 'eval_runtime': 0.4772, 'eval_samples_per_second': 8.382, 'eval_steps_per_second': 2.096, 'epoch': 8.0, 'step': 8}
[2025/08/12 12:27:05] - {'loss': 0.0346, 'grad_norm': 0.9738371968269348, 'learning_rate': 0.001, 'epoch': 9.0, 'step': 9}
[2025/08/12 12:27:05] - {'loss': 0.0346, 'grad_norm': 0.9738371968269348, 'learning_rate': 0.001, 'epoch': 9.0, 'step': 9}
[2025/08/12 12:27:05] - {'loss': 0.0346, 'grad_norm': 0.9738371968269348, 'learning_rate': 0.001, 'epoch': 9.0, 'step': 9}
[2025/08/12 12:27:05] - {'eval_loss': -3.406641960144043, 'eval_runtime': 0.4237, 'eval_samples_per_second': 9.44, 'eval_steps_per_second': 2.36, 'epoch': 9.0, 'step': 9}
[2025/08/12 12:27:05] - {'eval_loss': -3.406641960144043, 'eval_runtime': 0.411, 'eval_samples_per_second': 9.732, 'eval_steps_per_second': 2.433, 'epoch': 9.0, 'step': 9}
[2025/08/12 12:27:05] - {'eval_loss': -3.406641960144043, 'eval_runtime': 0.4236, 'eval_samples_per_second': 9.442, 'eval_steps_per_second': 2.36, 'epoch': 9.0, 'step': 9}
[2025/08/12 12:27:05] - {'loss': 0.0044, 'grad_norm': 0.17290794849395752, 'learning_rate': 0.001, 'epoch': 10.0, 'step': 10}
[2025/08/12 12:27:05] - {'loss': 0.0044, 'grad_norm': 0.17290794849395752, 'learning_rate': 0.001, 'epoch': 10.0, 'step': 10}
[2025/08/12 12:27:05] - {'loss': 0.0044, 'grad_norm': 0.17290794849395752, 'learning_rate': 0.001, 'epoch': 10.0, 'step': 10}
[2025/08/12 12:27:05] - {'eval_loss': -3.3337085247039795, 'eval_runtime': 0.5905, 'eval_samples_per_second': 6.774, 'eval_steps_per_second': 1.694, 'epoch': 10.0, 'step': 10}
[2025/08/12 12:27:05] - {'eval_loss': -3.3337085247039795, 'eval_runtime': 0.3996, 'eval_samples_per_second': 10.009, 'eval_steps_per_second': 2.502, 'epoch': 10.0, 'step': 10}
[2025/08/12 12:27:05] - {'eval_loss': -3.3337085247039795, 'eval_runtime': 0.3996, 'eval_samples_per_second': 10.009, 'eval_steps_per_second': 2.502, 'epoch': 10.0, 'step': 10}
[2025/08/12 12:27:05] - {'loss': 0.0011, 'grad_norm': 0.02566518820822239, 'learning_rate': 0.001, 'epoch': 11.0, 'step': 11}
[2025/08/12 12:27:05] - {'loss': 0.0011, 'grad_norm': 0.02566518820822239, 'learning_rate': 0.001, 'epoch': 11.0, 'step': 11}
[2025/08/12 12:27:05] - {'loss': 0.0011, 'grad_norm': 0.02566518820822239, 'learning_rate': 0.001, 'epoch': 11.0, 'step': 11}
[2025/08/12 12:27:05] - {'eval_loss': -3.2597169876098633, 'eval_runtime': 0.4011, 'eval_samples_per_second': 9.972, 'eval_steps_per_second': 2.493, 'epoch': 11.0, 'step': 11}
[2025/08/12 12:27:05] - {'eval_loss': -3.2597169876098633, 'eval_runtime': 0.401, 'eval_samples_per_second': 9.975, 'eval_steps_per_second': 2.494, 'epoch': 11.0, 'step': 11}
[2025/08/12 12:27:05] - {'eval_loss': -3.2597169876098633, 'eval_runtime': 0.4011, 'eval_samples_per_second': 9.972, 'eval_steps_per_second': 2.493, 'epoch': 11.0, 'step': 11}
[2025/08/12 12:27:05] - {'loss': 0.003, 'grad_norm': 0.07243981957435608, 'learning_rate': 0.001, 'epoch': 12.0, 'step': 12}
[2025/08/12 12:27:05] - {'loss': 0.003, 'grad_norm': 0.07243981957435608, 'learning_rate': 0.001, 'epoch': 12.0, 'step': 12}
[2025/08/12 12:27:05] - {'loss': 0.003, 'grad_norm': 0.07243981957435608, 'learning_rate': 0.001, 'epoch': 12.0, 'step': 12}
[2025/08/12 12:27:05] - {'eval_loss': -3.233419418334961, 'eval_runtime': 0.4943, 'eval_samples_per_second': 8.092, 'eval_steps_per_second': 2.023, 'epoch': 12.0, 'step': 12}
[2025/08/12 12:27:05] - {'eval_loss': -3.233419418334961, 'eval_runtime': 0.3999, 'eval_samples_per_second': 10.002, 'eval_steps_per_second': 2.5, 'epoch': 12.0, 'step': 12}
[2025/08/12 12:27:05] - {'eval_loss': -3.233419418334961, 'eval_runtime': 0.4002, 'eval_samples_per_second': 9.996, 'eval_steps_per_second': 2.499, 'epoch': 12.0, 'step': 12}
[2025/08/12 12:27:05] - {'loss': 0.0012, 'grad_norm': 0.01776176132261753, 'learning_rate': 0.001, 'epoch': 13.0, 'step': 13}
[2025/08/12 12:27:05] - {'loss': 0.0012, 'grad_norm': 0.01776176132261753, 'learning_rate': 0.001, 'epoch': 13.0, 'step': 13}
[2025/08/12 12:27:05] - {'loss': 0.0012, 'grad_norm': 0.01776176132261753, 'learning_rate': 0.001, 'epoch': 13.0, 'step': 13}
[2025/08/12 12:27:05] - {'eval_loss': -3.502798080444336, 'eval_runtime': 0.4003, 'eval_samples_per_second': 9.991, 'eval_steps_per_second': 2.498, 'epoch': 13.0, 'step': 13}
[2025/08/12 12:27:05] - {'eval_loss': -3.502798080444336, 'eval_runtime': 0.4003, 'eval_samples_per_second': 9.992, 'eval_steps_per_second': 2.498, 'epoch': 13.0, 'step': 13}
[2025/08/12 12:27:05] - {'eval_loss': -3.502798080444336, 'eval_runtime': 0.4003, 'eval_samples_per_second': 9.993, 'eval_steps_per_second': 2.498, 'epoch': 13.0, 'step': 13}
[2025/08/12 12:27:05] - {'loss': 0.0007, 'grad_norm': 0.022713009268045425, 'learning_rate': 0.001, 'epoch': 14.0, 'step': 14}
[2025/08/12 12:27:05] - {'loss': 0.0007, 'grad_norm': 0.022713009268045425, 'learning_rate': 0.001, 'epoch': 14.0, 'step': 14}
[2025/08/12 12:27:05] - {'loss': 0.0007, 'grad_norm': 0.022713009268045425, 'learning_rate': 0.001, 'epoch': 14.0, 'step': 14}
[2025/08/12 12:27:05] - {'eval_loss': -3.63533878326416, 'eval_runtime': 0.4024, 'eval_samples_per_second': 9.941, 'eval_steps_per_second': 2.485, 'epoch': 14.0, 'step': 14}
[2025/08/12 12:27:05] - {'eval_loss': -3.63533878326416, 'eval_runtime': 0.4008, 'eval_samples_per_second': 9.981, 'eval_steps_per_second': 2.495, 'epoch': 14.0, 'step': 14}
[2025/08/12 12:27:05] - {'eval_loss': -3.63533878326416, 'eval_runtime': 0.4016, 'eval_samples_per_second': 9.959, 'eval_steps_per_second': 2.49, 'epoch': 14.0, 'step': 14}
[2025/08/12 12:27:05] - {'loss': 0.0113, 'grad_norm': 0.740861713886261, 'learning_rate': 0.001, 'epoch': 15.0, 'step': 15}
[2025/08/12 12:27:05] - {'loss': 0.0113, 'grad_norm': 0.740861713886261, 'learning_rate': 0.001, 'epoch': 15.0, 'step': 15}
[2025/08/12 12:27:05] - {'loss': 0.0113, 'grad_norm': 0.740861713886261, 'learning_rate': 0.001, 'epoch': 15.0, 'step': 15}
[2025/08/12 12:27:05] - {'eval_loss': -3.6847774982452393, 'eval_runtime': 0.4004, 'eval_samples_per_second': 9.989, 'eval_steps_per_second': 2.497, 'epoch': 15.0, 'step': 15}
[2025/08/12 12:27:05] - {'eval_loss': -3.6847774982452393, 'eval_runtime': 0.4005, 'eval_samples_per_second': 9.987, 'eval_steps_per_second': 2.497, 'epoch': 15.0, 'step': 15}
[2025/08/12 12:27:05] - {'eval_loss': -3.6847774982452393, 'eval_runtime': 0.4003, 'eval_samples_per_second': 9.992, 'eval_steps_per_second': 2.498, 'epoch': 15.0, 'step': 15}
[2025/08/12 12:27:05] - {'loss': 0.0085, 'grad_norm': 0.617608368396759, 'learning_rate': 0.001, 'epoch': 16.0, 'step': 16}
[2025/08/12 12:27:05] - {'loss': 0.0085, 'grad_norm': 0.617608368396759, 'learning_rate': 0.001, 'epoch': 16.0, 'step': 16}
[2025/08/12 12:27:05] - {'loss': 0.0085, 'grad_norm': 0.617608368396759, 'learning_rate': 0.001, 'epoch': 16.0, 'step': 16}
[2025/08/12 12:27:05] - {'eval_loss': -3.673497438430786, 'eval_runtime': 0.3997, 'eval_samples_per_second': 10.008, 'eval_steps_per_second': 2.502, 'epoch': 16.0, 'step': 16}
[2025/08/12 12:27:05] - {'eval_loss': -3.673497438430786, 'eval_runtime': 0.3998, 'eval_samples_per_second': 10.005, 'eval_steps_per_second': 2.501, 'epoch': 16.0, 'step': 16}
[2025/08/12 12:27:05] - {'eval_loss': -3.673497438430786, 'eval_runtime': 0.4858, 'eval_samples_per_second': 8.234, 'eval_steps_per_second': 2.059, 'epoch': 16.0, 'step': 16}
[2025/08/12 12:27:05] - {'loss': 0.0026, 'grad_norm': 0.151445671916008, 'learning_rate': 0.001, 'epoch': 17.0, 'step': 17}
[2025/08/12 12:27:05] - {'loss': 0.0026, 'grad_norm': 0.151445671916008, 'learning_rate': 0.001, 'epoch': 17.0, 'step': 17}
[2025/08/12 12:27:05] - {'loss': 0.0026, 'grad_norm': 0.151445671916008, 'learning_rate': 0.001, 'epoch': 17.0, 'step': 17}
[2025/08/12 12:27:05] - {'eval_loss': -3.8555898666381836, 'eval_runtime': 0.4002, 'eval_samples_per_second': 9.995, 'eval_steps_per_second': 2.499, 'epoch': 17.0, 'step': 17}
[2025/08/12 12:27:05] - {'eval_loss': -3.8555898666381836, 'eval_runtime': 0.4004, 'eval_samples_per_second': 9.99, 'eval_steps_per_second': 2.498, 'epoch': 17.0, 'step': 17}
[2025/08/12 12:27:05] - {'eval_loss': -3.8555898666381836, 'eval_runtime': 0.4002, 'eval_samples_per_second': 9.994, 'eval_steps_per_second': 2.498, 'epoch': 17.0, 'step': 17}
[2025/08/12 12:27:05] - {'loss': 0.0425, 'grad_norm': 0.5118281245231628, 'learning_rate': 0.001, 'epoch': 18.0, 'step': 18}
[2025/08/12 12:27:05] - {'loss': 0.0425, 'grad_norm': 0.5118281245231628, 'learning_rate': 0.001, 'epoch': 18.0, 'step': 18}
[2025/08/12 12:27:05] - {'loss': 0.0425, 'grad_norm': 0.5118281245231628, 'learning_rate': 0.001, 'epoch': 18.0, 'step': 18}
[2025/08/12 12:27:05] - {'eval_loss': -4.221429824829102, 'eval_runtime': 0.5709, 'eval_samples_per_second': 7.007, 'eval_steps_per_second': 1.752, 'epoch': 18.0, 'step': 18}
[2025/08/12 12:27:05] - {'eval_loss': -4.221429824829102, 'eval_runtime': 0.3994, 'eval_samples_per_second': 10.014, 'eval_steps_per_second': 2.503, 'epoch': 18.0, 'step': 18}
[2025/08/12 12:27:05] - {'eval_loss': -4.221429824829102, 'eval_runtime': 0.3995, 'eval_samples_per_second': 10.013, 'eval_steps_per_second': 2.503, 'epoch': 18.0, 'step': 18}
[2025/08/12 12:27:05] - {'loss': 0.0005, 'grad_norm': 0.02407783642411232, 'learning_rate': 0.001, 'epoch': 19.0, 'step': 19}
[2025/08/12 12:27:05] - {'loss': 0.0005, 'grad_norm': 0.02407783642411232, 'learning_rate': 0.001, 'epoch': 19.0, 'step': 19}
[2025/08/12 12:27:05] - {'loss': 0.0005, 'grad_norm': 0.02407783642411232, 'learning_rate': 0.001, 'epoch': 19.0, 'step': 19}
[2025/08/12 12:27:05] - {'eval_loss': -4.747483730316162, 'eval_runtime': 0.402, 'eval_samples_per_second': 9.951, 'eval_steps_per_second': 2.488, 'epoch': 19.0, 'step': 19}
[2025/08/12 12:27:05] - {'eval_loss': -4.747483730316162, 'eval_runtime': 0.4018, 'eval_samples_per_second': 9.954, 'eval_steps_per_second': 2.489, 'epoch': 19.0, 'step': 19}
[2025/08/12 12:27:05] - {'eval_loss': -4.747483730316162, 'eval_runtime': 0.4019, 'eval_samples_per_second': 9.952, 'eval_steps_per_second': 2.488, 'epoch': 19.0, 'step': 19}
[2025/08/12 12:27:05] - {'loss': 0.5594, 'grad_norm': 14.828713417053223, 'learning_rate': 0.001, 'epoch': 20.0, 'step': 20}
[2025/08/12 12:27:05] - {'loss': 0.5594, 'grad_norm': 14.828713417053223, 'learning_rate': 0.001, 'epoch': 20.0, 'step': 20}
[2025/08/12 12:27:05] - {'loss': 0.5594, 'grad_norm': 14.828713417053223, 'learning_rate': 0.001, 'epoch': 20.0, 'step': 20}
[2025/08/12 12:27:05] - {'eval_loss': -4.830482482910156, 'eval_runtime': 0.5635, 'eval_samples_per_second': 7.098, 'eval_steps_per_second': 1.775, 'epoch': 20.0, 'step': 20}
[2025/08/12 12:27:05] - {'eval_loss': -4.830482482910156, 'eval_runtime': 0.3994, 'eval_samples_per_second': 10.014, 'eval_steps_per_second': 2.504, 'epoch': 20.0, 'step': 20}
[2025/08/12 12:27:05] - {'eval_loss': -4.830482482910156, 'eval_runtime': 0.3996, 'eval_samples_per_second': 10.011, 'eval_steps_per_second': 2.503, 'epoch': 20.0, 'step': 20}
[2025/08/12 12:27:05] - {'loss': 0.0034, 'grad_norm': 0.3965635299682617, 'learning_rate': 0.001, 'epoch': 21.0, 'step': 21}
[2025/08/12 12:27:05] - {'loss': 0.0034, 'grad_norm': 0.3965635299682617, 'learning_rate': 0.001, 'epoch': 21.0, 'step': 21}
[2025/08/12 12:27:05] - {'loss': 0.0034, 'grad_norm': 0.3965635299682617, 'learning_rate': 0.001, 'epoch': 21.0, 'step': 21}
[2025/08/12 12:27:05] - {'eval_loss': -4.82025146484375, 'eval_runtime': 0.3994, 'eval_samples_per_second': 10.015, 'eval_steps_per_second': 2.504, 'epoch': 21.0, 'step': 21}
[2025/08/12 12:27:05] - {'eval_loss': -4.82025146484375, 'eval_runtime': 0.3993, 'eval_samples_per_second': 10.017, 'eval_steps_per_second': 2.504, 'epoch': 21.0, 'step': 21}
[2025/08/12 12:27:05] - {'eval_loss': -4.82025146484375, 'eval_runtime': 0.3994, 'eval_samples_per_second': 10.015, 'eval_steps_per_second': 2.504, 'epoch': 21.0, 'step': 21}
[2025/08/12 12:27:05] - {'loss': 0.0008, 'grad_norm': 0.032622192054986954, 'learning_rate': 0.001, 'epoch': 22.0, 'step': 22}
[2025/08/12 12:27:05] - {'loss': 0.0008, 'grad_norm': 0.032622192054986954, 'learning_rate': 0.001, 'epoch': 22.0, 'step': 22}
[2025/08/12 12:27:05] - {'loss': 0.0008, 'grad_norm': 0.032622192054986954, 'learning_rate': 0.001, 'epoch': 22.0, 'step': 22}
[2025/08/12 12:27:05] - {'eval_loss': -4.708500385284424, 'eval_runtime': 0.3994, 'eval_samples_per_second': 10.015, 'eval_steps_per_second': 2.504, 'epoch': 22.0, 'step': 22}
[2025/08/12 12:27:05] - {'eval_loss': -4.708500385284424, 'eval_runtime': 0.3994, 'eval_samples_per_second': 10.016, 'eval_steps_per_second': 2.504, 'epoch': 22.0, 'step': 22}
[2025/08/12 12:27:05] - {'eval_loss': -4.708500385284424, 'eval_runtime': 0.3994, 'eval_samples_per_second': 10.015, 'eval_steps_per_second': 2.504, 'epoch': 22.0, 'step': 22}
[2025/08/12 12:27:05] - {'loss': 0.4711, 'grad_norm': 9.388795852661133, 'learning_rate': 0.001, 'epoch': 23.0, 'step': 23}
[2025/08/12 12:27:05] - {'loss': 0.4711, 'grad_norm': 9.388795852661133, 'learning_rate': 0.001, 'epoch': 23.0, 'step': 23}
[2025/08/12 12:27:05] - {'loss': 0.4711, 'grad_norm': 9.388795852661133, 'learning_rate': 0.001, 'epoch': 23.0, 'step': 23}
[2025/08/12 12:27:05] - {'eval_loss': -4.644993305206299, 'eval_runtime': 0.399, 'eval_samples_per_second': 10.026, 'eval_steps_per_second': 2.506, 'epoch': 23.0, 'step': 23}
[2025/08/12 12:27:05] - {'eval_loss': -4.644993305206299, 'eval_runtime': 0.3988, 'eval_samples_per_second': 10.031, 'eval_steps_per_second': 2.508, 'epoch': 23.0, 'step': 23}
[2025/08/12 12:27:05] - {'eval_loss': -4.644993305206299, 'eval_runtime': 0.3989, 'eval_samples_per_second': 10.029, 'eval_steps_per_second': 2.507, 'epoch': 23.0, 'step': 23}
[2025/08/12 12:27:05] - {'loss': 0.0545, 'grad_norm': 3.8628900051116943, 'learning_rate': 0.001, 'epoch': 24.0, 'step': 24}
[2025/08/12 12:27:05] - {'loss': 0.0545, 'grad_norm': 3.8628900051116943, 'learning_rate': 0.001, 'epoch': 24.0, 'step': 24}
[2025/08/12 12:27:05] - {'loss': 0.0545, 'grad_norm': 3.8628900051116943, 'learning_rate': 0.001, 'epoch': 24.0, 'step': 24}
[2025/08/12 12:27:05] - {'eval_loss': -4.9945597648620605, 'eval_runtime': 0.4018, 'eval_samples_per_second': 9.956, 'eval_steps_per_second': 2.489, 'epoch': 24.0, 'step': 24}
[2025/08/12 12:27:05] - {'eval_loss': -4.9945597648620605, 'eval_runtime': 0.4009, 'eval_samples_per_second': 9.977, 'eval_steps_per_second': 2.494, 'epoch': 24.0, 'step': 24}
[2025/08/12 12:27:05] - {'eval_loss': -4.9945597648620605, 'eval_runtime': 0.4014, 'eval_samples_per_second': 9.964, 'eval_steps_per_second': 2.491, 'epoch': 24.0, 'step': 24}
[2025/08/12 12:27:05] - {'loss': 0.1682, 'grad_norm': 8.664341926574707, 'learning_rate': 0.001, 'epoch': 25.0, 'step': 25}
[2025/08/12 12:27:05] - {'loss': 0.1682, 'grad_norm': 8.664341926574707, 'learning_rate': 0.001, 'epoch': 25.0, 'step': 25}
[2025/08/12 12:27:05] - {'loss': 0.1682, 'grad_norm': 8.664341926574707, 'learning_rate': 0.001, 'epoch': 25.0, 'step': 25}
[2025/08/12 12:27:05] - {'eval_loss': -4.974950790405273, 'eval_runtime': 0.4018, 'eval_samples_per_second': 9.955, 'eval_steps_per_second': 2.489, 'epoch': 25.0, 'step': 25}
[2025/08/12 12:27:05] - {'eval_loss': -4.974950790405273, 'eval_runtime': 0.4016, 'eval_samples_per_second': 9.96, 'eval_steps_per_second': 2.49, 'epoch': 25.0, 'step': 25}
[2025/08/12 12:27:05] - {'eval_loss': -4.974950790405273, 'eval_runtime': 0.4018, 'eval_samples_per_second': 9.956, 'eval_steps_per_second': 2.489, 'epoch': 25.0, 'step': 25}
[2025/08/12 12:27:05] - {'train_runtime': 44.9112, 'train_samples_per_second': 2.227, 'train_steps_per_second': 0.557, 'total_flos': 0.0, 'train_loss': 0.6869227914395742, 'epoch': 25.0, 'step': 25}
[2025/08/12 12:27:05] - {'train_runtime': 44.9112, 'train_samples_per_second': 2.227, 'train_steps_per_second': 0.557, 'total_flos': 0.0, 'train_loss': 0.6869227914395742, 'epoch': 25.0, 'step': 25}
[2025/08/12 12:27:05] - {'train_runtime': 44.9112, 'train_samples_per_second': 2.227, 'train_steps_per_second': 0.557, 'total_flos': 0.0, 'train_loss': 0.6869227914395742, 'epoch': 25.0, 'step': 25}
[2025/08/12 12:27:06] - {'loss': 13.8635, 'grad_norm': 54.28908157348633, 'learning_rate': 0.001, 'epoch': 1.0, 'step': 1}
[2025/08/12 12:27:06] - {'eval_loss': -0.001293476321734488, 'eval_runtime': 0.4059, 'eval_samples_per_second': 9.854, 'eval_steps_per_second': 2.463, 'epoch': 1.0, 'step': 1}
[2025/08/12 12:27:06] - {'loss': 0.7344, 'grad_norm': 3.943256139755249, 'learning_rate': 0.001, 'epoch': 2.0, 'step': 2}
[2025/08/12 12:27:06] - {'eval_loss': -0.52680903673172, 'eval_runtime': 0.3998, 'eval_samples_per_second': 10.005, 'eval_steps_per_second': 2.501, 'epoch': 2.0, 'step': 2}
[2025/08/12 12:27:06] - {'loss': 0.2997, 'grad_norm': 2.5993239879608154, 'learning_rate': 0.001, 'epoch': 3.0, 'step': 3}
[2025/08/12 12:27:06] - {'eval_loss': -1.160501480102539, 'eval_runtime': 0.4008, 'eval_samples_per_second': 9.98, 'eval_steps_per_second': 2.495, 'epoch': 3.0, 'step': 3}
[2025/08/12 12:27:06] - {'loss': 0.1446, 'grad_norm': 0.8281058073043823, 'learning_rate': 0.001, 'epoch': 4.0, 'step': 4}
[2025/08/12 12:27:06] - {'eval_loss': -2.3821628093719482, 'eval_runtime': 0.4035, 'eval_samples_per_second': 9.914, 'eval_steps_per_second': 2.478, 'epoch': 4.0, 'step': 4}
[2025/08/12 12:27:06] - {'loss': 0.0552, 'grad_norm': 0.5910472869873047, 'learning_rate': 0.001, 'epoch': 5.0, 'step': 5}
[2025/08/12 12:27:06] - {'eval_loss': -3.202946901321411, 'eval_runtime': 0.4007, 'eval_samples_per_second': 9.982, 'eval_steps_per_second': 2.495, 'epoch': 5.0, 'step': 5}
[2025/08/12 12:27:06] - {'loss': 0.6381, 'grad_norm': 12.515507698059082, 'learning_rate': 0.001, 'epoch': 6.0, 'step': 6}
[2025/08/12 12:27:06] - {'eval_loss': -3.6037304401397705, 'eval_runtime': 0.4002, 'eval_samples_per_second': 9.994, 'eval_steps_per_second': 2.499, 'epoch': 6.0, 'step': 6}
[2025/08/12 12:27:06] - {'loss': 0.0235, 'grad_norm': 0.4701539874076843, 'learning_rate': 0.001, 'epoch': 7.0, 'step': 7}
[2025/08/12 12:27:06] - {'eval_loss': -3.5831546783447266, 'eval_runtime': 0.4148, 'eval_samples_per_second': 9.644, 'eval_steps_per_second': 2.411, 'epoch': 7.0, 'step': 7}
[2025/08/12 12:27:06] - {'loss': 0.0463, 'grad_norm': 3.227977752685547, 'learning_rate': 0.001, 'epoch': 8.0, 'step': 8}
[2025/08/12 12:27:06] - {'eval_loss': -3.48677659034729, 'eval_runtime': 0.4013, 'eval_samples_per_second': 9.967, 'eval_steps_per_second': 2.492, 'epoch': 8.0, 'step': 8}
[2025/08/12 12:27:06] - {'loss': 0.0346, 'grad_norm': 0.9738371968269348, 'learning_rate': 0.001, 'epoch': 9.0, 'step': 9}
[2025/08/12 12:27:06] - {'eval_loss': -3.406641960144043, 'eval_runtime': 0.4234, 'eval_samples_per_second': 9.447, 'eval_steps_per_second': 2.362, 'epoch': 9.0, 'step': 9}
[2025/08/12 12:27:06] - {'loss': 0.0044, 'grad_norm': 0.17290794849395752, 'learning_rate': 0.001, 'epoch': 10.0, 'step': 10}
[2025/08/12 12:27:06] - {'eval_loss': -3.3337085247039795, 'eval_runtime': 0.3996, 'eval_samples_per_second': 10.011, 'eval_steps_per_second': 2.503, 'epoch': 10.0, 'step': 10}
[2025/08/12 12:27:06] - {'loss': 0.0011, 'grad_norm': 0.02566518820822239, 'learning_rate': 0.001, 'epoch': 11.0, 'step': 11}
[2025/08/12 12:27:06] - {'eval_loss': -3.2597169876098633, 'eval_runtime': 0.4009, 'eval_samples_per_second': 9.978, 'eval_steps_per_second': 2.495, 'epoch': 11.0, 'step': 11}
[2025/08/12 12:27:06] - {'loss': 0.003, 'grad_norm': 0.07243981957435608, 'learning_rate': 0.001, 'epoch': 12.0, 'step': 12}
[2025/08/12 12:27:06] - {'eval_loss': -3.233419418334961, 'eval_runtime': 0.4001, 'eval_samples_per_second': 9.998, 'eval_steps_per_second': 2.499, 'epoch': 12.0, 'step': 12}
[2025/08/12 12:27:06] - {'loss': 0.0012, 'grad_norm': 0.01776176132261753, 'learning_rate': 0.001, 'epoch': 13.0, 'step': 13}
[2025/08/12 12:27:06] - {'eval_loss': -3.502798080444336, 'eval_runtime': 0.4, 'eval_samples_per_second': 10.001, 'eval_steps_per_second': 2.5, 'epoch': 13.0, 'step': 13}
[2025/08/12 12:27:06] - {'loss': 0.0007, 'grad_norm': 0.022713009268045425, 'learning_rate': 0.001, 'epoch': 14.0, 'step': 14}
[2025/08/12 12:27:06] - {'eval_loss': -3.63533878326416, 'eval_runtime': 0.9707, 'eval_samples_per_second': 4.121, 'eval_steps_per_second': 1.03, 'epoch': 14.0, 'step': 14}
[2025/08/12 12:27:06] - {'loss': 0.0113, 'grad_norm': 0.740861713886261, 'learning_rate': 0.001, 'epoch': 15.0, 'step': 15}
[2025/08/12 12:27:06] - {'eval_loss': -3.6847774982452393, 'eval_runtime': 0.4003, 'eval_samples_per_second': 9.992, 'eval_steps_per_second': 2.498, 'epoch': 15.0, 'step': 15}
[2025/08/12 12:27:06] - {'loss': 0.0085, 'grad_norm': 0.617608368396759, 'learning_rate': 0.001, 'epoch': 16.0, 'step': 16}
[2025/08/12 12:27:06] - {'eval_loss': -3.673497438430786, 'eval_runtime': 0.3998, 'eval_samples_per_second': 10.006, 'eval_steps_per_second': 2.501, 'epoch': 16.0, 'step': 16}
[2025/08/12 12:27:06] - {'loss': 0.0026, 'grad_norm': 0.151445671916008, 'learning_rate': 0.001, 'epoch': 17.0, 'step': 17}
[2025/08/12 12:27:06] - {'eval_loss': -3.8555898666381836, 'eval_runtime': 0.4, 'eval_samples_per_second': 9.999, 'eval_steps_per_second': 2.5, 'epoch': 17.0, 'step': 17}
[2025/08/12 12:27:06] - {'loss': 0.0425, 'grad_norm': 0.5118281245231628, 'learning_rate': 0.001, 'epoch': 18.0, 'step': 18}
[2025/08/12 12:27:06] - {'eval_loss': -4.221429824829102, 'eval_runtime': 0.3992, 'eval_samples_per_second': 10.019, 'eval_steps_per_second': 2.505, 'epoch': 18.0, 'step': 18}
[2025/08/12 12:27:06] - {'loss': 0.0005, 'grad_norm': 0.02407783642411232, 'learning_rate': 0.001, 'epoch': 19.0, 'step': 19}
[2025/08/12 12:27:06] - {'eval_loss': -4.747483730316162, 'eval_runtime': 0.4017, 'eval_samples_per_second': 9.959, 'eval_steps_per_second': 2.49, 'epoch': 19.0, 'step': 19}
[2025/08/12 12:27:06] - {'loss': 0.5594, 'grad_norm': 14.828713417053223, 'learning_rate': 0.001, 'epoch': 20.0, 'step': 20}
[2025/08/12 12:27:06] - {'eval_loss': -4.830482482910156, 'eval_runtime': 0.3995, 'eval_samples_per_second': 10.012, 'eval_steps_per_second': 2.503, 'epoch': 20.0, 'step': 20}
[2025/08/12 12:27:06] - {'loss': 0.0034, 'grad_norm': 0.3965635299682617, 'learning_rate': 0.001, 'epoch': 21.0, 'step': 21}
[2025/08/12 12:27:06] - {'eval_loss': -4.82025146484375, 'eval_runtime': 0.3991, 'eval_samples_per_second': 10.022, 'eval_steps_per_second': 2.506, 'epoch': 21.0, 'step': 21}
[2025/08/12 12:27:06] - {'loss': 0.0008, 'grad_norm': 0.032622192054986954, 'learning_rate': 0.001, 'epoch': 22.0, 'step': 22}
[2025/08/12 12:27:06] - {'eval_loss': -4.708500385284424, 'eval_runtime': 0.3991, 'eval_samples_per_second': 10.022, 'eval_steps_per_second': 2.506, 'epoch': 22.0, 'step': 22}
[2025/08/12 12:27:06] - {'loss': 0.4711, 'grad_norm': 9.388795852661133, 'learning_rate': 0.001, 'epoch': 23.0, 'step': 23}
[2025/08/12 12:27:06] - {'eval_loss': -4.644993305206299, 'eval_runtime': 0.3986, 'eval_samples_per_second': 10.035, 'eval_steps_per_second': 2.509, 'epoch': 23.0, 'step': 23}
[2025/08/12 12:27:06] - {'loss': 0.0545, 'grad_norm': 3.8628900051116943, 'learning_rate': 0.001, 'epoch': 24.0, 'step': 24}
[2025/08/12 12:27:06] - {'eval_loss': -4.9945597648620605, 'eval_runtime': 0.3968, 'eval_samples_per_second': 10.08, 'eval_steps_per_second': 2.52, 'epoch': 24.0, 'step': 24}
[2025/08/12 12:27:06] - {'loss': 0.1682, 'grad_norm': 8.664341926574707, 'learning_rate': 0.001, 'epoch': 25.0, 'step': 25}
[2025/08/12 12:27:06] - {'eval_loss': -4.974950790405273, 'eval_runtime': 0.4016, 'eval_samples_per_second': 9.961, 'eval_steps_per_second': 2.49, 'epoch': 25.0, 'step': 25}
[2025/08/12 12:27:06] - {'train_runtime': 44.9117, 'train_samples_per_second': 2.227, 'train_steps_per_second': 0.557, 'total_flos': 0.0, 'train_loss': 0.6869227914395742, 'epoch': 25.0, 'step': 25}
