[2025/08/07 09:57:29] - Detected kernel version 4.18.0, which is below the recommended minimum of 5.5.0; this can cause the process to hang. It is recommended to upgrade the kernel to the minimum version or higher.
[2025/08/07 09:57:29] - Using 4 GPUs
[2025/08/07 09:57:29] - Starting new HTTPS connection (1): huggingface.co:443
[2025/08/07 09:57:29] - Using 4 GPUs
[2025/08/07 09:57:29] - Starting new HTTPS connection (1): huggingface.co:443
[2025/08/07 09:57:29] - Using 4 GPUs
[2025/08/07 09:57:29] - Starting new HTTPS connection (1): huggingface.co:443
[2025/08/07 09:57:29] - Using 4 GPUs
[2025/08/07 09:57:29] - Starting new HTTPS connection (1): huggingface.co:443
[2025/08/07 09:58:09] - Starting new HTTPS connection (2): huggingface.co:443
[2025/08/07 09:58:09] - Starting new HTTPS connection (2): huggingface.co:443
[2025/08/07 09:58:09] - Starting new HTTPS connection (2): huggingface.co:443
[2025/08/07 09:58:09] - Starting new HTTPS connection (2): huggingface.co:443
[2025/08/07 09:59:09] - Starting new HTTPS connection (3): huggingface.co:443
[2025/08/07 09:59:09] - Starting new HTTPS connection (3): huggingface.co:443
[2025/08/07 09:59:09] - Starting new HTTPS connection (3): huggingface.co:443
[2025/08/07 09:59:09] - Starting new HTTPS connection (3): huggingface.co:443
[2025/08/07 09:59:49] - Loading bitsandbytes native library from: /home/hsc/ENV-3.10/lib/python3.10/site-packages/bitsandbytes/libbitsandbytes_cuda122.so
[2025/08/07 09:59:49] - Loading bitsandbytes native library from: /home/hsc/ENV-3.10/lib/python3.10/site-packages/bitsandbytes/libbitsandbytes_cuda122.so
[2025/08/07 09:59:49] - Loading bitsandbytes native library from: /home/hsc/ENV-3.10/lib/python3.10/site-packages/bitsandbytes/libbitsandbytes_cuda122.so
[2025/08/07 09:59:49] - Loading bitsandbytes native library from: /home/hsc/ENV-3.10/lib/python3.10/site-packages/bitsandbytes/libbitsandbytes_cuda122.so
[2025/08/07 10:00:02] - Detected kernel version 4.18.0, which is below the recommended minimum of 5.5.0; this can cause the process to hang. It is recommended to upgrade the kernel to the minimum version or higher.
[2025/08/07 10:00:56] - {'loss': -0.0024, 'grad_norm': 0.052547816187143326, 'learning_rate': 0.001, 'epoch': 1.0, 'step': 1}
[2025/08/07 10:00:56] - {'loss': -0.0024, 'grad_norm': 0.052547816187143326, 'learning_rate': 0.001, 'epoch': 1.0, 'step': 1}
[2025/08/07 10:00:56] - {'loss': -0.0024, 'grad_norm': 0.052547816187143326, 'learning_rate': 0.001, 'epoch': 1.0, 'step': 1}
[2025/08/07 10:00:56] - {'eval_loss': -0.9604823589324951, 'eval_runtime': 0.1032, 'eval_samples_per_second': 38.761, 'eval_steps_per_second': 9.69, 'epoch': 1.0, 'step': 1}
[2025/08/07 10:00:56] - {'eval_loss': -0.9604823589324951, 'eval_runtime': 0.1032, 'eval_samples_per_second': 38.756, 'eval_steps_per_second': 9.689, 'epoch': 1.0, 'step': 1}
[2025/08/07 10:00:56] - {'eval_loss': -0.9604823589324951, 'eval_runtime': 0.1032, 'eval_samples_per_second': 38.744, 'eval_steps_per_second': 9.686, 'epoch': 1.0, 'step': 1}
[2025/08/07 10:00:56] - {'loss': -0.9604, 'grad_norm': 2.8800206184387207, 'learning_rate': 0.001, 'epoch': 2.0, 'step': 2}
[2025/08/07 10:00:56] - {'loss': -0.9604, 'grad_norm': 2.8800206184387207, 'learning_rate': 0.001, 'epoch': 2.0, 'step': 2}
[2025/08/07 10:00:56] - {'loss': -0.9604, 'grad_norm': 2.8800206184387207, 'learning_rate': 0.001, 'epoch': 2.0, 'step': 2}
[2025/08/07 10:00:56] - {'eval_loss': -3.307426929473877, 'eval_runtime': 0.1052, 'eval_samples_per_second': 38.01, 'eval_steps_per_second': 9.503, 'epoch': 2.0, 'step': 2}
[2025/08/07 10:00:56] - {'eval_loss': -3.307426929473877, 'eval_runtime': 0.105, 'eval_samples_per_second': 38.077, 'eval_steps_per_second': 9.519, 'epoch': 2.0, 'step': 2}
[2025/08/07 10:00:56] - {'eval_loss': -3.307426929473877, 'eval_runtime': 0.1053, 'eval_samples_per_second': 38.004, 'eval_steps_per_second': 9.501, 'epoch': 2.0, 'step': 2}
[2025/08/07 10:00:56] - {'loss': -3.3037, 'grad_norm': 6.55797004699707, 'learning_rate': 0.001, 'epoch': 3.0, 'step': 3}
[2025/08/07 10:00:56] - {'loss': -3.3037, 'grad_norm': 6.55797004699707, 'learning_rate': 0.001, 'epoch': 3.0, 'step': 3}
[2025/08/07 10:00:56] - {'loss': -3.3037, 'grad_norm': 6.55797004699707, 'learning_rate': 0.001, 'epoch': 3.0, 'step': 3}
[2025/08/07 10:00:56] - {'eval_loss': -5.620570182800293, 'eval_runtime': 0.1273, 'eval_samples_per_second': 31.426, 'eval_steps_per_second': 7.856, 'epoch': 3.0, 'step': 3}
[2025/08/07 10:00:56] - {'eval_loss': -5.620570182800293, 'eval_runtime': 0.1273, 'eval_samples_per_second': 31.424, 'eval_steps_per_second': 7.856, 'epoch': 3.0, 'step': 3}
[2025/08/07 10:00:56] - {'eval_loss': -5.620570182800293, 'eval_runtime': 0.1273, 'eval_samples_per_second': 31.428, 'eval_steps_per_second': 7.857, 'epoch': 3.0, 'step': 3}
[2025/08/07 10:00:56] - {'loss': -5.6051, 'grad_norm': 9.970181465148926, 'learning_rate': 0.001, 'epoch': 4.0, 'step': 4}
[2025/08/07 10:00:56] - {'loss': -5.6051, 'grad_norm': 9.970181465148926, 'learning_rate': 0.001, 'epoch': 4.0, 'step': 4}
[2025/08/07 10:00:56] - {'loss': -5.6051, 'grad_norm': 9.970181465148926, 'learning_rate': 0.001, 'epoch': 4.0, 'step': 4}
[2025/08/07 10:00:56] - {'eval_loss': -7.992676734924316, 'eval_runtime': 0.104, 'eval_samples_per_second': 38.477, 'eval_steps_per_second': 9.619, 'epoch': 4.0, 'step': 4}
[2025/08/07 10:00:56] - {'eval_loss': -7.992676734924316, 'eval_runtime': 0.1033, 'eval_samples_per_second': 38.714, 'eval_steps_per_second': 9.678, 'epoch': 4.0, 'step': 4}
[2025/08/07 10:00:56] - {'eval_loss': -7.992676734924316, 'eval_runtime': 0.1041, 'eval_samples_per_second': 38.42, 'eval_steps_per_second': 9.605, 'epoch': 4.0, 'step': 4}
[2025/08/07 10:00:56] - {'loss': -7.9845, 'grad_norm': 11.44078254699707, 'learning_rate': 0.001, 'epoch': 5.0, 'step': 5}
[2025/08/07 10:00:56] - {'loss': -7.9845, 'grad_norm': 11.44078254699707, 'learning_rate': 0.001, 'epoch': 5.0, 'step': 5}
[2025/08/07 10:00:56] - {'loss': -7.9845, 'grad_norm': 11.44078254699707, 'learning_rate': 0.001, 'epoch': 5.0, 'step': 5}
[2025/08/07 10:00:56] - {'eval_loss': -10.966021537780762, 'eval_runtime': 0.1029, 'eval_samples_per_second': 38.865, 'eval_steps_per_second': 9.716, 'epoch': 5.0, 'step': 5}
[2025/08/07 10:00:56] - {'eval_loss': -10.966021537780762, 'eval_runtime': 0.1029, 'eval_samples_per_second': 38.863, 'eval_steps_per_second': 9.716, 'epoch': 5.0, 'step': 5}
[2025/08/07 10:00:56] - {'eval_loss': -10.966021537780762, 'eval_runtime': 0.1029, 'eval_samples_per_second': 38.865, 'eval_steps_per_second': 9.716, 'epoch': 5.0, 'step': 5}
[2025/08/07 10:00:56] - {'loss': -10.9478, 'grad_norm': 24.930578231811523, 'learning_rate': 0.001, 'epoch': 6.0, 'step': 6}
[2025/08/07 10:00:56] - {'loss': -10.9478, 'grad_norm': 24.930578231811523, 'learning_rate': 0.001, 'epoch': 6.0, 'step': 6}
[2025/08/07 10:00:56] - {'loss': -10.9478, 'grad_norm': 24.930578231811523, 'learning_rate': 0.001, 'epoch': 6.0, 'step': 6}
[2025/08/07 10:00:56] - {'eval_loss': -15.421950340270996, 'eval_runtime': 0.1154, 'eval_samples_per_second': 34.671, 'eval_steps_per_second': 8.668, 'epoch': 6.0, 'step': 6}
[2025/08/07 10:00:56] - {'eval_loss': -15.421950340270996, 'eval_runtime': 0.1157, 'eval_samples_per_second': 34.583, 'eval_steps_per_second': 8.646, 'epoch': 6.0, 'step': 6}
[2025/08/07 10:00:56] - {'eval_loss': -15.421950340270996, 'eval_runtime': 0.1157, 'eval_samples_per_second': 34.582, 'eval_steps_per_second': 8.645, 'epoch': 6.0, 'step': 6}
[2025/08/07 10:00:56] - {'loss': -15.4275, 'grad_norm': 37.65256881713867, 'learning_rate': 0.001, 'epoch': 7.0, 'step': 7}
[2025/08/07 10:00:56] - {'loss': -15.4275, 'grad_norm': 37.65256881713867, 'learning_rate': 0.001, 'epoch': 7.0, 'step': 7}
[2025/08/07 10:00:56] - {'loss': -15.4275, 'grad_norm': 37.65256881713867, 'learning_rate': 0.001, 'epoch': 7.0, 'step': 7}
[2025/08/07 10:00:56] - {'eval_loss': -28.000839233398438, 'eval_runtime': 0.103, 'eval_samples_per_second': 38.847, 'eval_steps_per_second': 9.712, 'epoch': 7.0, 'step': 7}
[2025/08/07 10:00:56] - {'eval_loss': -28.000839233398438, 'eval_runtime': 0.1029, 'eval_samples_per_second': 38.885, 'eval_steps_per_second': 9.721, 'epoch': 7.0, 'step': 7}
[2025/08/07 10:00:56] - {'eval_loss': -28.000839233398438, 'eval_runtime': 0.103, 'eval_samples_per_second': 38.85, 'eval_steps_per_second': 9.712, 'epoch': 7.0, 'step': 7}
[2025/08/07 10:00:56] - {'loss': -27.972, 'grad_norm': 30.298107147216797, 'learning_rate': 0.001, 'epoch': 8.0, 'step': 8}
[2025/08/07 10:00:56] - {'loss': -27.972, 'grad_norm': 30.298107147216797, 'learning_rate': 0.001, 'epoch': 8.0, 'step': 8}
[2025/08/07 10:00:56] - {'loss': -27.972, 'grad_norm': 30.298107147216797, 'learning_rate': 0.001, 'epoch': 8.0, 'step': 8}
[2025/08/07 10:00:56] - {'eval_loss': -31.388778686523438, 'eval_runtime': 0.1037, 'eval_samples_per_second': 38.565, 'eval_steps_per_second': 9.641, 'epoch': 8.0, 'step': 8}
[2025/08/07 10:00:56] - {'eval_loss': -31.388778686523438, 'eval_runtime': 0.1043, 'eval_samples_per_second': 38.343, 'eval_steps_per_second': 9.586, 'epoch': 8.0, 'step': 8}
[2025/08/07 10:00:56] - {'eval_loss': -31.388778686523438, 'eval_runtime': 0.1045, 'eval_samples_per_second': 38.286, 'eval_steps_per_second': 9.572, 'epoch': 8.0, 'step': 8}
[2025/08/07 10:00:56] - {'loss': -31.4066, 'grad_norm': 35.96742630004883, 'learning_rate': 0.001, 'epoch': 9.0, 'step': 9}
[2025/08/07 10:00:56] - {'loss': -31.4066, 'grad_norm': 35.96742630004883, 'learning_rate': 0.001, 'epoch': 9.0, 'step': 9}
[2025/08/07 10:00:56] - {'loss': -31.4066, 'grad_norm': 35.96742630004883, 'learning_rate': 0.001, 'epoch': 9.0, 'step': 9}
[2025/08/07 10:00:56] - {'eval_loss': -35.60350799560547, 'eval_runtime': 0.1078, 'eval_samples_per_second': 37.104, 'eval_steps_per_second': 9.276, 'epoch': 9.0, 'step': 9}
[2025/08/07 10:00:56] - {'eval_loss': -35.60350799560547, 'eval_runtime': 0.1079, 'eval_samples_per_second': 37.081, 'eval_steps_per_second': 9.27, 'epoch': 9.0, 'step': 9}
[2025/08/07 10:00:56] - {'eval_loss': -35.60350799560547, 'eval_runtime': 0.1077, 'eval_samples_per_second': 37.129, 'eval_steps_per_second': 9.282, 'epoch': 9.0, 'step': 9}
[2025/08/07 10:00:56] - {'loss': -35.582, 'grad_norm': 22.46957015991211, 'learning_rate': 0.001, 'epoch': 10.0, 'step': 10}
[2025/08/07 10:00:56] - {'loss': -35.582, 'grad_norm': 22.46957015991211, 'learning_rate': 0.001, 'epoch': 10.0, 'step': 10}
[2025/08/07 10:00:56] - {'loss': -35.582, 'grad_norm': 22.46957015991211, 'learning_rate': 0.001, 'epoch': 10.0, 'step': 10}
[2025/08/07 10:00:56] - {'eval_loss': -40.18488693237305, 'eval_runtime': 0.1039, 'eval_samples_per_second': 38.516, 'eval_steps_per_second': 9.629, 'epoch': 10.0, 'step': 10}
[2025/08/07 10:00:56] - {'eval_loss': -40.18488693237305, 'eval_runtime': 0.1039, 'eval_samples_per_second': 38.515, 'eval_steps_per_second': 9.629, 'epoch': 10.0, 'step': 10}
[2025/08/07 10:00:56] - {'eval_loss': -40.18488693237305, 'eval_runtime': 0.1036, 'eval_samples_per_second': 38.592, 'eval_steps_per_second': 9.648, 'epoch': 10.0, 'step': 10}
[2025/08/07 10:00:56] - {'loss': -40.17, 'grad_norm': 15.370412826538086, 'learning_rate': 0.001, 'epoch': 11.0, 'step': 11}
[2025/08/07 10:00:56] - {'loss': -40.17, 'grad_norm': 15.370412826538086, 'learning_rate': 0.001, 'epoch': 11.0, 'step': 11}
[2025/08/07 10:00:56] - {'loss': -40.17, 'grad_norm': 15.370412826538086, 'learning_rate': 0.001, 'epoch': 11.0, 'step': 11}
[2025/08/07 10:00:56] - {'eval_loss': -44.15095901489258, 'eval_runtime': 0.103, 'eval_samples_per_second': 38.848, 'eval_steps_per_second': 9.712, 'epoch': 11.0, 'step': 11}
[2025/08/07 10:00:56] - {'eval_loss': -44.15095901489258, 'eval_runtime': 0.1029, 'eval_samples_per_second': 38.885, 'eval_steps_per_second': 9.721, 'epoch': 11.0, 'step': 11}
[2025/08/07 10:00:56] - {'eval_loss': -44.15095901489258, 'eval_runtime': 0.103, 'eval_samples_per_second': 38.845, 'eval_steps_per_second': 9.711, 'epoch': 11.0, 'step': 11}
[2025/08/07 10:00:56] - {'loss': -44.1181, 'grad_norm': 15.989020347595215, 'learning_rate': 0.001, 'epoch': 12.0, 'step': 12}
[2025/08/07 10:00:56] - {'loss': -44.1181, 'grad_norm': 15.989020347595215, 'learning_rate': 0.001, 'epoch': 12.0, 'step': 12}
[2025/08/07 10:00:56] - {'loss': -44.1181, 'grad_norm': 15.989020347595215, 'learning_rate': 0.001, 'epoch': 12.0, 'step': 12}
[2025/08/07 10:00:56] - {'eval_loss': -47.79170227050781, 'eval_runtime': 0.1041, 'eval_samples_per_second': 38.417, 'eval_steps_per_second': 9.604, 'epoch': 12.0, 'step': 12}
[2025/08/07 10:00:56] - {'eval_loss': -47.79170227050781, 'eval_runtime': 0.104, 'eval_samples_per_second': 38.476, 'eval_steps_per_second': 9.619, 'epoch': 12.0, 'step': 12}
[2025/08/07 10:00:56] - {'eval_loss': -47.79170227050781, 'eval_runtime': 0.1038, 'eval_samples_per_second': 38.518, 'eval_steps_per_second': 9.63, 'epoch': 12.0, 'step': 12}
[2025/08/07 10:00:56] - {'loss': -47.7748, 'grad_norm': 14.733556747436523, 'learning_rate': 0.001, 'epoch': 13.0, 'step': 13}
[2025/08/07 10:00:56] - {'loss': -47.7748, 'grad_norm': 14.733556747436523, 'learning_rate': 0.001, 'epoch': 13.0, 'step': 13}
[2025/08/07 10:00:56] - {'loss': -47.7748, 'grad_norm': 14.733556747436523, 'learning_rate': 0.001, 'epoch': 13.0, 'step': 13}
[2025/08/07 10:00:56] - {'eval_loss': -49.71149444580078, 'eval_runtime': 0.1028, 'eval_samples_per_second': 38.919, 'eval_steps_per_second': 9.73, 'epoch': 13.0, 'step': 13}
[2025/08/07 10:00:56] - {'eval_loss': -49.71149444580078, 'eval_runtime': 0.1027, 'eval_samples_per_second': 38.957, 'eval_steps_per_second': 9.739, 'epoch': 13.0, 'step': 13}
[2025/08/07 10:00:56] - {'eval_loss': -49.71149444580078, 'eval_runtime': 0.1028, 'eval_samples_per_second': 38.926, 'eval_steps_per_second': 9.731, 'epoch': 13.0, 'step': 13}
[2025/08/07 10:00:56] - {'loss': -49.7055, 'grad_norm': 20.24673843383789, 'learning_rate': 0.001, 'epoch': 14.0, 'step': 14}
[2025/08/07 10:00:56] - {'loss': -49.7055, 'grad_norm': 20.24673843383789, 'learning_rate': 0.001, 'epoch': 14.0, 'step': 14}
[2025/08/07 10:00:56] - {'loss': -49.7055, 'grad_norm': 20.24673843383789, 'learning_rate': 0.001, 'epoch': 14.0, 'step': 14}
[2025/08/07 10:00:56] - {'eval_loss': -51.39308166503906, 'eval_runtime': 0.1223, 'eval_samples_per_second': 32.696, 'eval_steps_per_second': 8.174, 'epoch': 14.0, 'step': 14}
[2025/08/07 10:00:56] - {'eval_loss': -51.39308166503906, 'eval_runtime': 0.1222, 'eval_samples_per_second': 32.74, 'eval_steps_per_second': 8.185, 'epoch': 14.0, 'step': 14}
[2025/08/07 10:00:56] - {'eval_loss': -51.39308166503906, 'eval_runtime': 0.1223, 'eval_samples_per_second': 32.693, 'eval_steps_per_second': 8.173, 'epoch': 14.0, 'step': 14}
[2025/08/07 10:00:56] - {'loss': -51.3439, 'grad_norm': 32.40303039550781, 'learning_rate': 0.001, 'epoch': 15.0, 'step': 15}
[2025/08/07 10:00:56] - {'loss': -51.3439, 'grad_norm': 32.40303039550781, 'learning_rate': 0.001, 'epoch': 15.0, 'step': 15}
[2025/08/07 10:00:56] - {'loss': -51.3439, 'grad_norm': 32.40303039550781, 'learning_rate': 0.001, 'epoch': 15.0, 'step': 15}
[2025/08/07 10:00:56] - {'eval_loss': -53.30751419067383, 'eval_runtime': 0.1028, 'eval_samples_per_second': 38.905, 'eval_steps_per_second': 9.726, 'epoch': 15.0, 'step': 15}
[2025/08/07 10:00:56] - {'eval_loss': -53.30751419067383, 'eval_runtime': 0.1028, 'eval_samples_per_second': 38.895, 'eval_steps_per_second': 9.724, 'epoch': 15.0, 'step': 15}
[2025/08/07 10:00:56] - {'eval_loss': -53.30751419067383, 'eval_runtime': 0.1029, 'eval_samples_per_second': 38.857, 'eval_steps_per_second': 9.714, 'epoch': 15.0, 'step': 15}
[2025/08/07 10:00:56] - {'loss': -53.2964, 'grad_norm': 15.054503440856934, 'learning_rate': 0.001, 'epoch': 16.0, 'step': 16}
[2025/08/07 10:00:56] - {'loss': -53.2964, 'grad_norm': 15.054503440856934, 'learning_rate': 0.001, 'epoch': 16.0, 'step': 16}
[2025/08/07 10:00:56] - {'loss': -53.2964, 'grad_norm': 15.054503440856934, 'learning_rate': 0.001, 'epoch': 16.0, 'step': 16}
[2025/08/07 10:00:56] - {'eval_loss': -55.28102493286133, 'eval_runtime': 0.1033, 'eval_samples_per_second': 38.737, 'eval_steps_per_second': 9.684, 'epoch': 16.0, 'step': 16}
[2025/08/07 10:00:56] - {'eval_loss': -55.28102493286133, 'eval_runtime': 0.1033, 'eval_samples_per_second': 38.738, 'eval_steps_per_second': 9.684, 'epoch': 16.0, 'step': 16}
[2025/08/07 10:00:56] - {'eval_loss': -55.28102493286133, 'eval_runtime': 0.1031, 'eval_samples_per_second': 38.803, 'eval_steps_per_second': 9.701, 'epoch': 16.0, 'step': 16}
[2025/08/07 10:00:56] - {'loss': -55.2573, 'grad_norm': 11.375785827636719, 'learning_rate': 0.001, 'epoch': 17.0, 'step': 17}
[2025/08/07 10:00:56] - {'loss': -55.2573, 'grad_norm': 11.375785827636719, 'learning_rate': 0.001, 'epoch': 17.0, 'step': 17}
[2025/08/07 10:00:56] - {'loss': -55.2573, 'grad_norm': 11.375785827636719, 'learning_rate': 0.001, 'epoch': 17.0, 'step': 17}
[2025/08/07 10:00:56] - {'eval_loss': -57.173885345458984, 'eval_runtime': 0.1033, 'eval_samples_per_second': 38.723, 'eval_steps_per_second': 9.681, 'epoch': 17.0, 'step': 17}
[2025/08/07 10:00:56] - {'eval_loss': -57.173885345458984, 'eval_runtime': 0.1032, 'eval_samples_per_second': 38.766, 'eval_steps_per_second': 9.691, 'epoch': 17.0, 'step': 17}
[2025/08/07 10:00:56] - {'eval_loss': -57.173885345458984, 'eval_runtime': 0.1033, 'eval_samples_per_second': 38.721, 'eval_steps_per_second': 9.68, 'epoch': 17.0, 'step': 17}
[2025/08/07 10:00:56] - {'loss': -57.1668, 'grad_norm': 14.592239379882812, 'learning_rate': 0.001, 'epoch': 18.0, 'step': 18}
[2025/08/07 10:00:56] - {'loss': -57.1668, 'grad_norm': 14.592239379882812, 'learning_rate': 0.001, 'epoch': 18.0, 'step': 18}
[2025/08/07 10:00:56] - {'loss': -57.1668, 'grad_norm': 14.592239379882812, 'learning_rate': 0.001, 'epoch': 18.0, 'step': 18}
[2025/08/07 10:00:56] - {'eval_loss': -58.408443450927734, 'eval_runtime': 0.1034, 'eval_samples_per_second': 38.694, 'eval_steps_per_second': 9.673, 'epoch': 18.0, 'step': 18}
[2025/08/07 10:00:56] - {'eval_loss': -58.408443450927734, 'eval_runtime': 0.1034, 'eval_samples_per_second': 38.694, 'eval_steps_per_second': 9.674, 'epoch': 18.0, 'step': 18}
[2025/08/07 10:00:56] - {'eval_loss': -58.408443450927734, 'eval_runtime': 0.1031, 'eval_samples_per_second': 38.779, 'eval_steps_per_second': 9.695, 'epoch': 18.0, 'step': 18}
[2025/08/07 10:00:56] - {'loss': -58.4315, 'grad_norm': 17.34994125366211, 'learning_rate': 0.001, 'epoch': 19.0, 'step': 19}
[2025/08/07 10:00:56] - {'loss': -58.4315, 'grad_norm': 17.34994125366211, 'learning_rate': 0.001, 'epoch': 19.0, 'step': 19}
[2025/08/07 10:00:56] - {'loss': -58.4315, 'grad_norm': 17.34994125366211, 'learning_rate': 0.001, 'epoch': 19.0, 'step': 19}
[2025/08/07 10:00:56] - {'eval_loss': -59.59236526489258, 'eval_runtime': 0.1104, 'eval_samples_per_second': 36.247, 'eval_steps_per_second': 9.062, 'epoch': 19.0, 'step': 19}
[2025/08/07 10:00:56] - {'eval_loss': -59.59236526489258, 'eval_runtime': 0.1102, 'eval_samples_per_second': 36.285, 'eval_steps_per_second': 9.071, 'epoch': 19.0, 'step': 19}
[2025/08/07 10:00:56] - {'eval_loss': -59.59236526489258, 'eval_runtime': 0.1103, 'eval_samples_per_second': 36.252, 'eval_steps_per_second': 9.063, 'epoch': 19.0, 'step': 19}
[2025/08/07 10:00:56] - {'loss': -59.5869, 'grad_norm': 19.419219970703125, 'learning_rate': 0.001, 'epoch': 20.0, 'step': 20}
[2025/08/07 10:00:56] - {'loss': -59.5869, 'grad_norm': 19.419219970703125, 'learning_rate': 0.001, 'epoch': 20.0, 'step': 20}
[2025/08/07 10:00:56] - {'loss': -59.5869, 'grad_norm': 19.419219970703125, 'learning_rate': 0.001, 'epoch': 20.0, 'step': 20}
[2025/08/07 10:00:56] - {'eval_loss': -61.13526916503906, 'eval_runtime': 0.1035, 'eval_samples_per_second': 38.666, 'eval_steps_per_second': 9.666, 'epoch': 20.0, 'step': 20}
[2025/08/07 10:00:56] - {'eval_loss': -61.13526916503906, 'eval_runtime': 0.1033, 'eval_samples_per_second': 38.714, 'eval_steps_per_second': 9.679, 'epoch': 20.0, 'step': 20}
[2025/08/07 10:00:56] - {'eval_loss': -61.13526916503906, 'eval_runtime': 0.1035, 'eval_samples_per_second': 38.664, 'eval_steps_per_second': 9.666, 'epoch': 20.0, 'step': 20}
[2025/08/07 10:00:56] - {'loss': -61.1253, 'grad_norm': 16.00030517578125, 'learning_rate': 0.001, 'epoch': 21.0, 'step': 21}
[2025/08/07 10:00:56] - {'loss': -61.1253, 'grad_norm': 16.00030517578125, 'learning_rate': 0.001, 'epoch': 21.0, 'step': 21}
[2025/08/07 10:00:56] - {'loss': -61.1253, 'grad_norm': 16.00030517578125, 'learning_rate': 0.001, 'epoch': 21.0, 'step': 21}
[2025/08/07 10:00:56] - {'eval_loss': -62.49496078491211, 'eval_runtime': 0.1031, 'eval_samples_per_second': 38.788, 'eval_steps_per_second': 9.697, 'epoch': 21.0, 'step': 21}
[2025/08/07 10:00:56] - {'eval_loss': -62.49496078491211, 'eval_runtime': 0.1031, 'eval_samples_per_second': 38.793, 'eval_steps_per_second': 9.698, 'epoch': 21.0, 'step': 21}
[2025/08/07 10:00:56] - {'eval_loss': -62.49496078491211, 'eval_runtime': 0.1031, 'eval_samples_per_second': 38.783, 'eval_steps_per_second': 9.696, 'epoch': 21.0, 'step': 21}
[2025/08/07 10:00:56] - {'loss': -62.495, 'grad_norm': 15.967781066894531, 'learning_rate': 0.001, 'epoch': 22.0, 'step': 22}
[2025/08/07 10:00:56] - {'loss': -62.495, 'grad_norm': 15.967781066894531, 'learning_rate': 0.001, 'epoch': 22.0, 'step': 22}
[2025/08/07 10:00:56] - {'loss': -62.495, 'grad_norm': 15.967781066894531, 'learning_rate': 0.001, 'epoch': 22.0, 'step': 22}
[2025/08/07 10:00:56] - {'eval_loss': -64.24464416503906, 'eval_runtime': 0.1032, 'eval_samples_per_second': 38.762, 'eval_steps_per_second': 9.691, 'epoch': 22.0, 'step': 22}
[2025/08/07 10:00:56] - {'eval_loss': -64.24464416503906, 'eval_runtime': 0.1033, 'eval_samples_per_second': 38.708, 'eval_steps_per_second': 9.677, 'epoch': 22.0, 'step': 22}
[2025/08/07 10:00:56] - {'eval_loss': -64.24464416503906, 'eval_runtime': 0.1034, 'eval_samples_per_second': 38.697, 'eval_steps_per_second': 9.674, 'epoch': 22.0, 'step': 22}
[2025/08/07 10:00:56] - {'loss': -64.2451, 'grad_norm': 13.908839225769043, 'learning_rate': 0.001, 'epoch': 23.0, 'step': 23}
[2025/08/07 10:00:56] - {'loss': -64.2451, 'grad_norm': 13.908839225769043, 'learning_rate': 0.001, 'epoch': 23.0, 'step': 23}
[2025/08/07 10:00:56] - {'loss': -64.2451, 'grad_norm': 13.908839225769043, 'learning_rate': 0.001, 'epoch': 23.0, 'step': 23}
[2025/08/07 10:00:56] - {'eval_loss': -65.855712890625, 'eval_runtime': 0.1273, 'eval_samples_per_second': 31.41, 'eval_steps_per_second': 7.852, 'epoch': 23.0, 'step': 23}
[2025/08/07 10:00:56] - {'eval_loss': -65.855712890625, 'eval_runtime': 0.1276, 'eval_samples_per_second': 31.355, 'eval_steps_per_second': 7.839, 'epoch': 23.0, 'step': 23}
[2025/08/07 10:00:56] - {'eval_loss': -65.855712890625, 'eval_runtime': 0.1275, 'eval_samples_per_second': 31.362, 'eval_steps_per_second': 7.84, 'epoch': 23.0, 'step': 23}
[2025/08/07 10:00:56] - {'loss': -65.884, 'grad_norm': 13.620213508605957, 'learning_rate': 0.001, 'epoch': 24.0, 'step': 24}
[2025/08/07 10:00:56] - {'loss': -65.884, 'grad_norm': 13.620213508605957, 'learning_rate': 0.001, 'epoch': 24.0, 'step': 24}
[2025/08/07 10:00:56] - {'loss': -65.884, 'grad_norm': 13.620213508605957, 'learning_rate': 0.001, 'epoch': 24.0, 'step': 24}
[2025/08/07 10:00:56] - {'eval_loss': -67.05357360839844, 'eval_runtime': 0.1031, 'eval_samples_per_second': 38.795, 'eval_steps_per_second': 9.699, 'epoch': 24.0, 'step': 24}
[2025/08/07 10:00:56] - {'eval_loss': -67.05357360839844, 'eval_runtime': 0.1035, 'eval_samples_per_second': 38.64, 'eval_steps_per_second': 9.66, 'epoch': 24.0, 'step': 24}
[2025/08/07 10:00:56] - {'eval_loss': -67.05357360839844, 'eval_runtime': 0.1035, 'eval_samples_per_second': 38.641, 'eval_steps_per_second': 9.66, 'epoch': 24.0, 'step': 24}
[2025/08/07 10:00:56] - {'loss': -67.085, 'grad_norm': 16.542884826660156, 'learning_rate': 0.001, 'epoch': 25.0, 'step': 25}
[2025/08/07 10:00:56] - {'loss': -67.085, 'grad_norm': 16.542884826660156, 'learning_rate': 0.001, 'epoch': 25.0, 'step': 25}
[2025/08/07 10:00:56] - {'loss': -67.085, 'grad_norm': 16.542884826660156, 'learning_rate': 0.001, 'epoch': 25.0, 'step': 25}
[2025/08/07 10:00:56] - {'eval_loss': -68.5014877319336, 'eval_runtime': 0.103, 'eval_samples_per_second': 38.818, 'eval_steps_per_second': 9.704, 'epoch': 25.0, 'step': 25}
[2025/08/07 10:00:56] - {'eval_loss': -68.5014877319336, 'eval_runtime': 0.1029, 'eval_samples_per_second': 38.854, 'eval_steps_per_second': 9.713, 'epoch': 25.0, 'step': 25}
[2025/08/07 10:00:56] - {'eval_loss': -68.5014877319336, 'eval_runtime': 0.103, 'eval_samples_per_second': 38.819, 'eval_steps_per_second': 9.705, 'epoch': 25.0, 'step': 25}
[2025/08/07 10:00:56] - {'train_runtime': 49.0116, 'train_samples_per_second': 2.04, 'train_steps_per_second': 0.51, 'total_flos': 0.0, 'train_loss': -39.07510173935443, 'epoch': 25.0, 'step': 25}
[2025/08/07 10:00:56] - {'train_runtime': 48.6702, 'train_samples_per_second': 2.055, 'train_steps_per_second': 0.514, 'total_flos': 0.0, 'train_loss': -39.07510173935443, 'epoch': 25.0, 'step': 25}
[2025/08/07 10:00:56] - {'train_runtime': 48.6989, 'train_samples_per_second': 2.053, 'train_steps_per_second': 0.513, 'total_flos': 0.0, 'train_loss': -39.07510173935443, 'epoch': 25.0, 'step': 25}
[2025/08/07 10:00:56] - {'loss': -0.0024, 'grad_norm': 0.052547816187143326, 'learning_rate': 0.001, 'epoch': 1.0, 'step': 1}
[2025/08/07 10:00:56] - {'eval_loss': -0.9604823589324951, 'eval_runtime': 0.103, 'eval_samples_per_second': 38.849, 'eval_steps_per_second': 9.712, 'epoch': 1.0, 'step': 1}
[2025/08/07 10:00:56] - {'loss': -0.9604, 'grad_norm': 2.8800206184387207, 'learning_rate': 0.001, 'epoch': 2.0, 'step': 2}
[2025/08/07 10:00:56] - {'eval_loss': -3.307426929473877, 'eval_runtime': 0.2406, 'eval_samples_per_second': 16.625, 'eval_steps_per_second': 4.156, 'epoch': 2.0, 'step': 2}
[2025/08/07 10:00:56] - {'loss': -3.3037, 'grad_norm': 6.55797004699707, 'learning_rate': 0.001, 'epoch': 3.0, 'step': 3}
[2025/08/07 10:00:56] - {'eval_loss': -5.620570182800293, 'eval_runtime': 0.1269, 'eval_samples_per_second': 31.515, 'eval_steps_per_second': 7.879, 'epoch': 3.0, 'step': 3}
[2025/08/07 10:00:56] - {'loss': -5.6051, 'grad_norm': 9.970181465148926, 'learning_rate': 0.001, 'epoch': 4.0, 'step': 4}
[2025/08/07 10:00:56] - {'eval_loss': -7.992676734924316, 'eval_runtime': 0.1783, 'eval_samples_per_second': 22.432, 'eval_steps_per_second': 5.608, 'epoch': 4.0, 'step': 4}
[2025/08/07 10:00:56] - {'loss': -7.9845, 'grad_norm': 11.44078254699707, 'learning_rate': 0.001, 'epoch': 5.0, 'step': 5}
[2025/08/07 10:00:56] - {'eval_loss': -10.966021537780762, 'eval_runtime': 0.1026, 'eval_samples_per_second': 39.001, 'eval_steps_per_second': 9.75, 'epoch': 5.0, 'step': 5}
[2025/08/07 10:00:56] - {'loss': -10.9478, 'grad_norm': 24.930578231811523, 'learning_rate': 0.001, 'epoch': 6.0, 'step': 6}
[2025/08/07 10:00:56] - {'eval_loss': -15.421950340270996, 'eval_runtime': 0.198, 'eval_samples_per_second': 20.199, 'eval_steps_per_second': 5.05, 'epoch': 6.0, 'step': 6}
[2025/08/07 10:00:56] - {'loss': -15.4275, 'grad_norm': 37.65256881713867, 'learning_rate': 0.001, 'epoch': 7.0, 'step': 7}
[2025/08/07 10:00:56] - {'eval_loss': -28.000839233398438, 'eval_runtime': 0.1027, 'eval_samples_per_second': 38.953, 'eval_steps_per_second': 9.738, 'epoch': 7.0, 'step': 7}
[2025/08/07 10:00:56] - {'loss': -27.972, 'grad_norm': 30.298107147216797, 'learning_rate': 0.001, 'epoch': 8.0, 'step': 8}
[2025/08/07 10:00:56] - {'eval_loss': -31.388778686523438, 'eval_runtime': 0.1045, 'eval_samples_per_second': 38.286, 'eval_steps_per_second': 9.571, 'epoch': 8.0, 'step': 8}
[2025/08/07 10:00:56] - {'loss': -31.4066, 'grad_norm': 35.96742630004883, 'learning_rate': 0.001, 'epoch': 9.0, 'step': 9}
[2025/08/07 10:00:56] - {'eval_loss': -35.60350799560547, 'eval_runtime': 0.1076, 'eval_samples_per_second': 37.18, 'eval_steps_per_second': 9.295, 'epoch': 9.0, 'step': 9}
[2025/08/07 10:00:56] - {'loss': -35.582, 'grad_norm': 22.46957015991211, 'learning_rate': 0.001, 'epoch': 10.0, 'step': 10}
[2025/08/07 10:00:56] - {'eval_loss': -40.18488693237305, 'eval_runtime': 0.1038, 'eval_samples_per_second': 38.52, 'eval_steps_per_second': 9.63, 'epoch': 10.0, 'step': 10}
[2025/08/07 10:00:56] - {'loss': -40.17, 'grad_norm': 15.370412826538086, 'learning_rate': 0.001, 'epoch': 11.0, 'step': 11}
[2025/08/07 10:00:56] - {'eval_loss': -44.15095901489258, 'eval_runtime': 0.1027, 'eval_samples_per_second': 38.949, 'eval_steps_per_second': 9.737, 'epoch': 11.0, 'step': 11}
[2025/08/07 10:00:56] - {'loss': -44.1181, 'grad_norm': 15.989020347595215, 'learning_rate': 0.001, 'epoch': 12.0, 'step': 12}
[2025/08/07 10:00:56] - {'eval_loss': -47.79170227050781, 'eval_runtime': 0.2305, 'eval_samples_per_second': 17.352, 'eval_steps_per_second': 4.338, 'epoch': 12.0, 'step': 12}
[2025/08/07 10:00:56] - {'loss': -47.7748, 'grad_norm': 14.733556747436523, 'learning_rate': 0.001, 'epoch': 13.0, 'step': 13}
[2025/08/07 10:00:56] - {'eval_loss': -49.71149444580078, 'eval_runtime': 0.1025, 'eval_samples_per_second': 39.011, 'eval_steps_per_second': 9.753, 'epoch': 13.0, 'step': 13}
[2025/08/07 10:00:56] - {'loss': -49.7055, 'grad_norm': 20.24673843383789, 'learning_rate': 0.001, 'epoch': 14.0, 'step': 14}
[2025/08/07 10:00:56] - {'eval_loss': -51.39308166503906, 'eval_runtime': 0.2267, 'eval_samples_per_second': 17.646, 'eval_steps_per_second': 4.412, 'epoch': 14.0, 'step': 14}
[2025/08/07 10:00:56] - {'loss': -51.3439, 'grad_norm': 32.40303039550781, 'learning_rate': 0.001, 'epoch': 15.0, 'step': 15}
[2025/08/07 10:00:56] - {'eval_loss': -53.30751419067383, 'eval_runtime': 0.1027, 'eval_samples_per_second': 38.942, 'eval_steps_per_second': 9.735, 'epoch': 15.0, 'step': 15}
[2025/08/07 10:00:56] - {'loss': -53.2964, 'grad_norm': 15.054503440856934, 'learning_rate': 0.001, 'epoch': 16.0, 'step': 16}
[2025/08/07 10:00:56] - {'eval_loss': -55.28102493286133, 'eval_runtime': 0.2399, 'eval_samples_per_second': 16.674, 'eval_steps_per_second': 4.169, 'epoch': 16.0, 'step': 16}
[2025/08/07 10:00:56] - {'loss': -55.2573, 'grad_norm': 11.375785827636719, 'learning_rate': 0.001, 'epoch': 17.0, 'step': 17}
[2025/08/07 10:00:56] - {'eval_loss': -57.173885345458984, 'eval_runtime': 0.103, 'eval_samples_per_second': 38.844, 'eval_steps_per_second': 9.711, 'epoch': 17.0, 'step': 17}
[2025/08/07 10:00:56] - {'loss': -57.1668, 'grad_norm': 14.592239379882812, 'learning_rate': 0.001, 'epoch': 18.0, 'step': 18}
[2025/08/07 10:00:56] - {'eval_loss': -58.408443450927734, 'eval_runtime': 0.1617, 'eval_samples_per_second': 24.735, 'eval_steps_per_second': 6.184, 'epoch': 18.0, 'step': 18}
[2025/08/07 10:00:56] - {'loss': -58.4315, 'grad_norm': 17.34994125366211, 'learning_rate': 0.001, 'epoch': 19.0, 'step': 19}
[2025/08/07 10:00:56] - {'eval_loss': -59.59236526489258, 'eval_runtime': 0.1097, 'eval_samples_per_second': 36.455, 'eval_steps_per_second': 9.114, 'epoch': 19.0, 'step': 19}
[2025/08/07 10:00:56] - {'loss': -59.5869, 'grad_norm': 19.419219970703125, 'learning_rate': 0.001, 'epoch': 20.0, 'step': 20}
[2025/08/07 10:00:56] - {'eval_loss': -61.13526916503906, 'eval_runtime': 0.3128, 'eval_samples_per_second': 12.787, 'eval_steps_per_second': 3.197, 'epoch': 20.0, 'step': 20}
[2025/08/07 10:00:56] - {'loss': -61.1253, 'grad_norm': 16.00030517578125, 'learning_rate': 0.001, 'epoch': 21.0, 'step': 21}
[2025/08/07 10:00:56] - {'eval_loss': -62.49496078491211, 'eval_runtime': 0.1027, 'eval_samples_per_second': 38.938, 'eval_steps_per_second': 9.734, 'epoch': 21.0, 'step': 21}
[2025/08/07 10:00:56] - {'loss': -62.495, 'grad_norm': 15.967781066894531, 'learning_rate': 0.001, 'epoch': 22.0, 'step': 22}
[2025/08/07 10:00:56] - {'eval_loss': -64.24464416503906, 'eval_runtime': 0.3291, 'eval_samples_per_second': 12.154, 'eval_steps_per_second': 3.038, 'epoch': 22.0, 'step': 22}
[2025/08/07 10:00:56] - {'loss': -64.2451, 'grad_norm': 13.908839225769043, 'learning_rate': 0.001, 'epoch': 23.0, 'step': 23}
[2025/08/07 10:00:56] - {'eval_loss': -65.855712890625, 'eval_runtime': 0.1273, 'eval_samples_per_second': 31.419, 'eval_steps_per_second': 7.855, 'epoch': 23.0, 'step': 23}
[2025/08/07 10:00:56] - {'loss': -65.884, 'grad_norm': 13.620213508605957, 'learning_rate': 0.001, 'epoch': 24.0, 'step': 24}
[2025/08/07 10:00:56] - {'eval_loss': -67.05357360839844, 'eval_runtime': 0.485, 'eval_samples_per_second': 8.247, 'eval_steps_per_second': 2.062, 'epoch': 24.0, 'step': 24}
[2025/08/07 10:00:56] - {'loss': -67.085, 'grad_norm': 16.542884826660156, 'learning_rate': 0.001, 'epoch': 25.0, 'step': 25}
[2025/08/07 10:00:56] - {'eval_loss': -68.5014877319336, 'eval_runtime': 0.1028, 'eval_samples_per_second': 38.922, 'eval_steps_per_second': 9.731, 'epoch': 25.0, 'step': 25}
[2025/08/07 10:00:56] - {'train_runtime': 49.4558, 'train_samples_per_second': 2.022, 'train_steps_per_second': 0.506, 'total_flos': 0.0, 'train_loss': -39.07510173935443, 'epoch': 25.0, 'step': 25}
