[2025/08/19 03:06:00] - Detected kernel version 4.18.0, which is below the recommended minimum of 5.5.0; this can cause the process to hang. It is recommended to upgrade the kernel to the minimum version or higher.
[2025/08/19 03:06:00] - Using 4 GPUs
[2025/08/19 03:06:00] - Starting new HTTPS connection (1): huggingface.co:443
[2025/08/19 03:06:00] - Using 4 GPUs
[2025/08/19 03:06:00] - Starting new HTTPS connection (1): huggingface.co:443
[2025/08/19 03:06:00] - Using 4 GPUs
[2025/08/19 03:06:00] - Starting new HTTPS connection (1): huggingface.co:443
[2025/08/19 03:06:00] - Using 4 GPUs
[2025/08/19 03:06:00] - Starting new HTTPS connection (1): huggingface.co:443
[2025/08/19 03:06:40] - Starting new HTTPS connection (2): huggingface.co:443
[2025/08/19 03:06:41] - Starting new HTTPS connection (2): huggingface.co:443
[2025/08/19 03:06:41] - Starting new HTTPS connection (2): huggingface.co:443
[2025/08/19 03:06:41] - Starting new HTTPS connection (2): huggingface.co:443
[2025/08/19 03:08:14] - Starting new HTTPS connection (3): huggingface.co:443
[2025/08/19 03:08:14] - Starting new HTTPS connection (3): huggingface.co:443
[2025/08/19 03:08:14] - Starting new HTTPS connection (3): huggingface.co:443
[2025/08/19 03:08:14] - Starting new HTTPS connection (3): huggingface.co:443
[2025/08/19 03:08:54] - Loading bitsandbytes native library from: /home/hsc/ENV-3.10/lib/python3.10/site-packages/bitsandbytes/libbitsandbytes_cuda122.so
[2025/08/19 03:08:54] - Loading bitsandbytes native library from: /home/hsc/ENV-3.10/lib/python3.10/site-packages/bitsandbytes/libbitsandbytes_cuda122.so
[2025/08/19 03:08:54] - Loading bitsandbytes native library from: /home/hsc/ENV-3.10/lib/python3.10/site-packages/bitsandbytes/libbitsandbytes_cuda122.so
[2025/08/19 03:08:54] - Loading bitsandbytes native library from: /home/hsc/ENV-3.10/lib/python3.10/site-packages/bitsandbytes/libbitsandbytes_cuda122.so
[2025/08/19 03:09:07] - Detected kernel version 4.18.0, which is below the recommended minimum of 5.5.0; this can cause the process to hang. It is recommended to upgrade the kernel to the minimum version or higher.
[2025/08/19 03:09:37] - {'loss': 6.1777, 'grad_norm': 5.299527168273926, 'learning_rate': 0.001, 'epoch': 1.0, 'step': 1}
[2025/08/19 03:09:37] - {'loss': 6.1777, 'grad_norm': 5.299527168273926, 'learning_rate': 0.001, 'epoch': 1.0, 'step': 1}
[2025/08/19 03:09:37] - {'loss': 6.1777, 'grad_norm': 5.299527168273926, 'learning_rate': 0.001, 'epoch': 1.0, 'step': 1}
[2025/08/19 03:09:37] - {'eval_loss': -0.002457850147038698, 'eval_runtime': 0.1372, 'eval_samples_per_second': 29.163, 'eval_steps_per_second': 7.291, 'epoch': 1.0, 'step': 1}
[2025/08/19 03:09:37] - {'eval_loss': -0.002457850147038698, 'eval_runtime': 0.1372, 'eval_samples_per_second': 29.164, 'eval_steps_per_second': 7.291, 'epoch': 1.0, 'step': 1}
[2025/08/19 03:09:37] - {'loss': 3.8852, 'grad_norm': 4.0578389167785645, 'learning_rate': 0.001, 'epoch': 2.0, 'step': 2}
[2025/08/19 03:09:37] - {'eval_loss': -0.002457850147038698, 'eval_runtime': 0.1371, 'eval_samples_per_second': 29.177, 'eval_steps_per_second': 7.294, 'epoch': 1.0, 'step': 1}
[2025/08/19 03:09:37] - {'loss': 3.8852, 'grad_norm': 4.0578389167785645, 'learning_rate': 0.001, 'epoch': 2.0, 'step': 2}
[2025/08/19 03:09:37] - {'eval_loss': -0.5010879039764404, 'eval_runtime': 0.1441, 'eval_samples_per_second': 27.75, 'eval_steps_per_second': 6.937, 'epoch': 2.0, 'step': 2}
[2025/08/19 03:09:37] - {'loss': 3.8852, 'grad_norm': 4.0578389167785645, 'learning_rate': 0.001, 'epoch': 2.0, 'step': 2}
[2025/08/19 03:09:37] - {'eval_loss': -0.5010879039764404, 'eval_runtime': 0.144, 'eval_samples_per_second': 27.781, 'eval_steps_per_second': 6.945, 'epoch': 2.0, 'step': 2}
[2025/08/19 03:09:37] - {'loss': 2.5996, 'grad_norm': 2.4790730476379395, 'learning_rate': 0.001, 'epoch': 3.0, 'step': 3}
[2025/08/19 03:09:37] - {'eval_loss': -0.5010879039764404, 'eval_runtime': 0.1441, 'eval_samples_per_second': 27.751, 'eval_steps_per_second': 6.938, 'epoch': 2.0, 'step': 2}
[2025/08/19 03:09:37] - {'loss': 2.5996, 'grad_norm': 2.4790730476379395, 'learning_rate': 0.001, 'epoch': 3.0, 'step': 3}
[2025/08/19 03:09:37] - {'eval_loss': -0.6115612387657166, 'eval_runtime': 0.1201, 'eval_samples_per_second': 33.305, 'eval_steps_per_second': 8.326, 'epoch': 3.0, 'step': 3}
[2025/08/19 03:09:37] - {'loss': 2.5996, 'grad_norm': 2.4790730476379395, 'learning_rate': 0.001, 'epoch': 3.0, 'step': 3}
[2025/08/19 03:09:37] - {'eval_loss': -0.6115612387657166, 'eval_runtime': 0.1202, 'eval_samples_per_second': 33.271, 'eval_steps_per_second': 8.318, 'epoch': 3.0, 'step': 3}
[2025/08/19 03:09:37] - {'loss': 2.1835, 'grad_norm': 2.120314121246338, 'learning_rate': 0.001, 'epoch': 4.0, 'step': 4}
[2025/08/19 03:09:37] - {'eval_loss': -0.6115612387657166, 'eval_runtime': 0.1202, 'eval_samples_per_second': 33.271, 'eval_steps_per_second': 8.318, 'epoch': 3.0, 'step': 3}
[2025/08/19 03:09:37] - {'loss': 2.1835, 'grad_norm': 2.120314121246338, 'learning_rate': 0.001, 'epoch': 4.0, 'step': 4}
[2025/08/19 03:09:37] - {'eval_loss': -0.23257304728031158, 'eval_runtime': 0.1212, 'eval_samples_per_second': 33.002, 'eval_steps_per_second': 8.251, 'epoch': 4.0, 'step': 4}
[2025/08/19 03:09:37] - {'loss': 2.1835, 'grad_norm': 2.120314121246338, 'learning_rate': 0.001, 'epoch': 4.0, 'step': 4}
[2025/08/19 03:09:37] - {'eval_loss': -0.23257304728031158, 'eval_runtime': 0.1212, 'eval_samples_per_second': 32.999, 'eval_steps_per_second': 8.25, 'epoch': 4.0, 'step': 4}
[2025/08/19 03:09:37] - {'loss': 1.8387, 'grad_norm': 1.3304600715637207, 'learning_rate': 0.001, 'epoch': 5.0, 'step': 5}
[2025/08/19 03:09:37] - {'eval_loss': -0.23257304728031158, 'eval_runtime': 0.1209, 'eval_samples_per_second': 33.086, 'eval_steps_per_second': 8.272, 'epoch': 4.0, 'step': 4}
[2025/08/19 03:09:37] - {'loss': 1.8387, 'grad_norm': 1.3304600715637207, 'learning_rate': 0.001, 'epoch': 5.0, 'step': 5}
[2025/08/19 03:09:37] - {'eval_loss': -0.10314790904521942, 'eval_runtime': 0.1203, 'eval_samples_per_second': 33.252, 'eval_steps_per_second': 8.313, 'epoch': 5.0, 'step': 5}
[2025/08/19 03:09:37] - {'loss': 1.8387, 'grad_norm': 1.3304600715637207, 'learning_rate': 0.001, 'epoch': 5.0, 'step': 5}
[2025/08/19 03:09:37] - {'eval_loss': -0.10314790904521942, 'eval_runtime': 0.1204, 'eval_samples_per_second': 33.23, 'eval_steps_per_second': 8.308, 'epoch': 5.0, 'step': 5}
[2025/08/19 03:09:37] - {'loss': 1.0966, 'grad_norm': 1.1491221189498901, 'learning_rate': 0.001, 'epoch': 6.0, 'step': 6}
[2025/08/19 03:09:37] - {'eval_loss': -0.10314790904521942, 'eval_runtime': 0.1205, 'eval_samples_per_second': 33.2, 'eval_steps_per_second': 8.3, 'epoch': 5.0, 'step': 5}
[2025/08/19 03:09:37] - {'loss': 1.0966, 'grad_norm': 1.1491221189498901, 'learning_rate': 0.001, 'epoch': 6.0, 'step': 6}
[2025/08/19 03:09:37] - {'eval_loss': -0.15367315709590912, 'eval_runtime': 0.1212, 'eval_samples_per_second': 33.006, 'eval_steps_per_second': 8.251, 'epoch': 6.0, 'step': 6}
[2025/08/19 03:09:37] - {'loss': 1.0966, 'grad_norm': 1.1491221189498901, 'learning_rate': 0.001, 'epoch': 6.0, 'step': 6}
[2025/08/19 03:09:37] - {'eval_loss': -0.15367315709590912, 'eval_runtime': 0.1212, 'eval_samples_per_second': 33.009, 'eval_steps_per_second': 8.252, 'epoch': 6.0, 'step': 6}
[2025/08/19 03:09:37] - {'loss': 1.4022, 'grad_norm': 5.755248069763184, 'learning_rate': 0.001, 'epoch': 7.0, 'step': 7}
[2025/08/19 03:09:37] - {'eval_loss': -0.15367315709590912, 'eval_runtime': 0.1209, 'eval_samples_per_second': 33.091, 'eval_steps_per_second': 8.273, 'epoch': 6.0, 'step': 6}
[2025/08/19 03:09:37] - {'loss': 1.4022, 'grad_norm': 5.755248069763184, 'learning_rate': 0.001, 'epoch': 7.0, 'step': 7}
[2025/08/19 03:09:37] - {'eval_loss': -0.23356162011623383, 'eval_runtime': 0.1203, 'eval_samples_per_second': 33.248, 'eval_steps_per_second': 8.312, 'epoch': 7.0, 'step': 7}
[2025/08/19 03:09:37] - {'loss': 1.4022, 'grad_norm': 5.755248069763184, 'learning_rate': 0.001, 'epoch': 7.0, 'step': 7}
[2025/08/19 03:09:37] - {'eval_loss': -0.23356162011623383, 'eval_runtime': 0.1204, 'eval_samples_per_second': 33.231, 'eval_steps_per_second': 8.308, 'epoch': 7.0, 'step': 7}
[2025/08/19 03:09:37] - {'loss': 1.5441, 'grad_norm': 5.800539493560791, 'learning_rate': 0.001, 'epoch': 8.0, 'step': 8}
[2025/08/19 03:09:37] - {'eval_loss': -0.23356162011623383, 'eval_runtime': 0.1203, 'eval_samples_per_second': 33.247, 'eval_steps_per_second': 8.312, 'epoch': 7.0, 'step': 7}
[2025/08/19 03:09:37] - {'loss': 1.5441, 'grad_norm': 5.800539493560791, 'learning_rate': 0.001, 'epoch': 8.0, 'step': 8}
[2025/08/19 03:09:37] - {'eval_loss': -0.22625011205673218, 'eval_runtime': 0.1208, 'eval_samples_per_second': 33.103, 'eval_steps_per_second': 8.276, 'epoch': 8.0, 'step': 8}
[2025/08/19 03:09:37] - {'loss': 1.5441, 'grad_norm': 5.800539493560791, 'learning_rate': 0.001, 'epoch': 8.0, 'step': 8}
[2025/08/19 03:09:37] - {'eval_loss': -0.22625011205673218, 'eval_runtime': 0.1207, 'eval_samples_per_second': 33.147, 'eval_steps_per_second': 8.287, 'epoch': 8.0, 'step': 8}
[2025/08/19 03:09:37] - {'loss': 0.9828, 'grad_norm': 1.7503540515899658, 'learning_rate': 0.001, 'epoch': 9.0, 'step': 9}
[2025/08/19 03:09:37] - {'eval_loss': -0.22625011205673218, 'eval_runtime': 0.1208, 'eval_samples_per_second': 33.103, 'eval_steps_per_second': 8.276, 'epoch': 8.0, 'step': 8}
[2025/08/19 03:09:37] - {'loss': 0.9828, 'grad_norm': 1.7503540515899658, 'learning_rate': 0.001, 'epoch': 9.0, 'step': 9}
[2025/08/19 03:09:37] - {'eval_loss': -0.13637956976890564, 'eval_runtime': 0.1201, 'eval_samples_per_second': 33.304, 'eval_steps_per_second': 8.326, 'epoch': 9.0, 'step': 9}
[2025/08/19 03:09:37] - {'loss': 0.9828, 'grad_norm': 1.7503540515899658, 'learning_rate': 0.001, 'epoch': 9.0, 'step': 9}
[2025/08/19 03:09:37] - {'eval_loss': -0.13637956976890564, 'eval_runtime': 0.12, 'eval_samples_per_second': 33.341, 'eval_steps_per_second': 8.335, 'epoch': 9.0, 'step': 9}
[2025/08/19 03:09:37] - {'loss': 1.1228, 'grad_norm': 2.4494192600250244, 'learning_rate': 0.001, 'epoch': 10.0, 'step': 10}
[2025/08/19 03:09:37] - {'eval_loss': -0.13637956976890564, 'eval_runtime': 0.1201, 'eval_samples_per_second': 33.31, 'eval_steps_per_second': 8.327, 'epoch': 9.0, 'step': 9}
[2025/08/19 03:09:37] - {'loss': 1.1228, 'grad_norm': 2.4494192600250244, 'learning_rate': 0.001, 'epoch': 10.0, 'step': 10}
[2025/08/19 03:09:37] - {'eval_loss': -0.22625832259655, 'eval_runtime': 0.146, 'eval_samples_per_second': 27.39, 'eval_steps_per_second': 6.847, 'epoch': 10.0, 'step': 10}
[2025/08/19 03:09:37] - {'loss': 1.1228, 'grad_norm': 2.4494192600250244, 'learning_rate': 0.001, 'epoch': 10.0, 'step': 10}
[2025/08/19 03:09:37] - {'eval_loss': -0.22625832259655, 'eval_runtime': 0.1458, 'eval_samples_per_second': 27.432, 'eval_steps_per_second': 6.858, 'epoch': 10.0, 'step': 10}
[2025/08/19 03:09:37] - {'loss': 0.6255, 'grad_norm': 1.5808871984481812, 'learning_rate': 0.001, 'epoch': 11.0, 'step': 11}
[2025/08/19 03:09:37] - {'eval_loss': -0.22625832259655, 'eval_runtime': 0.1461, 'eval_samples_per_second': 27.387, 'eval_steps_per_second': 6.847, 'epoch': 10.0, 'step': 10}
[2025/08/19 03:09:37] - {'loss': 0.6255, 'grad_norm': 1.5808871984481812, 'learning_rate': 0.001, 'epoch': 11.0, 'step': 11}
[2025/08/19 03:09:37] - {'eval_loss': -0.3905881941318512, 'eval_runtime': 0.1201, 'eval_samples_per_second': 33.318, 'eval_steps_per_second': 8.33, 'epoch': 11.0, 'step': 11}
[2025/08/19 03:09:37] - {'loss': 0.6255, 'grad_norm': 1.5808871984481812, 'learning_rate': 0.001, 'epoch': 11.0, 'step': 11}
[2025/08/19 03:09:37] - {'eval_loss': -0.3905881941318512, 'eval_runtime': 0.1201, 'eval_samples_per_second': 33.297, 'eval_steps_per_second': 8.324, 'epoch': 11.0, 'step': 11}
[2025/08/19 03:09:37] - {'loss': 0.5302, 'grad_norm': 1.5800657272338867, 'learning_rate': 0.001, 'epoch': 12.0, 'step': 12}
[2025/08/19 03:09:37] - {'eval_loss': -0.3905881941318512, 'eval_runtime': 0.1202, 'eval_samples_per_second': 33.264, 'eval_steps_per_second': 8.316, 'epoch': 11.0, 'step': 11}
[2025/08/19 03:09:37] - {'loss': 0.5302, 'grad_norm': 1.5800657272338867, 'learning_rate': 0.001, 'epoch': 12.0, 'step': 12}
[2025/08/19 03:09:37] - {'eval_loss': -0.5037423372268677, 'eval_runtime': 0.1209, 'eval_samples_per_second': 33.096, 'eval_steps_per_second': 8.274, 'epoch': 12.0, 'step': 12}
[2025/08/19 03:09:37] - {'loss': 0.5302, 'grad_norm': 1.5800657272338867, 'learning_rate': 0.001, 'epoch': 12.0, 'step': 12}
[2025/08/19 03:09:37] - {'eval_loss': -0.5037423372268677, 'eval_runtime': 0.1202, 'eval_samples_per_second': 33.271, 'eval_steps_per_second': 8.318, 'epoch': 12.0, 'step': 12}
[2025/08/19 03:09:37] - {'loss': 1.145, 'grad_norm': 2.3988678455352783, 'learning_rate': 0.001, 'epoch': 13.0, 'step': 13}
[2025/08/19 03:09:37] - {'eval_loss': -0.5037423372268677, 'eval_runtime': 0.1209, 'eval_samples_per_second': 33.092, 'eval_steps_per_second': 8.273, 'epoch': 12.0, 'step': 12}
[2025/08/19 03:09:37] - {'loss': 1.145, 'grad_norm': 2.3988678455352783, 'learning_rate': 0.001, 'epoch': 13.0, 'step': 13}
[2025/08/19 03:09:37] - {'eval_loss': -0.5250183343887329, 'eval_runtime': 0.1201, 'eval_samples_per_second': 33.3, 'eval_steps_per_second': 8.325, 'epoch': 13.0, 'step': 13}
[2025/08/19 03:09:37] - {'loss': 1.145, 'grad_norm': 2.3988678455352783, 'learning_rate': 0.001, 'epoch': 13.0, 'step': 13}
[2025/08/19 03:09:37] - {'eval_loss': -0.5250183343887329, 'eval_runtime': 0.1202, 'eval_samples_per_second': 33.266, 'eval_steps_per_second': 8.316, 'epoch': 13.0, 'step': 13}
[2025/08/19 03:09:37] - {'loss': 0.5574, 'grad_norm': 1.115232229232788, 'learning_rate': 0.001, 'epoch': 14.0, 'step': 14}
[2025/08/19 03:09:37] - {'eval_loss': -0.5250183343887329, 'eval_runtime': 0.1202, 'eval_samples_per_second': 33.265, 'eval_steps_per_second': 8.316, 'epoch': 13.0, 'step': 13}
[2025/08/19 03:09:37] - {'loss': 0.5574, 'grad_norm': 1.115232229232788, 'learning_rate': 0.001, 'epoch': 14.0, 'step': 14}
[2025/08/19 03:09:37] - {'eval_loss': -0.5092202425003052, 'eval_runtime': 0.1207, 'eval_samples_per_second': 33.128, 'eval_steps_per_second': 8.282, 'epoch': 14.0, 'step': 14}
[2025/08/19 03:09:37] - {'loss': 0.5574, 'grad_norm': 1.115232229232788, 'learning_rate': 0.001, 'epoch': 14.0, 'step': 14}
[2025/08/19 03:09:37] - {'eval_loss': -0.5092202425003052, 'eval_runtime': 0.1206, 'eval_samples_per_second': 33.164, 'eval_steps_per_second': 8.291, 'epoch': 14.0, 'step': 14}
[2025/08/19 03:09:37] - {'loss': 0.3625, 'grad_norm': 0.7503653168678284, 'learning_rate': 0.0001, 'epoch': 15.0, 'step': 15}
[2025/08/19 03:09:37] - {'eval_loss': -0.5092202425003052, 'eval_runtime': 0.1207, 'eval_samples_per_second': 33.13, 'eval_steps_per_second': 8.282, 'epoch': 14.0, 'step': 14}
[2025/08/19 03:09:37] - {'loss': 0.3625, 'grad_norm': 0.7503653168678284, 'learning_rate': 0.0001, 'epoch': 15.0, 'step': 15}
[2025/08/19 03:09:37] - {'eval_loss': -0.5087544322013855, 'eval_runtime': 0.1201, 'eval_samples_per_second': 33.319, 'eval_steps_per_second': 8.33, 'epoch': 15.0, 'step': 15}
[2025/08/19 03:09:37] - {'loss': 0.3625, 'grad_norm': 0.7503653168678284, 'learning_rate': 0.0001, 'epoch': 15.0, 'step': 15}
[2025/08/19 03:09:37] - {'eval_loss': -0.5087544322013855, 'eval_runtime': 0.1202, 'eval_samples_per_second': 33.288, 'eval_steps_per_second': 8.322, 'epoch': 15.0, 'step': 15}
[2025/08/19 03:09:37] - {'loss': 0.4441, 'grad_norm': 1.788488745689392, 'learning_rate': 0.0001, 'epoch': 16.0, 'step': 16}
[2025/08/19 03:09:37] - {'eval_loss': -0.5087544322013855, 'eval_runtime': 0.1202, 'eval_samples_per_second': 33.289, 'eval_steps_per_second': 8.322, 'epoch': 15.0, 'step': 15}
[2025/08/19 03:09:37] - {'loss': 0.4441, 'grad_norm': 1.788488745689392, 'learning_rate': 0.0001, 'epoch': 16.0, 'step': 16}
[2025/08/19 03:09:37] - {'eval_loss': -0.5081918835639954, 'eval_runtime': 0.1198, 'eval_samples_per_second': 33.391, 'eval_steps_per_second': 8.348, 'epoch': 16.0, 'step': 16}
[2025/08/19 03:09:37] - {'loss': 0.4441, 'grad_norm': 1.788488745689392, 'learning_rate': 0.0001, 'epoch': 16.0, 'step': 16}
[2025/08/19 03:09:37] - {'eval_loss': -0.5081918835639954, 'eval_runtime': 0.1197, 'eval_samples_per_second': 33.427, 'eval_steps_per_second': 8.357, 'epoch': 16.0, 'step': 16}
[2025/08/19 03:09:37] - {'loss': 0.4122, 'grad_norm': 1.4569149017333984, 'learning_rate': 0.0001, 'epoch': 17.0, 'step': 17}
[2025/08/19 03:09:37] - {'eval_loss': -0.5081918835639954, 'eval_runtime': 0.4117, 'eval_samples_per_second': 9.717, 'eval_steps_per_second': 2.429, 'epoch': 16.0, 'step': 16}
[2025/08/19 03:09:37] - {'loss': 0.4122, 'grad_norm': 1.4569149017333984, 'learning_rate': 0.0001, 'epoch': 17.0, 'step': 17}
[2025/08/19 03:09:37] - {'eval_loss': -0.5198982357978821, 'eval_runtime': 0.1201, 'eval_samples_per_second': 33.295, 'eval_steps_per_second': 8.324, 'epoch': 17.0, 'step': 17}
[2025/08/19 03:09:37] - {'loss': 0.4122, 'grad_norm': 1.4569149017333984, 'learning_rate': 0.0001, 'epoch': 17.0, 'step': 17}
[2025/08/19 03:09:37] - {'eval_loss': -0.5198982357978821, 'eval_runtime': 0.1202, 'eval_samples_per_second': 33.284, 'eval_steps_per_second': 8.321, 'epoch': 17.0, 'step': 17}
[2025/08/19 03:09:37] - {'loss': 0.3262, 'grad_norm': 0.7681917548179626, 'learning_rate': 0.0001, 'epoch': 18.0, 'step': 18}
[2025/08/19 03:09:37] - {'eval_loss': -0.5198982357978821, 'eval_runtime': 0.1202, 'eval_samples_per_second': 33.272, 'eval_steps_per_second': 8.318, 'epoch': 17.0, 'step': 17}
[2025/08/19 03:09:37] - {'loss': 0.3262, 'grad_norm': 0.7681917548179626, 'learning_rate': 0.0001, 'epoch': 18.0, 'step': 18}
[2025/08/19 03:09:37] - {'eval_loss': -0.5067601203918457, 'eval_runtime': 0.1206, 'eval_samples_per_second': 33.165, 'eval_steps_per_second': 8.291, 'epoch': 18.0, 'step': 18}
[2025/08/19 03:09:37] - {'loss': 0.3262, 'grad_norm': 0.7681917548179626, 'learning_rate': 0.0001, 'epoch': 18.0, 'step': 18}
[2025/08/19 03:09:37] - {'eval_loss': -0.5067601203918457, 'eval_runtime': 0.1207, 'eval_samples_per_second': 33.126, 'eval_steps_per_second': 8.282, 'epoch': 18.0, 'step': 18}
[2025/08/19 03:09:37] - {'loss': 0.536, 'grad_norm': 1.3824901580810547, 'learning_rate': 0.0001, 'epoch': 19.0, 'step': 19}
[2025/08/19 03:09:37] - {'eval_loss': -0.5067601203918457, 'eval_runtime': 0.1208, 'eval_samples_per_second': 33.123, 'eval_steps_per_second': 8.281, 'epoch': 18.0, 'step': 18}
[2025/08/19 03:09:37] - {'loss': 0.536, 'grad_norm': 1.3824901580810547, 'learning_rate': 0.0001, 'epoch': 19.0, 'step': 19}
[2025/08/19 03:09:37] - {'eval_loss': -0.496623158454895, 'eval_runtime': 0.1203, 'eval_samples_per_second': 33.257, 'eval_steps_per_second': 8.314, 'epoch': 19.0, 'step': 19}
[2025/08/19 03:09:37] - {'loss': 0.536, 'grad_norm': 1.3824901580810547, 'learning_rate': 0.0001, 'epoch': 19.0, 'step': 19}
[2025/08/19 03:09:37] - {'eval_loss': -0.496623158454895, 'eval_runtime': 0.1204, 'eval_samples_per_second': 33.229, 'eval_steps_per_second': 8.307, 'epoch': 19.0, 'step': 19}
[2025/08/19 03:09:37] - {'loss': 0.6781, 'grad_norm': 1.9246693849563599, 'learning_rate': 0.0001, 'epoch': 20.0, 'step': 20}
[2025/08/19 03:09:37] - {'eval_loss': -0.496623158454895, 'eval_runtime': 0.1204, 'eval_samples_per_second': 33.231, 'eval_steps_per_second': 8.308, 'epoch': 19.0, 'step': 19}
[2025/08/19 03:09:37] - {'loss': 0.6781, 'grad_norm': 1.9246693849563599, 'learning_rate': 0.0001, 'epoch': 20.0, 'step': 20}
[2025/08/19 03:09:37] - {'eval_loss': -0.49790313839912415, 'eval_runtime': 0.1207, 'eval_samples_per_second': 33.148, 'eval_steps_per_second': 8.287, 'epoch': 20.0, 'step': 20}
[2025/08/19 03:09:37] - {'loss': 0.6781, 'grad_norm': 1.9246693849563599, 'learning_rate': 0.0001, 'epoch': 20.0, 'step': 20}
[2025/08/19 03:09:37] - {'eval_loss': -0.49790313839912415, 'eval_runtime': 0.1208, 'eval_samples_per_second': 33.11, 'eval_steps_per_second': 8.278, 'epoch': 20.0, 'step': 20}
[2025/08/19 03:09:37] - {'loss': 0.4061, 'grad_norm': 1.2043852806091309, 'learning_rate': 0.0001, 'epoch': 21.0, 'step': 21}
[2025/08/19 03:09:37] - {'eval_loss': -0.49790313839912415, 'eval_runtime': 0.1208, 'eval_samples_per_second': 33.11, 'eval_steps_per_second': 8.278, 'epoch': 20.0, 'step': 20}
[2025/08/19 03:09:37] - {'loss': 0.4061, 'grad_norm': 1.2043852806091309, 'learning_rate': 0.0001, 'epoch': 21.0, 'step': 21}
[2025/08/19 03:09:37] - {'eval_loss': -0.48339560627937317, 'eval_runtime': 0.1203, 'eval_samples_per_second': 33.262, 'eval_steps_per_second': 8.316, 'epoch': 21.0, 'step': 21}
[2025/08/19 03:09:37] - {'loss': 0.4061, 'grad_norm': 1.2043852806091309, 'learning_rate': 0.0001, 'epoch': 21.0, 'step': 21}
[2025/08/19 03:09:37] - {'eval_loss': -0.48339560627937317, 'eval_runtime': 0.1203, 'eval_samples_per_second': 33.238, 'eval_steps_per_second': 8.309, 'epoch': 21.0, 'step': 21}
[2025/08/19 03:09:37] - {'loss': 0.5595, 'grad_norm': 1.5553499460220337, 'learning_rate': 0.0001, 'epoch': 22.0, 'step': 22}
[2025/08/19 03:09:37] - {'eval_loss': -0.48339560627937317, 'eval_runtime': 0.1204, 'eval_samples_per_second': 33.235, 'eval_steps_per_second': 8.309, 'epoch': 21.0, 'step': 21}
[2025/08/19 03:09:37] - {'loss': 0.5595, 'grad_norm': 1.5553499460220337, 'learning_rate': 0.0001, 'epoch': 22.0, 'step': 22}
[2025/08/19 03:09:37] - {'eval_loss': -0.471756249666214, 'eval_runtime': 0.1207, 'eval_samples_per_second': 33.136, 'eval_steps_per_second': 8.284, 'epoch': 22.0, 'step': 22}
[2025/08/19 03:09:37] - {'loss': 0.5595, 'grad_norm': 1.5553499460220337, 'learning_rate': 0.0001, 'epoch': 22.0, 'step': 22}
[2025/08/19 03:09:37] - {'eval_loss': -0.471756249666214, 'eval_runtime': 0.1207, 'eval_samples_per_second': 33.136, 'eval_steps_per_second': 8.284, 'epoch': 22.0, 'step': 22}
[2025/08/19 03:09:37] - {'loss': 0.5716, 'grad_norm': 1.9137400388717651, 'learning_rate': 0.0001, 'epoch': 23.0, 'step': 23}
[2025/08/19 03:09:37] - {'eval_loss': -0.471756249666214, 'eval_runtime': 0.1207, 'eval_samples_per_second': 33.152, 'eval_steps_per_second': 8.288, 'epoch': 22.0, 'step': 22}
[2025/08/19 03:09:37] - {'loss': 0.5716, 'grad_norm': 1.9137400388717651, 'learning_rate': 0.0001, 'epoch': 23.0, 'step': 23}
[2025/08/19 03:09:37] - {'eval_loss': -0.4611828327178955, 'eval_runtime': 0.1225, 'eval_samples_per_second': 32.649, 'eval_steps_per_second': 8.162, 'epoch': 23.0, 'step': 23}
[2025/08/19 03:09:37] - {'loss': 0.5716, 'grad_norm': 1.9137400388717651, 'learning_rate': 0.0001, 'epoch': 23.0, 'step': 23}
[2025/08/19 03:09:37] - {'eval_loss': -0.4611828327178955, 'eval_runtime': 0.1225, 'eval_samples_per_second': 32.647, 'eval_steps_per_second': 8.162, 'epoch': 23.0, 'step': 23}
[2025/08/19 03:09:37] - {'loss': 0.257, 'grad_norm': 0.6919975280761719, 'learning_rate': 0.0001, 'epoch': 24.0, 'step': 24}
[2025/08/19 03:09:37] - {'eval_loss': -0.4611828327178955, 'eval_runtime': 0.1225, 'eval_samples_per_second': 32.642, 'eval_steps_per_second': 8.161, 'epoch': 23.0, 'step': 23}
[2025/08/19 03:09:37] - {'loss': 0.257, 'grad_norm': 0.6919975280761719, 'learning_rate': 0.0001, 'epoch': 24.0, 'step': 24}
[2025/08/19 03:09:37] - {'eval_loss': -0.44690510630607605, 'eval_runtime': 0.1458, 'eval_samples_per_second': 27.44, 'eval_steps_per_second': 6.86, 'epoch': 24.0, 'step': 24}
[2025/08/19 03:09:37] - {'loss': 0.257, 'grad_norm': 0.6919975280761719, 'learning_rate': 0.0001, 'epoch': 24.0, 'step': 24}
[2025/08/19 03:09:37] - {'eval_loss': -0.44690510630607605, 'eval_runtime': 0.1459, 'eval_samples_per_second': 27.413, 'eval_steps_per_second': 6.853, 'epoch': 24.0, 'step': 24}
[2025/08/19 03:09:37] - {'loss': 0.4314, 'grad_norm': 1.348891258239746, 'learning_rate': 0.0001, 'epoch': 25.0, 'step': 25}
[2025/08/19 03:09:37] - {'eval_loss': -0.44690510630607605, 'eval_runtime': 0.146, 'eval_samples_per_second': 27.402, 'eval_steps_per_second': 6.85, 'epoch': 24.0, 'step': 24}
[2025/08/19 03:09:37] - {'loss': 0.4314, 'grad_norm': 1.348891258239746, 'learning_rate': 0.0001, 'epoch': 25.0, 'step': 25}
[2025/08/19 03:09:37] - {'eval_loss': -0.43046292662620544, 'eval_runtime': 0.1201, 'eval_samples_per_second': 33.317, 'eval_steps_per_second': 8.329, 'epoch': 25.0, 'step': 25}
[2025/08/19 03:09:37] - {'loss': 0.4314, 'grad_norm': 1.348891258239746, 'learning_rate': 0.0001, 'epoch': 25.0, 'step': 25}
[2025/08/19 03:09:37] - {'eval_loss': -0.43046292662620544, 'eval_runtime': 0.1202, 'eval_samples_per_second': 33.265, 'eval_steps_per_second': 8.316, 'epoch': 25.0, 'step': 25}
[2025/08/19 03:09:37] - {'train_runtime': 24.7078, 'train_samples_per_second': 4.047, 'train_steps_per_second': 1.012, 'total_flos': 0.0, 'train_loss': 1.2270456647872925, 'epoch': 25.0, 'step': 25}
[2025/08/19 03:09:37] - {'eval_loss': -0.43046292662620544, 'eval_runtime': 0.1204, 'eval_samples_per_second': 33.224, 'eval_steps_per_second': 8.306, 'epoch': 25.0, 'step': 25}
[2025/08/19 03:09:37] - {'train_runtime': 24.7077, 'train_samples_per_second': 4.047, 'train_steps_per_second': 1.012, 'total_flos': 0.0, 'train_loss': 1.2270456647872925, 'epoch': 25.0, 'step': 25}
[2025/08/19 03:09:37] - {'train_runtime': 24.7079, 'train_samples_per_second': 4.047, 'train_steps_per_second': 1.012, 'total_flos': 0.0, 'train_loss': 1.2270456647872925, 'epoch': 25.0, 'step': 25}
[2025/08/19 03:09:39] - {'loss': 6.1777, 'grad_norm': 5.299527168273926, 'learning_rate': 0.001, 'epoch': 1.0, 'step': 1}
[2025/08/19 03:09:39] - {'eval_loss': -0.002457850147038698, 'eval_runtime': 0.137, 'eval_samples_per_second': 29.203, 'eval_steps_per_second': 7.301, 'epoch': 1.0, 'step': 1}
[2025/08/19 03:09:39] - {'loss': 3.8852, 'grad_norm': 4.0578389167785645, 'learning_rate': 0.001, 'epoch': 2.0, 'step': 2}
[2025/08/19 03:09:39] - {'eval_loss': -0.5010879039764404, 'eval_runtime': 1.5812, 'eval_samples_per_second': 2.53, 'eval_steps_per_second': 0.632, 'epoch': 2.0, 'step': 2}
[2025/08/19 03:09:39] - {'loss': 2.5996, 'grad_norm': 2.4790730476379395, 'learning_rate': 0.001, 'epoch': 3.0, 'step': 3}
[2025/08/19 03:09:39] - {'eval_loss': -0.6115612387657166, 'eval_runtime': 0.12, 'eval_samples_per_second': 33.33, 'eval_steps_per_second': 8.332, 'epoch': 3.0, 'step': 3}
[2025/08/19 03:09:39] - {'loss': 2.1835, 'grad_norm': 2.120314121246338, 'learning_rate': 0.001, 'epoch': 4.0, 'step': 4}
[2025/08/19 03:09:39] - {'eval_loss': -0.23257304728031158, 'eval_runtime': 0.2593, 'eval_samples_per_second': 15.427, 'eval_steps_per_second': 3.857, 'epoch': 4.0, 'step': 4}
[2025/08/19 03:09:39] - {'loss': 1.8387, 'grad_norm': 1.3304600715637207, 'learning_rate': 0.001, 'epoch': 5.0, 'step': 5}
[2025/08/19 03:09:39] - {'eval_loss': -0.10314790904521942, 'eval_runtime': 0.1202, 'eval_samples_per_second': 33.286, 'eval_steps_per_second': 8.322, 'epoch': 5.0, 'step': 5}
[2025/08/19 03:09:39] - {'loss': 1.0966, 'grad_norm': 1.1491221189498901, 'learning_rate': 0.001, 'epoch': 6.0, 'step': 6}
[2025/08/19 03:09:39] - {'eval_loss': -0.15367315709590912, 'eval_runtime': 0.1596, 'eval_samples_per_second': 25.059, 'eval_steps_per_second': 6.265, 'epoch': 6.0, 'step': 6}
[2025/08/19 03:09:39] - {'loss': 1.4022, 'grad_norm': 5.755248069763184, 'learning_rate': 0.001, 'epoch': 7.0, 'step': 7}
[2025/08/19 03:09:39] - {'eval_loss': -0.23356162011623383, 'eval_runtime': 0.12, 'eval_samples_per_second': 33.329, 'eval_steps_per_second': 8.332, 'epoch': 7.0, 'step': 7}
[2025/08/19 03:09:39] - {'loss': 1.5441, 'grad_norm': 5.800539493560791, 'learning_rate': 0.001, 'epoch': 8.0, 'step': 8}
[2025/08/19 03:09:39] - {'eval_loss': -0.22625011205673218, 'eval_runtime': 0.252, 'eval_samples_per_second': 15.876, 'eval_steps_per_second': 3.969, 'epoch': 8.0, 'step': 8}
[2025/08/19 03:09:39] - {'loss': 0.9828, 'grad_norm': 1.7503540515899658, 'learning_rate': 0.001, 'epoch': 9.0, 'step': 9}
[2025/08/19 03:09:39] - {'eval_loss': -0.13637956976890564, 'eval_runtime': 0.1198, 'eval_samples_per_second': 33.377, 'eval_steps_per_second': 8.344, 'epoch': 9.0, 'step': 9}
[2025/08/19 03:09:39] - {'loss': 1.1228, 'grad_norm': 2.4494192600250244, 'learning_rate': 0.001, 'epoch': 10.0, 'step': 10}
[2025/08/19 03:09:39] - {'eval_loss': -0.22625832259655, 'eval_runtime': 0.1461, 'eval_samples_per_second': 27.384, 'eval_steps_per_second': 6.846, 'epoch': 10.0, 'step': 10}
[2025/08/19 03:09:39] - {'loss': 0.6255, 'grad_norm': 1.5808871984481812, 'learning_rate': 0.001, 'epoch': 11.0, 'step': 11}
[2025/08/19 03:09:39] - {'eval_loss': -0.3905881941318512, 'eval_runtime': 0.1199, 'eval_samples_per_second': 33.355, 'eval_steps_per_second': 8.339, 'epoch': 11.0, 'step': 11}
[2025/08/19 03:09:39] - {'loss': 0.5302, 'grad_norm': 1.5800657272338867, 'learning_rate': 0.001, 'epoch': 12.0, 'step': 12}
[2025/08/19 03:09:39] - {'eval_loss': -0.5037423372268677, 'eval_runtime': 0.1209, 'eval_samples_per_second': 33.077, 'eval_steps_per_second': 8.269, 'epoch': 12.0, 'step': 12}
[2025/08/19 03:09:39] - {'loss': 1.145, 'grad_norm': 2.3988678455352783, 'learning_rate': 0.001, 'epoch': 13.0, 'step': 13}
[2025/08/19 03:09:39] - {'eval_loss': -0.5250183343887329, 'eval_runtime': 0.12, 'eval_samples_per_second': 33.325, 'eval_steps_per_second': 8.331, 'epoch': 13.0, 'step': 13}
[2025/08/19 03:09:39] - {'loss': 0.5574, 'grad_norm': 1.115232229232788, 'learning_rate': 0.001, 'epoch': 14.0, 'step': 14}
[2025/08/19 03:09:39] - {'eval_loss': -0.5092202425003052, 'eval_runtime': 0.2748, 'eval_samples_per_second': 14.558, 'eval_steps_per_second': 3.64, 'epoch': 14.0, 'step': 14}
[2025/08/19 03:09:39] - {'loss': 0.3625, 'grad_norm': 0.7503653168678284, 'learning_rate': 0.0001, 'epoch': 15.0, 'step': 15}
[2025/08/19 03:09:39] - {'eval_loss': -0.5087544322013855, 'eval_runtime': 0.1199, 'eval_samples_per_second': 33.35, 'eval_steps_per_second': 8.337, 'epoch': 15.0, 'step': 15}
[2025/08/19 03:09:39] - {'loss': 0.4441, 'grad_norm': 1.788488745689392, 'learning_rate': 0.0001, 'epoch': 16.0, 'step': 16}
[2025/08/19 03:09:39] - {'eval_loss': -0.5081918835639954, 'eval_runtime': 0.1198, 'eval_samples_per_second': 33.391, 'eval_steps_per_second': 8.348, 'epoch': 16.0, 'step': 16}
[2025/08/19 03:09:39] - {'loss': 0.4122, 'grad_norm': 1.4569149017333984, 'learning_rate': 0.0001, 'epoch': 17.0, 'step': 17}
[2025/08/19 03:09:39] - {'eval_loss': -0.5198982357978821, 'eval_runtime': 0.12, 'eval_samples_per_second': 33.33, 'eval_steps_per_second': 8.333, 'epoch': 17.0, 'step': 17}
[2025/08/19 03:09:39] - {'loss': 0.3262, 'grad_norm': 0.7681917548179626, 'learning_rate': 0.0001, 'epoch': 18.0, 'step': 18}
[2025/08/19 03:09:39] - {'eval_loss': -0.5067601203918457, 'eval_runtime': 0.2107, 'eval_samples_per_second': 18.982, 'eval_steps_per_second': 4.746, 'epoch': 18.0, 'step': 18}
[2025/08/19 03:09:39] - {'loss': 0.536, 'grad_norm': 1.3824901580810547, 'learning_rate': 0.0001, 'epoch': 19.0, 'step': 19}
[2025/08/19 03:09:39] - {'eval_loss': -0.496623158454895, 'eval_runtime': 0.1201, 'eval_samples_per_second': 33.293, 'eval_steps_per_second': 8.323, 'epoch': 19.0, 'step': 19}
[2025/08/19 03:09:39] - {'loss': 0.6781, 'grad_norm': 1.9246693849563599, 'learning_rate': 0.0001, 'epoch': 20.0, 'step': 20}
[2025/08/19 03:09:39] - {'eval_loss': -0.49790313839912415, 'eval_runtime': 1.3493, 'eval_samples_per_second': 2.964, 'eval_steps_per_second': 0.741, 'epoch': 20.0, 'step': 20}
[2025/08/19 03:09:39] - {'loss': 0.4061, 'grad_norm': 1.2043852806091309, 'learning_rate': 0.0001, 'epoch': 21.0, 'step': 21}
[2025/08/19 03:09:39] - {'eval_loss': -0.48339560627937317, 'eval_runtime': 0.1199, 'eval_samples_per_second': 33.352, 'eval_steps_per_second': 8.338, 'epoch': 21.0, 'step': 21}
[2025/08/19 03:09:39] - {'loss': 0.5595, 'grad_norm': 1.5553499460220337, 'learning_rate': 0.0001, 'epoch': 22.0, 'step': 22}
[2025/08/19 03:09:39] - {'eval_loss': -0.471756249666214, 'eval_runtime': 0.3026, 'eval_samples_per_second': 13.219, 'eval_steps_per_second': 3.305, 'epoch': 22.0, 'step': 22}
[2025/08/19 03:09:39] - {'loss': 0.5716, 'grad_norm': 1.9137400388717651, 'learning_rate': 0.0001, 'epoch': 23.0, 'step': 23}
[2025/08/19 03:09:39] - {'eval_loss': -0.4611828327178955, 'eval_runtime': 0.1223, 'eval_samples_per_second': 32.704, 'eval_steps_per_second': 8.176, 'epoch': 23.0, 'step': 23}
[2025/08/19 03:09:39] - {'loss': 0.257, 'grad_norm': 0.6919975280761719, 'learning_rate': 0.0001, 'epoch': 24.0, 'step': 24}
[2025/08/19 03:09:39] - {'eval_loss': -0.44690510630607605, 'eval_runtime': 0.146, 'eval_samples_per_second': 27.401, 'eval_steps_per_second': 6.85, 'epoch': 24.0, 'step': 24}
[2025/08/19 03:09:39] - {'loss': 0.4314, 'grad_norm': 1.348891258239746, 'learning_rate': 0.0001, 'epoch': 25.0, 'step': 25}
[2025/08/19 03:09:39] - {'eval_loss': -0.43046292662620544, 'eval_runtime': 0.12, 'eval_samples_per_second': 33.325, 'eval_steps_per_second': 8.331, 'epoch': 25.0, 'step': 25}
[2025/08/19 03:09:39] - {'train_runtime': 24.7082, 'train_samples_per_second': 4.047, 'train_steps_per_second': 1.012, 'total_flos': 0.0, 'train_loss': 1.2270456647872925, 'epoch': 25.0, 'step': 25}
