[2025/08/08 17:26:33] - Detected kernel version 4.18.0, which is below the recommended minimum of 5.5.0; this can cause the process to hang. It is recommended to upgrade the kernel to the minimum version or higher.
[2025/08/08 17:26:33] - Using 4 GPUs
[2025/08/08 17:26:33] - Starting new HTTPS connection (1): huggingface.co:443
[2025/08/08 17:26:34] - Using 4 GPUs
[2025/08/08 17:26:34] - Starting new HTTPS connection (1): huggingface.co:443
[2025/08/08 17:26:34] - Using 4 GPUs
[2025/08/08 17:26:34] - Starting new HTTPS connection (1): huggingface.co:443
[2025/08/08 17:26:34] - Using 4 GPUs
[2025/08/08 17:26:34] - Starting new HTTPS connection (1): huggingface.co:443
[2025/08/08 17:27:14] - Starting new HTTPS connection (2): huggingface.co:443
[2025/08/08 17:27:14] - Starting new HTTPS connection (2): huggingface.co:443
[2025/08/08 17:27:14] - Starting new HTTPS connection (2): huggingface.co:443
[2025/08/08 17:27:14] - Starting new HTTPS connection (2): huggingface.co:443
[2025/08/08 17:28:48] - Starting new HTTPS connection (3): huggingface.co:443
[2025/08/08 17:28:48] - Starting new HTTPS connection (3): huggingface.co:443
[2025/08/08 17:28:48] - Starting new HTTPS connection (3): huggingface.co:443
[2025/08/08 17:28:48] - Starting new HTTPS connection (3): huggingface.co:443
[2025/08/08 17:29:28] - Loading bitsandbytes native library from: /home/hsc/ENV-3.10/lib/python3.10/site-packages/bitsandbytes/libbitsandbytes_cuda122.so
[2025/08/08 17:29:28] - Loading bitsandbytes native library from: /home/hsc/ENV-3.10/lib/python3.10/site-packages/bitsandbytes/libbitsandbytes_cuda122.so
[2025/08/08 17:29:28] - Loading bitsandbytes native library from: /home/hsc/ENV-3.10/lib/python3.10/site-packages/bitsandbytes/libbitsandbytes_cuda122.so
[2025/08/08 17:29:28] - Loading bitsandbytes native library from: /home/hsc/ENV-3.10/lib/python3.10/site-packages/bitsandbytes/libbitsandbytes_cuda122.so
[2025/08/08 17:29:41] - Detected kernel version 4.18.0, which is below the recommended minimum of 5.5.0; this can cause the process to hang. It is recommended to upgrade the kernel to the minimum version or higher.
[2025/08/08 17:30:18] - {'loss': 13.8631, 'grad_norm': 1.0523678064346313, 'learning_rate': 0.001, 'epoch': 1.0, 'step': 1}
[2025/08/08 17:30:18] - {'loss': 13.8631, 'grad_norm': 1.0523678064346313, 'learning_rate': 0.001, 'epoch': 1.0, 'step': 1}
[2025/08/08 17:30:18] - {'loss': 13.8631, 'grad_norm': 1.0523678064346313, 'learning_rate': 0.001, 'epoch': 1.0, 'step': 1}
[2025/08/08 17:30:18] - {'eval_loss': -0.9424349069595337, 'eval_runtime': 0.1369, 'eval_samples_per_second': 29.211, 'eval_steps_per_second': 7.303, 'epoch': 1.0, 'step': 1}
[2025/08/08 17:30:18] - {'eval_loss': -0.9424349069595337, 'eval_runtime': 0.1369, 'eval_samples_per_second': 29.216, 'eval_steps_per_second': 7.304, 'epoch': 1.0, 'step': 1}
[2025/08/08 17:30:18] - {'eval_loss': -0.9424349069595337, 'eval_runtime': 0.1369, 'eval_samples_per_second': 29.213, 'eval_steps_per_second': 7.303, 'epoch': 1.0, 'step': 1}
[2025/08/08 17:30:18] - {'loss': 2.5541, 'grad_norm': 14.443224906921387, 'learning_rate': 0.001, 'epoch': 2.0, 'step': 2}
[2025/08/08 17:30:18] - {'loss': 2.5541, 'grad_norm': 14.443224906921387, 'learning_rate': 0.001, 'epoch': 2.0, 'step': 2}
[2025/08/08 17:30:18] - {'loss': 2.5541, 'grad_norm': 14.443224906921387, 'learning_rate': 0.001, 'epoch': 2.0, 'step': 2}
[2025/08/08 17:30:18] - {'eval_loss': -3.197066068649292, 'eval_runtime': 0.1276, 'eval_samples_per_second': 31.356, 'eval_steps_per_second': 7.839, 'epoch': 2.0, 'step': 2}
[2025/08/08 17:30:18] - {'eval_loss': -3.197066068649292, 'eval_runtime': 0.1276, 'eval_samples_per_second': 31.338, 'eval_steps_per_second': 7.835, 'epoch': 2.0, 'step': 2}
[2025/08/08 17:30:18] - {'eval_loss': -3.197066068649292, 'eval_runtime': 0.1277, 'eval_samples_per_second': 31.33, 'eval_steps_per_second': 7.833, 'epoch': 2.0, 'step': 2}
[2025/08/08 17:30:18] - {'loss': 0.0342, 'grad_norm': 0.44344362616539, 'learning_rate': 0.001, 'epoch': 3.0, 'step': 3}
[2025/08/08 17:30:18] - {'loss': 0.0342, 'grad_norm': 0.44344362616539, 'learning_rate': 0.001, 'epoch': 3.0, 'step': 3}
[2025/08/08 17:30:18] - {'loss': 0.0342, 'grad_norm': 0.44344362616539, 'learning_rate': 0.001, 'epoch': 3.0, 'step': 3}
[2025/08/08 17:30:18] - {'eval_loss': -5.144252300262451, 'eval_runtime': 0.1276, 'eval_samples_per_second': 31.337, 'eval_steps_per_second': 7.834, 'epoch': 3.0, 'step': 3}
[2025/08/08 17:30:18] - {'eval_loss': -5.144252300262451, 'eval_runtime': 0.1276, 'eval_samples_per_second': 31.337, 'eval_steps_per_second': 7.834, 'epoch': 3.0, 'step': 3}
[2025/08/08 17:30:18] - {'eval_loss': -5.144252300262451, 'eval_runtime': 0.1276, 'eval_samples_per_second': 31.337, 'eval_steps_per_second': 7.834, 'epoch': 3.0, 'step': 3}
[2025/08/08 17:30:18] - {'loss': 0.1385, 'grad_norm': 4.164954662322998, 'learning_rate': 0.001, 'epoch': 4.0, 'step': 4}
[2025/08/08 17:30:18] - {'loss': 0.1385, 'grad_norm': 4.164954662322998, 'learning_rate': 0.001, 'epoch': 4.0, 'step': 4}
[2025/08/08 17:30:18] - {'loss': 0.1385, 'grad_norm': 4.164954662322998, 'learning_rate': 0.001, 'epoch': 4.0, 'step': 4}
[2025/08/08 17:30:18] - {'eval_loss': -5.61757230758667, 'eval_runtime': 0.1278, 'eval_samples_per_second': 31.309, 'eval_steps_per_second': 7.827, 'epoch': 4.0, 'step': 4}
[2025/08/08 17:30:18] - {'eval_loss': -5.61757230758667, 'eval_runtime': 0.1278, 'eval_samples_per_second': 31.309, 'eval_steps_per_second': 7.827, 'epoch': 4.0, 'step': 4}
[2025/08/08 17:30:18] - {'eval_loss': -5.61757230758667, 'eval_runtime': 0.1277, 'eval_samples_per_second': 31.328, 'eval_steps_per_second': 7.832, 'epoch': 4.0, 'step': 4}
[2025/08/08 17:30:18] - {'loss': 1.866, 'grad_norm': 37.03462600708008, 'learning_rate': 0.001, 'epoch': 5.0, 'step': 5}
[2025/08/08 17:30:18] - {'loss': 1.866, 'grad_norm': 37.03462600708008, 'learning_rate': 0.001, 'epoch': 5.0, 'step': 5}
[2025/08/08 17:30:18] - {'loss': 1.866, 'grad_norm': 37.03462600708008, 'learning_rate': 0.001, 'epoch': 5.0, 'step': 5}
[2025/08/08 17:30:18] - {'eval_loss': -5.639372825622559, 'eval_runtime': 0.1276, 'eval_samples_per_second': 31.347, 'eval_steps_per_second': 7.837, 'epoch': 5.0, 'step': 5}
[2025/08/08 17:30:18] - {'eval_loss': -5.639372825622559, 'eval_runtime': 0.1276, 'eval_samples_per_second': 31.346, 'eval_steps_per_second': 7.837, 'epoch': 5.0, 'step': 5}
[2025/08/08 17:30:18] - {'eval_loss': -5.639372825622559, 'eval_runtime': 0.1275, 'eval_samples_per_second': 31.375, 'eval_steps_per_second': 7.844, 'epoch': 5.0, 'step': 5}
[2025/08/08 17:30:18] - {'loss': 1.8893, 'grad_norm': 11.432059288024902, 'learning_rate': 0.001, 'epoch': 6.0, 'step': 6}
[2025/08/08 17:30:18] - {'loss': 1.8893, 'grad_norm': 11.432059288024902, 'learning_rate': 0.001, 'epoch': 6.0, 'step': 6}
[2025/08/08 17:30:18] - {'loss': 1.8893, 'grad_norm': 11.432059288024902, 'learning_rate': 0.001, 'epoch': 6.0, 'step': 6}
[2025/08/08 17:30:18] - {'eval_loss': -5.079441547393799, 'eval_runtime': 0.1277, 'eval_samples_per_second': 31.32, 'eval_steps_per_second': 7.83, 'epoch': 6.0, 'step': 6}
[2025/08/08 17:30:18] - {'eval_loss': -5.079441547393799, 'eval_runtime': 0.1278, 'eval_samples_per_second': 31.296, 'eval_steps_per_second': 7.824, 'epoch': 6.0, 'step': 6}
[2025/08/08 17:30:18] - {'eval_loss': -5.079441547393799, 'eval_runtime': 0.1278, 'eval_samples_per_second': 31.296, 'eval_steps_per_second': 7.824, 'epoch': 6.0, 'step': 6}
[2025/08/08 17:30:18] - {'loss': 0.001, 'grad_norm': 0.03178815543651581, 'learning_rate': 0.001, 'epoch': 7.0, 'step': 7}
[2025/08/08 17:30:18] - {'loss': 0.001, 'grad_norm': 0.03178815543651581, 'learning_rate': 0.001, 'epoch': 7.0, 'step': 7}
[2025/08/08 17:30:18] - {'loss': 0.001, 'grad_norm': 0.03178815543651581, 'learning_rate': 0.001, 'epoch': 7.0, 'step': 7}
[2025/08/08 17:30:18] - {'eval_loss': -5.220541000366211, 'eval_runtime': 0.17, 'eval_samples_per_second': 23.532, 'eval_steps_per_second': 5.883, 'epoch': 7.0, 'step': 7}
[2025/08/08 17:30:18] - {'eval_loss': -5.220541000366211, 'eval_runtime': 0.17, 'eval_samples_per_second': 23.528, 'eval_steps_per_second': 5.882, 'epoch': 7.0, 'step': 7}
[2025/08/08 17:30:18] - {'eval_loss': -5.220541000366211, 'eval_runtime': 0.1735, 'eval_samples_per_second': 23.049, 'eval_steps_per_second': 5.762, 'epoch': 7.0, 'step': 7}
[2025/08/08 17:30:18] - {'loss': 0.0327, 'grad_norm': 1.8057624101638794, 'learning_rate': 0.001, 'epoch': 8.0, 'step': 8}
[2025/08/08 17:30:18] - {'loss': 0.0327, 'grad_norm': 1.8057624101638794, 'learning_rate': 0.001, 'epoch': 8.0, 'step': 8}
[2025/08/08 17:30:18] - {'loss': 0.0327, 'grad_norm': 1.8057624101638794, 'learning_rate': 0.001, 'epoch': 8.0, 'step': 8}
[2025/08/08 17:30:18] - {'eval_loss': -4.723252296447754, 'eval_runtime': 0.1283, 'eval_samples_per_second': 31.17, 'eval_steps_per_second': 7.792, 'epoch': 8.0, 'step': 8}
[2025/08/08 17:30:18] - {'eval_loss': -4.723252296447754, 'eval_runtime': 0.1278, 'eval_samples_per_second': 31.303, 'eval_steps_per_second': 7.826, 'epoch': 8.0, 'step': 8}
[2025/08/08 17:30:18] - {'eval_loss': -4.723252296447754, 'eval_runtime': 0.1284, 'eval_samples_per_second': 31.164, 'eval_steps_per_second': 7.791, 'epoch': 8.0, 'step': 8}
[2025/08/08 17:30:18] - {'loss': 0.0315, 'grad_norm': 4.58607816696167, 'learning_rate': 0.001, 'epoch': 9.0, 'step': 9}
[2025/08/08 17:30:18] - {'loss': 0.0315, 'grad_norm': 4.58607816696167, 'learning_rate': 0.001, 'epoch': 9.0, 'step': 9}
[2025/08/08 17:30:18] - {'loss': 0.0315, 'grad_norm': 4.58607816696167, 'learning_rate': 0.001, 'epoch': 9.0, 'step': 9}
[2025/08/08 17:30:18] - {'eval_loss': -4.828000545501709, 'eval_runtime': 0.1276, 'eval_samples_per_second': 31.343, 'eval_steps_per_second': 7.836, 'epoch': 9.0, 'step': 9}
[2025/08/08 17:30:18] - {'eval_loss': -4.828000545501709, 'eval_runtime': 0.1276, 'eval_samples_per_second': 31.34, 'eval_steps_per_second': 7.835, 'epoch': 9.0, 'step': 9}
[2025/08/08 17:30:18] - {'eval_loss': -4.828000545501709, 'eval_runtime': 0.1275, 'eval_samples_per_second': 31.363, 'eval_steps_per_second': 7.841, 'epoch': 9.0, 'step': 9}
[2025/08/08 17:30:18] - {'loss': 0.3476, 'grad_norm': 5.570048809051514, 'learning_rate': 0.001, 'epoch': 10.0, 'step': 10}
[2025/08/08 17:30:18] - {'loss': 0.3476, 'grad_norm': 5.570048809051514, 'learning_rate': 0.001, 'epoch': 10.0, 'step': 10}
[2025/08/08 17:30:18] - {'loss': 0.3476, 'grad_norm': 5.570048809051514, 'learning_rate': 0.001, 'epoch': 10.0, 'step': 10}
[2025/08/08 17:30:18] - {'eval_loss': -4.9744791984558105, 'eval_runtime': 0.1284, 'eval_samples_per_second': 31.15, 'eval_steps_per_second': 7.788, 'epoch': 10.0, 'step': 10}
[2025/08/08 17:30:18] - {'eval_loss': -4.9744791984558105, 'eval_runtime': 0.1281, 'eval_samples_per_second': 31.22, 'eval_steps_per_second': 7.805, 'epoch': 10.0, 'step': 10}
[2025/08/08 17:30:18] - {'eval_loss': -4.9744791984558105, 'eval_runtime': 0.1272, 'eval_samples_per_second': 31.447, 'eval_steps_per_second': 7.862, 'epoch': 10.0, 'step': 10}
[2025/08/08 17:30:18] - {'loss': 0.0082, 'grad_norm': 0.49605146050453186, 'learning_rate': 0.001, 'epoch': 11.0, 'step': 11}
[2025/08/08 17:30:18] - {'loss': 0.0082, 'grad_norm': 0.49605146050453186, 'learning_rate': 0.001, 'epoch': 11.0, 'step': 11}
[2025/08/08 17:30:18] - {'loss': 0.0082, 'grad_norm': 0.49605146050453186, 'learning_rate': 0.001, 'epoch': 11.0, 'step': 11}
[2025/08/08 17:30:18] - {'eval_loss': -5.132084846496582, 'eval_runtime': 0.1276, 'eval_samples_per_second': 31.34, 'eval_steps_per_second': 7.835, 'epoch': 11.0, 'step': 11}
[2025/08/08 17:30:18] - {'eval_loss': -5.132084846496582, 'eval_runtime': 0.1276, 'eval_samples_per_second': 31.339, 'eval_steps_per_second': 7.835, 'epoch': 11.0, 'step': 11}
[2025/08/08 17:30:18] - {'eval_loss': -5.132084846496582, 'eval_runtime': 0.1275, 'eval_samples_per_second': 31.362, 'eval_steps_per_second': 7.84, 'epoch': 11.0, 'step': 11}
[2025/08/08 17:30:18] - {'loss': 0.0017, 'grad_norm': 0.04920109361410141, 'learning_rate': 0.001, 'epoch': 12.0, 'step': 12}
[2025/08/08 17:30:18] - {'loss': 0.0017, 'grad_norm': 0.04920109361410141, 'learning_rate': 0.001, 'epoch': 12.0, 'step': 12}
[2025/08/08 17:30:18] - {'loss': 0.0017, 'grad_norm': 0.04920109361410141, 'learning_rate': 0.001, 'epoch': 12.0, 'step': 12}
[2025/08/08 17:30:18] - {'eval_loss': -5.232980728149414, 'eval_runtime': 0.2025, 'eval_samples_per_second': 19.751, 'eval_steps_per_second': 4.938, 'epoch': 12.0, 'step': 12}
[2025/08/08 17:30:18] - {'eval_loss': -5.232980728149414, 'eval_runtime': 0.1278, 'eval_samples_per_second': 31.31, 'eval_steps_per_second': 7.828, 'epoch': 12.0, 'step': 12}
[2025/08/08 17:30:18] - {'eval_loss': -5.232980728149414, 'eval_runtime': 0.1293, 'eval_samples_per_second': 30.941, 'eval_steps_per_second': 7.735, 'epoch': 12.0, 'step': 12}
[2025/08/08 17:30:18] - {'loss': 0.0782, 'grad_norm': 11.449176788330078, 'learning_rate': 0.001, 'epoch': 13.0, 'step': 13}
[2025/08/08 17:30:18] - {'loss': 0.0782, 'grad_norm': 11.449176788330078, 'learning_rate': 0.001, 'epoch': 13.0, 'step': 13}
[2025/08/08 17:30:18] - {'loss': 0.0782, 'grad_norm': 11.449176788330078, 'learning_rate': 0.001, 'epoch': 13.0, 'step': 13}
[2025/08/08 17:30:18] - {'eval_loss': -4.844036102294922, 'eval_runtime': 0.1275, 'eval_samples_per_second': 31.362, 'eval_steps_per_second': 7.841, 'epoch': 13.0, 'step': 13}
[2025/08/08 17:30:18] - {'eval_loss': -4.844036102294922, 'eval_runtime': 0.1274, 'eval_samples_per_second': 31.391, 'eval_steps_per_second': 7.848, 'epoch': 13.0, 'step': 13}
[2025/08/08 17:30:18] - {'eval_loss': -4.844036102294922, 'eval_runtime': 0.1275, 'eval_samples_per_second': 31.362, 'eval_steps_per_second': 7.841, 'epoch': 13.0, 'step': 13}
[2025/08/08 17:30:18] - {'loss': 0.0063, 'grad_norm': 0.2686951458454132, 'learning_rate': 0.001, 'epoch': 14.0, 'step': 14}
[2025/08/08 17:30:18] - {'loss': 0.0063, 'grad_norm': 0.2686951458454132, 'learning_rate': 0.001, 'epoch': 14.0, 'step': 14}
[2025/08/08 17:30:18] - {'loss': 0.0063, 'grad_norm': 0.2686951458454132, 'learning_rate': 0.001, 'epoch': 14.0, 'step': 14}
[2025/08/08 17:30:18] - {'eval_loss': -5.021659851074219, 'eval_runtime': 0.2985, 'eval_samples_per_second': 13.399, 'eval_steps_per_second': 3.35, 'epoch': 14.0, 'step': 14}
[2025/08/08 17:30:18] - {'eval_loss': -5.021659851074219, 'eval_runtime': 0.1275, 'eval_samples_per_second': 31.366, 'eval_steps_per_second': 7.842, 'epoch': 14.0, 'step': 14}
[2025/08/08 17:30:18] - {'eval_loss': -5.021659851074219, 'eval_runtime': 0.1277, 'eval_samples_per_second': 31.333, 'eval_steps_per_second': 7.833, 'epoch': 14.0, 'step': 14}
[2025/08/08 17:30:18] - {'loss': 0.0048, 'grad_norm': 0.16200734674930573, 'learning_rate': 0.001, 'epoch': 15.0, 'step': 15}
[2025/08/08 17:30:18] - {'loss': 0.0048, 'grad_norm': 0.16200734674930573, 'learning_rate': 0.001, 'epoch': 15.0, 'step': 15}
[2025/08/08 17:30:18] - {'loss': 0.0048, 'grad_norm': 0.16200734674930573, 'learning_rate': 0.001, 'epoch': 15.0, 'step': 15}
[2025/08/08 17:30:18] - {'eval_loss': -5.409265518188477, 'eval_runtime': 0.1279, 'eval_samples_per_second': 31.274, 'eval_steps_per_second': 7.819, 'epoch': 15.0, 'step': 15}
[2025/08/08 17:30:18] - {'eval_loss': -5.409265518188477, 'eval_runtime': 0.1279, 'eval_samples_per_second': 31.276, 'eval_steps_per_second': 7.819, 'epoch': 15.0, 'step': 15}
[2025/08/08 17:30:18] - {'eval_loss': -5.409265518188477, 'eval_runtime': 0.1278, 'eval_samples_per_second': 31.295, 'eval_steps_per_second': 7.824, 'epoch': 15.0, 'step': 15}
[2025/08/08 17:30:18] - {'loss': 0.0004, 'grad_norm': 0.009253437630832195, 'learning_rate': 0.001, 'epoch': 16.0, 'step': 16}
[2025/08/08 17:30:18] - {'loss': 0.0004, 'grad_norm': 0.009253437630832195, 'learning_rate': 0.001, 'epoch': 16.0, 'step': 16}
[2025/08/08 17:30:18] - {'loss': 0.0004, 'grad_norm': 0.009253437630832195, 'learning_rate': 0.001, 'epoch': 16.0, 'step': 16}
[2025/08/08 17:30:18] - {'eval_loss': -5.780826091766357, 'eval_runtime': 0.204, 'eval_samples_per_second': 19.611, 'eval_steps_per_second': 4.903, 'epoch': 16.0, 'step': 16}
[2025/08/08 17:30:18] - {'eval_loss': -5.780826091766357, 'eval_runtime': 0.1277, 'eval_samples_per_second': 31.313, 'eval_steps_per_second': 7.828, 'epoch': 16.0, 'step': 16}
[2025/08/08 17:30:18] - {'eval_loss': -5.780826091766357, 'eval_runtime': 0.1275, 'eval_samples_per_second': 31.378, 'eval_steps_per_second': 7.844, 'epoch': 16.0, 'step': 16}
[2025/08/08 17:30:18] - {'loss': 0.0003, 'grad_norm': 0.007097448688000441, 'learning_rate': 0.001, 'epoch': 17.0, 'step': 17}
[2025/08/08 17:30:18] - {'loss': 0.0003, 'grad_norm': 0.007097448688000441, 'learning_rate': 0.001, 'epoch': 17.0, 'step': 17}
[2025/08/08 17:30:18] - {'loss': 0.0003, 'grad_norm': 0.007097448688000441, 'learning_rate': 0.001, 'epoch': 17.0, 'step': 17}
[2025/08/08 17:30:18] - {'eval_loss': -6.101346969604492, 'eval_runtime': 0.1278, 'eval_samples_per_second': 31.293, 'eval_steps_per_second': 7.823, 'epoch': 17.0, 'step': 17}
[2025/08/08 17:30:18] - {'eval_loss': -6.101346969604492, 'eval_runtime': 0.1278, 'eval_samples_per_second': 31.304, 'eval_steps_per_second': 7.826, 'epoch': 17.0, 'step': 17}
[2025/08/08 17:30:18] - {'eval_loss': -6.101346969604492, 'eval_runtime': 0.1278, 'eval_samples_per_second': 31.298, 'eval_steps_per_second': 7.825, 'epoch': 17.0, 'step': 17}
[2025/08/08 17:30:18] - {'loss': 0.6986, 'grad_norm': 3.5967328548431396, 'learning_rate': 0.001, 'epoch': 18.0, 'step': 18}
[2025/08/08 17:30:18] - {'loss': 0.6986, 'grad_norm': 3.5967328548431396, 'learning_rate': 0.001, 'epoch': 18.0, 'step': 18}
[2025/08/08 17:30:18] - {'loss': 0.6986, 'grad_norm': 3.5967328548431396, 'learning_rate': 0.001, 'epoch': 18.0, 'step': 18}
[2025/08/08 17:30:18] - {'eval_loss': -6.163355827331543, 'eval_runtime': 0.1278, 'eval_samples_per_second': 31.311, 'eval_steps_per_second': 7.828, 'epoch': 18.0, 'step': 18}
[2025/08/08 17:30:18] - {'eval_loss': -6.163355827331543, 'eval_runtime': 0.1279, 'eval_samples_per_second': 31.27, 'eval_steps_per_second': 7.817, 'epoch': 18.0, 'step': 18}
[2025/08/08 17:30:18] - {'eval_loss': -6.163355827331543, 'eval_runtime': 0.1279, 'eval_samples_per_second': 31.267, 'eval_steps_per_second': 7.817, 'epoch': 18.0, 'step': 18}
[2025/08/08 17:30:18] - {'loss': 0.1564, 'grad_norm': 2.985440492630005, 'learning_rate': 0.001, 'epoch': 19.0, 'step': 19}
[2025/08/08 17:30:18] - {'loss': 0.1564, 'grad_norm': 2.985440492630005, 'learning_rate': 0.001, 'epoch': 19.0, 'step': 19}
[2025/08/08 17:30:18] - {'loss': 0.1564, 'grad_norm': 2.985440492630005, 'learning_rate': 0.001, 'epoch': 19.0, 'step': 19}
[2025/08/08 17:30:18] - {'eval_loss': -6.205636024475098, 'eval_runtime': 0.1278, 'eval_samples_per_second': 31.298, 'eval_steps_per_second': 7.825, 'epoch': 19.0, 'step': 19}
[2025/08/08 17:30:18] - {'eval_loss': -6.205636024475098, 'eval_runtime': 0.1277, 'eval_samples_per_second': 31.326, 'eval_steps_per_second': 7.832, 'epoch': 19.0, 'step': 19}
[2025/08/08 17:30:18] - {'eval_loss': -6.205636024475098, 'eval_runtime': 0.1278, 'eval_samples_per_second': 31.296, 'eval_steps_per_second': 7.824, 'epoch': 19.0, 'step': 19}
[2025/08/08 17:30:18] - {'loss': 0.0002, 'grad_norm': 0.00449621444568038, 'learning_rate': 0.001, 'epoch': 20.0, 'step': 20}
[2025/08/08 17:30:18] - {'loss': 0.0002, 'grad_norm': 0.00449621444568038, 'learning_rate': 0.001, 'epoch': 20.0, 'step': 20}
[2025/08/08 17:30:18] - {'loss': 0.0002, 'grad_norm': 0.00449621444568038, 'learning_rate': 0.001, 'epoch': 20.0, 'step': 20}
[2025/08/08 17:30:18] - {'eval_loss': -6.252529621124268, 'eval_runtime': 0.1276, 'eval_samples_per_second': 31.339, 'eval_steps_per_second': 7.835, 'epoch': 20.0, 'step': 20}
[2025/08/08 17:30:18] - {'eval_loss': -6.252529621124268, 'eval_runtime': 0.1276, 'eval_samples_per_second': 31.339, 'eval_steps_per_second': 7.835, 'epoch': 20.0, 'step': 20}
[2025/08/08 17:30:18] - {'eval_loss': -6.252529621124268, 'eval_runtime': 0.1275, 'eval_samples_per_second': 31.361, 'eval_steps_per_second': 7.84, 'epoch': 20.0, 'step': 20}
[2025/08/08 17:30:18] - {'loss': 0.0004, 'grad_norm': 0.015532085672020912, 'learning_rate': 0.001, 'epoch': 21.0, 'step': 21}
[2025/08/08 17:30:18] - {'loss': 0.0004, 'grad_norm': 0.015532085672020912, 'learning_rate': 0.001, 'epoch': 21.0, 'step': 21}
[2025/08/08 17:30:18] - {'loss': 0.0004, 'grad_norm': 0.015532085672020912, 'learning_rate': 0.001, 'epoch': 21.0, 'step': 21}
[2025/08/08 17:30:18] - {'eval_loss': -6.284189701080322, 'eval_runtime': 0.1278, 'eval_samples_per_second': 31.293, 'eval_steps_per_second': 7.823, 'epoch': 21.0, 'step': 21}
[2025/08/08 17:30:18] - {'eval_loss': -6.284189701080322, 'eval_runtime': 0.1277, 'eval_samples_per_second': 31.321, 'eval_steps_per_second': 7.83, 'epoch': 21.0, 'step': 21}
[2025/08/08 17:30:18] - {'eval_loss': -6.284189701080322, 'eval_runtime': 0.1278, 'eval_samples_per_second': 31.301, 'eval_steps_per_second': 7.825, 'epoch': 21.0, 'step': 21}
[2025/08/08 17:30:18] - {'loss': 0.0276, 'grad_norm': 2.1272783279418945, 'learning_rate': 0.001, 'epoch': 22.0, 'step': 22}
[2025/08/08 17:30:18] - {'loss': 0.0276, 'grad_norm': 2.1272783279418945, 'learning_rate': 0.001, 'epoch': 22.0, 'step': 22}
[2025/08/08 17:30:18] - {'loss': 0.0276, 'grad_norm': 2.1272783279418945, 'learning_rate': 0.001, 'epoch': 22.0, 'step': 22}
[2025/08/08 17:30:18] - {'eval_loss': -6.306133270263672, 'eval_runtime': 0.128, 'eval_samples_per_second': 31.261, 'eval_steps_per_second': 7.815, 'epoch': 22.0, 'step': 22}
[2025/08/08 17:30:18] - {'eval_loss': -6.306133270263672, 'eval_runtime': 0.1278, 'eval_samples_per_second': 31.309, 'eval_steps_per_second': 7.827, 'epoch': 22.0, 'step': 22}
[2025/08/08 17:30:18] - {'eval_loss': -6.306133270263672, 'eval_runtime': 0.128, 'eval_samples_per_second': 31.256, 'eval_steps_per_second': 7.814, 'epoch': 22.0, 'step': 22}
[2025/08/08 17:30:18] - {'loss': 0.0039, 'grad_norm': 0.328930526971817, 'learning_rate': 0.001, 'epoch': 23.0, 'step': 23}
[2025/08/08 17:30:18] - {'loss': 0.0039, 'grad_norm': 0.328930526971817, 'learning_rate': 0.001, 'epoch': 23.0, 'step': 23}
[2025/08/08 17:30:18] - {'loss': 0.0039, 'grad_norm': 0.328930526971817, 'learning_rate': 0.001, 'epoch': 23.0, 'step': 23}
[2025/08/08 17:30:18] - {'eval_loss': -6.211857318878174, 'eval_runtime': 0.1276, 'eval_samples_per_second': 31.348, 'eval_steps_per_second': 7.837, 'epoch': 23.0, 'step': 23}
[2025/08/08 17:30:18] - {'eval_loss': -6.211857318878174, 'eval_runtime': 0.1277, 'eval_samples_per_second': 31.332, 'eval_steps_per_second': 7.833, 'epoch': 23.0, 'step': 23}
[2025/08/08 17:30:18] - {'eval_loss': -6.211857318878174, 'eval_runtime': 0.1277, 'eval_samples_per_second': 31.318, 'eval_steps_per_second': 7.829, 'epoch': 23.0, 'step': 23}
[2025/08/08 17:30:18] - {'loss': 0.0208, 'grad_norm': 2.328432559967041, 'learning_rate': 0.001, 'epoch': 24.0, 'step': 24}
[2025/08/08 17:30:18] - {'loss': 0.0208, 'grad_norm': 2.328432559967041, 'learning_rate': 0.001, 'epoch': 24.0, 'step': 24}
[2025/08/08 17:30:18] - {'loss': 0.0208, 'grad_norm': 2.328432559967041, 'learning_rate': 0.001, 'epoch': 24.0, 'step': 24}
[2025/08/08 17:30:18] - {'eval_loss': -6.2830681800842285, 'eval_runtime': 0.1277, 'eval_samples_per_second': 31.321, 'eval_steps_per_second': 7.83, 'epoch': 24.0, 'step': 24}
[2025/08/08 17:30:18] - {'eval_loss': -6.2830681800842285, 'eval_runtime': 0.3933, 'eval_samples_per_second': 10.171, 'eval_steps_per_second': 2.543, 'epoch': 24.0, 'step': 24}
[2025/08/08 17:30:18] - {'eval_loss': -6.2830681800842285, 'eval_runtime': 0.1278, 'eval_samples_per_second': 31.292, 'eval_steps_per_second': 7.823, 'epoch': 24.0, 'step': 24}
[2025/08/08 17:30:18] - {'loss': 0.2314, 'grad_norm': 6.592963218688965, 'learning_rate': 0.001, 'epoch': 25.0, 'step': 25}
[2025/08/08 17:30:18] - {'loss': 0.2314, 'grad_norm': 6.592963218688965, 'learning_rate': 0.001, 'epoch': 25.0, 'step': 25}
[2025/08/08 17:30:18] - {'loss': 0.2314, 'grad_norm': 6.592963218688965, 'learning_rate': 0.001, 'epoch': 25.0, 'step': 25}
[2025/08/08 17:30:18] - {'eval_loss': -6.6637067794799805, 'eval_runtime': 0.1275, 'eval_samples_per_second': 31.378, 'eval_steps_per_second': 7.845, 'epoch': 25.0, 'step': 25}
[2025/08/08 17:30:18] - {'eval_loss': -6.6637067794799805, 'eval_runtime': 0.1274, 'eval_samples_per_second': 31.399, 'eval_steps_per_second': 7.85, 'epoch': 25.0, 'step': 25}
[2025/08/08 17:30:18] - {'eval_loss': -6.6637067794799805, 'eval_runtime': 0.1275, 'eval_samples_per_second': 31.379, 'eval_steps_per_second': 7.845, 'epoch': 25.0, 'step': 25}
[2025/08/08 17:30:18] - {'train_runtime': 31.289, 'train_samples_per_second': 3.196, 'train_steps_per_second': 0.799, 'total_flos': 0.0, 'train_loss': 0.8798826904490125, 'epoch': 25.0, 'step': 25}
[2025/08/08 17:30:18] - {'train_runtime': 31.3492, 'train_samples_per_second': 3.19, 'train_steps_per_second': 0.797, 'total_flos': 0.0, 'train_loss': 0.8798826904490125, 'epoch': 25.0, 'step': 25}
[2025/08/08 17:30:18] - {'train_runtime': 31.3086, 'train_samples_per_second': 3.194, 'train_steps_per_second': 0.799, 'total_flos': 0.0, 'train_loss': 0.8798826904490125, 'epoch': 25.0, 'step': 25}
[2025/08/08 17:30:19] - {'loss': 13.8631, 'grad_norm': 1.0523678064346313, 'learning_rate': 0.001, 'epoch': 1.0, 'step': 1}
[2025/08/08 17:30:19] - {'eval_loss': -0.9424349069595337, 'eval_runtime': 0.1367, 'eval_samples_per_second': 29.267, 'eval_steps_per_second': 7.317, 'epoch': 1.0, 'step': 1}
[2025/08/08 17:30:19] - {'loss': 2.5541, 'grad_norm': 14.443224906921387, 'learning_rate': 0.001, 'epoch': 2.0, 'step': 2}
[2025/08/08 17:30:19] - {'eval_loss': -3.197066068649292, 'eval_runtime': 0.3036, 'eval_samples_per_second': 13.174, 'eval_steps_per_second': 3.293, 'epoch': 2.0, 'step': 2}
[2025/08/08 17:30:19] - {'loss': 0.0342, 'grad_norm': 0.44344362616539, 'learning_rate': 0.001, 'epoch': 3.0, 'step': 3}
[2025/08/08 17:30:19] - {'eval_loss': -5.144252300262451, 'eval_runtime': 0.1273, 'eval_samples_per_second': 31.428, 'eval_steps_per_second': 7.857, 'epoch': 3.0, 'step': 3}
[2025/08/08 17:30:19] - {'loss': 0.1385, 'grad_norm': 4.164954662322998, 'learning_rate': 0.001, 'epoch': 4.0, 'step': 4}
[2025/08/08 17:30:19] - {'eval_loss': -5.61757230758667, 'eval_runtime': 0.2816, 'eval_samples_per_second': 14.205, 'eval_steps_per_second': 3.551, 'epoch': 4.0, 'step': 4}
[2025/08/08 17:30:19] - {'loss': 1.866, 'grad_norm': 37.03462600708008, 'learning_rate': 0.001, 'epoch': 5.0, 'step': 5}
[2025/08/08 17:30:19] - {'eval_loss': -5.639372825622559, 'eval_runtime': 0.1273, 'eval_samples_per_second': 31.411, 'eval_steps_per_second': 7.853, 'epoch': 5.0, 'step': 5}
[2025/08/08 17:30:19] - {'loss': 1.8893, 'grad_norm': 11.432059288024902, 'learning_rate': 0.001, 'epoch': 6.0, 'step': 6}
[2025/08/08 17:30:19] - {'eval_loss': -5.079441547393799, 'eval_runtime': 0.379, 'eval_samples_per_second': 10.555, 'eval_steps_per_second': 2.639, 'epoch': 6.0, 'step': 6}
[2025/08/08 17:30:19] - {'loss': 0.001, 'grad_norm': 0.03178815543651581, 'learning_rate': 0.001, 'epoch': 7.0, 'step': 7}
[2025/08/08 17:30:19] - {'eval_loss': -5.220541000366211, 'eval_runtime': 0.157, 'eval_samples_per_second': 25.473, 'eval_steps_per_second': 6.368, 'epoch': 7.0, 'step': 7}
[2025/08/08 17:30:19] - {'loss': 0.0327, 'grad_norm': 1.8057624101638794, 'learning_rate': 0.001, 'epoch': 8.0, 'step': 8}
[2025/08/08 17:30:19] - {'eval_loss': -4.723252296447754, 'eval_runtime': 0.1285, 'eval_samples_per_second': 31.134, 'eval_steps_per_second': 7.784, 'epoch': 8.0, 'step': 8}
[2025/08/08 17:30:19] - {'loss': 0.0315, 'grad_norm': 4.58607816696167, 'learning_rate': 0.001, 'epoch': 9.0, 'step': 9}
[2025/08/08 17:30:19] - {'eval_loss': -4.828000545501709, 'eval_runtime': 0.1274, 'eval_samples_per_second': 31.4, 'eval_steps_per_second': 7.85, 'epoch': 9.0, 'step': 9}
[2025/08/08 17:30:19] - {'loss': 0.3476, 'grad_norm': 5.570048809051514, 'learning_rate': 0.001, 'epoch': 10.0, 'step': 10}
[2025/08/08 17:30:19] - {'eval_loss': -4.9744791984558105, 'eval_runtime': 0.1278, 'eval_samples_per_second': 31.306, 'eval_steps_per_second': 7.827, 'epoch': 10.0, 'step': 10}
[2025/08/08 17:30:19] - {'loss': 0.0082, 'grad_norm': 0.49605146050453186, 'learning_rate': 0.001, 'epoch': 11.0, 'step': 11}
[2025/08/08 17:30:19] - {'eval_loss': -5.132084846496582, 'eval_runtime': 0.1274, 'eval_samples_per_second': 31.4, 'eval_steps_per_second': 7.85, 'epoch': 11.0, 'step': 11}
[2025/08/08 17:30:19] - {'loss': 0.0017, 'grad_norm': 0.04920109361410141, 'learning_rate': 0.001, 'epoch': 12.0, 'step': 12}
[2025/08/08 17:30:19] - {'eval_loss': -5.232980728149414, 'eval_runtime': 0.1287, 'eval_samples_per_second': 31.081, 'eval_steps_per_second': 7.77, 'epoch': 12.0, 'step': 12}
[2025/08/08 17:30:19] - {'loss': 0.0782, 'grad_norm': 11.449176788330078, 'learning_rate': 0.001, 'epoch': 13.0, 'step': 13}
[2025/08/08 17:30:19] - {'eval_loss': -4.844036102294922, 'eval_runtime': 0.1273, 'eval_samples_per_second': 31.424, 'eval_steps_per_second': 7.856, 'epoch': 13.0, 'step': 13}
[2025/08/08 17:30:19] - {'loss': 0.0063, 'grad_norm': 0.2686951458454132, 'learning_rate': 0.001, 'epoch': 14.0, 'step': 14}
[2025/08/08 17:30:19] - {'eval_loss': -5.021659851074219, 'eval_runtime': 0.1277, 'eval_samples_per_second': 31.333, 'eval_steps_per_second': 7.833, 'epoch': 14.0, 'step': 14}
[2025/08/08 17:30:19] - {'loss': 0.0048, 'grad_norm': 0.16200734674930573, 'learning_rate': 0.001, 'epoch': 15.0, 'step': 15}
[2025/08/08 17:30:19] - {'eval_loss': -5.409265518188477, 'eval_runtime': 0.1276, 'eval_samples_per_second': 31.339, 'eval_steps_per_second': 7.835, 'epoch': 15.0, 'step': 15}
[2025/08/08 17:30:19] - {'loss': 0.0004, 'grad_norm': 0.009253437630832195, 'learning_rate': 0.001, 'epoch': 16.0, 'step': 16}
[2025/08/08 17:30:19] - {'eval_loss': -5.780826091766357, 'eval_runtime': 0.1277, 'eval_samples_per_second': 31.314, 'eval_steps_per_second': 7.829, 'epoch': 16.0, 'step': 16}
[2025/08/08 17:30:19] - {'loss': 0.0003, 'grad_norm': 0.007097448688000441, 'learning_rate': 0.001, 'epoch': 17.0, 'step': 17}
[2025/08/08 17:30:19] - {'eval_loss': -6.101346969604492, 'eval_runtime': 0.1275, 'eval_samples_per_second': 31.363, 'eval_steps_per_second': 7.841, 'epoch': 17.0, 'step': 17}
[2025/08/08 17:30:19] - {'loss': 0.6986, 'grad_norm': 3.5967328548431396, 'learning_rate': 0.001, 'epoch': 18.0, 'step': 18}
[2025/08/08 17:30:19] - {'eval_loss': -6.163355827331543, 'eval_runtime': 0.2636, 'eval_samples_per_second': 15.176, 'eval_steps_per_second': 3.794, 'epoch': 18.0, 'step': 18}
[2025/08/08 17:30:19] - {'loss': 0.1564, 'grad_norm': 2.985440492630005, 'learning_rate': 0.001, 'epoch': 19.0, 'step': 19}
[2025/08/08 17:30:19] - {'eval_loss': -6.205636024475098, 'eval_runtime': 0.1275, 'eval_samples_per_second': 31.363, 'eval_steps_per_second': 7.841, 'epoch': 19.0, 'step': 19}
[2025/08/08 17:30:19] - {'loss': 0.0002, 'grad_norm': 0.00449621444568038, 'learning_rate': 0.001, 'epoch': 20.0, 'step': 20}
[2025/08/08 17:30:19] - {'eval_loss': -6.252529621124268, 'eval_runtime': 0.6617, 'eval_samples_per_second': 6.045, 'eval_steps_per_second': 1.511, 'epoch': 20.0, 'step': 20}
[2025/08/08 17:30:19] - {'loss': 0.0004, 'grad_norm': 0.015532085672020912, 'learning_rate': 0.001, 'epoch': 21.0, 'step': 21}
[2025/08/08 17:30:19] - {'eval_loss': -6.284189701080322, 'eval_runtime': 0.1275, 'eval_samples_per_second': 31.368, 'eval_steps_per_second': 7.842, 'epoch': 21.0, 'step': 21}
[2025/08/08 17:30:19] - {'loss': 0.0276, 'grad_norm': 2.1272783279418945, 'learning_rate': 0.001, 'epoch': 22.0, 'step': 22}
[2025/08/08 17:30:19] - {'eval_loss': -6.306133270263672, 'eval_runtime': 0.128, 'eval_samples_per_second': 31.259, 'eval_steps_per_second': 7.815, 'epoch': 22.0, 'step': 22}
[2025/08/08 17:30:19] - {'loss': 0.0039, 'grad_norm': 0.328930526971817, 'learning_rate': 0.001, 'epoch': 23.0, 'step': 23}
[2025/08/08 17:30:19] - {'eval_loss': -6.211857318878174, 'eval_runtime': 0.1273, 'eval_samples_per_second': 31.412, 'eval_steps_per_second': 7.853, 'epoch': 23.0, 'step': 23}
[2025/08/08 17:30:19] - {'loss': 0.0208, 'grad_norm': 2.328432559967041, 'learning_rate': 0.001, 'epoch': 24.0, 'step': 24}
[2025/08/08 17:30:19] - {'eval_loss': -6.2830681800842285, 'eval_runtime': 0.1278, 'eval_samples_per_second': 31.291, 'eval_steps_per_second': 7.823, 'epoch': 24.0, 'step': 24}
[2025/08/08 17:30:19] - {'loss': 0.2314, 'grad_norm': 6.592963218688965, 'learning_rate': 0.001, 'epoch': 25.0, 'step': 25}
[2025/08/08 17:30:19] - {'eval_loss': -6.6637067794799805, 'eval_runtime': 0.1272, 'eval_samples_per_second': 31.451, 'eval_steps_per_second': 7.863, 'epoch': 25.0, 'step': 25}
[2025/08/08 17:30:19] - {'train_runtime': 31.9305, 'train_samples_per_second': 3.132, 'train_steps_per_second': 0.783, 'total_flos': 0.0, 'train_loss': 0.8798826904490125, 'epoch': 25.0, 'step': 25}
