[2025/08/19 03:07:52] - Detected kernel version 4.18.0, which is below the recommended minimum of 5.5.0; this can cause the process to hang. It is recommended to upgrade the kernel to the minimum version or higher.
[2025/08/19 03:07:52] - Using 4 GPUs
[2025/08/19 03:07:52] - Starting new HTTPS connection (1): huggingface.co:443
[2025/08/19 03:07:52] - Using 4 GPUs
[2025/08/19 03:07:52] - Starting new HTTPS connection (1): huggingface.co:443
[2025/08/19 03:07:52] - Using 4 GPUs
[2025/08/19 03:07:52] - Starting new HTTPS connection (1): huggingface.co:443
[2025/08/19 03:07:52] - Using 4 GPUs
[2025/08/19 03:07:52] - Starting new HTTPS connection (1): huggingface.co:443
[2025/08/19 03:08:32] - Starting new HTTPS connection (2): huggingface.co:443
[2025/08/19 03:08:32] - Starting new HTTPS connection (2): huggingface.co:443
[2025/08/19 03:08:32] - Starting new HTTPS connection (2): huggingface.co:443
[2025/08/19 03:08:32] - Starting new HTTPS connection (2): huggingface.co:443
[2025/08/19 03:10:02] - Starting new HTTPS connection (3): huggingface.co:443
[2025/08/19 03:10:02] - Starting new HTTPS connection (3): huggingface.co:443
[2025/08/19 03:10:02] - Starting new HTTPS connection (3): huggingface.co:443
[2025/08/19 03:10:02] - Starting new HTTPS connection (3): huggingface.co:443
[2025/08/19 03:10:42] - Loading bitsandbytes native library from: /home/hsc/ENV-3.10/lib/python3.10/site-packages/bitsandbytes/libbitsandbytes_cuda122.so
[2025/08/19 03:10:42] - Loading bitsandbytes native library from: /home/hsc/ENV-3.10/lib/python3.10/site-packages/bitsandbytes/libbitsandbytes_cuda122.so
[2025/08/19 03:10:42] - Loading bitsandbytes native library from: /home/hsc/ENV-3.10/lib/python3.10/site-packages/bitsandbytes/libbitsandbytes_cuda122.so
[2025/08/19 03:10:42] - Loading bitsandbytes native library from: /home/hsc/ENV-3.10/lib/python3.10/site-packages/bitsandbytes/libbitsandbytes_cuda122.so
[2025/08/19 03:10:55] - Detected kernel version 4.18.0, which is below the recommended minimum of 5.5.0; this can cause the process to hang. It is recommended to upgrade the kernel to the minimum version or higher.
[2025/08/19 03:11:30] - {'loss': 5.6015, 'grad_norm': 4.182123184204102, 'learning_rate': 0.001, 'epoch': 1.0, 'step': 1}
[2025/08/19 03:11:30] - {'loss': 5.6015, 'grad_norm': 4.182123184204102, 'learning_rate': 0.001, 'epoch': 1.0, 'step': 1}
[2025/08/19 03:11:30] - {'loss': 5.6015, 'grad_norm': 4.182123184204102, 'learning_rate': 0.001, 'epoch': 1.0, 'step': 1}
[2025/08/19 03:11:30] - {'eval_loss': -0.0032551989424973726, 'eval_runtime': 0.1316, 'eval_samples_per_second': 30.4, 'eval_steps_per_second': 7.6, 'epoch': 1.0, 'step': 1}
[2025/08/19 03:11:30] - {'eval_loss': -0.0032551989424973726, 'eval_runtime': 0.1316, 'eval_samples_per_second': 30.4, 'eval_steps_per_second': 7.6, 'epoch': 1.0, 'step': 1}
[2025/08/19 03:11:30] - {'eval_loss': -0.0032551989424973726, 'eval_runtime': 0.1316, 'eval_samples_per_second': 30.402, 'eval_steps_per_second': 7.6, 'epoch': 1.0, 'step': 1}
[2025/08/19 03:11:30] - {'loss': 2.9927, 'grad_norm': 2.942389488220215, 'learning_rate': 0.001, 'epoch': 2.0, 'step': 2}
[2025/08/19 03:11:30] - {'loss': 2.9927, 'grad_norm': 2.942389488220215, 'learning_rate': 0.001, 'epoch': 2.0, 'step': 2}
[2025/08/19 03:11:30] - {'loss': 2.9927, 'grad_norm': 2.942389488220215, 'learning_rate': 0.001, 'epoch': 2.0, 'step': 2}
[2025/08/19 03:11:30] - {'eval_loss': -0.30535951256752014, 'eval_runtime': 0.1314, 'eval_samples_per_second': 30.437, 'eval_steps_per_second': 7.609, 'epoch': 2.0, 'step': 2}
[2025/08/19 03:11:30] - {'eval_loss': -0.30535951256752014, 'eval_runtime': 0.1316, 'eval_samples_per_second': 30.402, 'eval_steps_per_second': 7.601, 'epoch': 2.0, 'step': 2}
[2025/08/19 03:11:30] - {'eval_loss': -0.30535951256752014, 'eval_runtime': 0.1316, 'eval_samples_per_second': 30.401, 'eval_steps_per_second': 7.6, 'epoch': 2.0, 'step': 2}
[2025/08/19 03:11:30] - {'loss': 1.8099, 'grad_norm': 6.246654033660889, 'learning_rate': 0.001, 'epoch': 3.0, 'step': 3}
[2025/08/19 03:11:30] - {'loss': 1.8099, 'grad_norm': 6.246654033660889, 'learning_rate': 0.001, 'epoch': 3.0, 'step': 3}
[2025/08/19 03:11:30] - {'loss': 1.8099, 'grad_norm': 6.246654033660889, 'learning_rate': 0.001, 'epoch': 3.0, 'step': 3}
[2025/08/19 03:11:30] - {'eval_loss': -0.36591556668281555, 'eval_runtime': 0.1353, 'eval_samples_per_second': 29.57, 'eval_steps_per_second': 7.393, 'epoch': 3.0, 'step': 3}
[2025/08/19 03:11:30] - {'eval_loss': -0.36591556668281555, 'eval_runtime': 0.1352, 'eval_samples_per_second': 29.576, 'eval_steps_per_second': 7.394, 'epoch': 3.0, 'step': 3}
[2025/08/19 03:11:30] - {'eval_loss': -0.36591556668281555, 'eval_runtime': 0.1352, 'eval_samples_per_second': 29.583, 'eval_steps_per_second': 7.396, 'epoch': 3.0, 'step': 3}
[2025/08/19 03:11:30] - {'loss': 1.4238, 'grad_norm': 1.3335919380187988, 'learning_rate': 0.001, 'epoch': 4.0, 'step': 4}
[2025/08/19 03:11:30] - {'loss': 1.4238, 'grad_norm': 1.3335919380187988, 'learning_rate': 0.001, 'epoch': 4.0, 'step': 4}
[2025/08/19 03:11:30] - {'loss': 1.4238, 'grad_norm': 1.3335919380187988, 'learning_rate': 0.001, 'epoch': 4.0, 'step': 4}
[2025/08/19 03:11:30] - {'eval_loss': -0.35387852787971497, 'eval_runtime': 0.132, 'eval_samples_per_second': 30.3, 'eval_steps_per_second': 7.575, 'epoch': 4.0, 'step': 4}
[2025/08/19 03:11:30] - {'eval_loss': -0.35387852787971497, 'eval_runtime': 0.1319, 'eval_samples_per_second': 30.331, 'eval_steps_per_second': 7.583, 'epoch': 4.0, 'step': 4}
[2025/08/19 03:11:30] - {'eval_loss': -0.35387852787971497, 'eval_runtime': 0.132, 'eval_samples_per_second': 30.299, 'eval_steps_per_second': 7.575, 'epoch': 4.0, 'step': 4}
[2025/08/19 03:11:30] - {'loss': 1.6073, 'grad_norm': 1.432434320449829, 'learning_rate': 0.001, 'epoch': 5.0, 'step': 5}
[2025/08/19 03:11:30] - {'loss': 1.6073, 'grad_norm': 1.432434320449829, 'learning_rate': 0.001, 'epoch': 5.0, 'step': 5}
[2025/08/19 03:11:30] - {'loss': 1.6073, 'grad_norm': 1.432434320449829, 'learning_rate': 0.001, 'epoch': 5.0, 'step': 5}
[2025/08/19 03:11:30] - {'eval_loss': -0.37808963656425476, 'eval_runtime': 0.1312, 'eval_samples_per_second': 30.491, 'eval_steps_per_second': 7.623, 'epoch': 5.0, 'step': 5}
[2025/08/19 03:11:30] - {'eval_loss': -0.37808963656425476, 'eval_runtime': 0.1311, 'eval_samples_per_second': 30.515, 'eval_steps_per_second': 7.629, 'epoch': 5.0, 'step': 5}
[2025/08/19 03:11:30] - {'eval_loss': -0.37808963656425476, 'eval_runtime': 0.1312, 'eval_samples_per_second': 30.483, 'eval_steps_per_second': 7.621, 'epoch': 5.0, 'step': 5}
[2025/08/19 03:11:30] - {'loss': 0.872, 'grad_norm': 1.0786552429199219, 'learning_rate': 0.001, 'epoch': 6.0, 'step': 6}
[2025/08/19 03:11:30] - {'loss': 0.872, 'grad_norm': 1.0786552429199219, 'learning_rate': 0.001, 'epoch': 6.0, 'step': 6}
[2025/08/19 03:11:30] - {'loss': 0.872, 'grad_norm': 1.0786552429199219, 'learning_rate': 0.001, 'epoch': 6.0, 'step': 6}
[2025/08/19 03:11:30] - {'eval_loss': -0.40725240111351013, 'eval_runtime': 0.1322, 'eval_samples_per_second': 30.249, 'eval_steps_per_second': 7.562, 'epoch': 6.0, 'step': 6}
[2025/08/19 03:11:30] - {'eval_loss': -0.40725240111351013, 'eval_runtime': 0.1316, 'eval_samples_per_second': 30.389, 'eval_steps_per_second': 7.597, 'epoch': 6.0, 'step': 6}
[2025/08/19 03:11:30] - {'eval_loss': -0.40725240111351013, 'eval_runtime': 0.1322, 'eval_samples_per_second': 30.253, 'eval_steps_per_second': 7.563, 'epoch': 6.0, 'step': 6}
[2025/08/19 03:11:30] - {'loss': 0.8254, 'grad_norm': 1.110608696937561, 'learning_rate': 0.001, 'epoch': 7.0, 'step': 7}
[2025/08/19 03:11:30] - {'loss': 0.8254, 'grad_norm': 1.110608696937561, 'learning_rate': 0.001, 'epoch': 7.0, 'step': 7}
[2025/08/19 03:11:30] - {'loss': 0.8254, 'grad_norm': 1.110608696937561, 'learning_rate': 0.001, 'epoch': 7.0, 'step': 7}
[2025/08/19 03:11:30] - {'eval_loss': -0.42245548963546753, 'eval_runtime': 0.1311, 'eval_samples_per_second': 30.512, 'eval_steps_per_second': 7.628, 'epoch': 7.0, 'step': 7}
[2025/08/19 03:11:30] - {'eval_loss': -0.42245548963546753, 'eval_runtime': 0.1312, 'eval_samples_per_second': 30.496, 'eval_steps_per_second': 7.624, 'epoch': 7.0, 'step': 7}
[2025/08/19 03:11:30] - {'eval_loss': -0.42245548963546753, 'eval_runtime': 0.1312, 'eval_samples_per_second': 30.483, 'eval_steps_per_second': 7.621, 'epoch': 7.0, 'step': 7}
[2025/08/19 03:11:30] - {'loss': 1.1479, 'grad_norm': 1.6987777948379517, 'learning_rate': 0.001, 'epoch': 8.0, 'step': 8}
[2025/08/19 03:11:30] - {'loss': 1.1479, 'grad_norm': 1.6987777948379517, 'learning_rate': 0.001, 'epoch': 8.0, 'step': 8}
[2025/08/19 03:11:30] - {'loss': 1.1479, 'grad_norm': 1.6987777948379517, 'learning_rate': 0.001, 'epoch': 8.0, 'step': 8}
[2025/08/19 03:11:30] - {'eval_loss': -0.25546228885650635, 'eval_runtime': 0.1317, 'eval_samples_per_second': 30.377, 'eval_steps_per_second': 7.594, 'epoch': 8.0, 'step': 8}
[2025/08/19 03:11:30] - {'eval_loss': -0.25546228885650635, 'eval_runtime': 0.1314, 'eval_samples_per_second': 30.431, 'eval_steps_per_second': 7.608, 'epoch': 8.0, 'step': 8}
[2025/08/19 03:11:30] - {'eval_loss': -0.25546228885650635, 'eval_runtime': 0.1317, 'eval_samples_per_second': 30.376, 'eval_steps_per_second': 7.594, 'epoch': 8.0, 'step': 8}
[2025/08/19 03:11:30] - {'loss': 0.5486, 'grad_norm': 1.5194143056869507, 'learning_rate': 0.001, 'epoch': 9.0, 'step': 9}
[2025/08/19 03:11:30] - {'loss': 0.5486, 'grad_norm': 1.5194143056869507, 'learning_rate': 0.001, 'epoch': 9.0, 'step': 9}
[2025/08/19 03:11:30] - {'loss': 0.5486, 'grad_norm': 1.5194143056869507, 'learning_rate': 0.001, 'epoch': 9.0, 'step': 9}
[2025/08/19 03:11:30] - {'eval_loss': -0.09078291058540344, 'eval_runtime': 0.131, 'eval_samples_per_second': 30.523, 'eval_steps_per_second': 7.631, 'epoch': 9.0, 'step': 9}
[2025/08/19 03:11:30] - {'eval_loss': -0.09078291058540344, 'eval_runtime': 0.131, 'eval_samples_per_second': 30.536, 'eval_steps_per_second': 7.634, 'epoch': 9.0, 'step': 9}
[2025/08/19 03:11:30] - {'eval_loss': -0.09078291058540344, 'eval_runtime': 0.131, 'eval_samples_per_second': 30.524, 'eval_steps_per_second': 7.631, 'epoch': 9.0, 'step': 9}
[2025/08/19 03:11:30] - {'loss': 0.5477, 'grad_norm': 1.798375129699707, 'learning_rate': 0.001, 'epoch': 10.0, 'step': 10}
[2025/08/19 03:11:30] - {'loss': 0.5477, 'grad_norm': 1.798375129699707, 'learning_rate': 0.001, 'epoch': 10.0, 'step': 10}
[2025/08/19 03:11:30] - {'loss': 0.5477, 'grad_norm': 1.798375129699707, 'learning_rate': 0.001, 'epoch': 10.0, 'step': 10}
[2025/08/19 03:11:30] - {'eval_loss': -0.1340164840221405, 'eval_runtime': 0.1315, 'eval_samples_per_second': 30.414, 'eval_steps_per_second': 7.603, 'epoch': 10.0, 'step': 10}
[2025/08/19 03:11:30] - {'eval_loss': -0.1340164840221405, 'eval_runtime': 0.1317, 'eval_samples_per_second': 30.379, 'eval_steps_per_second': 7.595, 'epoch': 10.0, 'step': 10}
[2025/08/19 03:11:30] - {'eval_loss': -0.1340164840221405, 'eval_runtime': 0.1317, 'eval_samples_per_second': 30.37, 'eval_steps_per_second': 7.593, 'epoch': 10.0, 'step': 10}
[2025/08/19 03:11:30] - {'loss': 0.5843, 'grad_norm': 1.5769400596618652, 'learning_rate': 0.001, 'epoch': 11.0, 'step': 11}
[2025/08/19 03:11:30] - {'loss': 0.5843, 'grad_norm': 1.5769400596618652, 'learning_rate': 0.001, 'epoch': 11.0, 'step': 11}
[2025/08/19 03:11:30] - {'loss': 0.5843, 'grad_norm': 1.5769400596618652, 'learning_rate': 0.001, 'epoch': 11.0, 'step': 11}
[2025/08/19 03:11:30] - {'eval_loss': -0.2898433804512024, 'eval_runtime': 0.1309, 'eval_samples_per_second': 30.557, 'eval_steps_per_second': 7.639, 'epoch': 11.0, 'step': 11}
[2025/08/19 03:11:30] - {'eval_loss': -0.2898433804512024, 'eval_runtime': 0.1308, 'eval_samples_per_second': 30.581, 'eval_steps_per_second': 7.645, 'epoch': 11.0, 'step': 11}
[2025/08/19 03:11:30] - {'eval_loss': -0.2898433804512024, 'eval_runtime': 0.1311, 'eval_samples_per_second': 30.512, 'eval_steps_per_second': 7.628, 'epoch': 11.0, 'step': 11}
[2025/08/19 03:11:30] - {'loss': 0.5372, 'grad_norm': 1.5108381509780884, 'learning_rate': 0.001, 'epoch': 12.0, 'step': 12}
[2025/08/19 03:11:30] - {'loss': 0.5372, 'grad_norm': 1.5108381509780884, 'learning_rate': 0.001, 'epoch': 12.0, 'step': 12}
[2025/08/19 03:11:30] - {'loss': 0.5372, 'grad_norm': 1.5108381509780884, 'learning_rate': 0.001, 'epoch': 12.0, 'step': 12}
[2025/08/19 03:11:30] - {'eval_loss': -0.3398946523666382, 'eval_runtime': 0.1555, 'eval_samples_per_second': 25.719, 'eval_steps_per_second': 6.43, 'epoch': 12.0, 'step': 12}
[2025/08/19 03:11:30] - {'eval_loss': -0.3398946523666382, 'eval_runtime': 0.1555, 'eval_samples_per_second': 25.719, 'eval_steps_per_second': 6.43, 'epoch': 12.0, 'step': 12}
[2025/08/19 03:11:30] - {'eval_loss': -0.3398946523666382, 'eval_runtime': 0.1553, 'eval_samples_per_second': 25.761, 'eval_steps_per_second': 6.44, 'epoch': 12.0, 'step': 12}
[2025/08/19 03:11:30] - {'loss': 0.9522, 'grad_norm': 3.882852792739868, 'learning_rate': 0.001, 'epoch': 13.0, 'step': 13}
[2025/08/19 03:11:30] - {'loss': 0.9522, 'grad_norm': 3.882852792739868, 'learning_rate': 0.001, 'epoch': 13.0, 'step': 13}
[2025/08/19 03:11:30] - {'loss': 0.9522, 'grad_norm': 3.882852792739868, 'learning_rate': 0.001, 'epoch': 13.0, 'step': 13}
[2025/08/19 03:11:30] - {'eval_loss': -0.3539162874221802, 'eval_runtime': 0.1312, 'eval_samples_per_second': 30.493, 'eval_steps_per_second': 7.623, 'epoch': 13.0, 'step': 13}
[2025/08/19 03:11:30] - {'eval_loss': -0.3539162874221802, 'eval_runtime': 0.1312, 'eval_samples_per_second': 30.494, 'eval_steps_per_second': 7.624, 'epoch': 13.0, 'step': 13}
[2025/08/19 03:11:30] - {'eval_loss': -0.3539162874221802, 'eval_runtime': 0.1313, 'eval_samples_per_second': 30.471, 'eval_steps_per_second': 7.618, 'epoch': 13.0, 'step': 13}
[2025/08/19 03:11:30] - {'loss': 0.6144, 'grad_norm': 2.8054375648498535, 'learning_rate': 0.001, 'epoch': 14.0, 'step': 14}
[2025/08/19 03:11:30] - {'loss': 0.6144, 'grad_norm': 2.8054375648498535, 'learning_rate': 0.001, 'epoch': 14.0, 'step': 14}
[2025/08/19 03:11:30] - {'loss': 0.6144, 'grad_norm': 2.8054375648498535, 'learning_rate': 0.001, 'epoch': 14.0, 'step': 14}
[2025/08/19 03:11:30] - {'eval_loss': -0.3521251380443573, 'eval_runtime': 1.3009, 'eval_samples_per_second': 3.075, 'eval_steps_per_second': 0.769, 'epoch': 14.0, 'step': 14}
[2025/08/19 03:11:30] - {'eval_loss': -0.3521251380443573, 'eval_runtime': 0.1559, 'eval_samples_per_second': 25.66, 'eval_steps_per_second': 6.415, 'epoch': 14.0, 'step': 14}
[2025/08/19 03:11:30] - {'eval_loss': -0.3521251380443573, 'eval_runtime': 0.1558, 'eval_samples_per_second': 25.682, 'eval_steps_per_second': 6.42, 'epoch': 14.0, 'step': 14}
[2025/08/19 03:11:30] - {'loss': 0.2911, 'grad_norm': 0.8578513264656067, 'learning_rate': 0.001, 'epoch': 15.0, 'step': 15}
[2025/08/19 03:11:30] - {'loss': 0.2911, 'grad_norm': 0.8578513264656067, 'learning_rate': 0.001, 'epoch': 15.0, 'step': 15}
[2025/08/19 03:11:30] - {'loss': 0.2911, 'grad_norm': 0.8578513264656067, 'learning_rate': 0.001, 'epoch': 15.0, 'step': 15}
[2025/08/19 03:11:30] - {'eval_loss': -0.3319031894207001, 'eval_runtime': 0.1312, 'eval_samples_per_second': 30.49, 'eval_steps_per_second': 7.622, 'epoch': 15.0, 'step': 15}
[2025/08/19 03:11:30] - {'eval_loss': -0.3319031894207001, 'eval_runtime': 0.1311, 'eval_samples_per_second': 30.513, 'eval_steps_per_second': 7.628, 'epoch': 15.0, 'step': 15}
[2025/08/19 03:11:30] - {'eval_loss': -0.3319031894207001, 'eval_runtime': 0.1312, 'eval_samples_per_second': 30.494, 'eval_steps_per_second': 7.623, 'epoch': 15.0, 'step': 15}
[2025/08/19 03:11:30] - {'loss': 0.7999, 'grad_norm': 3.957562208175659, 'learning_rate': 0.001, 'epoch': 16.0, 'step': 16}
[2025/08/19 03:11:30] - {'loss': 0.7999, 'grad_norm': 3.957562208175659, 'learning_rate': 0.001, 'epoch': 16.0, 'step': 16}
[2025/08/19 03:11:30] - {'loss': 0.7999, 'grad_norm': 3.957562208175659, 'learning_rate': 0.001, 'epoch': 16.0, 'step': 16}
[2025/08/19 03:11:30] - {'eval_loss': -0.25455939769744873, 'eval_runtime': 0.1309, 'eval_samples_per_second': 30.559, 'eval_steps_per_second': 7.64, 'epoch': 16.0, 'step': 16}
[2025/08/19 03:11:30] - {'eval_loss': -0.25455939769744873, 'eval_runtime': 0.1311, 'eval_samples_per_second': 30.513, 'eval_steps_per_second': 7.628, 'epoch': 16.0, 'step': 16}
[2025/08/19 03:11:30] - {'eval_loss': -0.25455939769744873, 'eval_runtime': 0.1311, 'eval_samples_per_second': 30.517, 'eval_steps_per_second': 7.629, 'epoch': 16.0, 'step': 16}
[2025/08/19 03:11:30] - {'loss': 0.5254, 'grad_norm': 1.7132936716079712, 'learning_rate': 0.001, 'epoch': 17.0, 'step': 17}
[2025/08/19 03:11:30] - {'loss': 0.5254, 'grad_norm': 1.7132936716079712, 'learning_rate': 0.001, 'epoch': 17.0, 'step': 17}
[2025/08/19 03:11:30] - {'loss': 0.5254, 'grad_norm': 1.7132936716079712, 'learning_rate': 0.001, 'epoch': 17.0, 'step': 17}
[2025/08/19 03:11:30] - {'eval_loss': -0.205186665058136, 'eval_runtime': 0.1826, 'eval_samples_per_second': 21.904, 'eval_steps_per_second': 5.476, 'epoch': 17.0, 'step': 17}
[2025/08/19 03:11:30] - {'eval_loss': -0.205186665058136, 'eval_runtime': 0.1698, 'eval_samples_per_second': 23.553, 'eval_steps_per_second': 5.888, 'epoch': 17.0, 'step': 17}
[2025/08/19 03:11:30] - {'eval_loss': -0.205186665058136, 'eval_runtime': 0.1826, 'eval_samples_per_second': 21.904, 'eval_steps_per_second': 5.476, 'epoch': 17.0, 'step': 17}
[2025/08/19 03:11:30] - {'loss': 0.179, 'grad_norm': 0.8512031435966492, 'learning_rate': 0.001, 'epoch': 18.0, 'step': 18}
[2025/08/19 03:11:30] - {'loss': 0.179, 'grad_norm': 0.8512031435966492, 'learning_rate': 0.001, 'epoch': 18.0, 'step': 18}
[2025/08/19 03:11:30] - {'loss': 0.179, 'grad_norm': 0.8512031435966492, 'learning_rate': 0.001, 'epoch': 18.0, 'step': 18}
[2025/08/19 03:11:30] - {'eval_loss': -0.22470775246620178, 'eval_runtime': 0.156, 'eval_samples_per_second': 25.641, 'eval_steps_per_second': 6.41, 'epoch': 18.0, 'step': 18}
[2025/08/19 03:11:30] - {'eval_loss': -0.22470775246620178, 'eval_runtime': 0.156, 'eval_samples_per_second': 25.635, 'eval_steps_per_second': 6.409, 'epoch': 18.0, 'step': 18}
[2025/08/19 03:11:30] - {'eval_loss': -0.22470775246620178, 'eval_runtime': 0.1558, 'eval_samples_per_second': 25.666, 'eval_steps_per_second': 6.416, 'epoch': 18.0, 'step': 18}
[2025/08/19 03:11:30] - {'loss': 0.606, 'grad_norm': 1.3359875679016113, 'learning_rate': 0.0001, 'epoch': 19.0, 'step': 19}
[2025/08/19 03:11:30] - {'loss': 0.606, 'grad_norm': 1.3359875679016113, 'learning_rate': 0.0001, 'epoch': 19.0, 'step': 19}
[2025/08/19 03:11:30] - {'loss': 0.606, 'grad_norm': 1.3359875679016113, 'learning_rate': 0.0001, 'epoch': 19.0, 'step': 19}
[2025/08/19 03:11:30] - {'eval_loss': -0.2265566885471344, 'eval_runtime': 0.1309, 'eval_samples_per_second': 30.558, 'eval_steps_per_second': 7.64, 'epoch': 19.0, 'step': 19}
[2025/08/19 03:11:30] - {'eval_loss': -0.2265566885471344, 'eval_runtime': 0.1309, 'eval_samples_per_second': 30.566, 'eval_steps_per_second': 7.642, 'epoch': 19.0, 'step': 19}
[2025/08/19 03:11:30] - {'eval_loss': -0.2265566885471344, 'eval_runtime': 0.1309, 'eval_samples_per_second': 30.556, 'eval_steps_per_second': 7.639, 'epoch': 19.0, 'step': 19}
[2025/08/19 03:11:30] - {'loss': 0.6149, 'grad_norm': 1.3228574991226196, 'learning_rate': 0.0001, 'epoch': 20.0, 'step': 20}
[2025/08/19 03:11:30] - {'loss': 0.6149, 'grad_norm': 1.3228574991226196, 'learning_rate': 0.0001, 'epoch': 20.0, 'step': 20}
[2025/08/19 03:11:30] - {'loss': 0.6149, 'grad_norm': 1.3228574991226196, 'learning_rate': 0.0001, 'epoch': 20.0, 'step': 20}
[2025/08/19 03:11:30] - {'eval_loss': -0.22939464449882507, 'eval_runtime': 0.1312, 'eval_samples_per_second': 30.489, 'eval_steps_per_second': 7.622, 'epoch': 20.0, 'step': 20}
[2025/08/19 03:11:30] - {'eval_loss': -0.22939464449882507, 'eval_runtime': 0.1312, 'eval_samples_per_second': 30.488, 'eval_steps_per_second': 7.622, 'epoch': 20.0, 'step': 20}
[2025/08/19 03:11:30] - {'eval_loss': -0.22939464449882507, 'eval_runtime': 0.131, 'eval_samples_per_second': 30.524, 'eval_steps_per_second': 7.631, 'epoch': 20.0, 'step': 20}
[2025/08/19 03:11:30] - {'loss': 0.3003, 'grad_norm': 0.9007879495620728, 'learning_rate': 0.0001, 'epoch': 21.0, 'step': 21}
[2025/08/19 03:11:30] - {'loss': 0.3003, 'grad_norm': 0.9007879495620728, 'learning_rate': 0.0001, 'epoch': 21.0, 'step': 21}
[2025/08/19 03:11:30] - {'loss': 0.3003, 'grad_norm': 0.9007879495620728, 'learning_rate': 0.0001, 'epoch': 21.0, 'step': 21}
[2025/08/19 03:11:30] - {'eval_loss': -0.23111441731452942, 'eval_runtime': 0.131, 'eval_samples_per_second': 30.536, 'eval_steps_per_second': 7.634, 'epoch': 21.0, 'step': 21}
[2025/08/19 03:11:30] - {'eval_loss': -0.23111441731452942, 'eval_runtime': 0.1309, 'eval_samples_per_second': 30.558, 'eval_steps_per_second': 7.64, 'epoch': 21.0, 'step': 21}
[2025/08/19 03:11:30] - {'eval_loss': -0.23111441731452942, 'eval_runtime': 0.131, 'eval_samples_per_second': 30.544, 'eval_steps_per_second': 7.636, 'epoch': 21.0, 'step': 21}
[2025/08/19 03:11:30] - {'loss': 0.3279, 'grad_norm': 1.0357370376586914, 'learning_rate': 0.0001, 'epoch': 22.0, 'step': 22}
[2025/08/19 03:11:30] - {'loss': 0.3279, 'grad_norm': 1.0357370376586914, 'learning_rate': 0.0001, 'epoch': 22.0, 'step': 22}
[2025/08/19 03:11:30] - {'loss': 0.3279, 'grad_norm': 1.0357370376586914, 'learning_rate': 0.0001, 'epoch': 22.0, 'step': 22}
[2025/08/19 03:11:30] - {'eval_loss': -0.24169766902923584, 'eval_runtime': 0.131, 'eval_samples_per_second': 30.528, 'eval_steps_per_second': 7.632, 'epoch': 22.0, 'step': 22}
[2025/08/19 03:11:30] - {'eval_loss': -0.24169766902923584, 'eval_runtime': 0.1312, 'eval_samples_per_second': 30.483, 'eval_steps_per_second': 7.621, 'epoch': 22.0, 'step': 22}
[2025/08/19 03:11:30] - {'eval_loss': -0.24169766902923584, 'eval_runtime': 0.1312, 'eval_samples_per_second': 30.483, 'eval_steps_per_second': 7.621, 'epoch': 22.0, 'step': 22}
[2025/08/19 03:11:30] - {'loss': 0.3226, 'grad_norm': 1.0158989429473877, 'learning_rate': 0.0001, 'epoch': 23.0, 'step': 23}
[2025/08/19 03:11:30] - {'loss': 0.3226, 'grad_norm': 1.0158989429473877, 'learning_rate': 0.0001, 'epoch': 23.0, 'step': 23}
[2025/08/19 03:11:30] - {'loss': 0.3226, 'grad_norm': 1.0158989429473877, 'learning_rate': 0.0001, 'epoch': 23.0, 'step': 23}
[2025/08/19 03:11:30] - {'eval_loss': -0.2517545521259308, 'eval_runtime': 0.1308, 'eval_samples_per_second': 30.573, 'eval_steps_per_second': 7.643, 'epoch': 23.0, 'step': 23}
[2025/08/19 03:11:30] - {'eval_loss': -0.2517545521259308, 'eval_runtime': 0.1307, 'eval_samples_per_second': 30.593, 'eval_steps_per_second': 7.648, 'epoch': 23.0, 'step': 23}
[2025/08/19 03:11:30] - {'eval_loss': -0.2517545521259308, 'eval_runtime': 0.1308, 'eval_samples_per_second': 30.58, 'eval_steps_per_second': 7.645, 'epoch': 23.0, 'step': 23}
[2025/08/19 03:11:30] - {'loss': 0.3586, 'grad_norm': 1.089591383934021, 'learning_rate': 0.0001, 'epoch': 24.0, 'step': 24}
[2025/08/19 03:11:30] - {'loss': 0.3586, 'grad_norm': 1.089591383934021, 'learning_rate': 0.0001, 'epoch': 24.0, 'step': 24}
[2025/08/19 03:11:30] - {'loss': 0.3586, 'grad_norm': 1.089591383934021, 'learning_rate': 0.0001, 'epoch': 24.0, 'step': 24}
[2025/08/19 03:11:30] - {'eval_loss': -0.2601745128631592, 'eval_runtime': 0.131, 'eval_samples_per_second': 30.527, 'eval_steps_per_second': 7.632, 'epoch': 24.0, 'step': 24}
[2025/08/19 03:11:30] - {'eval_loss': -0.2601745128631592, 'eval_runtime': 0.131, 'eval_samples_per_second': 30.526, 'eval_steps_per_second': 7.632, 'epoch': 24.0, 'step': 24}
[2025/08/19 03:11:30] - {'eval_loss': -0.2601745128631592, 'eval_runtime': 0.1309, 'eval_samples_per_second': 30.561, 'eval_steps_per_second': 7.64, 'epoch': 24.0, 'step': 24}
[2025/08/19 03:11:30] - {'loss': 0.4085, 'grad_norm': 6.996178150177002, 'learning_rate': 0.0001, 'epoch': 25.0, 'step': 25}
[2025/08/19 03:11:30] - {'loss': 0.4085, 'grad_norm': 6.996178150177002, 'learning_rate': 0.0001, 'epoch': 25.0, 'step': 25}
[2025/08/19 03:11:30] - {'loss': 0.4085, 'grad_norm': 6.996178150177002, 'learning_rate': 0.0001, 'epoch': 25.0, 'step': 25}
[2025/08/19 03:11:30] - {'eval_loss': -0.2689361572265625, 'eval_runtime': 0.1314, 'eval_samples_per_second': 30.435, 'eval_steps_per_second': 7.609, 'epoch': 25.0, 'step': 25}
[2025/08/19 03:11:30] - {'eval_loss': -0.2689361572265625, 'eval_runtime': 0.1313, 'eval_samples_per_second': 30.465, 'eval_steps_per_second': 7.616, 'epoch': 25.0, 'step': 25}
[2025/08/19 03:11:30] - {'eval_loss': -0.2689361572265625, 'eval_runtime': 0.1314, 'eval_samples_per_second': 30.449, 'eval_steps_per_second': 7.612, 'epoch': 25.0, 'step': 25}
[2025/08/19 03:11:30] - {'train_runtime': 30.8565, 'train_samples_per_second': 3.241, 'train_steps_per_second': 0.81, 'total_flos': 0.0, 'train_loss': 0.9919541299343109, 'epoch': 25.0, 'step': 25}
[2025/08/19 03:11:30] - {'train_runtime': 30.8564, 'train_samples_per_second': 3.241, 'train_steps_per_second': 0.81, 'total_flos': 0.0, 'train_loss': 0.9919541299343109, 'epoch': 25.0, 'step': 25}
[2025/08/19 03:11:30] - {'train_runtime': 30.8565, 'train_samples_per_second': 3.241, 'train_steps_per_second': 0.81, 'total_flos': 0.0, 'train_loss': 0.9919541299343109, 'epoch': 25.0, 'step': 25}
[2025/08/19 03:11:31] - {'loss': 5.6015, 'grad_norm': 4.182123184204102, 'learning_rate': 0.001, 'epoch': 1.0, 'step': 1}
[2025/08/19 03:11:31] - {'eval_loss': -0.0032551989424973726, 'eval_runtime': 0.1314, 'eval_samples_per_second': 30.44, 'eval_steps_per_second': 7.61, 'epoch': 1.0, 'step': 1}
[2025/08/19 03:11:31] - {'loss': 2.9927, 'grad_norm': 2.942389488220215, 'learning_rate': 0.001, 'epoch': 2.0, 'step': 2}
[2025/08/19 03:11:31] - {'eval_loss': -0.30535951256752014, 'eval_runtime': 0.3241, 'eval_samples_per_second': 12.344, 'eval_steps_per_second': 3.086, 'epoch': 2.0, 'step': 2}
[2025/08/19 03:11:31] - {'loss': 1.8099, 'grad_norm': 6.246654033660889, 'learning_rate': 0.001, 'epoch': 3.0, 'step': 3}
[2025/08/19 03:11:31] - {'eval_loss': -0.36591556668281555, 'eval_runtime': 0.135, 'eval_samples_per_second': 29.626, 'eval_steps_per_second': 7.407, 'epoch': 3.0, 'step': 3}
[2025/08/19 03:11:31] - {'loss': 1.4238, 'grad_norm': 1.3335919380187988, 'learning_rate': 0.001, 'epoch': 4.0, 'step': 4}
[2025/08/19 03:11:31] - {'eval_loss': -0.35387852787971497, 'eval_runtime': 0.132, 'eval_samples_per_second': 30.301, 'eval_steps_per_second': 7.575, 'epoch': 4.0, 'step': 4}
[2025/08/19 03:11:31] - {'loss': 1.6073, 'grad_norm': 1.432434320449829, 'learning_rate': 0.001, 'epoch': 5.0, 'step': 5}
[2025/08/19 03:11:31] - {'eval_loss': -0.37808963656425476, 'eval_runtime': 0.1309, 'eval_samples_per_second': 30.56, 'eval_steps_per_second': 7.64, 'epoch': 5.0, 'step': 5}
[2025/08/19 03:11:31] - {'loss': 0.872, 'grad_norm': 1.0786552429199219, 'learning_rate': 0.001, 'epoch': 6.0, 'step': 6}
[2025/08/19 03:11:31] - {'eval_loss': -0.40725240111351013, 'eval_runtime': 0.1327, 'eval_samples_per_second': 30.148, 'eval_steps_per_second': 7.537, 'epoch': 6.0, 'step': 6}
[2025/08/19 03:11:31] - {'loss': 0.8254, 'grad_norm': 1.110608696937561, 'learning_rate': 0.001, 'epoch': 7.0, 'step': 7}
[2025/08/19 03:11:31] - {'eval_loss': -0.42245548963546753, 'eval_runtime': 0.131, 'eval_samples_per_second': 30.536, 'eval_steps_per_second': 7.634, 'epoch': 7.0, 'step': 7}
[2025/08/19 03:11:31] - {'loss': 1.1479, 'grad_norm': 1.6987777948379517, 'learning_rate': 0.001, 'epoch': 8.0, 'step': 8}
[2025/08/19 03:11:31] - {'eval_loss': -0.25546228885650635, 'eval_runtime': 0.2842, 'eval_samples_per_second': 14.075, 'eval_steps_per_second': 3.519, 'epoch': 8.0, 'step': 8}
[2025/08/19 03:11:31] - {'loss': 0.5486, 'grad_norm': 1.5194143056869507, 'learning_rate': 0.001, 'epoch': 9.0, 'step': 9}
[2025/08/19 03:11:31] - {'eval_loss': -0.09078291058540344, 'eval_runtime': 0.1308, 'eval_samples_per_second': 30.581, 'eval_steps_per_second': 7.645, 'epoch': 9.0, 'step': 9}
[2025/08/19 03:11:31] - {'loss': 0.5477, 'grad_norm': 1.798375129699707, 'learning_rate': 0.001, 'epoch': 10.0, 'step': 10}
[2025/08/19 03:11:31] - {'eval_loss': -0.1340164840221405, 'eval_runtime': 0.1317, 'eval_samples_per_second': 30.371, 'eval_steps_per_second': 7.593, 'epoch': 10.0, 'step': 10}
[2025/08/19 03:11:31] - {'loss': 0.5843, 'grad_norm': 1.5769400596618652, 'learning_rate': 0.001, 'epoch': 11.0, 'step': 11}
[2025/08/19 03:11:31] - {'eval_loss': -0.2898433804512024, 'eval_runtime': 0.1306, 'eval_samples_per_second': 30.617, 'eval_steps_per_second': 7.654, 'epoch': 11.0, 'step': 11}
[2025/08/19 03:11:31] - {'loss': 0.5372, 'grad_norm': 1.5108381509780884, 'learning_rate': 0.001, 'epoch': 12.0, 'step': 12}
[2025/08/19 03:11:31] - {'eval_loss': -0.3398946523666382, 'eval_runtime': 1.9961, 'eval_samples_per_second': 2.004, 'eval_steps_per_second': 0.501, 'epoch': 12.0, 'step': 12}
[2025/08/19 03:11:31] - {'loss': 0.9522, 'grad_norm': 3.882852792739868, 'learning_rate': 0.001, 'epoch': 13.0, 'step': 13}
[2025/08/19 03:11:31] - {'eval_loss': -0.3539162874221802, 'eval_runtime': 0.131, 'eval_samples_per_second': 30.535, 'eval_steps_per_second': 7.634, 'epoch': 13.0, 'step': 13}
[2025/08/19 03:11:31] - {'loss': 0.6144, 'grad_norm': 2.8054375648498535, 'learning_rate': 0.001, 'epoch': 14.0, 'step': 14}
[2025/08/19 03:11:31] - {'eval_loss': -0.3521251380443573, 'eval_runtime': 0.1559, 'eval_samples_per_second': 25.66, 'eval_steps_per_second': 6.415, 'epoch': 14.0, 'step': 14}
[2025/08/19 03:11:31] - {'loss': 0.2911, 'grad_norm': 0.8578513264656067, 'learning_rate': 0.001, 'epoch': 15.0, 'step': 15}
[2025/08/19 03:11:31] - {'eval_loss': -0.3319031894207001, 'eval_runtime': 0.131, 'eval_samples_per_second': 30.538, 'eval_steps_per_second': 7.635, 'epoch': 15.0, 'step': 15}
[2025/08/19 03:11:31] - {'loss': 0.7999, 'grad_norm': 3.957562208175659, 'learning_rate': 0.001, 'epoch': 16.0, 'step': 16}
[2025/08/19 03:11:31] - {'eval_loss': -0.25455939769744873, 'eval_runtime': 0.2901, 'eval_samples_per_second': 13.789, 'eval_steps_per_second': 3.447, 'epoch': 16.0, 'step': 16}
[2025/08/19 03:11:31] - {'loss': 0.5254, 'grad_norm': 1.7132936716079712, 'learning_rate': 0.001, 'epoch': 17.0, 'step': 17}
[2025/08/19 03:11:31] - {'eval_loss': -0.205186665058136, 'eval_runtime': 0.186, 'eval_samples_per_second': 21.5, 'eval_steps_per_second': 5.375, 'epoch': 17.0, 'step': 17}
[2025/08/19 03:11:31] - {'loss': 0.179, 'grad_norm': 0.8512031435966492, 'learning_rate': 0.001, 'epoch': 18.0, 'step': 18}
[2025/08/19 03:11:31] - {'eval_loss': -0.22470775246620178, 'eval_runtime': 0.156, 'eval_samples_per_second': 25.638, 'eval_steps_per_second': 6.41, 'epoch': 18.0, 'step': 18}
[2025/08/19 03:11:31] - {'loss': 0.606, 'grad_norm': 1.3359875679016113, 'learning_rate': 0.0001, 'epoch': 19.0, 'step': 19}
[2025/08/19 03:11:31] - {'eval_loss': -0.2265566885471344, 'eval_runtime': 0.1307, 'eval_samples_per_second': 30.6, 'eval_steps_per_second': 7.65, 'epoch': 19.0, 'step': 19}
[2025/08/19 03:11:31] - {'loss': 0.6149, 'grad_norm': 1.3228574991226196, 'learning_rate': 0.0001, 'epoch': 20.0, 'step': 20}
[2025/08/19 03:11:31] - {'eval_loss': -0.22939464449882507, 'eval_runtime': 0.5385, 'eval_samples_per_second': 7.427, 'eval_steps_per_second': 1.857, 'epoch': 20.0, 'step': 20}
[2025/08/19 03:11:31] - {'loss': 0.3003, 'grad_norm': 0.9007879495620728, 'learning_rate': 0.0001, 'epoch': 21.0, 'step': 21}
[2025/08/19 03:11:31] - {'eval_loss': -0.23111441731452942, 'eval_runtime': 0.1307, 'eval_samples_per_second': 30.597, 'eval_steps_per_second': 7.649, 'epoch': 21.0, 'step': 21}
[2025/08/19 03:11:31] - {'loss': 0.3279, 'grad_norm': 1.0357370376586914, 'learning_rate': 0.0001, 'epoch': 22.0, 'step': 22}
[2025/08/19 03:11:31] - {'eval_loss': -0.24169766902923584, 'eval_runtime': 0.4694, 'eval_samples_per_second': 8.522, 'eval_steps_per_second': 2.13, 'epoch': 22.0, 'step': 22}
[2025/08/19 03:11:31] - {'loss': 0.3226, 'grad_norm': 1.0158989429473877, 'learning_rate': 0.0001, 'epoch': 23.0, 'step': 23}
[2025/08/19 03:11:31] - {'eval_loss': -0.2517545521259308, 'eval_runtime': 0.1306, 'eval_samples_per_second': 30.639, 'eval_steps_per_second': 7.66, 'epoch': 23.0, 'step': 23}
[2025/08/19 03:11:31] - {'loss': 0.3586, 'grad_norm': 1.089591383934021, 'learning_rate': 0.0001, 'epoch': 24.0, 'step': 24}
[2025/08/19 03:11:31] - {'eval_loss': -0.2601745128631592, 'eval_runtime': 1.0729, 'eval_samples_per_second': 3.728, 'eval_steps_per_second': 0.932, 'epoch': 24.0, 'step': 24}
[2025/08/19 03:11:31] - {'loss': 0.4085, 'grad_norm': 6.996178150177002, 'learning_rate': 0.0001, 'epoch': 25.0, 'step': 25}
[2025/08/19 03:11:31] - {'eval_loss': -0.2689361572265625, 'eval_runtime': 0.131, 'eval_samples_per_second': 30.532, 'eval_steps_per_second': 7.633, 'epoch': 25.0, 'step': 25}
[2025/08/19 03:11:31] - {'train_runtime': 30.8569, 'train_samples_per_second': 3.241, 'train_steps_per_second': 0.81, 'total_flos': 0.0, 'train_loss': 0.9919541299343109, 'epoch': 25.0, 'step': 25}
