[2025/08/08 17:14:33] - Detected kernel version 4.18.0, which is below the recommended minimum of 5.5.0; this can cause the process to hang. It is recommended to upgrade the kernel to the minimum version or higher.
[2025/08/08 17:14:33] - Using 4 GPUs
[2025/08/08 17:14:33] - Starting new HTTPS connection (1): huggingface.co:443
[2025/08/08 17:14:33] - Using 4 GPUs
[2025/08/08 17:14:33] - Using 4 GPUs
[2025/08/08 17:14:33] - Starting new HTTPS connection (1): huggingface.co:443
[2025/08/08 17:14:33] - Using 4 GPUs
[2025/08/08 17:14:33] - Starting new HTTPS connection (1): huggingface.co:443
[2025/08/08 17:14:33] - Starting new HTTPS connection (1): huggingface.co:443
[2025/08/08 17:15:13] - Starting new HTTPS connection (2): huggingface.co:443
[2025/08/08 17:15:13] - Starting new HTTPS connection (2): huggingface.co:443
[2025/08/08 17:15:13] - Starting new HTTPS connection (2): huggingface.co:443
[2025/08/08 17:15:13] - Starting new HTTPS connection (2): huggingface.co:443
[2025/08/08 17:16:50] - Starting new HTTPS connection (3): huggingface.co:443
[2025/08/08 17:16:50] - Starting new HTTPS connection (3): huggingface.co:443
[2025/08/08 17:16:50] - Starting new HTTPS connection (3): huggingface.co:443
[2025/08/08 17:16:50] - Starting new HTTPS connection (3): huggingface.co:443
[2025/08/08 17:17:30] - Loading bitsandbytes native library from: /home/hsc/ENV-3.10/lib/python3.10/site-packages/bitsandbytes/libbitsandbytes_cuda122.so
[2025/08/08 17:17:30] - Loading bitsandbytes native library from: /home/hsc/ENV-3.10/lib/python3.10/site-packages/bitsandbytes/libbitsandbytes_cuda122.so
[2025/08/08 17:17:30] - Loading bitsandbytes native library from: /home/hsc/ENV-3.10/lib/python3.10/site-packages/bitsandbytes/libbitsandbytes_cuda122.so
[2025/08/08 17:17:30] - Loading bitsandbytes native library from: /home/hsc/ENV-3.10/lib/python3.10/site-packages/bitsandbytes/libbitsandbytes_cuda122.so
[2025/08/08 17:17:43] - Detected kernel version 4.18.0, which is below the recommended minimum of 5.5.0; this can cause the process to hang. It is recommended to upgrade the kernel to the minimum version or higher.
[2025/08/08 17:18:19] - {'loss': -0.0023, 'grad_norm': 0.05117344856262207, 'learning_rate': 0.001, 'epoch': 1.0, 'step': 1}
[2025/08/08 17:18:19] - {'loss': -0.0023, 'grad_norm': 0.05117344856262207, 'learning_rate': 0.001, 'epoch': 1.0, 'step': 1}
[2025/08/08 17:18:19] - {'loss': -0.0023, 'grad_norm': 0.05117344856262207, 'learning_rate': 0.001, 'epoch': 1.0, 'step': 1}
[2025/08/08 17:18:19] - {'eval_loss': -0.9549919366836548, 'eval_runtime': 0.1355, 'eval_samples_per_second': 29.52, 'eval_steps_per_second': 7.38, 'epoch': 1.0, 'step': 1}
[2025/08/08 17:18:19] - {'eval_loss': -0.9549919366836548, 'eval_runtime': 0.1355, 'eval_samples_per_second': 29.519, 'eval_steps_per_second': 7.38, 'epoch': 1.0, 'step': 1}
[2025/08/08 17:18:19] - {'eval_loss': -0.9549919366836548, 'eval_runtime': 0.1355, 'eval_samples_per_second': 29.52, 'eval_steps_per_second': 7.38, 'epoch': 1.0, 'step': 1}
[2025/08/08 17:18:19] - {'loss': -0.9596, 'grad_norm': 2.8921916484832764, 'learning_rate': 0.001, 'epoch': 2.0, 'step': 2}
[2025/08/08 17:18:19] - {'loss': -0.9596, 'grad_norm': 2.8921916484832764, 'learning_rate': 0.001, 'epoch': 2.0, 'step': 2}
[2025/08/08 17:18:19] - {'loss': -0.9596, 'grad_norm': 2.8921916484832764, 'learning_rate': 0.001, 'epoch': 2.0, 'step': 2}
[2025/08/08 17:18:19] - {'eval_loss': -3.29433536529541, 'eval_runtime': 0.1273, 'eval_samples_per_second': 31.414, 'eval_steps_per_second': 7.854, 'epoch': 2.0, 'step': 2}
[2025/08/08 17:18:19] - {'eval_loss': -3.29433536529541, 'eval_runtime': 0.1274, 'eval_samples_per_second': 31.398, 'eval_steps_per_second': 7.85, 'epoch': 2.0, 'step': 2}
[2025/08/08 17:18:19] - {'eval_loss': -3.29433536529541, 'eval_runtime': 0.1274, 'eval_samples_per_second': 31.396, 'eval_steps_per_second': 7.849, 'epoch': 2.0, 'step': 2}
[2025/08/08 17:18:19] - {'loss': -3.2722, 'grad_norm': 6.241825580596924, 'learning_rate': 0.001, 'epoch': 3.0, 'step': 3}
[2025/08/08 17:18:19] - {'loss': -3.2722, 'grad_norm': 6.241825580596924, 'learning_rate': 0.001, 'epoch': 3.0, 'step': 3}
[2025/08/08 17:18:19] - {'loss': -3.2722, 'grad_norm': 6.241825580596924, 'learning_rate': 0.001, 'epoch': 3.0, 'step': 3}
[2025/08/08 17:18:19] - {'eval_loss': -5.561461448669434, 'eval_runtime': 0.1274, 'eval_samples_per_second': 31.406, 'eval_steps_per_second': 7.852, 'epoch': 3.0, 'step': 3}
[2025/08/08 17:18:19] - {'eval_loss': -5.561461448669434, 'eval_runtime': 0.1273, 'eval_samples_per_second': 31.423, 'eval_steps_per_second': 7.856, 'epoch': 3.0, 'step': 3}
[2025/08/08 17:18:19] - {'eval_loss': -5.561461448669434, 'eval_runtime': 0.1273, 'eval_samples_per_second': 31.427, 'eval_steps_per_second': 7.857, 'epoch': 3.0, 'step': 3}
[2025/08/08 17:18:19] - {'loss': -5.4392, 'grad_norm': 10.783775329589844, 'learning_rate': 0.001, 'epoch': 4.0, 'step': 4}
[2025/08/08 17:18:19] - {'loss': -5.4392, 'grad_norm': 10.783775329589844, 'learning_rate': 0.001, 'epoch': 4.0, 'step': 4}
[2025/08/08 17:18:19] - {'loss': -5.4392, 'grad_norm': 10.783775329589844, 'learning_rate': 0.001, 'epoch': 4.0, 'step': 4}
[2025/08/08 17:18:19] - {'eval_loss': -7.84359884262085, 'eval_runtime': 0.1276, 'eval_samples_per_second': 31.344, 'eval_steps_per_second': 7.836, 'epoch': 4.0, 'step': 4}
[2025/08/08 17:18:19] - {'eval_loss': -7.84359884262085, 'eval_runtime': 0.1276, 'eval_samples_per_second': 31.345, 'eval_steps_per_second': 7.836, 'epoch': 4.0, 'step': 4}
[2025/08/08 17:18:19] - {'eval_loss': -7.84359884262085, 'eval_runtime': 0.1274, 'eval_samples_per_second': 31.387, 'eval_steps_per_second': 7.847, 'epoch': 4.0, 'step': 4}
[2025/08/08 17:18:19] - {'loss': -5.3255, 'grad_norm': 21.309249877929688, 'learning_rate': 0.001, 'epoch': 5.0, 'step': 5}
[2025/08/08 17:18:19] - {'loss': -5.3255, 'grad_norm': 21.309249877929688, 'learning_rate': 0.001, 'epoch': 5.0, 'step': 5}
[2025/08/08 17:18:19] - {'loss': -5.3255, 'grad_norm': 21.309249877929688, 'learning_rate': 0.001, 'epoch': 5.0, 'step': 5}
[2025/08/08 17:18:19] - {'eval_loss': -10.317424774169922, 'eval_runtime': 0.1271, 'eval_samples_per_second': 31.472, 'eval_steps_per_second': 7.868, 'epoch': 5.0, 'step': 5}
[2025/08/08 17:18:19] - {'eval_loss': -10.317424774169922, 'eval_runtime': 0.1271, 'eval_samples_per_second': 31.473, 'eval_steps_per_second': 7.868, 'epoch': 5.0, 'step': 5}
[2025/08/08 17:18:19] - {'eval_loss': -10.317424774169922, 'eval_runtime': 0.127, 'eval_samples_per_second': 31.496, 'eval_steps_per_second': 7.874, 'epoch': 5.0, 'step': 5}
[2025/08/08 17:18:19] - {'loss': -6.0997, 'grad_norm': 45.34305191040039, 'learning_rate': 0.001, 'epoch': 6.0, 'step': 6}
[2025/08/08 17:18:19] - {'loss': -6.0997, 'grad_norm': 45.34305191040039, 'learning_rate': 0.001, 'epoch': 6.0, 'step': 6}
[2025/08/08 17:18:19] - {'loss': -6.0997, 'grad_norm': 45.34305191040039, 'learning_rate': 0.001, 'epoch': 6.0, 'step': 6}
[2025/08/08 17:18:19] - {'eval_loss': -12.080365180969238, 'eval_runtime': 0.1778, 'eval_samples_per_second': 22.491, 'eval_steps_per_second': 5.623, 'epoch': 6.0, 'step': 6}
[2025/08/08 17:18:19] - {'eval_loss': -12.080365180969238, 'eval_runtime': 0.1277, 'eval_samples_per_second': 31.321, 'eval_steps_per_second': 7.83, 'epoch': 6.0, 'step': 6}
[2025/08/08 17:18:19] - {'eval_loss': -12.080365180969238, 'eval_runtime': 0.1269, 'eval_samples_per_second': 31.52, 'eval_steps_per_second': 7.88, 'epoch': 6.0, 'step': 6}
[2025/08/08 17:18:19] - {'loss': -10.23, 'grad_norm': 19.303895950317383, 'learning_rate': 0.001, 'epoch': 7.0, 'step': 7}
[2025/08/08 17:18:19] - {'loss': -10.23, 'grad_norm': 19.303895950317383, 'learning_rate': 0.001, 'epoch': 7.0, 'step': 7}
[2025/08/08 17:18:19] - {'loss': -10.23, 'grad_norm': 19.303895950317383, 'learning_rate': 0.001, 'epoch': 7.0, 'step': 7}
[2025/08/08 17:18:19] - {'eval_loss': -13.081483840942383, 'eval_runtime': 0.1274, 'eval_samples_per_second': 31.388, 'eval_steps_per_second': 7.847, 'epoch': 7.0, 'step': 7}
[2025/08/08 17:18:19] - {'eval_loss': -13.081483840942383, 'eval_runtime': 0.1274, 'eval_samples_per_second': 31.408, 'eval_steps_per_second': 7.852, 'epoch': 7.0, 'step': 7}
[2025/08/08 17:18:19] - {'eval_loss': -13.081483840942383, 'eval_runtime': 0.1274, 'eval_samples_per_second': 31.389, 'eval_steps_per_second': 7.847, 'epoch': 7.0, 'step': 7}
[2025/08/08 17:18:19] - {'loss': -10.6053, 'grad_norm': 36.844173431396484, 'learning_rate': 0.001, 'epoch': 8.0, 'step': 8}
[2025/08/08 17:18:19] - {'loss': -10.6053, 'grad_norm': 36.844173431396484, 'learning_rate': 0.001, 'epoch': 8.0, 'step': 8}
[2025/08/08 17:18:19] - {'loss': -10.6053, 'grad_norm': 36.844173431396484, 'learning_rate': 0.001, 'epoch': 8.0, 'step': 8}
[2025/08/08 17:18:19] - {'eval_loss': -13.355112075805664, 'eval_runtime': 0.1289, 'eval_samples_per_second': 31.025, 'eval_steps_per_second': 7.756, 'epoch': 8.0, 'step': 8}
[2025/08/08 17:18:19] - {'eval_loss': -13.355112075805664, 'eval_runtime': 0.1283, 'eval_samples_per_second': 31.18, 'eval_steps_per_second': 7.795, 'epoch': 8.0, 'step': 8}
[2025/08/08 17:18:19] - {'eval_loss': -13.355112075805664, 'eval_runtime': 0.217, 'eval_samples_per_second': 18.432, 'eval_steps_per_second': 4.608, 'epoch': 8.0, 'step': 8}
[2025/08/08 17:18:19] - {'loss': -13.3608, 'grad_norm': 16.062179565429688, 'learning_rate': 0.001, 'epoch': 9.0, 'step': 9}
[2025/08/08 17:18:19] - {'loss': -13.3608, 'grad_norm': 16.062179565429688, 'learning_rate': 0.001, 'epoch': 9.0, 'step': 9}
[2025/08/08 17:18:19] - {'loss': -13.3608, 'grad_norm': 16.062179565429688, 'learning_rate': 0.001, 'epoch': 9.0, 'step': 9}
[2025/08/08 17:18:19] - {'eval_loss': -15.698724746704102, 'eval_runtime': 0.1274, 'eval_samples_per_second': 31.401, 'eval_steps_per_second': 7.85, 'epoch': 9.0, 'step': 9}
[2025/08/08 17:18:19] - {'eval_loss': -15.698724746704102, 'eval_runtime': 0.1274, 'eval_samples_per_second': 31.402, 'eval_steps_per_second': 7.851, 'epoch': 9.0, 'step': 9}
[2025/08/08 17:18:19] - {'eval_loss': -15.698724746704102, 'eval_runtime': 0.1274, 'eval_samples_per_second': 31.399, 'eval_steps_per_second': 7.85, 'epoch': 9.0, 'step': 9}
[2025/08/08 17:18:19] - {'loss': -14.5251, 'grad_norm': 16.672157287597656, 'learning_rate': 0.001, 'epoch': 10.0, 'step': 10}
[2025/08/08 17:18:19] - {'loss': -14.5251, 'grad_norm': 16.672157287597656, 'learning_rate': 0.001, 'epoch': 10.0, 'step': 10}
[2025/08/08 17:18:19] - {'loss': -14.5251, 'grad_norm': 16.672157287597656, 'learning_rate': 0.001, 'epoch': 10.0, 'step': 10}
[2025/08/08 17:18:19] - {'eval_loss': -17.682777404785156, 'eval_runtime': 0.128, 'eval_samples_per_second': 31.247, 'eval_steps_per_second': 7.812, 'epoch': 10.0, 'step': 10}
[2025/08/08 17:18:19] - {'eval_loss': -17.682777404785156, 'eval_runtime': 0.1281, 'eval_samples_per_second': 31.223, 'eval_steps_per_second': 7.806, 'epoch': 10.0, 'step': 10}
[2025/08/08 17:18:19] - {'eval_loss': -17.682777404785156, 'eval_runtime': 0.1269, 'eval_samples_per_second': 31.509, 'eval_steps_per_second': 7.877, 'epoch': 10.0, 'step': 10}
[2025/08/08 17:18:19] - {'loss': -17.6851, 'grad_norm': 10.415731430053711, 'learning_rate': 0.001, 'epoch': 11.0, 'step': 11}
[2025/08/08 17:18:19] - {'loss': -17.6851, 'grad_norm': 10.415731430053711, 'learning_rate': 0.001, 'epoch': 11.0, 'step': 11}
[2025/08/08 17:18:19] - {'loss': -17.6851, 'grad_norm': 10.415731430053711, 'learning_rate': 0.001, 'epoch': 11.0, 'step': 11}
[2025/08/08 17:18:19] - {'eval_loss': -19.12596321105957, 'eval_runtime': 0.1274, 'eval_samples_per_second': 31.389, 'eval_steps_per_second': 7.847, 'epoch': 11.0, 'step': 11}
[2025/08/08 17:18:19] - {'eval_loss': -19.12596321105957, 'eval_runtime': 0.1275, 'eval_samples_per_second': 31.383, 'eval_steps_per_second': 7.846, 'epoch': 11.0, 'step': 11}
[2025/08/08 17:18:19] - {'eval_loss': -19.12596321105957, 'eval_runtime': 0.1275, 'eval_samples_per_second': 31.384, 'eval_steps_per_second': 7.846, 'epoch': 11.0, 'step': 11}
[2025/08/08 17:18:19] - {'loss': -19.1254, 'grad_norm': 18.970996856689453, 'learning_rate': 0.001, 'epoch': 12.0, 'step': 12}
[2025/08/08 17:18:19] - {'loss': -19.1254, 'grad_norm': 18.970996856689453, 'learning_rate': 0.001, 'epoch': 12.0, 'step': 12}
[2025/08/08 17:18:19] - {'loss': -19.1254, 'grad_norm': 18.970996856689453, 'learning_rate': 0.001, 'epoch': 12.0, 'step': 12}
[2025/08/08 17:18:19] - {'eval_loss': -20.780981063842773, 'eval_runtime': 0.1276, 'eval_samples_per_second': 31.352, 'eval_steps_per_second': 7.838, 'epoch': 12.0, 'step': 12}
[2025/08/08 17:18:19] - {'eval_loss': -20.780981063842773, 'eval_runtime': 0.1273, 'eval_samples_per_second': 31.419, 'eval_steps_per_second': 7.855, 'epoch': 12.0, 'step': 12}
[2025/08/08 17:18:19] - {'eval_loss': -20.780981063842773, 'eval_runtime': 0.1279, 'eval_samples_per_second': 31.269, 'eval_steps_per_second': 7.817, 'epoch': 12.0, 'step': 12}
[2025/08/08 17:18:19] - {'loss': -20.4973, 'grad_norm': 18.219070434570312, 'learning_rate': 0.001, 'epoch': 13.0, 'step': 13}
[2025/08/08 17:18:19] - {'loss': -20.4973, 'grad_norm': 18.219070434570312, 'learning_rate': 0.001, 'epoch': 13.0, 'step': 13}
[2025/08/08 17:18:19] - {'loss': -20.4973, 'grad_norm': 18.219070434570312, 'learning_rate': 0.001, 'epoch': 13.0, 'step': 13}
[2025/08/08 17:18:19] - {'eval_loss': -23.212007522583008, 'eval_runtime': 0.1271, 'eval_samples_per_second': 31.463, 'eval_steps_per_second': 7.866, 'epoch': 13.0, 'step': 13}
[2025/08/08 17:18:19] - {'eval_loss': -23.212007522583008, 'eval_runtime': 0.1273, 'eval_samples_per_second': 31.426, 'eval_steps_per_second': 7.857, 'epoch': 13.0, 'step': 13}
[2025/08/08 17:18:19] - {'eval_loss': -23.212007522583008, 'eval_runtime': 0.1271, 'eval_samples_per_second': 31.476, 'eval_steps_per_second': 7.869, 'epoch': 13.0, 'step': 13}
[2025/08/08 17:18:19] - {'loss': -23.0747, 'grad_norm': 20.681882858276367, 'learning_rate': 0.001, 'epoch': 14.0, 'step': 14}
[2025/08/08 17:18:19] - {'loss': -23.0747, 'grad_norm': 20.681882858276367, 'learning_rate': 0.001, 'epoch': 14.0, 'step': 14}
[2025/08/08 17:18:19] - {'loss': -23.0747, 'grad_norm': 20.681882858276367, 'learning_rate': 0.001, 'epoch': 14.0, 'step': 14}
[2025/08/08 17:18:19] - {'eval_loss': -26.49867057800293, 'eval_runtime': 0.1287, 'eval_samples_per_second': 31.07, 'eval_steps_per_second': 7.767, 'epoch': 14.0, 'step': 14}
[2025/08/08 17:18:19] - {'eval_loss': -26.49867057800293, 'eval_runtime': 0.1285, 'eval_samples_per_second': 31.131, 'eval_steps_per_second': 7.783, 'epoch': 14.0, 'step': 14}
[2025/08/08 17:18:19] - {'eval_loss': -26.49867057800293, 'eval_runtime': 0.1287, 'eval_samples_per_second': 31.085, 'eval_steps_per_second': 7.771, 'epoch': 14.0, 'step': 14}
[2025/08/08 17:18:19] - {'loss': -26.4836, 'grad_norm': 36.24223709106445, 'learning_rate': 0.001, 'epoch': 15.0, 'step': 15}
[2025/08/08 17:18:19] - {'loss': -26.4836, 'grad_norm': 36.24223709106445, 'learning_rate': 0.001, 'epoch': 15.0, 'step': 15}
[2025/08/08 17:18:19] - {'loss': -26.4836, 'grad_norm': 36.24223709106445, 'learning_rate': 0.001, 'epoch': 15.0, 'step': 15}
[2025/08/08 17:18:19] - {'eval_loss': -36.9288444519043, 'eval_runtime': 0.1274, 'eval_samples_per_second': 31.392, 'eval_steps_per_second': 7.848, 'epoch': 15.0, 'step': 15}
[2025/08/08 17:18:19] - {'eval_loss': -36.9288444519043, 'eval_runtime': 0.1275, 'eval_samples_per_second': 31.385, 'eval_steps_per_second': 7.846, 'epoch': 15.0, 'step': 15}
[2025/08/08 17:18:19] - {'eval_loss': -36.9288444519043, 'eval_runtime': 0.1273, 'eval_samples_per_second': 31.413, 'eval_steps_per_second': 7.853, 'epoch': 15.0, 'step': 15}
[2025/08/08 17:18:19] - {'loss': -34.2493, 'grad_norm': 56.136661529541016, 'learning_rate': 0.001, 'epoch': 16.0, 'step': 16}
[2025/08/08 17:18:19] - {'loss': -34.2493, 'grad_norm': 56.136661529541016, 'learning_rate': 0.001, 'epoch': 16.0, 'step': 16}
[2025/08/08 17:18:19] - {'loss': -34.2493, 'grad_norm': 56.136661529541016, 'learning_rate': 0.001, 'epoch': 16.0, 'step': 16}
[2025/08/08 17:18:19] - {'eval_loss': -44.62335205078125, 'eval_runtime': 0.1272, 'eval_samples_per_second': 31.44, 'eval_steps_per_second': 7.86, 'epoch': 16.0, 'step': 16}
[2025/08/08 17:18:19] - {'eval_loss': -44.62335205078125, 'eval_runtime': 0.1272, 'eval_samples_per_second': 31.441, 'eval_steps_per_second': 7.86, 'epoch': 16.0, 'step': 16}
[2025/08/08 17:18:19] - {'eval_loss': -44.62335205078125, 'eval_runtime': 0.1271, 'eval_samples_per_second': 31.464, 'eval_steps_per_second': 7.866, 'epoch': 16.0, 'step': 16}
[2025/08/08 17:18:19] - {'loss': -42.201, 'grad_norm': 50.442161560058594, 'learning_rate': 0.001, 'epoch': 17.0, 'step': 17}
[2025/08/08 17:18:19] - {'loss': -42.201, 'grad_norm': 50.442161560058594, 'learning_rate': 0.001, 'epoch': 17.0, 'step': 17}
[2025/08/08 17:18:19] - {'loss': -42.201, 'grad_norm': 50.442161560058594, 'learning_rate': 0.001, 'epoch': 17.0, 'step': 17}
[2025/08/08 17:18:19] - {'eval_loss': -47.9747200012207, 'eval_runtime': 0.1274, 'eval_samples_per_second': 31.386, 'eval_steps_per_second': 7.846, 'epoch': 17.0, 'step': 17}
[2025/08/08 17:18:19] - {'eval_loss': -47.9747200012207, 'eval_runtime': 0.1273, 'eval_samples_per_second': 31.414, 'eval_steps_per_second': 7.853, 'epoch': 17.0, 'step': 17}
[2025/08/08 17:18:19] - {'eval_loss': -47.9747200012207, 'eval_runtime': 0.1274, 'eval_samples_per_second': 31.388, 'eval_steps_per_second': 7.847, 'epoch': 17.0, 'step': 17}
[2025/08/08 17:18:19] - {'loss': -47.8349, 'grad_norm': 36.90045166015625, 'learning_rate': 0.001, 'epoch': 18.0, 'step': 18}
[2025/08/08 17:18:19] - {'loss': -47.8349, 'grad_norm': 36.90045166015625, 'learning_rate': 0.001, 'epoch': 18.0, 'step': 18}
[2025/08/08 17:18:19] - {'loss': -47.8349, 'grad_norm': 36.90045166015625, 'learning_rate': 0.001, 'epoch': 18.0, 'step': 18}
[2025/08/08 17:18:19] - {'eval_loss': -51.559059143066406, 'eval_runtime': 0.2033, 'eval_samples_per_second': 19.679, 'eval_steps_per_second': 4.92, 'epoch': 18.0, 'step': 18}
[2025/08/08 17:18:19] - {'eval_loss': -51.559059143066406, 'eval_runtime': 0.1284, 'eval_samples_per_second': 31.16, 'eval_steps_per_second': 7.79, 'epoch': 18.0, 'step': 18}
[2025/08/08 17:18:19] - {'eval_loss': -51.559059143066406, 'eval_runtime': 0.1276, 'eval_samples_per_second': 31.358, 'eval_steps_per_second': 7.84, 'epoch': 18.0, 'step': 18}
[2025/08/08 17:18:19] - {'loss': -51.4622, 'grad_norm': 29.6250057220459, 'learning_rate': 0.001, 'epoch': 19.0, 'step': 19}
[2025/08/08 17:18:19] - {'loss': -51.4622, 'grad_norm': 29.6250057220459, 'learning_rate': 0.001, 'epoch': 19.0, 'step': 19}
[2025/08/08 17:18:19] - {'loss': -51.4622, 'grad_norm': 29.6250057220459, 'learning_rate': 0.001, 'epoch': 19.0, 'step': 19}
[2025/08/08 17:18:19] - {'eval_loss': -53.10074234008789, 'eval_runtime': 0.1271, 'eval_samples_per_second': 31.466, 'eval_steps_per_second': 7.866, 'epoch': 19.0, 'step': 19}
[2025/08/08 17:18:19] - {'eval_loss': -53.10074234008789, 'eval_runtime': 0.1271, 'eval_samples_per_second': 31.48, 'eval_steps_per_second': 7.87, 'epoch': 19.0, 'step': 19}
[2025/08/08 17:18:19] - {'eval_loss': -53.10074234008789, 'eval_runtime': 0.1271, 'eval_samples_per_second': 31.468, 'eval_steps_per_second': 7.867, 'epoch': 19.0, 'step': 19}
[2025/08/08 17:18:19] - {'loss': -52.1404, 'grad_norm': 50.39948272705078, 'learning_rate': 0.001, 'epoch': 20.0, 'step': 20}
[2025/08/08 17:18:19] - {'loss': -52.1404, 'grad_norm': 50.39948272705078, 'learning_rate': 0.001, 'epoch': 20.0, 'step': 20}
[2025/08/08 17:18:19] - {'loss': -52.1404, 'grad_norm': 50.39948272705078, 'learning_rate': 0.001, 'epoch': 20.0, 'step': 20}
[2025/08/08 17:18:19] - {'eval_loss': -55.7585563659668, 'eval_runtime': 0.225, 'eval_samples_per_second': 17.777, 'eval_steps_per_second': 4.444, 'epoch': 20.0, 'step': 20}
[2025/08/08 17:18:19] - {'eval_loss': -55.7585563659668, 'eval_runtime': 0.1279, 'eval_samples_per_second': 31.275, 'eval_steps_per_second': 7.819, 'epoch': 20.0, 'step': 20}
[2025/08/08 17:18:19] - {'eval_loss': -55.7585563659668, 'eval_runtime': 0.1271, 'eval_samples_per_second': 31.466, 'eval_steps_per_second': 7.867, 'epoch': 20.0, 'step': 20}
[2025/08/08 17:18:19] - {'loss': -55.7717, 'grad_norm': 21.591251373291016, 'learning_rate': 0.001, 'epoch': 21.0, 'step': 21}
[2025/08/08 17:18:19] - {'loss': -55.7717, 'grad_norm': 21.591251373291016, 'learning_rate': 0.001, 'epoch': 21.0, 'step': 21}
[2025/08/08 17:18:19] - {'loss': -55.7717, 'grad_norm': 21.591251373291016, 'learning_rate': 0.001, 'epoch': 21.0, 'step': 21}
[2025/08/08 17:18:19] - {'eval_loss': -57.8942985534668, 'eval_runtime': 0.1272, 'eval_samples_per_second': 31.437, 'eval_steps_per_second': 7.859, 'epoch': 21.0, 'step': 21}
[2025/08/08 17:18:19] - {'eval_loss': -57.8942985534668, 'eval_runtime': 0.1272, 'eval_samples_per_second': 31.438, 'eval_steps_per_second': 7.859, 'epoch': 21.0, 'step': 21}
[2025/08/08 17:18:19] - {'eval_loss': -57.8942985534668, 'eval_runtime': 0.1272, 'eval_samples_per_second': 31.438, 'eval_steps_per_second': 7.86, 'epoch': 21.0, 'step': 21}
[2025/08/08 17:18:19] - {'loss': -55.9103, 'grad_norm': 56.82610321044922, 'learning_rate': 0.001, 'epoch': 22.0, 'step': 22}
[2025/08/08 17:18:19] - {'loss': -55.9103, 'grad_norm': 56.82610321044922, 'learning_rate': 0.001, 'epoch': 22.0, 'step': 22}
[2025/08/08 17:18:19] - {'loss': -55.9103, 'grad_norm': 56.82610321044922, 'learning_rate': 0.001, 'epoch': 22.0, 'step': 22}
[2025/08/08 17:18:19] - {'eval_loss': -60.608055114746094, 'eval_runtime': 0.128, 'eval_samples_per_second': 31.256, 'eval_steps_per_second': 7.814, 'epoch': 22.0, 'step': 22}
[2025/08/08 17:18:19] - {'eval_loss': -60.608055114746094, 'eval_runtime': 0.1273, 'eval_samples_per_second': 31.414, 'eval_steps_per_second': 7.854, 'epoch': 22.0, 'step': 22}
[2025/08/08 17:18:19] - {'eval_loss': -60.608055114746094, 'eval_runtime': 0.1936, 'eval_samples_per_second': 20.66, 'eval_steps_per_second': 5.165, 'epoch': 22.0, 'step': 22}
[2025/08/08 17:18:19] - {'loss': -60.6224, 'grad_norm': 29.991941452026367, 'learning_rate': 0.001, 'epoch': 23.0, 'step': 23}
[2025/08/08 17:18:19] - {'loss': -60.6224, 'grad_norm': 29.991941452026367, 'learning_rate': 0.001, 'epoch': 23.0, 'step': 23}
[2025/08/08 17:18:19] - {'loss': -60.6224, 'grad_norm': 29.991941452026367, 'learning_rate': 0.001, 'epoch': 23.0, 'step': 23}
[2025/08/08 17:18:19] - {'eval_loss': -63.23617935180664, 'eval_runtime': 0.1273, 'eval_samples_per_second': 31.42, 'eval_steps_per_second': 7.855, 'epoch': 23.0, 'step': 23}
[2025/08/08 17:18:19] - {'eval_loss': -63.23617935180664, 'eval_runtime': 0.1273, 'eval_samples_per_second': 31.425, 'eval_steps_per_second': 7.856, 'epoch': 23.0, 'step': 23}
[2025/08/08 17:18:19] - {'eval_loss': -63.23617935180664, 'eval_runtime': 0.1272, 'eval_samples_per_second': 31.449, 'eval_steps_per_second': 7.862, 'epoch': 23.0, 'step': 23}
[2025/08/08 17:18:19] - {'loss': -63.2598, 'grad_norm': 23.697416305541992, 'learning_rate': 0.001, 'epoch': 24.0, 'step': 24}
[2025/08/08 17:18:19] - {'loss': -63.2598, 'grad_norm': 23.697416305541992, 'learning_rate': 0.001, 'epoch': 24.0, 'step': 24}
[2025/08/08 17:18:19] - {'loss': -63.2598, 'grad_norm': 23.697416305541992, 'learning_rate': 0.001, 'epoch': 24.0, 'step': 24}
[2025/08/08 17:18:19] - {'eval_loss': -64.25479125976562, 'eval_runtime': 0.1281, 'eval_samples_per_second': 31.23, 'eval_steps_per_second': 7.807, 'epoch': 24.0, 'step': 24}
[2025/08/08 17:18:19] - {'eval_loss': -64.25479125976562, 'eval_runtime': 0.1288, 'eval_samples_per_second': 31.061, 'eval_steps_per_second': 7.765, 'epoch': 24.0, 'step': 24}
[2025/08/08 17:18:19] - {'eval_loss': -64.25479125976562, 'eval_runtime': 0.1272, 'eval_samples_per_second': 31.438, 'eval_steps_per_second': 7.859, 'epoch': 24.0, 'step': 24}
[2025/08/08 17:18:19] - {'loss': -63.5245, 'grad_norm': 40.358341217041016, 'learning_rate': 0.001, 'epoch': 25.0, 'step': 25}
[2025/08/08 17:18:19] - {'loss': -63.5245, 'grad_norm': 40.358341217041016, 'learning_rate': 0.001, 'epoch': 25.0, 'step': 25}
[2025/08/08 17:18:19] - {'loss': -63.5245, 'grad_norm': 40.358341217041016, 'learning_rate': 0.001, 'epoch': 25.0, 'step': 25}
[2025/08/08 17:18:19] - {'eval_loss': -65.91751098632812, 'eval_runtime': 0.1274, 'eval_samples_per_second': 31.406, 'eval_steps_per_second': 7.851, 'epoch': 25.0, 'step': 25}
[2025/08/08 17:18:19] - {'eval_loss': -65.91751098632812, 'eval_runtime': 0.1274, 'eval_samples_per_second': 31.406, 'eval_steps_per_second': 7.851, 'epoch': 25.0, 'step': 25}
[2025/08/08 17:18:19] - {'eval_loss': -65.91751098632812, 'eval_runtime': 0.1274, 'eval_samples_per_second': 31.405, 'eval_steps_per_second': 7.851, 'epoch': 25.0, 'step': 25}
[2025/08/08 17:18:19] - {'train_runtime': 29.9311, 'train_samples_per_second': 3.341, 'train_steps_per_second': 0.835, 'total_flos': 0.0, 'train_loss': -28.146488307779656, 'epoch': 25.0, 'step': 25}
[2025/08/08 17:18:19] - {'train_runtime': 29.9489, 'train_samples_per_second': 3.339, 'train_steps_per_second': 0.835, 'total_flos': 0.0, 'train_loss': -28.146488307779656, 'epoch': 25.0, 'step': 25}
[2025/08/08 17:18:19] - {'train_runtime': 29.9092, 'train_samples_per_second': 3.343, 'train_steps_per_second': 0.836, 'total_flos': 0.0, 'train_loss': -28.146488307779656, 'epoch': 25.0, 'step': 25}
[2025/08/08 17:18:20] - {'loss': -0.0023, 'grad_norm': 0.05117344856262207, 'learning_rate': 0.001, 'epoch': 1.0, 'step': 1}
[2025/08/08 17:18:20] - {'eval_loss': -0.9549919366836548, 'eval_runtime': 0.1353, 'eval_samples_per_second': 29.557, 'eval_steps_per_second': 7.389, 'epoch': 1.0, 'step': 1}
[2025/08/08 17:18:20] - {'loss': -0.9596, 'grad_norm': 2.8921916484832764, 'learning_rate': 0.001, 'epoch': 2.0, 'step': 2}
[2025/08/08 17:18:20] - {'eval_loss': -3.29433536529541, 'eval_runtime': 0.6303, 'eval_samples_per_second': 6.346, 'eval_steps_per_second': 1.587, 'epoch': 2.0, 'step': 2}
[2025/08/08 17:18:20] - {'loss': -3.2722, 'grad_norm': 6.241825580596924, 'learning_rate': 0.001, 'epoch': 3.0, 'step': 3}
[2025/08/08 17:18:20] - {'eval_loss': -5.561461448669434, 'eval_runtime': 0.1272, 'eval_samples_per_second': 31.459, 'eval_steps_per_second': 7.865, 'epoch': 3.0, 'step': 3}
[2025/08/08 17:18:20] - {'loss': -5.4392, 'grad_norm': 10.783775329589844, 'learning_rate': 0.001, 'epoch': 4.0, 'step': 4}
[2025/08/08 17:18:20] - {'eval_loss': -7.84359884262085, 'eval_runtime': 0.6609, 'eval_samples_per_second': 6.052, 'eval_steps_per_second': 1.513, 'epoch': 4.0, 'step': 4}
[2025/08/08 17:18:20] - {'loss': -5.3255, 'grad_norm': 21.309249877929688, 'learning_rate': 0.001, 'epoch': 5.0, 'step': 5}
[2025/08/08 17:18:20] - {'eval_loss': -10.317424774169922, 'eval_runtime': 0.1269, 'eval_samples_per_second': 31.526, 'eval_steps_per_second': 7.881, 'epoch': 5.0, 'step': 5}
[2025/08/08 17:18:20] - {'loss': -6.0997, 'grad_norm': 45.34305191040039, 'learning_rate': 0.001, 'epoch': 6.0, 'step': 6}
[2025/08/08 17:18:20] - {'eval_loss': -12.080365180969238, 'eval_runtime': 0.1277, 'eval_samples_per_second': 31.319, 'eval_steps_per_second': 7.83, 'epoch': 6.0, 'step': 6}
[2025/08/08 17:18:20] - {'loss': -10.23, 'grad_norm': 19.303895950317383, 'learning_rate': 0.001, 'epoch': 7.0, 'step': 7}
[2025/08/08 17:18:20] - {'eval_loss': -13.081483840942383, 'eval_runtime': 0.1272, 'eval_samples_per_second': 31.442, 'eval_steps_per_second': 7.861, 'epoch': 7.0, 'step': 7}
[2025/08/08 17:18:20] - {'loss': -10.6053, 'grad_norm': 36.844173431396484, 'learning_rate': 0.001, 'epoch': 8.0, 'step': 8}
[2025/08/08 17:18:20] - {'eval_loss': -13.355112075805664, 'eval_runtime': 0.1276, 'eval_samples_per_second': 31.353, 'eval_steps_per_second': 7.838, 'epoch': 8.0, 'step': 8}
[2025/08/08 17:18:20] - {'loss': -13.3608, 'grad_norm': 16.062179565429688, 'learning_rate': 0.001, 'epoch': 9.0, 'step': 9}
[2025/08/08 17:18:20] - {'eval_loss': -15.698724746704102, 'eval_runtime': 0.1271, 'eval_samples_per_second': 31.475, 'eval_steps_per_second': 7.869, 'epoch': 9.0, 'step': 9}
[2025/08/08 17:18:20] - {'loss': -14.5251, 'grad_norm': 16.672157287597656, 'learning_rate': 0.001, 'epoch': 10.0, 'step': 10}
[2025/08/08 17:18:20] - {'eval_loss': -17.682777404785156, 'eval_runtime': 0.1601, 'eval_samples_per_second': 24.981, 'eval_steps_per_second': 6.245, 'epoch': 10.0, 'step': 10}
[2025/08/08 17:18:20] - {'loss': -17.6851, 'grad_norm': 10.415731430053711, 'learning_rate': 0.001, 'epoch': 11.0, 'step': 11}
[2025/08/08 17:18:20] - {'eval_loss': -19.12596321105957, 'eval_runtime': 0.1272, 'eval_samples_per_second': 31.454, 'eval_steps_per_second': 7.864, 'epoch': 11.0, 'step': 11}
[2025/08/08 17:18:20] - {'loss': -19.1254, 'grad_norm': 18.970996856689453, 'learning_rate': 0.001, 'epoch': 12.0, 'step': 12}
[2025/08/08 17:18:20] - {'eval_loss': -20.780981063842773, 'eval_runtime': 0.799, 'eval_samples_per_second': 5.006, 'eval_steps_per_second': 1.251, 'epoch': 12.0, 'step': 12}
[2025/08/08 17:18:20] - {'loss': -20.4973, 'grad_norm': 18.219070434570312, 'learning_rate': 0.001, 'epoch': 13.0, 'step': 13}
[2025/08/08 17:18:20] - {'eval_loss': -23.212007522583008, 'eval_runtime': 0.127, 'eval_samples_per_second': 31.486, 'eval_steps_per_second': 7.872, 'epoch': 13.0, 'step': 13}
[2025/08/08 17:18:20] - {'loss': -23.0747, 'grad_norm': 20.681882858276367, 'learning_rate': 0.001, 'epoch': 14.0, 'step': 14}
[2025/08/08 17:18:20] - {'eval_loss': -26.49867057800293, 'eval_runtime': 0.1281, 'eval_samples_per_second': 31.221, 'eval_steps_per_second': 7.805, 'epoch': 14.0, 'step': 14}
[2025/08/08 17:18:20] - {'loss': -26.4836, 'grad_norm': 36.24223709106445, 'learning_rate': 0.001, 'epoch': 15.0, 'step': 15}
[2025/08/08 17:18:20] - {'eval_loss': -36.9288444519043, 'eval_runtime': 0.1272, 'eval_samples_per_second': 31.44, 'eval_steps_per_second': 7.86, 'epoch': 15.0, 'step': 15}
[2025/08/08 17:18:20] - {'loss': -34.2493, 'grad_norm': 56.136661529541016, 'learning_rate': 0.001, 'epoch': 16.0, 'step': 16}
[2025/08/08 17:18:20] - {'eval_loss': -44.62335205078125, 'eval_runtime': 0.2025, 'eval_samples_per_second': 19.754, 'eval_steps_per_second': 4.938, 'epoch': 16.0, 'step': 16}
[2025/08/08 17:18:20] - {'loss': -42.201, 'grad_norm': 50.442161560058594, 'learning_rate': 0.001, 'epoch': 17.0, 'step': 17}
[2025/08/08 17:18:20] - {'eval_loss': -47.9747200012207, 'eval_runtime': 0.1272, 'eval_samples_per_second': 31.445, 'eval_steps_per_second': 7.861, 'epoch': 17.0, 'step': 17}
[2025/08/08 17:18:20] - {'loss': -47.8349, 'grad_norm': 36.90045166015625, 'learning_rate': 0.001, 'epoch': 18.0, 'step': 18}
[2025/08/08 17:18:20] - {'eval_loss': -51.559059143066406, 'eval_runtime': 0.1273, 'eval_samples_per_second': 31.429, 'eval_steps_per_second': 7.857, 'epoch': 18.0, 'step': 18}
[2025/08/08 17:18:20] - {'loss': -51.4622, 'grad_norm': 29.6250057220459, 'learning_rate': 0.001, 'epoch': 19.0, 'step': 19}
[2025/08/08 17:18:20] - {'eval_loss': -53.10074234008789, 'eval_runtime': 0.1268, 'eval_samples_per_second': 31.548, 'eval_steps_per_second': 7.887, 'epoch': 19.0, 'step': 19}
[2025/08/08 17:18:20] - {'loss': -52.1404, 'grad_norm': 50.39948272705078, 'learning_rate': 0.001, 'epoch': 20.0, 'step': 20}
[2025/08/08 17:18:20] - {'eval_loss': -55.7585563659668, 'eval_runtime': 0.1284, 'eval_samples_per_second': 31.15, 'eval_steps_per_second': 7.787, 'epoch': 20.0, 'step': 20}
[2025/08/08 17:18:20] - {'loss': -55.7717, 'grad_norm': 21.591251373291016, 'learning_rate': 0.001, 'epoch': 21.0, 'step': 21}
[2025/08/08 17:18:20] - {'eval_loss': -57.8942985534668, 'eval_runtime': 0.1269, 'eval_samples_per_second': 31.518, 'eval_steps_per_second': 7.879, 'epoch': 21.0, 'step': 21}
[2025/08/08 17:18:20] - {'loss': -55.9103, 'grad_norm': 56.82610321044922, 'learning_rate': 0.001, 'epoch': 22.0, 'step': 22}
[2025/08/08 17:18:20] - {'eval_loss': -60.608055114746094, 'eval_runtime': 0.1285, 'eval_samples_per_second': 31.124, 'eval_steps_per_second': 7.781, 'epoch': 22.0, 'step': 22}
[2025/08/08 17:18:20] - {'loss': -60.6224, 'grad_norm': 29.991941452026367, 'learning_rate': 0.001, 'epoch': 23.0, 'step': 23}
[2025/08/08 17:18:20] - {'eval_loss': -63.23617935180664, 'eval_runtime': 0.1271, 'eval_samples_per_second': 31.479, 'eval_steps_per_second': 7.87, 'epoch': 23.0, 'step': 23}
[2025/08/08 17:18:20] - {'loss': -63.2598, 'grad_norm': 23.697416305541992, 'learning_rate': 0.001, 'epoch': 24.0, 'step': 24}
[2025/08/08 17:18:20] - {'eval_loss': -64.25479125976562, 'eval_runtime': 0.2087, 'eval_samples_per_second': 19.165, 'eval_steps_per_second': 4.791, 'epoch': 24.0, 'step': 24}
[2025/08/08 17:18:20] - {'loss': -63.5245, 'grad_norm': 40.358341217041016, 'learning_rate': 0.001, 'epoch': 25.0, 'step': 25}
[2025/08/08 17:18:20] - {'eval_loss': -65.91751098632812, 'eval_runtime': 0.1271, 'eval_samples_per_second': 31.474, 'eval_steps_per_second': 7.868, 'epoch': 25.0, 'step': 25}
[2025/08/08 17:18:20] - {'train_runtime': 31.0876, 'train_samples_per_second': 3.217, 'train_steps_per_second': 0.804, 'total_flos': 0.0, 'train_loss': -28.146488307779656, 'epoch': 25.0, 'step': 25}
